<html>
<body>
<pre>
<h1>µVision Build Log</h1>
<h2>Project:</h2>
C:\Users\Long\Desktop\SDCardProject\Wordspace\lpc1764-sdcard\MDK\KHN_LPC1764_sdcard.uvproj
Project File Date:  03/14/2014

<h2>Output:</h2>
Rebuild target 'KHN_LPC1764_Sdcard'
compiling system_LPC17xx.c...
assembling startup_LPC17xx.s...
compiling main.c...
..\Source\User\main.c(163): warning:  #167-D: argument of type "char *" is incompatible with parameter of type "unsigned char *"
                                UART2_SendString(line); 
..\Source\User\main.c(70): warning:  #177-D: variable "res" was declared but never referenced
        FRESULT res;
..\Source\User\main.c: 2 warnings, 0 errors
compiling Lcd.c...
compiling delay.c...
compiling SPI.C...
compiling MMC_SD.C...
compiling ff.c...
compiling uart.c...
..\Source\uart\uart.c(120): warning:  #177-D: variable "pclk" was declared but never referenced
   int pclk;
..\Source\uart\uart.c: 1 warning, 0 errors
linking...
Program Size: Code=9232 RO-data=348 RW-data=8 ZI-data=7352  
FromELF: creating hex file...
".\Obj\khn_lpc1764_sdcard.axf" - 0 Error(s), 3 Warning(s).
Load "C:\\Users\\Long\\Desktop\\SDCardProject\\Wordspace\\lpc1764-sdcard\\MDK\\Obj\\khn_lpc1764_sdcard.axf" 
Set JLink Project File to "C:\Users\Long\Desktop\SDCardProject\Wordspace\lpc1764-sdcard\MDK\JLinkSettings.ini"
* JLink Info: Device "LPC1768" selected (512 KB flash, 32 KB RAM).
 
JLink info:
------------
DLL: V4.76d, compiled Sep 13 2013 16:35:06
Firmware: J-Link ARM-OB STM32 compiled Aug 22 2012 19:52:04
Hardware: V7.00
S/N : 20090928 
Feature(s) : RDI,FlashDL,FlashBP,JFlash,GDBFull 
 
* JLink Info: Found SWD-DP with ID 0x2BA01477
* JLink Info: Found Cortex-M3 r2p0, Little endian.
* JLink Info: FPUnit: 6 code (BP) slots and 2 literal slots
* JLink Info: TPIU fitted.
* JLink Info: ETM fitted.
ROMTableAddr = 0xE00FF003
 
Target info:
------------
Device: LPC1768
VTarget = 3.300V
State of Pins: 
TCK: 0, TDI: 0, TDO: 0, TMS: 0, TRES: 1, TRST: 1
Hardware-Breakpoints: 6
Software-Breakpoints: 8192
Watchpoints:          4
JTAG speed: 2667 kHz
 
Erase Done.
Programming Done.
Verify OK.
</pre>
</body>
</html>
