ARM Linker, 5.03 [Build 76] [MDK-ARM Standard]

==============================================================================

Section Cross References

    system_lpc17xx.o(i.SystemCoreClockUpdate) refers to uldiv.o(.text) for __aeabi_uldivmod
    system_lpc17xx.o(i.SystemCoreClockUpdate) refers to system_lpc17xx.o(.data) for SystemCoreClock
    startup_lpc17xx.o(RESET) refers to startup_lpc17xx.o(STACK) for __initial_sp
    startup_lpc17xx.o(RESET) refers to startup_lpc17xx.o(.text) for Reset_Handler
    startup_lpc17xx.o(.text) refers to system_lpc17xx.o(i.SystemInit) for SystemInit
    startup_lpc17xx.o(.text) refers to entry.o(.ARM.Collect$$$$00000000) for __main
    main.o(i.main) refers to memcpya.o(.text) for __aeabi_memcpy4
    main.o(i.main) refers to system_lpc17xx.o(i.SystemInit) for SystemInit
    main.o(i.main) refers to spi.o(i.SPI0_Init) for SPI0_Init
    main.o(i.main) refers to main.o(i.Delay) for Delay
    main.o(i.main) refers to spi.o(i.spi0_on) for spi0_on
    main.o(i.main) refers to uart.o(i.UART2_Init) for UART2_Init
    main.o(i.main) refers to uart.o(i.UART2_SendString) for UART2_SendString
    main.o(i.main) refers to sd.o(i.disk_initialize) for disk_initialize
    main.o(i.main) refers to khn_gsht.o(i.ReadData) for ReadData
    main.o(i.main) refers to ff.o(i.f_gets) for f_gets
    main.o(i.main) refers to khn_gsht.o(i.Close) for Close
    main.o(i.main) refers to khn_gsht.o(i.WriteData) for WriteData
    main.o(i.main) refers to ff.o(i.f_puts) for f_puts
    main.o(i.main) refers to main.o(.constdata) for .constdata
    main.o(i.main) refers to sd.o(.data) for SD_Type
    main.o(i.main) refers to khn_gsht.o(.bss) for file
    lcd.o(i.Draw_Circle) refers to lcd.o(i.LCD_DrawPoint) for LCD_DrawPoint
    lcd.o(i.LCD_Bargraph) refers to lcd.o(i.wr_reg) for wr_reg
    lcd.o(i.LCD_Bargraph) refers to lcd.o(i.LCD_SetCursor) for LCD_SetCursor
    lcd.o(i.LCD_Bargraph) refers to lcd.o(i.wr_cmd) for wr_cmd
    lcd.o(i.LCD_Bargraph) refers to lcd.o(i.wr_dat_start) for wr_dat_start
    lcd.o(i.LCD_Bargraph) refers to lcd.o(i.wr_dat_only) for wr_dat_only
    lcd.o(i.LCD_Bargraph) refers to lcd.o(i.wr_dat_stop) for wr_dat_stop
    lcd.o(i.LCD_Bargraph) refers to lcd.o(.data) for BackColor
    lcd.o(i.LCD_Bmp) refers to lcd.o(i.LCD_WindowMax) for LCD_WindowMax
    lcd.o(i.LCD_Bmp) refers to lcd.o(i.LCD_SetCursor) for LCD_SetCursor
    lcd.o(i.LCD_Bmp) refers to lcd.o(i.wr_cmd) for wr_cmd
    lcd.o(i.LCD_Bmp) refers to lcd.o(i.wr_dat_start) for wr_dat_start
    lcd.o(i.LCD_Bmp) refers to lcd.o(i.wr_dat_only) for wr_dat_only
    lcd.o(i.LCD_Bmp) refers to lcd.o(i.wr_dat_stop) for wr_dat_stop
    lcd.o(i.LCD_Clear) refers to lcd.o(i.LCD_WindowMax) for LCD_WindowMax
    lcd.o(i.LCD_Clear) refers to lcd.o(i.LCD_SetCursor) for LCD_SetCursor
    lcd.o(i.LCD_Clear) refers to lcd.o(i.wr_cmd) for wr_cmd
    lcd.o(i.LCD_Clear) refers to lcd.o(i.wr_dat_start) for wr_dat_start
    lcd.o(i.LCD_Clear) refers to lcd.o(i.wr_dat_only) for wr_dat_only
    lcd.o(i.LCD_Clear) refers to lcd.o(i.wr_dat_stop) for wr_dat_stop
    lcd.o(i.LCD_ClearLn) refers to lcd.o(i.LCD_WindowMax) for LCD_WindowMax
    lcd.o(i.LCD_ClearLn) refers to lcd.o(i.LCD_DisplayString) for LCD_DisplayString
    lcd.o(i.LCD_DisplayChar) refers to lcd.o(i.LCD_DrawChar) for LCD_DrawChar
    lcd.o(i.LCD_DisplayChar) refers to lcd.o(.constdata) for Font_24x16
    lcd.o(i.LCD_DisplayString) refers to lcd.o(i.LCD_WindowMax) for LCD_WindowMax
    lcd.o(i.LCD_DisplayString) refers to lcd.o(i.LCD_DisplayChar) for LCD_DisplayChar
    lcd.o(i.LCD_DrawChar) refers to lcd.o(i.LCD_WindowMax) for LCD_WindowMax
    lcd.o(i.LCD_DrawChar) refers to lcd.o(i.LCD_SetCursor) for LCD_SetCursor
    lcd.o(i.LCD_DrawChar) refers to lcd.o(i.wr_cmd) for wr_cmd
    lcd.o(i.LCD_DrawChar) refers to lcd.o(i.wr_dat_start) for wr_dat_start
    lcd.o(i.LCD_DrawChar) refers to lcd.o(i.wr_dat_only) for wr_dat_only
    lcd.o(i.LCD_DrawChar) refers to lcd.o(i.wr_dat_stop) for wr_dat_stop
    lcd.o(i.LCD_DrawChar) refers to lcd.o(.data) for BackColor
    lcd.o(i.LCD_DrawLine) refers to lcd.o(i.LCD_DrawPoint) for LCD_DrawPoint
    lcd.o(i.LCD_DrawPoint) refers to lcd.o(i.LCD_WindowMax) for LCD_WindowMax
    lcd.o(i.LCD_DrawPoint) refers to lcd.o(i.LCD_SetCursor) for LCD_SetCursor
    lcd.o(i.LCD_DrawPoint) refers to lcd.o(i.wr_cmd) for wr_cmd
    lcd.o(i.LCD_DrawPoint) refers to lcd.o(i.wr_dat_start) for wr_dat_start
    lcd.o(i.LCD_DrawPoint) refers to lcd.o(i.wr_dat_only) for wr_dat_only
    lcd.o(i.LCD_DrawPoint) refers to lcd.o(i.wr_dat_stop) for wr_dat_stop
    lcd.o(i.LCD_DrawPoint) refers to lcd.o(.data) for POINT_COLOR
    lcd.o(i.LCD_DrawPoint1) refers to lcd.o(i.LCD_WindowMax) for LCD_WindowMax
    lcd.o(i.LCD_DrawPoint1) refers to lcd.o(i.LCD_SetCursor) for LCD_SetCursor
    lcd.o(i.LCD_DrawPoint1) refers to lcd.o(i.wr_cmd) for wr_cmd
    lcd.o(i.LCD_DrawPoint1) refers to lcd.o(i.wr_dat_start) for wr_dat_start
    lcd.o(i.LCD_DrawPoint1) refers to lcd.o(i.wr_dat_only) for wr_dat_only
    lcd.o(i.LCD_DrawPoint1) refers to lcd.o(i.wr_dat_stop) for wr_dat_stop
    lcd.o(i.LCD_DrawRectangle) refers to lcd.o(i.LCD_DrawLine) for LCD_DrawLine
    lcd.o(i.LCD_Fill) refers to lcd.o(i.wr_reg) for wr_reg
    lcd.o(i.LCD_Fill) refers to lcd.o(i.LCD_SetCursor) for LCD_SetCursor
    lcd.o(i.LCD_Fill) refers to lcd.o(i.LCD_WriteRAM_Prepare) for LCD_WriteRAM_Prepare
    lcd.o(i.LCD_Fill) refers to lcd.o(i.wr_dat_start) for wr_dat_start
    lcd.o(i.LCD_Fill) refers to lcd.o(i.wr_dat_only) for wr_dat_only
    lcd.o(i.LCD_Init) refers to lcd.o(i.delay) for delay
    lcd.o(i.LCD_Init) refers to lcd.o(i.rd_reg) for rd_reg
    lcd.o(i.LCD_Init) refers to lcd.o(i.wr_reg) for wr_reg
    lcd.o(i.LCD_Init) refers to lcd.o(.data) for DeviceCode
    lcd.o(i.LCD_PutPixel) refers to lcd.o(i.LCD_SetCursor) for LCD_SetCursor
    lcd.o(i.LCD_PutPixel) refers to lcd.o(i.wr_cmd) for wr_cmd
    lcd.o(i.LCD_PutPixel) refers to lcd.o(i.wr_dat) for wr_dat
    lcd.o(i.LCD_PutPixel) refers to lcd.o(.data) for TextColor
    lcd.o(i.LCD_SetBackColor) refers to lcd.o(.data) for BackColor
    lcd.o(i.LCD_SetCursor) refers to lcd.o(i.wr_reg) for wr_reg
    lcd.o(i.LCD_SetCursor) refers to lcd.o(.data) for DeviceCode
    lcd.o(i.LCD_SetTextColor) refers to lcd.o(.data) for TextColor
    lcd.o(i.LCD_Show2Num) refers to lcd.o(i.mypow) for mypow
    lcd.o(i.LCD_Show2Num) refers to lcd.o(i.LCD_ShowChar) for LCD_ShowChar
    lcd.o(i.LCD_ShowChar) refers to lcd.o(i.wr_reg) for wr_reg
    lcd.o(i.LCD_ShowChar) refers to lcd.o(i.LCD_SetCursor) for LCD_SetCursor
    lcd.o(i.LCD_ShowChar) refers to lcd.o(i.LCD_WriteRAM_Prepare) for LCD_WriteRAM_Prepare
    lcd.o(i.LCD_ShowChar) refers to lcd.o(i.LCD_DrawPoint1) for LCD_DrawPoint1
    lcd.o(i.LCD_ShowChar) refers to lcd.o(i.LCD_DrawPoint) for LCD_DrawPoint
    lcd.o(i.LCD_ShowChar) refers to lcd.o(.constdata) for asc2_1206
    lcd.o(i.LCD_ShowChar) refers to lcd.o(.data) for POINT_COLOR
    lcd.o(i.LCD_ShowNum) refers to lcd.o(i.mypow) for mypow
    lcd.o(i.LCD_ShowNum) refers to lcd.o(i.LCD_ShowChar) for LCD_ShowChar
    lcd.o(i.LCD_ShowString) refers to lcd.o(i.LCD_Clear) for LCD_Clear
    lcd.o(i.LCD_ShowString) refers to lcd.o(i.LCD_ShowChar) for LCD_ShowChar
    lcd.o(i.LCD_WindowMax) refers to lcd.o(i.wr_reg) for wr_reg
    lcd.o(i.LCD_WindowMax) refers to lcd.o(.data) for DeviceCode
    lcd.o(i.LCD_WriteRAM_Prepare) refers to lcd.o(i.wr_cmd) for wr_cmd
    lcd.o(i.lcd_send) refers to lcd.o(.emb_text) for wait
    lcd.o(i.rd_dat) refers to lcd.o(i.wait_delay) for wait_delay
    lcd.o(i.rd_reg) refers to lcd.o(i.wr_cmd) for wr_cmd
    lcd.o(i.rd_reg) refers to lcd.o(i.rd_dat) for rd_dat
    lcd.o(i.wr_cmd) refers to lcd.o(i.lcd_send) for lcd_send
    lcd.o(i.wr_cmd) refers to lcd.o(.emb_text) for wait
    lcd.o(i.wr_dat) refers to lcd.o(i.lcd_send) for lcd_send
    lcd.o(i.wr_dat) refers to lcd.o(.emb_text) for wait
    lcd.o(i.wr_dat_only) refers to lcd.o(i.lcd_send) for lcd_send
    lcd.o(i.wr_dat_only) refers to lcd.o(.emb_text) for wait
    lcd.o(i.wr_reg) refers to lcd.o(i.wr_cmd) for wr_cmd
    lcd.o(i.wr_reg) refers to lcd.o(i.wr_dat) for wr_dat
    uart.o(i.UART0_SendChar) refers to uart.o(i.UART0_SendByte) for UART0_SendByte
    uart.o(i.UART0_SendString) refers to uart.o(i.UART0_SendByte) for UART0_SendByte
    uart.o(i.UART2_SendString) refers to uart.o(i.UART2_SendByte) for UART2_SendByte
    ff.o(i.check_fs) refers to ff.o(i.move_window) for move_window
    ff.o(i.create_chain) refers to ff.o(i.get_fat) for get_fat
    ff.o(i.create_chain) refers to ff.o(i.put_fat) for put_fat
    ff.o(i.create_name) refers to ff.o(i.mem_set) for mem_set
    ff.o(i.create_name) refers to ff.o(i.chk_chr) for chk_chr
    ff.o(i.dir_alloc) refers to ff.o(i.dir_sdi) for dir_sdi
    ff.o(i.dir_alloc) refers to ff.o(i.move_window) for move_window
    ff.o(i.dir_alloc) refers to ff.o(i.dir_next) for dir_next
    ff.o(i.dir_find) refers to ff.o(i.dir_sdi) for dir_sdi
    ff.o(i.dir_find) refers to ff.o(i.move_window) for move_window
    ff.o(i.dir_find) refers to ff.o(i.mem_cmp) for mem_cmp
    ff.o(i.dir_find) refers to ff.o(i.dir_next) for dir_next
    ff.o(i.dir_next) refers to ff.o(i.get_fat) for get_fat
    ff.o(i.dir_next) refers to ff.o(i.create_chain) for create_chain
    ff.o(i.dir_next) refers to ff.o(i.sync_window) for sync_window
    ff.o(i.dir_next) refers to ff.o(i.mem_set) for mem_set
    ff.o(i.dir_next) refers to ff.o(i.clust2sect) for clust2sect
    ff.o(i.dir_read) refers to ff.o(i.move_window) for move_window
    ff.o(i.dir_read) refers to ff.o(i.dir_next) for dir_next
    ff.o(i.dir_register) refers to ff.o(i.dir_alloc) for dir_alloc
    ff.o(i.dir_register) refers to ff.o(i.move_window) for move_window
    ff.o(i.dir_register) refers to ff.o(i.mem_set) for mem_set
    ff.o(i.dir_register) refers to ff.o(i.mem_cpy) for mem_cpy
    ff.o(i.dir_remove) refers to ff.o(i.dir_sdi) for dir_sdi
    ff.o(i.dir_remove) refers to ff.o(i.move_window) for move_window
    ff.o(i.dir_remove) refers to ff.o(i.mem_set) for mem_set
    ff.o(i.dir_sdi) refers to ff.o(i.get_fat) for get_fat
    ff.o(i.dir_sdi) refers to ff.o(i.clust2sect) for clust2sect
    ff.o(i.f_chdir) refers to ff.o(i.find_volume) for find_volume
    ff.o(i.f_chdir) refers to ff.o(i.follow_path) for follow_path
    ff.o(i.f_chdir) refers to ff.o(i.ld_clust) for ld_clust
    ff.o(i.f_chdrive) refers to ff.o(i.get_ldnumber) for get_ldnumber
    ff.o(i.f_chdrive) refers to ff.o(.data) for CurrVol
    ff.o(i.f_chmod) refers to ff.o(i.find_volume) for find_volume
    ff.o(i.f_chmod) refers to ff.o(i.follow_path) for follow_path
    ff.o(i.f_chmod) refers to ff.o(i.sync_fs) for sync_fs
    ff.o(i.f_close) refers to ff.o(i.f_sync) for f_sync
    ff.o(i.f_close) refers to ff.o(i.validate) for validate
    ff.o(i.f_closedir) refers to ff.o(i.validate) for validate
    ff.o(i.f_getcwd) refers to ff.o(i.find_volume) for find_volume
    ff.o(i.f_getcwd) refers to ff.o(i.dir_sdi) for dir_sdi
    ff.o(i.f_getcwd) refers to ff.o(i.dir_read) for dir_read
    ff.o(i.f_getcwd) refers to ff.o(i.ld_clust) for ld_clust
    ff.o(i.f_getcwd) refers to ff.o(i.dir_next) for dir_next
    ff.o(i.f_getcwd) refers to ff.o(i.get_fileinfo) for get_fileinfo
    ff.o(i.f_getcwd) refers to ff.o(.data) for CurrVol
    ff.o(i.f_getfree) refers to ff.o(i.find_volume) for find_volume
    ff.o(i.f_getfree) refers to ff.o(i.get_fat) for get_fat
    ff.o(i.f_getfree) refers to ff.o(i.move_window) for move_window
    ff.o(i.f_getlabel) refers to ff.o(i.find_volume) for find_volume
    ff.o(i.f_getlabel) refers to ff.o(i.dir_sdi) for dir_sdi
    ff.o(i.f_getlabel) refers to ff.o(i.dir_read) for dir_read
    ff.o(i.f_getlabel) refers to ff.o(i.mem_cpy) for mem_cpy
    ff.o(i.f_getlabel) refers to ff.o(i.move_window) for move_window
    ff.o(i.f_gets) refers to ff.o(i.f_read) for f_read
    ff.o(i.f_lseek) refers to ff.o(i.validate) for validate
    ff.o(i.f_lseek) refers to ff.o(i.create_chain) for create_chain
    ff.o(i.f_lseek) refers to ff.o(i.get_fat) for get_fat
    ff.o(i.f_lseek) refers to ff.o(i.clust2sect) for clust2sect
    ff.o(i.f_lseek) refers to sd.o(i.disk_write) for disk_write
    ff.o(i.f_lseek) refers to sd.o(i.disk_read) for disk_read
    ff.o(i.f_mkdir) refers to sd.o(i.get_fattime) for get_fattime
    ff.o(i.f_mkdir) refers to ff.o(i.find_volume) for find_volume
    ff.o(i.f_mkdir) refers to ff.o(i.follow_path) for follow_path
    ff.o(i.f_mkdir) refers to ff.o(i.create_chain) for create_chain
    ff.o(i.f_mkdir) refers to ff.o(i.sync_window) for sync_window
    ff.o(i.f_mkdir) refers to ff.o(i.clust2sect) for clust2sect
    ff.o(i.f_mkdir) refers to ff.o(i.mem_set) for mem_set
    ff.o(i.f_mkdir) refers to ff.o(i.st_clust) for st_clust
    ff.o(i.f_mkdir) refers to ff.o(i.mem_cpy) for mem_cpy
    ff.o(i.f_mkdir) refers to ff.o(i.dir_register) for dir_register
    ff.o(i.f_mkdir) refers to ff.o(i.remove_chain) for remove_chain
    ff.o(i.f_mkdir) refers to ff.o(i.sync_fs) for sync_fs
    ff.o(i.f_mkfs) refers to ff.o(i.get_ldnumber) for get_ldnumber
    ff.o(i.f_mkfs) refers to sd.o(i.disk_initialize) for disk_initialize
    ff.o(i.f_mkfs) refers to sd.o(i.disk_ioctl) for disk_ioctl
    ff.o(i.f_mkfs) refers to ff.o(i.mem_set) for mem_set
    ff.o(i.f_mkfs) refers to sd.o(i.disk_write) for disk_write
    ff.o(i.f_mkfs) refers to ff.o(i.mem_cpy) for mem_cpy
    ff.o(i.f_mkfs) refers to sd.o(i.get_fattime) for get_fattime
    ff.o(i.f_mkfs) refers to ff.o(.bss) for FatFs
    ff.o(i.f_mkfs) refers to ff.o(.constdata) for vst
    ff.o(i.f_mount) refers to ff.o(i.get_ldnumber) for get_ldnumber
    ff.o(i.f_mount) refers to ff.o(i.find_volume) for find_volume
    ff.o(i.f_mount) refers to ff.o(.bss) for FatFs
    ff.o(i.f_open) refers to ff.o(i.find_volume) for find_volume
    ff.o(i.f_open) refers to ff.o(i.follow_path) for follow_path
    ff.o(i.f_open) refers to ff.o(i.dir_register) for dir_register
    ff.o(i.f_open) refers to sd.o(i.get_fattime) for get_fattime
    ff.o(i.f_open) refers to ff.o(i.ld_clust) for ld_clust
    ff.o(i.f_open) refers to ff.o(i.st_clust) for st_clust
    ff.o(i.f_open) refers to ff.o(i.remove_chain) for remove_chain
    ff.o(i.f_open) refers to ff.o(i.move_window) for move_window
    ff.o(i.f_opendir) refers to ff.o(i.find_volume) for find_volume
    ff.o(i.f_opendir) refers to ff.o(i.follow_path) for follow_path
    ff.o(i.f_opendir) refers to ff.o(i.ld_clust) for ld_clust
    ff.o(i.f_opendir) refers to ff.o(i.dir_sdi) for dir_sdi
    ff.o(i.f_printf) refers to ff.o(i.putc_bfd) for putc_bfd
    ff.o(i.f_printf) refers to ff.o(i.f_write) for f_write
    ff.o(i.f_putc) refers to ff.o(i.putc_bfd) for putc_bfd
    ff.o(i.f_putc) refers to ff.o(i.f_write) for f_write
    ff.o(i.f_puts) refers to ff.o(i.putc_bfd) for putc_bfd
    ff.o(i.f_puts) refers to ff.o(i.f_write) for f_write
    ff.o(i.f_read) refers to ff.o(i.validate) for validate
    ff.o(i.f_read) refers to ff.o(i.get_fat) for get_fat
    ff.o(i.f_read) refers to ff.o(i.clust2sect) for clust2sect
    ff.o(i.f_read) refers to sd.o(i.disk_read) for disk_read
    ff.o(i.f_read) refers to ff.o(i.mem_cpy) for mem_cpy
    ff.o(i.f_read) refers to sd.o(i.disk_write) for disk_write
    ff.o(i.f_readdir) refers to ff.o(i.validate) for validate
    ff.o(i.f_readdir) refers to ff.o(i.dir_sdi) for dir_sdi
    ff.o(i.f_readdir) refers to ff.o(i.dir_read) for dir_read
    ff.o(i.f_readdir) refers to ff.o(i.get_fileinfo) for get_fileinfo
    ff.o(i.f_readdir) refers to ff.o(i.dir_next) for dir_next
    ff.o(i.f_rename) refers to ff.o(i.find_volume) for find_volume
    ff.o(i.f_rename) refers to ff.o(i.follow_path) for follow_path
    ff.o(i.f_rename) refers to ff.o(i.mem_cpy) for mem_cpy
    ff.o(i.f_rename) refers to ff.o(i.get_ldnumber) for get_ldnumber
    ff.o(i.f_rename) refers to ff.o(i.dir_register) for dir_register
    ff.o(i.f_rename) refers to ff.o(i.ld_clust) for ld_clust
    ff.o(i.f_rename) refers to ff.o(i.clust2sect) for clust2sect
    ff.o(i.f_rename) refers to ff.o(i.move_window) for move_window
    ff.o(i.f_rename) refers to ff.o(i.st_clust) for st_clust
    ff.o(i.f_rename) refers to ff.o(i.dir_remove) for dir_remove
    ff.o(i.f_rename) refers to ff.o(i.sync_fs) for sync_fs
    ff.o(i.f_setlabel) refers to ff.o(i.find_volume) for find_volume
    ff.o(i.f_setlabel) refers to ff.o(i.chk_chr) for chk_chr
    ff.o(i.f_setlabel) refers to ff.o(i.dir_sdi) for dir_sdi
    ff.o(i.f_setlabel) refers to ff.o(i.dir_read) for dir_read
    ff.o(i.f_setlabel) refers to ff.o(i.mem_cpy) for mem_cpy
    ff.o(i.f_setlabel) refers to sd.o(i.get_fattime) for get_fattime
    ff.o(i.f_setlabel) refers to ff.o(i.sync_fs) for sync_fs
    ff.o(i.f_setlabel) refers to ff.o(i.dir_alloc) for dir_alloc
    ff.o(i.f_setlabel) refers to ff.o(i.mem_set) for mem_set
    ff.o(i.f_stat) refers to ff.o(i.find_volume) for find_volume
    ff.o(i.f_stat) refers to ff.o(i.follow_path) for follow_path
    ff.o(i.f_stat) refers to ff.o(i.get_fileinfo) for get_fileinfo
    ff.o(i.f_sync) refers to ff.o(i.validate) for validate
    ff.o(i.f_sync) refers to sd.o(i.disk_write) for disk_write
    ff.o(i.f_sync) refers to ff.o(i.move_window) for move_window
    ff.o(i.f_sync) refers to ff.o(i.st_clust) for st_clust
    ff.o(i.f_sync) refers to sd.o(i.get_fattime) for get_fattime
    ff.o(i.f_sync) refers to ff.o(i.sync_fs) for sync_fs
    ff.o(i.f_truncate) refers to ff.o(i.validate) for validate
    ff.o(i.f_truncate) refers to ff.o(i.remove_chain) for remove_chain
    ff.o(i.f_truncate) refers to ff.o(i.get_fat) for get_fat
    ff.o(i.f_truncate) refers to ff.o(i.put_fat) for put_fat
    ff.o(i.f_truncate) refers to sd.o(i.disk_write) for disk_write
    ff.o(i.f_unlink) refers to ff.o(i.find_volume) for find_volume
    ff.o(i.f_unlink) refers to ff.o(i.follow_path) for follow_path
    ff.o(i.f_unlink) refers to ff.o(i.ld_clust) for ld_clust
    ff.o(i.f_unlink) refers to ff.o(i.mem_cpy) for mem_cpy
    ff.o(i.f_unlink) refers to ff.o(i.dir_sdi) for dir_sdi
    ff.o(i.f_unlink) refers to ff.o(i.dir_read) for dir_read
    ff.o(i.f_unlink) refers to ff.o(i.dir_remove) for dir_remove
    ff.o(i.f_unlink) refers to ff.o(i.remove_chain) for remove_chain
    ff.o(i.f_unlink) refers to ff.o(i.sync_fs) for sync_fs
    ff.o(i.f_utime) refers to ff.o(i.find_volume) for find_volume
    ff.o(i.f_utime) refers to ff.o(i.follow_path) for follow_path
    ff.o(i.f_utime) refers to ff.o(i.sync_fs) for sync_fs
    ff.o(i.f_write) refers to ff.o(i.validate) for validate
    ff.o(i.f_write) refers to ff.o(i.create_chain) for create_chain
    ff.o(i.f_write) refers to sd.o(i.disk_write) for disk_write
    ff.o(i.f_write) refers to ff.o(i.clust2sect) for clust2sect
    ff.o(i.f_write) refers to ff.o(i.mem_cpy) for mem_cpy
    ff.o(i.f_write) refers to sd.o(i.disk_read) for disk_read
    ff.o(i.find_volume) refers to ff.o(i.get_ldnumber) for get_ldnumber
    ff.o(i.find_volume) refers to sd.o(i.disk_status) for disk_status
    ff.o(i.find_volume) refers to sd.o(i.disk_initialize) for disk_initialize
    ff.o(i.find_volume) refers to sd.o(i.disk_ioctl) for disk_ioctl
    ff.o(i.find_volume) refers to ff.o(i.check_fs) for check_fs
    ff.o(i.find_volume) refers to ff.o(i.move_window) for move_window
    ff.o(i.find_volume) refers to ff.o(.bss) for FatFs
    ff.o(i.find_volume) refers to ff.o(.data) for Fsid
    ff.o(i.follow_path) refers to ff.o(i.dir_sdi) for dir_sdi
    ff.o(i.follow_path) refers to ff.o(i.create_name) for create_name
    ff.o(i.follow_path) refers to ff.o(i.dir_find) for dir_find
    ff.o(i.follow_path) refers to ff.o(i.ld_clust) for ld_clust
    ff.o(i.get_fat) refers to ff.o(i.move_window) for move_window
    ff.o(i.get_ldnumber) refers to ff.o(.constdata) for str
    ff.o(i.get_ldnumber) refers to ff.o(.data) for CurrVol
    ff.o(i.move_window) refers to ff.o(i.sync_window) for sync_window
    ff.o(i.move_window) refers to sd.o(i.disk_read) for disk_read
    ff.o(i.put_fat) refers to ff.o(i.move_window) for move_window
    ff.o(i.putc_bfd) refers to ff.o(i.f_write) for f_write
    ff.o(i.remove_chain) refers to ff.o(i.get_fat) for get_fat
    ff.o(i.remove_chain) refers to ff.o(i.put_fat) for put_fat
    ff.o(i.sync_fs) refers to ff.o(i.sync_window) for sync_window
    ff.o(i.sync_fs) refers to ff.o(i.mem_set) for mem_set
    ff.o(i.sync_fs) refers to sd.o(i.disk_write) for disk_write
    ff.o(i.sync_fs) refers to sd.o(i.disk_ioctl) for disk_ioctl
    ff.o(i.sync_window) refers to sd.o(i.disk_write) for disk_write
    ff.o(i.validate) refers to sd.o(i.disk_status) for disk_status
    ff.o(.constdata) refers to ff.o(.conststring) for .conststring
    sd.o(i.SD_GetResponse) refers to spi.o(i.ssp0_send) for ssp0_send
    sd.o(i.SD_Idle_Sta) refers to spi.o(i.ssp0_send) for ssp0_send
    sd.o(i.SD_Idle_Sta) refers to sd.o(i.SD_SendCommand) for SD_SendCommand
    sd.o(i.SD_Init) refers to spi.o(i.ssp0_init) for ssp0_init
    sd.o(i.SD_Init) refers to spi.o(i.SPI0_SetSpeed) for SPI0_SetSpeed
    sd.o(i.SD_Init) refers to sd.o(i.SD_Idle_Sta) for SD_Idle_Sta
    sd.o(i.SD_Init) refers to sd.o(i.SD_SendCommand_NoDeassert) for SD_SendCommand_NoDeassert
    sd.o(i.SD_Init) refers to spi.o(i.ssp0_send) for ssp0_send
    sd.o(i.SD_Init) refers to sd.o(i.SD_SendCommand) for SD_SendCommand
    sd.o(i.SD_Init) refers to sd.o(.data) for SD_Type
    sd.o(i.SD_ReadMultiBlock) refers to sd.o(i.SD_SendCommand) for SD_SendCommand
    sd.o(i.SD_ReadMultiBlock) refers to sd.o(i.SD_ReceiveData) for SD_ReceiveData
    sd.o(i.SD_ReadMultiBlock) refers to spi.o(i.ssp0_send) for ssp0_send
    sd.o(i.SD_ReadMultiBlock) refers to sd.o(.data) for SD_Type
    sd.o(i.SD_ReadSingleBlock) refers to spi.o(i.SPI0_SetSpeed) for SPI0_SetSpeed
    sd.o(i.SD_ReadSingleBlock) refers to sd.o(i.SD_SendCommand) for SD_SendCommand
    sd.o(i.SD_ReadSingleBlock) refers to sd.o(i.SD_ReceiveData) for SD_ReceiveData
    sd.o(i.SD_ReadSingleBlock) refers to sd.o(.data) for SD_Type
    sd.o(i.SD_ReceiveData) refers to sd.o(i.SD_GetResponse) for SD_GetResponse
    sd.o(i.SD_ReceiveData) refers to spi.o(i.ssp0_send) for ssp0_send
    sd.o(i.SD_SendCommand) refers to spi.o(i.ssp0_send) for ssp0_send
    sd.o(i.SD_SendCommand_NoDeassert) refers to spi.o(i.ssp0_send) for ssp0_send
    sd.o(i.SD_WaitDataReady) refers to spi.o(i.ssp0_send) for ssp0_send
    sd.o(i.SD_WriteMultiBlock) refers to sd.o(i.SD_SendCommand) for SD_SendCommand
    sd.o(i.SD_WriteMultiBlock) refers to spi.o(i.ssp0_send) for ssp0_send
    sd.o(i.SD_WriteMultiBlock) refers to sd.o(i.SD_WaitDataReady) for SD_WaitDataReady
    sd.o(i.SD_WriteMultiBlock) refers to sd.o(.data) for SD_Type
    sd.o(i.SD_WriteSingleBlock) refers to sd.o(i.SD_SendCommand) for SD_SendCommand
    sd.o(i.SD_WriteSingleBlock) refers to spi.o(i.ssp0_send) for ssp0_send
    sd.o(i.SD_WriteSingleBlock) refers to sd.o(.data) for SD_Type
    sd.o(i.disk_initialize) refers to sd.o(i.SD_Init) for SD_Init
    sd.o(i.disk_initialize) refers to sd.o(.data) for SD_Type
    sd.o(i.disk_ioctl) refers to sd.o(.data) for Stat
    sd.o(i.disk_read) refers to sd.o(i.SD_ReadSingleBlock) for SD_ReadSingleBlock
    sd.o(i.disk_status) refers to sd.o(.data) for Stat
    sd.o(i.disk_write) refers to sd.o(i.SD_WriteSingleBlock) for SD_WriteSingleBlock
    sd.o(i.disk_write) refers to sd.o(.data) for Stat
    sd.o(i.get_fattime) refers to sd.o(i.rtc_gettime) for rtc_gettime
    khn_gsht.o(i.Close) refers to ff.o(i.f_close) for f_close
    khn_gsht.o(i.Close) refers to khn_gsht.o(.bss) for file
    khn_gsht.o(i.ReadData) refers to ff.o(i.f_mount) for f_mount
    khn_gsht.o(i.ReadData) refers to printf1.o(i.__0sprintf$1) for __2sprintf
    khn_gsht.o(i.ReadData) refers to ff.o(i.f_open) for f_open
    khn_gsht.o(i.ReadData) refers to khn_gsht.o(.bss) for Fatfs
    khn_gsht.o(i.WriteData) refers to ff.o(i.f_mount) for f_mount
    khn_gsht.o(i.WriteData) refers to printf1.o(i.__0sprintf$1) for __2sprintf
    khn_gsht.o(i.WriteData) refers to ff.o(i.f_mkdir) for f_mkdir
    khn_gsht.o(i.WriteData) refers to ff.o(i.f_open) for f_open
    khn_gsht.o(i.WriteData) refers to ff.o(i.f_lseek) for f_lseek
    khn_gsht.o(i.WriteData) refers to khn_gsht.o(.bss) for Fatfs
    entry.o(.ARM.Collect$$$$00000000) refers (Special) to entry10a.o(.ARM.Collect$$$$0000000D) for __rt_final_cpp
    entry.o(.ARM.Collect$$$$00000000) refers (Special) to entry11a.o(.ARM.Collect$$$$0000000F) for __rt_final_exit
    entry.o(.ARM.Collect$$$$00000000) refers (Special) to entry7b.o(.ARM.Collect$$$$00000008) for _main_clock
    entry.o(.ARM.Collect$$$$00000000) refers (Special) to entry8b.o(.ARM.Collect$$$$0000000A) for _main_cpp_init
    entry.o(.ARM.Collect$$$$00000000) refers (Special) to entry9a.o(.ARM.Collect$$$$0000000B) for _main_init
    entry.o(.ARM.Collect$$$$00000000) refers (Special) to entry5.o(.ARM.Collect$$$$00000004) for _main_scatterload
    entry.o(.ARM.Collect$$$$00000000) refers (Special) to entry2.o(.ARM.Collect$$$$00000001) for _main_stk
    uldiv.o(.text) refers to llushr.o(.text) for __aeabi_llsr
    uldiv.o(.text) refers to llshl.o(.text) for __aeabi_llsl
    printfb.o(i.__0fprintf$bare) refers to printfb.o(i._printf_core) for _printf_core
    printfb.o(i.__0fprintf$bare) refers to fputc.o(i.fputc) for fputc
    printfb.o(i.__0printf$bare) refers to printfb.o(i._printf_core) for _printf_core
    printfb.o(i.__0printf$bare) refers to fputc.o(i.fputc) for fputc
    printfb.o(i.__0printf$bare) refers to stdout.o(.data) for __stdout
    printfb.o(i.__0snprintf$bare) refers to printfb.o(i._printf_core) for _printf_core
    printfb.o(i.__0snprintf$bare) refers to printfb.o(i._snputc) for _snputc
    printfb.o(i.__0sprintf$bare) refers to printfb.o(i._printf_core) for _printf_core
    printfb.o(i.__0sprintf$bare) refers to printfb.o(i._sputc) for _sputc
    printfb.o(i.__0vfprintf$bare) refers to printfb.o(i._printf_core) for _printf_core
    printfb.o(i.__0vfprintf$bare) refers to fputc.o(i.fputc) for fputc
    printfb.o(i.__0vprintf$bare) refers to printfb.o(i._printf_core) for _printf_core
    printfb.o(i.__0vprintf$bare) refers to fputc.o(i.fputc) for fputc
    printfb.o(i.__0vprintf$bare) refers to stdout.o(.data) for __stdout
    printfb.o(i.__0vsnprintf$bare) refers to printfb.o(i._printf_core) for _printf_core
    printfb.o(i.__0vsnprintf$bare) refers to printfb.o(i._snputc) for _snputc
    printfb.o(i.__0vsprintf$bare) refers to printfb.o(i._printf_core) for _printf_core
    printfb.o(i.__0vsprintf$bare) refers to printfb.o(i._sputc) for _sputc
    printf0.o(i.__0fprintf$0) refers to printf0.o(i._printf_core) for _printf_core
    printf0.o(i.__0fprintf$0) refers to fputc.o(i.fputc) for fputc
    printf0.o(i.__0printf$0) refers to printf0.o(i._printf_core) for _printf_core
    printf0.o(i.__0printf$0) refers to fputc.o(i.fputc) for fputc
    printf0.o(i.__0printf$0) refers to stdout.o(.data) for __stdout
    printf0.o(i.__0snprintf$0) refers to printf0.o(i._printf_core) for _printf_core
    printf0.o(i.__0snprintf$0) refers to printf0.o(i._snputc) for _snputc
    printf0.o(i.__0sprintf$0) refers to printf0.o(i._printf_core) for _printf_core
    printf0.o(i.__0sprintf$0) refers to printf0.o(i._sputc) for _sputc
    printf0.o(i.__0vfprintf$0) refers to printf0.o(i._printf_core) for _printf_core
    printf0.o(i.__0vfprintf$0) refers to fputc.o(i.fputc) for fputc
    printf0.o(i.__0vprintf$0) refers to printf0.o(i._printf_core) for _printf_core
    printf0.o(i.__0vprintf$0) refers to fputc.o(i.fputc) for fputc
    printf0.o(i.__0vprintf$0) refers to stdout.o(.data) for __stdout
    printf0.o(i.__0vsnprintf$0) refers to printf0.o(i._printf_core) for _printf_core
    printf0.o(i.__0vsnprintf$0) refers to printf0.o(i._snputc) for _snputc
    printf0.o(i.__0vsprintf$0) refers to printf0.o(i._printf_core) for _printf_core
    printf0.o(i.__0vsprintf$0) refers to printf0.o(i._sputc) for _sputc
    printf1.o(i.__0fprintf$1) refers to printf1.o(i._printf_core) for _printf_core
    printf1.o(i.__0fprintf$1) refers to fputc.o(i.fputc) for fputc
    printf1.o(i.__0printf$1) refers to printf1.o(i._printf_core) for _printf_core
    printf1.o(i.__0printf$1) refers to fputc.o(i.fputc) for fputc
    printf1.o(i.__0printf$1) refers to stdout.o(.data) for __stdout
    printf1.o(i.__0snprintf$1) refers to printf1.o(i._printf_core) for _printf_core
    printf1.o(i.__0snprintf$1) refers to printf1.o(i._snputc) for _snputc
    printf1.o(i.__0sprintf$1) refers to printf1.o(i._printf_core) for _printf_core
    printf1.o(i.__0sprintf$1) refers to printf1.o(i._sputc) for _sputc
    printf1.o(i.__0vfprintf$1) refers to printf1.o(i._printf_core) for _printf_core
    printf1.o(i.__0vfprintf$1) refers to fputc.o(i.fputc) for fputc
    printf1.o(i.__0vprintf$1) refers to printf1.o(i._printf_core) for _printf_core
    printf1.o(i.__0vprintf$1) refers to fputc.o(i.fputc) for fputc
    printf1.o(i.__0vprintf$1) refers to stdout.o(.data) for __stdout
    printf1.o(i.__0vsnprintf$1) refers to printf1.o(i._printf_core) for _printf_core
    printf1.o(i.__0vsnprintf$1) refers to printf1.o(i._snputc) for _snputc
    printf1.o(i.__0vsprintf$1) refers to printf1.o(i._printf_core) for _printf_core
    printf1.o(i.__0vsprintf$1) refers to printf1.o(i._sputc) for _sputc
    printf1.o(i._printf_core) refers to uidiv.o(.text) for __aeabi_uidivmod
    printf2.o(i.__0fprintf$2) refers to printf2.o(i._printf_core) for _printf_core
    printf2.o(i.__0fprintf$2) refers to fputc.o(i.fputc) for fputc
    printf2.o(i.__0printf$2) refers to printf2.o(i._printf_core) for _printf_core
    printf2.o(i.__0printf$2) refers to fputc.o(i.fputc) for fputc
    printf2.o(i.__0printf$2) refers to stdout.o(.data) for __stdout
    printf2.o(i.__0snprintf$2) refers to printf2.o(i._printf_core) for _printf_core
    printf2.o(i.__0snprintf$2) refers to printf2.o(i._snputc) for _snputc
    printf2.o(i.__0sprintf$2) refers to printf2.o(i._printf_core) for _printf_core
    printf2.o(i.__0sprintf$2) refers to printf2.o(i._sputc) for _sputc
    printf2.o(i.__0vfprintf$2) refers to printf2.o(i._printf_core) for _printf_core
    printf2.o(i.__0vfprintf$2) refers to fputc.o(i.fputc) for fputc
    printf2.o(i.__0vprintf$2) refers to printf2.o(i._printf_core) for _printf_core
    printf2.o(i.__0vprintf$2) refers to fputc.o(i.fputc) for fputc
    printf2.o(i.__0vprintf$2) refers to stdout.o(.data) for __stdout
    printf2.o(i.__0vsnprintf$2) refers to printf2.o(i._printf_core) for _printf_core
    printf2.o(i.__0vsnprintf$2) refers to printf2.o(i._snputc) for _snputc
    printf2.o(i.__0vsprintf$2) refers to printf2.o(i._printf_core) for _printf_core
    printf2.o(i.__0vsprintf$2) refers to printf2.o(i._sputc) for _sputc
    printf3.o(i.__0fprintf$3) refers to printf3.o(i._printf_core) for _printf_core
    printf3.o(i.__0fprintf$3) refers to fputc.o(i.fputc) for fputc
    printf3.o(i.__0printf$3) refers to printf3.o(i._printf_core) for _printf_core
    printf3.o(i.__0printf$3) refers to fputc.o(i.fputc) for fputc
    printf3.o(i.__0printf$3) refers to stdout.o(.data) for __stdout
    printf3.o(i.__0snprintf$3) refers to printf3.o(i._printf_core) for _printf_core
    printf3.o(i.__0snprintf$3) refers to printf3.o(i._snputc) for _snputc
    printf3.o(i.__0sprintf$3) refers to printf3.o(i._printf_core) for _printf_core
    printf3.o(i.__0sprintf$3) refers to printf3.o(i._sputc) for _sputc
    printf3.o(i.__0vfprintf$3) refers to printf3.o(i._printf_core) for _printf_core
    printf3.o(i.__0vfprintf$3) refers to fputc.o(i.fputc) for fputc
    printf3.o(i.__0vprintf$3) refers to printf3.o(i._printf_core) for _printf_core
    printf3.o(i.__0vprintf$3) refers to fputc.o(i.fputc) for fputc
    printf3.o(i.__0vprintf$3) refers to stdout.o(.data) for __stdout
    printf3.o(i.__0vsnprintf$3) refers to printf3.o(i._printf_core) for _printf_core
    printf3.o(i.__0vsnprintf$3) refers to printf3.o(i._snputc) for _snputc
    printf3.o(i.__0vsprintf$3) refers to printf3.o(i._printf_core) for _printf_core
    printf3.o(i.__0vsprintf$3) refers to printf3.o(i._sputc) for _sputc
    printf3.o(i._printf_core) refers to uidiv.o(.text) for __aeabi_uidivmod
    printf4.o(i.__0fprintf$4) refers to printf4.o(i._printf_core) for _printf_core
    printf4.o(i.__0fprintf$4) refers to fputc.o(i.fputc) for fputc
    printf4.o(i.__0printf$4) refers to printf4.o(i._printf_core) for _printf_core
    printf4.o(i.__0printf$4) refers to fputc.o(i.fputc) for fputc
    printf4.o(i.__0printf$4) refers to stdout.o(.data) for __stdout
    printf4.o(i.__0snprintf$4) refers to printf4.o(i._printf_core) for _printf_core
    printf4.o(i.__0snprintf$4) refers to printf4.o(i._snputc) for _snputc
    printf4.o(i.__0sprintf$4) refers to printf4.o(i._printf_core) for _printf_core
    printf4.o(i.__0sprintf$4) refers to printf4.o(i._sputc) for _sputc
    printf4.o(i.__0vfprintf$4) refers to printf4.o(i._printf_core) for _printf_core
    printf4.o(i.__0vfprintf$4) refers to fputc.o(i.fputc) for fputc
    printf4.o(i.__0vprintf$4) refers to printf4.o(i._printf_core) for _printf_core
    printf4.o(i.__0vprintf$4) refers to fputc.o(i.fputc) for fputc
    printf4.o(i.__0vprintf$4) refers to stdout.o(.data) for __stdout
    printf4.o(i.__0vsnprintf$4) refers to printf4.o(i._printf_core) for _printf_core
    printf4.o(i.__0vsnprintf$4) refers to printf4.o(i._snputc) for _snputc
    printf4.o(i.__0vsprintf$4) refers to printf4.o(i._printf_core) for _printf_core
    printf4.o(i.__0vsprintf$4) refers to printf4.o(i._sputc) for _sputc
    printf4.o(i._printf_core) refers to uldiv.o(.text) for __aeabi_uldivmod
    printf5.o(i.__0fprintf$5) refers to printf5.o(i._printf_core) for _printf_core
    printf5.o(i.__0fprintf$5) refers to fputc.o(i.fputc) for fputc
    printf5.o(i.__0printf$5) refers to printf5.o(i._printf_core) for _printf_core
    printf5.o(i.__0printf$5) refers to fputc.o(i.fputc) for fputc
    printf5.o(i.__0printf$5) refers to stdout.o(.data) for __stdout
    printf5.o(i.__0snprintf$5) refers to printf5.o(i._printf_core) for _printf_core
    printf5.o(i.__0snprintf$5) refers to printf5.o(i._snputc) for _snputc
    printf5.o(i.__0sprintf$5) refers to printf5.o(i._printf_core) for _printf_core
    printf5.o(i.__0sprintf$5) refers to printf5.o(i._sputc) for _sputc
    printf5.o(i.__0vfprintf$5) refers to printf5.o(i._printf_core) for _printf_core
    printf5.o(i.__0vfprintf$5) refers to fputc.o(i.fputc) for fputc
    printf5.o(i.__0vprintf$5) refers to printf5.o(i._printf_core) for _printf_core
    printf5.o(i.__0vprintf$5) refers to fputc.o(i.fputc) for fputc
    printf5.o(i.__0vprintf$5) refers to stdout.o(.data) for __stdout
    printf5.o(i.__0vsnprintf$5) refers to printf5.o(i._printf_core) for _printf_core
    printf5.o(i.__0vsnprintf$5) refers to printf5.o(i._snputc) for _snputc
    printf5.o(i.__0vsprintf$5) refers to printf5.o(i._printf_core) for _printf_core
    printf5.o(i.__0vsprintf$5) refers to printf5.o(i._sputc) for _sputc
    printf5.o(i._printf_core) refers to uldiv.o(.text) for __aeabi_uldivmod
    printf6.o(i.__0fprintf$6) refers to printf6.o(i._printf_core) for _printf_core
    printf6.o(i.__0fprintf$6) refers to fputc.o(i.fputc) for fputc
    printf6.o(i.__0printf$6) refers to printf6.o(i._printf_core) for _printf_core
    printf6.o(i.__0printf$6) refers to fputc.o(i.fputc) for fputc
    printf6.o(i.__0printf$6) refers to stdout.o(.data) for __stdout
    printf6.o(i.__0snprintf$6) refers to printf6.o(i._printf_core) for _printf_core
    printf6.o(i.__0snprintf$6) refers to printf6.o(i._snputc) for _snputc
    printf6.o(i.__0sprintf$6) refers to printf6.o(i._printf_core) for _printf_core
    printf6.o(i.__0sprintf$6) refers to printf6.o(i._sputc) for _sputc
    printf6.o(i.__0vfprintf$6) refers to printf6.o(i._printf_core) for _printf_core
    printf6.o(i.__0vfprintf$6) refers to fputc.o(i.fputc) for fputc
    printf6.o(i.__0vprintf$6) refers to printf6.o(i._printf_core) for _printf_core
    printf6.o(i.__0vprintf$6) refers to fputc.o(i.fputc) for fputc
    printf6.o(i.__0vprintf$6) refers to stdout.o(.data) for __stdout
    printf6.o(i.__0vsnprintf$6) refers to printf6.o(i._printf_core) for _printf_core
    printf6.o(i.__0vsnprintf$6) refers to printf6.o(i._snputc) for _snputc
    printf6.o(i.__0vsprintf$6) refers to printf6.o(i._printf_core) for _printf_core
    printf6.o(i.__0vsprintf$6) refers to printf6.o(i._sputc) for _sputc
    printf6.o(i._printf_core) refers to printf6.o(i._printf_pre_padding) for _printf_pre_padding
    printf6.o(i._printf_core) refers to uidiv.o(.text) for __aeabi_uidivmod
    printf6.o(i._printf_core) refers to printf6.o(i._printf_post_padding) for _printf_post_padding
    printf7.o(i.__0fprintf$7) refers to printf7.o(i._printf_core) for _printf_core
    printf7.o(i.__0fprintf$7) refers to fputc.o(i.fputc) for fputc
    printf7.o(i.__0printf$7) refers to printf7.o(i._printf_core) for _printf_core
    printf7.o(i.__0printf$7) refers to fputc.o(i.fputc) for fputc
    printf7.o(i.__0printf$7) refers to stdout.o(.data) for __stdout
    printf7.o(i.__0snprintf$7) refers to printf7.o(i._printf_core) for _printf_core
    printf7.o(i.__0snprintf$7) refers to printf7.o(i._snputc) for _snputc
    printf7.o(i.__0sprintf$7) refers to printf7.o(i._printf_core) for _printf_core
    printf7.o(i.__0sprintf$7) refers to printf7.o(i._sputc) for _sputc
    printf7.o(i.__0vfprintf$7) refers to printf7.o(i._printf_core) for _printf_core
    printf7.o(i.__0vfprintf$7) refers to fputc.o(i.fputc) for fputc
    printf7.o(i.__0vprintf$7) refers to printf7.o(i._printf_core) for _printf_core
    printf7.o(i.__0vprintf$7) refers to fputc.o(i.fputc) for fputc
    printf7.o(i.__0vprintf$7) refers to stdout.o(.data) for __stdout
    printf7.o(i.__0vsnprintf$7) refers to printf7.o(i._printf_core) for _printf_core
    printf7.o(i.__0vsnprintf$7) refers to printf7.o(i._snputc) for _snputc
    printf7.o(i.__0vsprintf$7) refers to printf7.o(i._printf_core) for _printf_core
    printf7.o(i.__0vsprintf$7) refers to printf7.o(i._sputc) for _sputc
    printf7.o(i._printf_core) refers to printf7.o(i._printf_pre_padding) for _printf_pre_padding
    printf7.o(i._printf_core) refers to uldiv.o(.text) for __aeabi_uldivmod
    printf7.o(i._printf_core) refers to printf7.o(i._printf_post_padding) for _printf_post_padding
    printf8.o(i.__0fprintf$8) refers to printf8.o(i._printf_core) for _printf_core
    printf8.o(i.__0fprintf$8) refers to fputc.o(i.fputc) for fputc
    printf8.o(i.__0printf$8) refers to printf8.o(i._printf_core) for _printf_core
    printf8.o(i.__0printf$8) refers to fputc.o(i.fputc) for fputc
    printf8.o(i.__0printf$8) refers to stdout.o(.data) for __stdout
    printf8.o(i.__0snprintf$8) refers to printf8.o(i._printf_core) for _printf_core
    printf8.o(i.__0snprintf$8) refers to printf8.o(i._snputc) for _snputc
    printf8.o(i.__0sprintf$8) refers to printf8.o(i._printf_core) for _printf_core
    printf8.o(i.__0sprintf$8) refers to printf8.o(i._sputc) for _sputc
    printf8.o(i.__0vfprintf$8) refers to printf8.o(i._printf_core) for _printf_core
    printf8.o(i.__0vfprintf$8) refers to fputc.o(i.fputc) for fputc
    printf8.o(i.__0vprintf$8) refers to printf8.o(i._printf_core) for _printf_core
    printf8.o(i.__0vprintf$8) refers to fputc.o(i.fputc) for fputc
    printf8.o(i.__0vprintf$8) refers to stdout.o(.data) for __stdout
    printf8.o(i.__0vsnprintf$8) refers to printf8.o(i._printf_core) for _printf_core
    printf8.o(i.__0vsnprintf$8) refers to printf8.o(i._snputc) for _snputc
    printf8.o(i.__0vsprintf$8) refers to printf8.o(i._printf_core) for _printf_core
    printf8.o(i.__0vsprintf$8) refers to printf8.o(i._sputc) for _sputc
    printf8.o(i._printf_core) refers to printf8.o(i._printf_pre_padding) for _printf_pre_padding
    printf8.o(i._printf_core) refers to uldiv.o(.text) for __aeabi_uldivmod
    printf8.o(i._printf_core) refers to printf8.o(i._printf_post_padding) for _printf_post_padding
    printfa.o(i.__0fprintf) refers (Special) to iusefp.o(.text) for __I$use$fp
    printfa.o(i.__0fprintf) refers to printfa.o(i._printf_core) for _printf_core
    printfa.o(i.__0fprintf) refers to fputc.o(i.fputc) for fputc
    printfa.o(i.__0printf) refers (Special) to iusefp.o(.text) for __I$use$fp
    printfa.o(i.__0printf) refers to printfa.o(i._printf_core) for _printf_core
    printfa.o(i.__0printf) refers to fputc.o(i.fputc) for fputc
    printfa.o(i.__0printf) refers to stdout.o(.data) for __stdout
    printfa.o(i.__0snprintf) refers (Special) to iusefp.o(.text) for __I$use$fp
    printfa.o(i.__0snprintf) refers to printfa.o(i._printf_core) for _printf_core
    printfa.o(i.__0snprintf) refers to printfa.o(i._snputc) for _snputc
    printfa.o(i.__0sprintf) refers (Special) to iusefp.o(.text) for __I$use$fp
    printfa.o(i.__0sprintf) refers to printfa.o(i._printf_core) for _printf_core
    printfa.o(i.__0sprintf) refers to printfa.o(i._sputc) for _sputc
    printfa.o(i.__0vfprintf) refers (Special) to iusefp.o(.text) for __I$use$fp
    printfa.o(i.__0vfprintf) refers to printfa.o(i._printf_core) for _printf_core
    printfa.o(i.__0vfprintf) refers to fputc.o(i.fputc) for fputc
    printfa.o(i.__0vprintf) refers (Special) to iusefp.o(.text) for __I$use$fp
    printfa.o(i.__0vprintf) refers to printfa.o(i._printf_core) for _printf_core
    printfa.o(i.__0vprintf) refers to fputc.o(i.fputc) for fputc
    printfa.o(i.__0vprintf) refers to stdout.o(.data) for __stdout
    printfa.o(i.__0vsnprintf) refers (Special) to iusefp.o(.text) for __I$use$fp
    printfa.o(i.__0vsnprintf) refers to printfa.o(i._printf_core) for _printf_core
    printfa.o(i.__0vsnprintf) refers to printfa.o(i._snputc) for _snputc
    printfa.o(i.__0vsprintf) refers (Special) to iusefp.o(.text) for __I$use$fp
    printfa.o(i.__0vsprintf) refers to printfa.o(i._printf_core) for _printf_core
    printfa.o(i.__0vsprintf) refers to printfa.o(i._sputc) for _sputc
    printfa.o(i._fp_digits) refers (Special) to iusefp.o(.text) for __I$use$fp
    printfa.o(i._fp_digits) refers to dmul.o(.text) for __aeabi_dmul
    printfa.o(i._fp_digits) refers to ddiv.o(.text) for __aeabi_ddiv
    printfa.o(i._fp_digits) refers to cdrcmple.o(.text) for __aeabi_cdrcmple
    printfa.o(i._fp_digits) refers to dadd.o(.text) for __aeabi_dadd
    printfa.o(i._fp_digits) refers to dfixul.o(.text) for __aeabi_d2ulz
    printfa.o(i._fp_digits) refers to uldiv.o(.text) for __aeabi_uldivmod
    printfa.o(i._printf_core) refers (Special) to iusefp.o(.text) for __I$use$fp
    printfa.o(i._printf_core) refers to printfa.o(i._printf_pre_padding) for _printf_pre_padding
    printfa.o(i._printf_core) refers to uldiv.o(.text) for __aeabi_uldivmod
    printfa.o(i._printf_core) refers to printfa.o(i._printf_post_padding) for _printf_post_padding
    printfa.o(i._printf_core) refers to printfa.o(i._fp_digits) for _fp_digits
    printfa.o(i._printf_core) refers to uidiv.o(.text) for __aeabi_uidivmod
    printfa.o(i._printf_post_padding) refers (Special) to iusefp.o(.text) for __I$use$fp
    printfa.o(i._printf_pre_padding) refers (Special) to iusefp.o(.text) for __I$use$fp
    printfa.o(i._snputc) refers (Special) to iusefp.o(.text) for __I$use$fp
    printfa.o(i._sputc) refers (Special) to iusefp.o(.text) for __I$use$fp
    entry2.o(.ARM.Collect$$$$00000001) refers to entry2.o(.ARM.Collect$$$$00002712) for __lit__00000000
    entry2.o(.ARM.Collect$$$$00002712) refers to startup_lpc17xx.o(STACK) for __initial_sp
    entry2.o(__vectab_stack_and_reset_area) refers to startup_lpc17xx.o(STACK) for __initial_sp
    entry2.o(__vectab_stack_and_reset_area) refers to entry.o(.ARM.Collect$$$$00000000) for __main
    entry5.o(.ARM.Collect$$$$00000004) refers to init.o(.text) for __scatterload
    entry9a.o(.ARM.Collect$$$$0000000B) refers to main.o(i.main) for main
    entry9b.o(.ARM.Collect$$$$0000000C) refers to main.o(i.main) for main
    fputc.o(i.fputc) refers (Special) to iusesemip.o(.text) for __I$use$semihosting$fputc
    fputc.o(i.fputc) refers (Special) to semi.o(.text) for __semihosting_library_function
    dadd.o(.text) refers to llshl.o(.text) for __aeabi_llsl
    dadd.o(.text) refers to llsshr.o(.text) for __aeabi_lasr
    dadd.o(.text) refers to depilogue.o(.text) for _double_epilogue
    dmul.o(.text) refers to depilogue.o(.text) for _double_epilogue
    ddiv.o(.text) refers to depilogue.o(.text) for _double_round
    dfixul.o(.text) refers to llushr.o(.text) for __aeabi_llsr
    dfixul.o(.text) refers to llshl.o(.text) for __aeabi_llsl
    init.o(.text) refers to entry5.o(.ARM.Collect$$$$00000004) for __main_after_scatterload
    depilogue.o(.text) refers to llshl.o(.text) for __aeabi_llsl
    depilogue.o(.text) refers to llushr.o(.text) for __aeabi_llsr


==============================================================================

Removing Unused input sections from the image.

    Removing system_lpc17xx.o(.rev16_text), (4 bytes).
    Removing system_lpc17xx.o(.revsh_text), (4 bytes).
    Removing system_lpc17xx.o(i.SystemCoreClockUpdate), (452 bytes).
    Removing system_lpc17xx.o(.data), (4 bytes).
    Removing startup_lpc17xx.o(HEAP), (0 bytes).
    Removing main.o(.rev16_text), (4 bytes).
    Removing main.o(.revsh_text), (4 bytes).
    Removing delay.o(i.delay_ms), (36 bytes).
    Removing lcd.o(.rev16_text), (4 bytes).
    Removing lcd.o(.revsh_text), (4 bytes).
    Removing lcd.o(.emb_text), (4 bytes).
    Removing lcd.o(i.Draw_Circle), (176 bytes).
    Removing lcd.o(i.LCD_Bargraph), (164 bytes).
    Removing lcd.o(i.LCD_Bmp), (116 bytes).
    Removing lcd.o(i.LCD_Clear), (72 bytes).
    Removing lcd.o(i.LCD_ClearLn), (56 bytes).
    Removing lcd.o(i.LCD_DisplayChar), (48 bytes).
    Removing lcd.o(i.LCD_DisplayString), (46 bytes).
    Removing lcd.o(i.LCD_DrawChar), (136 bytes).
    Removing lcd.o(i.LCD_DrawLine), (176 bytes).
    Removing lcd.o(i.LCD_DrawPoint), (68 bytes).
    Removing lcd.o(i.LCD_DrawPoint1), (64 bytes).
    Removing lcd.o(i.LCD_DrawRectangle), (64 bytes).
    Removing lcd.o(i.LCD_Fill), (144 bytes).
    Removing lcd.o(i.LCD_Init), (1280 bytes).
    Removing lcd.o(i.LCD_PutPixel), (60 bytes).
    Removing lcd.o(i.LCD_SetBackColor), (12 bytes).
    Removing lcd.o(i.LCD_SetCursor), (72 bytes).
    Removing lcd.o(i.LCD_SetTextColor), (12 bytes).
    Removing lcd.o(i.LCD_Show2Num), (92 bytes).
    Removing lcd.o(i.LCD_ShowChar), (344 bytes).
    Removing lcd.o(i.LCD_ShowNum), (148 bytes).
    Removing lcd.o(i.LCD_ShowString), (74 bytes).
    Removing lcd.o(i.LCD_WindowMax), (104 bytes).
    Removing lcd.o(i.LCD_WriteRAM_Prepare), (10 bytes).
    Removing lcd.o(i.delay), (14 bytes).
    Removing lcd.o(i.lcd_send), (60 bytes).
    Removing lcd.o(i.mypow), (22 bytes).
    Removing lcd.o(i.rd_dat), (104 bytes).
    Removing lcd.o(i.rd_reg), (44 bytes).
    Removing lcd.o(i.wait_delay), (12 bytes).
    Removing lcd.o(i.wr_cmd), (48 bytes).
    Removing lcd.o(i.wr_dat), (48 bytes).
    Removing lcd.o(i.wr_dat_only), (36 bytes).
    Removing lcd.o(i.wr_dat_start), (16 bytes).
    Removing lcd.o(i.wr_dat_stop), (16 bytes).
    Removing lcd.o(i.wr_reg), (40 bytes).
    Removing lcd.o(.constdata), (8036 bytes).
    Removing lcd.o(.data), (10 bytes).
    Removing uart.o(.rev16_text), (4 bytes).
    Removing uart.o(.revsh_text), (4 bytes).
    Removing uart.o(i.UART0_GetChar), (24 bytes).
    Removing uart.o(i.UART0_Init), (80 bytes).
    Removing uart.o(i.UART0_SendByte), (28 bytes).
    Removing uart.o(i.UART0_SendChar), (124 bytes).
    Removing uart.o(i.UART0_SendString), (22 bytes).
    Removing uart.o(i.UART2_GetChar), (24 bytes).
    Removing ff.o(i.dir_read), (108 bytes).
    Removing ff.o(i.dir_remove), (54 bytes).
    Removing ff.o(i.f_chdir), (84 bytes).
    Removing ff.o(i.f_chdrive), (32 bytes).
    Removing ff.o(i.f_chmod), (96 bytes).
    Removing ff.o(i.f_closedir), (22 bytes).
    Removing ff.o(i.f_getcwd), (296 bytes).
    Removing ff.o(i.f_getfree), (234 bytes).
    Removing ff.o(i.f_getlabel), (150 bytes).
    Removing ff.o(i.f_mkfs), (1296 bytes).
    Removing ff.o(i.f_opendir), (110 bytes).
    Removing ff.o(i.f_printf), (628 bytes).
    Removing ff.o(i.f_putc), (64 bytes).
    Removing ff.o(i.f_readdir), (88 bytes).
    Removing ff.o(i.f_rename), (296 bytes).
    Removing ff.o(i.f_setlabel), (448 bytes).
    Removing ff.o(i.f_stat), (60 bytes).
    Removing ff.o(i.f_truncate), (184 bytes).
    Removing ff.o(i.f_unlink), (190 bytes).
    Removing ff.o(i.f_utime), (86 bytes).
    Removing ff.o(i.get_fileinfo), (80 bytes).
    Removing sd.o(.rev16_text), (4 bytes).
    Removing sd.o(.revsh_text), (4 bytes).
    Removing sd.o(i.SD_ReadMultiBlock), (116 bytes).
    Removing sd.o(i.SD_WaitDataReady), (98 bytes).
    Removing sd.o(i.SD_WriteMultiBlock), (236 bytes).
    Removing spi.o(.rev16_text), (4 bytes).
    Removing spi.o(.revsh_text), (4 bytes).
    Removing spi.o(i.delay_us), (12 bytes).
    Removing spi.o(i.spi0_off), (16 bytes).
    Removing dadd.o(.text), (334 bytes).
    Removing dmul.o(.text), (228 bytes).
    Removing ddiv.o(.text), (222 bytes).
    Removing dfixul.o(.text), (48 bytes).
    Removing cdrcmple.o(.text), (40 bytes).
    Removing depilogue.o(.text), (190 bytes).

93 unused section(s) (total 19036 bytes) removed from the image.

==============================================================================

Image Symbol Table

    Local Symbols

    Symbol Name                              Value     Ov Type        Size  Object(Section)

    RESET                                    0x00000000   Section      204  startup_lpc17xx.o(RESET)
    ../clib/microlib/division.c              0x00000000   Number         0  uidiv.o ABSOLUTE
    ../clib/microlib/division.c              0x00000000   Number         0  uldiv.o ABSOLUTE
    ../clib/microlib/init/entry.s            0x00000000   Number         0  entry.o ABSOLUTE
    ../clib/microlib/init/entry.s            0x00000000   Number         0  entry2.o ABSOLUTE
    ../clib/microlib/init/entry.s            0x00000000   Number         0  entry5.o ABSOLUTE
    ../clib/microlib/init/entry.s            0x00000000   Number         0  entry7a.o ABSOLUTE
    ../clib/microlib/init/entry.s            0x00000000   Number         0  entry7b.o ABSOLUTE
    ../clib/microlib/init/entry.s            0x00000000   Number         0  entry8a.o ABSOLUTE
    ../clib/microlib/init/entry.s            0x00000000   Number         0  entry8b.o ABSOLUTE
    ../clib/microlib/init/entry.s            0x00000000   Number         0  entry9a.o ABSOLUTE
    ../clib/microlib/init/entry.s            0x00000000   Number         0  entry9b.o ABSOLUTE
    ../clib/microlib/init/entry.s            0x00000000   Number         0  entry10a.o ABSOLUTE
    ../clib/microlib/init/entry.s            0x00000000   Number         0  entry10b.o ABSOLUTE
    ../clib/microlib/init/entry.s            0x00000000   Number         0  entry11a.o ABSOLUTE
    ../clib/microlib/init/entry.s            0x00000000   Number         0  entry11b.o ABSOLUTE
    ../clib/microlib/longlong.c              0x00000000   Number         0  llshl.o ABSOLUTE
    ../clib/microlib/longlong.c              0x00000000   Number         0  llushr.o ABSOLUTE
    ../clib/microlib/longlong.c              0x00000000   Number         0  llsshr.o ABSOLUTE
    ../clib/microlib/printf/printf.c         0x00000000   Number         0  printfb.o ABSOLUTE
    ../clib/microlib/printf/printf.c         0x00000000   Number         0  printf0.o ABSOLUTE
    ../clib/microlib/printf/printf.c         0x00000000   Number         0  printf1.o ABSOLUTE
    ../clib/microlib/printf/printf.c         0x00000000   Number         0  printf7.o ABSOLUTE
    ../clib/microlib/printf/printf.c         0x00000000   Number         0  printf2.o ABSOLUTE
    ../clib/microlib/printf/printf.c         0x00000000   Number         0  printf3.o ABSOLUTE
    ../clib/microlib/printf/printf.c         0x00000000   Number         0  printf4.o ABSOLUTE
    ../clib/microlib/printf/printf.c         0x00000000   Number         0  printf5.o ABSOLUTE
    ../clib/microlib/printf/printf.c         0x00000000   Number         0  printf6.o ABSOLUTE
    ../clib/microlib/printf/printf.c         0x00000000   Number         0  printf8.o ABSOLUTE
    ../clib/microlib/printf/printf.c         0x00000000   Number         0  printfa.o ABSOLUTE
    ../clib/microlib/printf/stubs.s          0x00000000   Number         0  stubs.o ABSOLUTE
    ../clib/microlib/stdio/fputc.c           0x00000000   Number         0  fputc.o ABSOLUTE
    ../clib/microlib/stdio/semi.s            0x00000000   Number         0  semi.o ABSOLUTE
    ../clib/microlib/stdio/streams.c         0x00000000   Number         0  stdout.o ABSOLUTE
    ../clib/microlib/string/memcpy.c         0x00000000   Number         0  memcpyb.o ABSOLUTE
    ../clib/microlib/string/memcpy.c         0x00000000   Number         0  memcpya.o ABSOLUTE
    ../clib/microlib/stubs.s                 0x00000000   Number         0  iusefp.o ABSOLUTE
    ../clib/microlib/stubs.s                 0x00000000   Number         0  iusesemip.o ABSOLUTE
    ../fplib/microlib/fpadd.c                0x00000000   Number         0  dadd.o ABSOLUTE
    ../fplib/microlib/fpdiv.c                0x00000000   Number         0  ddiv.o ABSOLUTE
    ../fplib/microlib/fpepilogue.c           0x00000000   Number         0  depilogue.o ABSOLUTE
    ../fplib/microlib/fpfix.c                0x00000000   Number         0  dfixul.o ABSOLUTE
    ../fplib/microlib/fpmul.c                0x00000000   Number         0  dmul.o ABSOLUTE
    ..\LPC17xx\startup_LPC17xx.s             0x00000000   Number         0  startup_lpc17xx.o ABSOLUTE
    ..\LPC17xx\system_LPC17xx.c              0x00000000   Number         0  system_lpc17xx.o ABSOLUTE
    ..\Source\Lcd\Lcd.c                      0x00000000   Number         0  lcd.o ABSOLUTE
    ..\Source\User\delay.c                   0x00000000   Number         0  delay.o ABSOLUTE
    ..\Source\User\main.c                    0x00000000   Number         0  main.o ABSOLUTE
    ..\Source\sdcard\Fatfs\ff.c              0x00000000   Number         0  ff.o ABSOLUTE
    ..\Source\sdcard\khn_gsht.c              0x00000000   Number         0  khn_gsht.o ABSOLUTE
    ..\Source\sdcard\sd.c                    0x00000000   Number         0  sd.o ABSOLUTE
    ..\Source\sdcard\spi.c                   0x00000000   Number         0  spi.o ABSOLUTE
    ..\Source\uart\uart.c                    0x00000000   Number         0  uart.o ABSOLUTE
    ..\\LPC17xx\\system_LPC17xx.c            0x00000000   Number         0  system_lpc17xx.o ABSOLUTE
    ..\\Source\\Lcd\\Lcd.c                   0x00000000   Number         0  lcd.o ABSOLUTE
    ..\\Source\\User\\main.c                 0x00000000   Number         0  main.o ABSOLUTE
    ..\\Source\\sdcard\\sd.c                 0x00000000   Number         0  sd.o ABSOLUTE
    ..\\Source\\sdcard\\spi.c                0x00000000   Number         0  spi.o ABSOLUTE
    ..\\Source\\uart\\uart.c                 0x00000000   Number         0  uart.o ABSOLUTE
    cdrcmple.s                               0x00000000   Number         0  cdrcmple.o ABSOLUTE
    dc.s                                     0x00000000   Number         0  dc.o ABSOLUTE
    handlers.s                               0x00000000   Number         0  handlers.o ABSOLUTE
    init.s                                   0x00000000   Number         0  init.o ABSOLUTE
    .ARM.Collect$$$$00000000                 0x000000cc   Section        0  entry.o(.ARM.Collect$$$$00000000)
    .ARM.Collect$$$$00000001                 0x000000cc   Section        4  entry2.o(.ARM.Collect$$$$00000001)
    .ARM.Collect$$$$00000004                 0x000000d0   Section        4  entry5.o(.ARM.Collect$$$$00000004)
    .ARM.Collect$$$$00000008                 0x000000d4   Section        0  entry7b.o(.ARM.Collect$$$$00000008)
    .ARM.Collect$$$$0000000A                 0x000000d4   Section        0  entry8b.o(.ARM.Collect$$$$0000000A)
    .ARM.Collect$$$$0000000B                 0x000000d4   Section        8  entry9a.o(.ARM.Collect$$$$0000000B)
    .ARM.Collect$$$$0000000D                 0x000000dc   Section        0  entry10a.o(.ARM.Collect$$$$0000000D)
    .ARM.Collect$$$$0000000F                 0x000000dc   Section        0  entry11a.o(.ARM.Collect$$$$0000000F)
    .ARM.Collect$$$$00002712                 0x000000dc   Section        4  entry2.o(.ARM.Collect$$$$00002712)
    __lit__00000000                          0x000000dc   Data           4  entry2.o(.ARM.Collect$$$$00002712)
    .text                                    0x000000e0   Section       36  startup_lpc17xx.o(.text)
    .text                                    0x00000104   Section        0  memcpya.o(.text)
    .text                                    0x00000128   Section        0  uidiv.o(.text)
    .text                                    0x00000154   Section       36  init.o(.text)
    i.Close                                  0x00000178   Section        0  khn_gsht.o(i.Close)
    i.Delay                                  0x00000188   Section        0  main.o(i.Delay)
    i.ReadData                               0x000001a8   Section        0  khn_gsht.o(i.ReadData)
    i.SD_GetResponse                         0x00000200   Section        0  sd.o(i.SD_GetResponse)
    i.SD_Idle_Sta                            0x00000226   Section        0  sd.o(i.SD_Idle_Sta)
    i.SD_ReadSingleBlock                     0x00000270   Section        0  sd.o(i.SD_ReadSingleBlock)
    i.SPI0_Init                              0x000002b4   Section        0  spi.o(i.SPI0_Init)
    i.__scatterload_null                     0x000002f0   Section        2  handlers.o(i.__scatterload_null)
    i._sputc                                 0x000002f2   Section        0  printf1.o(i._sputc)
    _sputc                                   0x000002f3   Thumb Code    10  printf1.o(i._sputc)
    .ARM.__at_0x02FC                         0x000002fc   Section        4  startup_lpc17xx.o(.ARM.__at_0x02FC)
    i.SD_Init                                0x00000300   Section        0  sd.o(i.SD_Init)
    i.SD_ReceiveData                         0x000004c4   Section        0  sd.o(i.SD_ReceiveData)
    i.SD_SendCommand                         0x00000524   Section        0  sd.o(i.SD_SendCommand)
    i.SD_SendCommand_NoDeassert              0x000005b0   Section        0  sd.o(i.SD_SendCommand_NoDeassert)
    i.SD_WriteSingleBlock                    0x00000620   Section        0  sd.o(i.SD_WriteSingleBlock)
    i.SPI0_SetSpeed                          0x000006ec   Section        0  spi.o(i.SPI0_SetSpeed)
    i.SystemInit                             0x00000734   Section        0  system_lpc17xx.o(i.SystemInit)
    i.UART2_Init                             0x00000884   Section        0  uart.o(i.UART2_Init)
    i.UART2_SendByte                         0x000008e0   Section        0  uart.o(i.UART2_SendByte)
    i.UART2_SendString                       0x000008fc   Section        0  uart.o(i.UART2_SendString)
    i.WriteData                              0x00000914   Section        0  khn_gsht.o(i.WriteData)
    i.__0sprintf$1                           0x00000994   Section        0  printf1.o(i.__0sprintf$1)
    i.__scatterload_copy                     0x000009bc   Section       14  handlers.o(i.__scatterload_copy)
    i.__scatterload_zeroinit                 0x000009ca   Section       14  handlers.o(i.__scatterload_zeroinit)
    i._printf_core                           0x000009d8   Section        0  printf1.o(i._printf_core)
    _printf_core                             0x000009d9   Thumb Code   334  printf1.o(i._printf_core)
    i.check_fs                               0x00000b2c   Section        0  ff.o(i.check_fs)
    check_fs                                 0x00000b2d   Thumb Code    84  ff.o(i.check_fs)
    i.chk_chr                                0x00000b84   Section        0  ff.o(i.chk_chr)
    chk_chr                                  0x00000b85   Thumb Code    20  ff.o(i.chk_chr)
    i.clust2sect                             0x00000b98   Section        0  ff.o(i.clust2sect)
    i.create_chain                           0x00000bb2   Section        0  ff.o(i.create_chain)
    create_chain                             0x00000bb3   Thumb Code   214  ff.o(i.create_chain)
    i.create_name                            0x00000c88   Section        0  ff.o(i.create_name)
    create_name                              0x00000c89   Thumb Code   418  ff.o(i.create_name)
    i.dir_alloc                              0x00000e3c   Section        0  ff.o(i.dir_alloc)
    dir_alloc                                0x00000e3d   Thumb Code    92  ff.o(i.dir_alloc)
    i.dir_find                               0x00000e98   Section        0  ff.o(i.dir_find)
    dir_find                                 0x00000e99   Thumb Code    92  ff.o(i.dir_find)
    i.dir_next                               0x00000ef4   Section        0  ff.o(i.dir_next)
    dir_next                                 0x00000ef5   Thumb Code   316  ff.o(i.dir_next)
    i.dir_register                           0x00001030   Section        0  ff.o(i.dir_register)
    dir_register                             0x00001031   Thumb Code    58  ff.o(i.dir_register)
    i.dir_sdi                                0x0000106a   Section        0  ff.o(i.dir_sdi)
    dir_sdi                                  0x0000106b   Thumb Code   200  ff.o(i.dir_sdi)
    i.disk_initialize                        0x00001134   Section        0  sd.o(i.disk_initialize)
    i.disk_ioctl                             0x0000116c   Section        0  sd.o(i.disk_ioctl)
    i.disk_read                              0x000011d8   Section        0  sd.o(i.disk_read)
    i.disk_status                            0x000011f8   Section        0  sd.o(i.disk_status)
    i.disk_write                             0x0000120c   Section        0  sd.o(i.disk_write)
    i.f_close                                0x00001248   Section        0  ff.o(i.f_close)
    i.f_gets                                 0x00001268   Section        0  ff.o(i.f_gets)
    i.f_lseek                                0x000012be   Section        0  ff.o(i.f_lseek)
    i.f_mkdir                                0x00001458   Section        0  ff.o(i.f_mkdir)
    i.f_mount                                0x000015a8   Section        0  ff.o(i.f_mount)
    i.f_open                                 0x00001604   Section        0  ff.o(i.f_open)
    i.f_puts                                 0x00001730   Section        0  ff.o(i.f_puts)
    i.f_read                                 0x0000177a   Section        0  ff.o(i.f_read)
    i.f_sync                                 0x0000194a   Section        0  ff.o(i.f_sync)
    i.f_write                                0x000019d6   Section        0  ff.o(i.f_write)
    i.find_volume                            0x00001bec   Section        0  ff.o(i.find_volume)
    find_volume                              0x00001bed   Thumb Code   702  ff.o(i.find_volume)
    i.follow_path                            0x00001ebc   Section        0  ff.o(i.follow_path)
    follow_path                              0x00001ebd   Thumb Code   174  ff.o(i.follow_path)
    i.get_fat                                0x00001f6a   Section        0  ff.o(i.get_fat)
    i.get_fattime                            0x00002088   Section        0  sd.o(i.get_fattime)
    i.get_ldnumber                           0x000020c4   Section        0  ff.o(i.get_ldnumber)
    get_ldnumber                             0x000020c5   Thumb Code   160  ff.o(i.get_ldnumber)
    i.ld_clust                               0x0000216c   Section        0  ff.o(i.ld_clust)
    ld_clust                                 0x0000216d   Thumb Code    18  ff.o(i.ld_clust)
    i.main                                   0x00002180   Section        0  main.o(i.main)
    i.mem_cmp                                0x0000241c   Section        0  ff.o(i.mem_cmp)
    mem_cmp                                  0x0000241d   Thumb Code    38  ff.o(i.mem_cmp)
    i.mem_cpy                                0x00002442   Section        0  ff.o(i.mem_cpy)
    mem_cpy                                  0x00002443   Thumb Code    46  ff.o(i.mem_cpy)
    i.mem_set                                0x00002470   Section        0  ff.o(i.mem_set)
    mem_set                                  0x00002471   Thumb Code    20  ff.o(i.mem_set)
    i.move_window                            0x00002484   Section        0  ff.o(i.move_window)
    move_window                              0x00002485   Thumb Code    50  ff.o(i.move_window)
    i.put_fat                                0x000024b6   Section        0  ff.o(i.put_fat)
    i.putc_bfd                               0x0000260a   Section        0  ff.o(i.putc_bfd)
    putc_bfd                                 0x0000260b   Thumb Code    78  ff.o(i.putc_bfd)
    i.remove_chain                           0x00002658   Section        0  ff.o(i.remove_chain)
    remove_chain                             0x00002659   Thumb Code   108  ff.o(i.remove_chain)
    i.rtc_gettime                            0x000026c4   Section        0  sd.o(i.rtc_gettime)
    i.spi0_on                                0x00002708   Section        0  spi.o(i.spi0_on)
    i.ssp0_init                              0x00002718   Section        0  spi.o(i.ssp0_init)
    i.ssp0_send                              0x000027c8   Section        0  spi.o(i.ssp0_send)
    i.st_clust                               0x000027e8   Section        0  ff.o(i.st_clust)
    st_clust                                 0x000027e9   Thumb Code     8  ff.o(i.st_clust)
    i.sync_fs                                0x000027f0   Section        0  ff.o(i.sync_fs)
    sync_fs                                  0x000027f1   Thumb Code   110  ff.o(i.sync_fs)
    i.sync_window                            0x00002868   Section        0  ff.o(i.sync_window)
    sync_window                              0x00002869   Thumb Code    76  ff.o(i.sync_window)
    i.validate                               0x000028b4   Section        0  ff.o(i.validate)
    validate                                 0x000028b5   Thumb Code    54  ff.o(i.validate)
    .constdata                               0x000028ec   Section      412  main.o(.constdata)
    .constdata                               0x00002a88   Section       76  ff.o(.constdata)
    str                                      0x00002a88   Data          32  ff.o(.constdata)
    vst                                      0x00002aa8   Data          22  ff.o(.constdata)
    cst                                      0x00002abe   Data          22  ff.o(.constdata)
    .conststring                             0x00002ad4   Section       35  ff.o(.conststring)
    .data                                    0x10000000   Section        3  ff.o(.data)
    Fsid                                     0x10000000   Data           2  ff.o(.data)
    CurrVol                                  0x10000002   Data           1  ff.o(.data)
    .data                                    0x10000003   Section        2  sd.o(.data)
    Stat                                     0x10000004   Data           1  sd.o(.data)
    .bss                                     0x10000008   Section       32  ff.o(.bss)
    FatFs                                    0x10000008   Data          32  ff.o(.bss)
    .bss                                     0x10000028   Section     4512  khn_gsht.o(.bss)
    STACK                                    0x100011c8   Section      512  startup_lpc17xx.o(STACK)

    Global Symbols

    Symbol Name                              Value     Ov Type        Size  Object(Section)

    BuildAttributes$$THM_ISAv4$P$D$K$B$S$PE$A:L22UL41UL21$X:L11$S22US41US21$IEEE1$IW$USESV6$~STKCKD$USESV7$~SHL$OSPACE$ROPI$EBA8$MICROLIB$REQ8$PRES8$EABIv2 0x00000000   Number         0  anon$$obj.o ABSOLUTE
    __ARM_use_no_argv                        0x00000000   Number         0  main.o ABSOLUTE
    __Vectors                                0x00000000   Data           4  startup_lpc17xx.o(RESET)
    _printf_a                                0x00000000   Number         0  stubs.o ABSOLUTE
    _printf_c                                0x00000000   Number         0  stubs.o ABSOLUTE
    _printf_charcount                        0x00000000   Number         0  stubs.o ABSOLUTE
    _printf_d                                0x00000000   Number         0  stubs.o ABSOLUTE
    _printf_e                                0x00000000   Number         0  stubs.o ABSOLUTE
    _printf_f                                0x00000000   Number         0  stubs.o ABSOLUTE
    _printf_flags                            0x00000000   Number         0  stubs.o ABSOLUTE
    _printf_fp_dec                           0x00000000   Number         0  stubs.o ABSOLUTE
    _printf_fp_hex                           0x00000000   Number         0  stubs.o ABSOLUTE
    _printf_g                                0x00000000   Number         0  stubs.o ABSOLUTE
    _printf_i                                0x00000000   Number         0  stubs.o ABSOLUTE
    _printf_int_dec                          0x00000000   Number         0  stubs.o ABSOLUTE
    _printf_l                                0x00000000   Number         0  stubs.o ABSOLUTE
    _printf_lc                               0x00000000   Number         0  stubs.o ABSOLUTE
    _printf_ll                               0x00000000   Number         0  stubs.o ABSOLUTE
    _printf_lld                              0x00000000   Number         0  stubs.o ABSOLUTE
    _printf_lli                              0x00000000   Number         0  stubs.o ABSOLUTE
    _printf_llo                              0x00000000   Number         0  stubs.o ABSOLUTE
    _printf_llu                              0x00000000   Number         0  stubs.o ABSOLUTE
    _printf_llx                              0x00000000   Number         0  stubs.o ABSOLUTE
    _printf_longlong_dec                     0x00000000   Number         0  stubs.o ABSOLUTE
    _printf_longlong_hex                     0x00000000   Number         0  stubs.o ABSOLUTE
    _printf_longlong_oct                     0x00000000   Number         0  stubs.o ABSOLUTE
    _printf_ls                               0x00000000   Number         0  stubs.o ABSOLUTE
    _printf_mbtowc                           0x00000000   Number         0  stubs.o ABSOLUTE
    _printf_n                                0x00000000   Number         0  stubs.o ABSOLUTE
    _printf_o                                0x00000000   Number         0  stubs.o ABSOLUTE
    _printf_p                                0x00000000   Number         0  stubs.o ABSOLUTE
    _printf_percent                          0x00000000   Number         0  stubs.o ABSOLUTE
    _printf_pre_padding                      0x00000000   Number         0  stubs.o ABSOLUTE
    _printf_return_value                     0x00000000   Number         0  stubs.o ABSOLUTE
    _printf_s                                0x00000000   Number         0  stubs.o ABSOLUTE
    _printf_sizespec                         0x00000000   Number         0  stubs.o ABSOLUTE
    _printf_str                              0x00000000   Number         0  stubs.o ABSOLUTE
    _printf_truncate_signed                  0x00000000   Number         0  stubs.o ABSOLUTE
    _printf_truncate_unsigned                0x00000000   Number         0  stubs.o ABSOLUTE
    _printf_u                                0x00000000   Number         0  stubs.o ABSOLUTE
    _printf_wc                               0x00000000   Number         0  stubs.o ABSOLUTE
    _printf_wctomb                           0x00000000   Number         0  stubs.o ABSOLUTE
    _printf_widthprec                        0x00000000   Number         0  stubs.o ABSOLUTE
    _printf_x                                0x00000000   Number         0  stubs.o ABSOLUTE
    __cpp_initialize__aeabi_                  - Undefined Weak Reference
    __cxa_finalize                            - Undefined Weak Reference
    __decompress                              - Undefined Weak Reference
    _clock_init                               - Undefined Weak Reference
    _microlib_exit                            - Undefined Weak Reference
    __main                                   0x000000cd   Thumb Code     0  entry.o(.ARM.Collect$$$$00000000)
    _main_stk                                0x000000cd   Thumb Code     0  entry2.o(.ARM.Collect$$$$00000001)
    _main_scatterload                        0x000000d1   Thumb Code     0  entry5.o(.ARM.Collect$$$$00000004)
    __main_after_scatterload                 0x000000d5   Thumb Code     0  entry5.o(.ARM.Collect$$$$00000004)
    _main_clock                              0x000000d5   Thumb Code     0  entry7b.o(.ARM.Collect$$$$00000008)
    _main_cpp_init                           0x000000d5   Thumb Code     0  entry8b.o(.ARM.Collect$$$$0000000A)
    _main_init                               0x000000d5   Thumb Code     0  entry9a.o(.ARM.Collect$$$$0000000B)
    __rt_final_cpp                           0x000000dd   Thumb Code     0  entry10a.o(.ARM.Collect$$$$0000000D)
    __rt_final_exit                          0x000000dd   Thumb Code     0  entry11a.o(.ARM.Collect$$$$0000000F)
    Reset_Handler                            0x000000e1   Thumb Code     8  startup_lpc17xx.o(.text)
    NMI_Handler                              0x000000e9   Thumb Code     2  startup_lpc17xx.o(.text)
    HardFault_Handler                        0x000000eb   Thumb Code     2  startup_lpc17xx.o(.text)
    MemManage_Handler                        0x000000ed   Thumb Code     2  startup_lpc17xx.o(.text)
    BusFault_Handler                         0x000000ef   Thumb Code     2  startup_lpc17xx.o(.text)
    UsageFault_Handler                       0x000000f1   Thumb Code     2  startup_lpc17xx.o(.text)
    SVC_Handler                              0x000000f3   Thumb Code     2  startup_lpc17xx.o(.text)
    DebugMon_Handler                         0x000000f5   Thumb Code     2  startup_lpc17xx.o(.text)
    PendSV_Handler                           0x000000f7   Thumb Code     2  startup_lpc17xx.o(.text)
    SysTick_Handler                          0x000000f9   Thumb Code     2  startup_lpc17xx.o(.text)
    ADC_IRQHandler                           0x000000fb   Thumb Code     0  startup_lpc17xx.o(.text)
    BOD_IRQHandler                           0x000000fb   Thumb Code     0  startup_lpc17xx.o(.text)
    CANActivity_IRQHandler                   0x000000fb   Thumb Code     0  startup_lpc17xx.o(.text)
    CAN_IRQHandler                           0x000000fb   Thumb Code     0  startup_lpc17xx.o(.text)
    DMA_IRQHandler                           0x000000fb   Thumb Code     0  startup_lpc17xx.o(.text)
    EINT0_IRQHandler                         0x000000fb   Thumb Code     0  startup_lpc17xx.o(.text)
    EINT1_IRQHandler                         0x000000fb   Thumb Code     0  startup_lpc17xx.o(.text)
    EINT2_IRQHandler                         0x000000fb   Thumb Code     0  startup_lpc17xx.o(.text)
    EINT3_IRQHandler                         0x000000fb   Thumb Code     0  startup_lpc17xx.o(.text)
    ENET_IRQHandler                          0x000000fb   Thumb Code     0  startup_lpc17xx.o(.text)
    I2C0_IRQHandler                          0x000000fb   Thumb Code     0  startup_lpc17xx.o(.text)
    I2C1_IRQHandler                          0x000000fb   Thumb Code     0  startup_lpc17xx.o(.text)
    I2C2_IRQHandler                          0x000000fb   Thumb Code     0  startup_lpc17xx.o(.text)
    I2S_IRQHandler                           0x000000fb   Thumb Code     0  startup_lpc17xx.o(.text)
    MCPWM_IRQHandler                         0x000000fb   Thumb Code     0  startup_lpc17xx.o(.text)
    PLL0_IRQHandler                          0x000000fb   Thumb Code     0  startup_lpc17xx.o(.text)
    PLL1_IRQHandler                          0x000000fb   Thumb Code     0  startup_lpc17xx.o(.text)
    PWM1_IRQHandler                          0x000000fb   Thumb Code     0  startup_lpc17xx.o(.text)
    QEI_IRQHandler                           0x000000fb   Thumb Code     0  startup_lpc17xx.o(.text)
    RIT_IRQHandler                           0x000000fb   Thumb Code     0  startup_lpc17xx.o(.text)
    RTC_IRQHandler                           0x000000fb   Thumb Code     0  startup_lpc17xx.o(.text)
    SPI_IRQHandler                           0x000000fb   Thumb Code     0  startup_lpc17xx.o(.text)
    SSP0_IRQHandler                          0x000000fb   Thumb Code     0  startup_lpc17xx.o(.text)
    SSP1_IRQHandler                          0x000000fb   Thumb Code     0  startup_lpc17xx.o(.text)
    TIMER0_IRQHandler                        0x000000fb   Thumb Code     0  startup_lpc17xx.o(.text)
    TIMER1_IRQHandler                        0x000000fb   Thumb Code     0  startup_lpc17xx.o(.text)
    TIMER2_IRQHandler                        0x000000fb   Thumb Code     0  startup_lpc17xx.o(.text)
    TIMER3_IRQHandler                        0x000000fb   Thumb Code     0  startup_lpc17xx.o(.text)
    UART0_IRQHandler                         0x000000fb   Thumb Code     0  startup_lpc17xx.o(.text)
    UART1_IRQHandler                         0x000000fb   Thumb Code     0  startup_lpc17xx.o(.text)
    UART2_IRQHandler                         0x000000fb   Thumb Code     0  startup_lpc17xx.o(.text)
    UART3_IRQHandler                         0x000000fb   Thumb Code     0  startup_lpc17xx.o(.text)
    USBActivity_IRQHandler                   0x000000fb   Thumb Code     0  startup_lpc17xx.o(.text)
    USB_IRQHandler                           0x000000fb   Thumb Code     0  startup_lpc17xx.o(.text)
    WDT_IRQHandler                           0x000000fb   Thumb Code     0  startup_lpc17xx.o(.text)
    __aeabi_memcpy                           0x00000105   Thumb Code    36  memcpya.o(.text)
    __aeabi_memcpy4                          0x00000105   Thumb Code     0  memcpya.o(.text)
    __aeabi_memcpy8                          0x00000105   Thumb Code     0  memcpya.o(.text)
    __aeabi_uidiv                            0x00000129   Thumb Code     0  uidiv.o(.text)
    __aeabi_uidivmod                         0x00000129   Thumb Code    44  uidiv.o(.text)
    __scatterload                            0x00000155   Thumb Code    28  init.o(.text)
    __scatterload_rt2                        0x00000155   Thumb Code     0  init.o(.text)
    Close                                    0x00000179   Thumb Code    10  khn_gsht.o(i.Close)
    Delay                                    0x00000189   Thumb Code    30  main.o(i.Delay)
    ReadData                                 0x000001a9   Thumb Code    56  khn_gsht.o(i.ReadData)
    SD_GetResponse                           0x00000201   Thumb Code    38  sd.o(i.SD_GetResponse)
    SD_Idle_Sta                              0x00000227   Thumb Code    74  sd.o(i.SD_Idle_Sta)
    SD_ReadSingleBlock                       0x00000271   Thumb Code    62  sd.o(i.SD_ReadSingleBlock)
    SPI0_Init                                0x000002b5   Thumb Code    46  spi.o(i.SPI0_Init)
    __scatterload_null                       0x000002f1   Thumb Code     2  handlers.o(i.__scatterload_null)
    SD_Init                                  0x00000301   Thumb Code   444  sd.o(i.SD_Init)
    SD_ReceiveData                           0x000004c5   Thumb Code    90  sd.o(i.SD_ReceiveData)
    SD_SendCommand                           0x00000525   Thumb Code   134  sd.o(i.SD_SendCommand)
    SD_SendCommand_NoDeassert                0x000005b1   Thumb Code   106  sd.o(i.SD_SendCommand_NoDeassert)
    SD_WriteSingleBlock                      0x00000621   Thumb Code   194  sd.o(i.SD_WriteSingleBlock)
    SPI0_SetSpeed                            0x000006ed   Thumb Code    64  spi.o(i.SPI0_SetSpeed)
    SystemInit                               0x00000735   Thumb Code   270  system_lpc17xx.o(i.SystemInit)
    UART2_Init                               0x00000885   Thumb Code    70  uart.o(i.UART2_Init)
    UART2_SendByte                           0x000008e1   Thumb Code    22  uart.o(i.UART2_SendByte)
    UART2_SendString                         0x000008fd   Thumb Code    22  uart.o(i.UART2_SendString)
    WriteData                                0x00000915   Thumb Code    92  khn_gsht.o(i.WriteData)
    __0sprintf$1                             0x00000995   Thumb Code    34  printf1.o(i.__0sprintf$1)
    __1sprintf$1                             0x00000995   Thumb Code     0  printf1.o(i.__0sprintf$1)
    __2sprintf                               0x00000995   Thumb Code     0  printf1.o(i.__0sprintf$1)
    __scatterload_copy                       0x000009bd   Thumb Code    14  handlers.o(i.__scatterload_copy)
    __scatterload_zeroinit                   0x000009cb   Thumb Code    14  handlers.o(i.__scatterload_zeroinit)
    clust2sect                               0x00000b99   Thumb Code    26  ff.o(i.clust2sect)
    disk_initialize                          0x00001135   Thumb Code    46  sd.o(i.disk_initialize)
    disk_ioctl                               0x0000116d   Thumb Code   102  sd.o(i.disk_ioctl)
    disk_read                                0x000011d9   Thumb Code    32  sd.o(i.disk_read)
    disk_status                              0x000011f9   Thumb Code    14  sd.o(i.disk_status)
    disk_write                               0x0000120d   Thumb Code    54  sd.o(i.disk_write)
    f_close                                  0x00001249   Thumb Code    32  ff.o(i.f_close)
    f_gets                                   0x00001269   Thumb Code    86  ff.o(i.f_gets)
    f_lseek                                  0x000012bf   Thumb Code   410  ff.o(i.f_lseek)
    f_mkdir                                  0x00001459   Thumb Code   336  ff.o(i.f_mkdir)
    f_mount                                  0x000015a9   Thumb Code    86  ff.o(i.f_mount)
    f_open                                   0x00001605   Thumb Code   300  ff.o(i.f_open)
    f_puts                                   0x00001731   Thumb Code    74  ff.o(i.f_puts)
    f_read                                   0x0000177b   Thumb Code   464  ff.o(i.f_read)
    f_sync                                   0x0000194b   Thumb Code   140  ff.o(i.f_sync)
    f_write                                  0x000019d7   Thumb Code   532  ff.o(i.f_write)
    get_fat                                  0x00001f6b   Thumb Code   286  ff.o(i.get_fat)
    get_fattime                              0x00002089   Thumb Code    60  sd.o(i.get_fattime)
    main                                     0x00002181   Thumb Code   260  main.o(i.main)
    put_fat                                  0x000024b7   Thumb Code   340  ff.o(i.put_fat)
    rtc_gettime                              0x000026c5   Thumb Code    62  sd.o(i.rtc_gettime)
    spi0_on                                  0x00002709   Thumb Code    10  spi.o(i.spi0_on)
    ssp0_init                                0x00002719   Thumb Code   150  spi.o(i.ssp0_init)
    ssp0_send                                0x000027c9   Thumb Code    26  spi.o(i.ssp0_send)
    Region$$Table$$Base                      0x00002af8   Number         0  anon$$obj.o(Region$$Table)
    Region$$Table$$Limit                     0x00002b18   Number         0  anon$$obj.o(Region$$Table)
    SD_Type                                  0x10000003   Data           1  sd.o(.data)
    Fatfs                                    0x10000028   Data        2100  khn_gsht.o(.bss)
    dir                                      0x1000085c   Data          28  khn_gsht.o(.bss)
    fileName                                 0x10000878   Data         300  khn_gsht.o(.bss)
    file                                     0x100009a4   Data        2084  khn_gsht.o(.bss)
    __initial_sp                             0x100013c8   Data           0  startup_lpc17xx.o(STACK)



==============================================================================

Memory Map of the image

  Image Entry point : 0x000000cd

  Load Region LR_IROM1 (Base: 0x00000000, Size: 0x00002b20, Max: 0x00020000, ABSOLUTE)

    Execution Region ER_IROM1 (Base: 0x00000000, Size: 0x00002b18, Max: 0x00020000, ABSOLUTE)

    Base Addr    Size         Type   Attr      Idx    E Section Name        Object

    0x00000000   0x000000cc   Data   RO           54    RESET               startup_lpc17xx.o
    0x000000cc   0x00000000   Code   RO         1033  * .ARM.Collect$$$$00000000  mc_w.l(entry.o)
    0x000000cc   0x00000004   Code   RO         1303    .ARM.Collect$$$$00000001  mc_w.l(entry2.o)
    0x000000d0   0x00000004   Code   RO         1306    .ARM.Collect$$$$00000004  mc_w.l(entry5.o)
    0x000000d4   0x00000000   Code   RO         1308    .ARM.Collect$$$$00000008  mc_w.l(entry7b.o)
    0x000000d4   0x00000000   Code   RO         1310    .ARM.Collect$$$$0000000A  mc_w.l(entry8b.o)
    0x000000d4   0x00000008   Code   RO         1311    .ARM.Collect$$$$0000000B  mc_w.l(entry9a.o)
    0x000000dc   0x00000000   Code   RO         1313    .ARM.Collect$$$$0000000D  mc_w.l(entry10a.o)
    0x000000dc   0x00000000   Code   RO         1315    .ARM.Collect$$$$0000000F  mc_w.l(entry11a.o)
    0x000000dc   0x00000004   Code   RO         1304    .ARM.Collect$$$$00002712  mc_w.l(entry2.o)
    0x000000e0   0x00000024   Code   RO           56    .text               startup_lpc17xx.o
    0x00000104   0x00000024   Code   RO         1038    .text               mc_w.l(memcpya.o)
    0x00000128   0x0000002c   Code   RO         1320    .text               mc_w.l(uidiv.o)
    0x00000154   0x00000024   Code   RO         1337    .text               mc_w.l(init.o)
    0x00000178   0x00000010   Code   RO         1003    i.Close             khn_gsht.o
    0x00000188   0x0000001e   Code   RO           64    i.Delay             main.o
    0x000001a6   0x00000002   PAD
    0x000001a8   0x00000058   Code   RO         1004    i.ReadData          khn_gsht.o
    0x00000200   0x00000026   Code   RO          811    i.SD_GetResponse    sd.o
    0x00000226   0x0000004a   Code   RO          812    i.SD_Idle_Sta       sd.o
    0x00000270   0x00000044   Code   RO          815    i.SD_ReadSingleBlock  sd.o
    0x000002b4   0x0000003c   Code   RO          939    i.SPI0_Init         spi.o
    0x000002f0   0x00000002   Code   RO         1348    i.__scatterload_null  mc_w.l(handlers.o)
    0x000002f2   0x0000000a   Code   RO         1096    i._sputc            mc_w.l(printf1.o)
    0x000002fc   0x00000004   Code   RO           55    .ARM.__at_0x02FC    startup_lpc17xx.o
    0x00000300   0x000001c4   Code   RO          813    i.SD_Init           sd.o
    0x000004c4   0x00000060   Code   RO          816    i.SD_ReceiveData    sd.o
    0x00000524   0x0000008c   Code   RO          817    i.SD_SendCommand    sd.o
    0x000005b0   0x00000070   Code   RO          818    i.SD_SendCommand_NoDeassert  sd.o
    0x00000620   0x000000cc   Code   RO          821    i.SD_WriteSingleBlock  sd.o
    0x000006ec   0x00000048   Code   RO          940    i.SPI0_SetSpeed     spi.o
    0x00000734   0x00000150   Code   RO            4    i.SystemInit        system_lpc17xx.o
    0x00000884   0x0000005c   Code   RO          410    i.UART2_Init        uart.o
    0x000008e0   0x0000001c   Code   RO          411    i.UART2_SendByte    uart.o
    0x000008fc   0x00000016   Code   RO          412    i.UART2_SendString  uart.o
    0x00000912   0x00000002   PAD
    0x00000914   0x00000080   Code   RO         1005    i.WriteData         khn_gsht.o
    0x00000994   0x00000028   Code   RO         1089    i.__0sprintf$1      mc_w.l(printf1.o)
    0x000009bc   0x0000000e   Code   RO         1347    i.__scatterload_copy  mc_w.l(handlers.o)
    0x000009ca   0x0000000e   Code   RO         1349    i.__scatterload_zeroinit  mc_w.l(handlers.o)
    0x000009d8   0x00000154   Code   RO         1094    i._printf_core      mc_w.l(printf1.o)
    0x00000b2c   0x00000058   Code   RO          470    i.check_fs          ff.o
    0x00000b84   0x00000014   Code   RO          471    i.chk_chr           ff.o
    0x00000b98   0x0000001a   Code   RO          472    i.clust2sect        ff.o
    0x00000bb2   0x000000d6   Code   RO          473    i.create_chain      ff.o
    0x00000c88   0x000001b4   Code   RO          474    i.create_name       ff.o
    0x00000e3c   0x0000005c   Code   RO          475    i.dir_alloc         ff.o
    0x00000e98   0x0000005c   Code   RO          476    i.dir_find          ff.o
    0x00000ef4   0x0000013c   Code   RO          477    i.dir_next          ff.o
    0x00001030   0x0000003a   Code   RO          479    i.dir_register      ff.o
    0x0000106a   0x000000c8   Code   RO          481    i.dir_sdi           ff.o
    0x00001132   0x00000002   PAD
    0x00001134   0x00000038   Code   RO          822    i.disk_initialize   sd.o
    0x0000116c   0x0000006c   Code   RO          823    i.disk_ioctl        sd.o
    0x000011d8   0x00000020   Code   RO          824    i.disk_read         sd.o
    0x000011f8   0x00000014   Code   RO          825    i.disk_status       sd.o
    0x0000120c   0x0000003c   Code   RO          826    i.disk_write        sd.o
    0x00001248   0x00000020   Code   RO          485    i.f_close           ff.o
    0x00001268   0x00000056   Code   RO          490    i.f_gets            ff.o
    0x000012be   0x0000019a   Code   RO          491    i.f_lseek           ff.o
    0x00001458   0x00000150   Code   RO          492    i.f_mkdir           ff.o
    0x000015a8   0x0000005c   Code   RO          494    i.f_mount           ff.o
    0x00001604   0x0000012c   Code   RO          495    i.f_open            ff.o
    0x00001730   0x0000004a   Code   RO          499    i.f_puts            ff.o
    0x0000177a   0x000001d0   Code   RO          500    i.f_read            ff.o
    0x0000194a   0x0000008c   Code   RO          505    i.f_sync            ff.o
    0x000019d6   0x00000214   Code   RO          509    i.f_write           ff.o
    0x00001bea   0x00000002   PAD
    0x00001bec   0x000002d0   Code   RO          510    i.find_volume       ff.o
    0x00001ebc   0x000000ae   Code   RO          511    i.follow_path       ff.o
    0x00001f6a   0x0000011e   Code   RO          512    i.get_fat           ff.o
    0x00002088   0x0000003c   Code   RO          827    i.get_fattime       sd.o
    0x000020c4   0x000000a8   Code   RO          514    i.get_ldnumber      ff.o
    0x0000216c   0x00000012   Code   RO          515    i.ld_clust          ff.o
    0x0000217e   0x00000002   PAD
    0x00002180   0x0000029c   Code   RO           65    i.main              main.o
    0x0000241c   0x00000026   Code   RO          516    i.mem_cmp           ff.o
    0x00002442   0x0000002e   Code   RO          517    i.mem_cpy           ff.o
    0x00002470   0x00000014   Code   RO          518    i.mem_set           ff.o
    0x00002484   0x00000032   Code   RO          519    i.move_window       ff.o
    0x000024b6   0x00000154   Code   RO          520    i.put_fat           ff.o
    0x0000260a   0x0000004e   Code   RO          521    i.putc_bfd          ff.o
    0x00002658   0x0000006c   Code   RO          522    i.remove_chain      ff.o
    0x000026c4   0x00000044   Code   RO          828    i.rtc_gettime       sd.o
    0x00002708   0x00000010   Code   RO          943    i.spi0_on           spi.o
    0x00002718   0x000000b0   Code   RO          944    i.ssp0_init         spi.o
    0x000027c8   0x00000020   Code   RO          945    i.ssp0_send         spi.o
    0x000027e8   0x00000008   Code   RO          523    i.st_clust          ff.o
    0x000027f0   0x00000078   Code   RO          524    i.sync_fs           ff.o
    0x00002868   0x0000004c   Code   RO          525    i.sync_window       ff.o
    0x000028b4   0x00000036   Code   RO          526    i.validate          ff.o
    0x000028ea   0x00000002   PAD
    0x000028ec   0x0000019c   Data   RO           66    .constdata          main.o
    0x00002a88   0x0000004c   Data   RO          528    .constdata          ff.o
    0x00002ad4   0x00000023   Data   RO          529    .conststring        ff.o
    0x00002af7   0x00000001   PAD
    0x00002af8   0x00000020   Data   RO         1345    Region$$Table       anon$$obj.o


    Execution Region RW_IRAM1 (Base: 0x10000000, Size: 0x000013c8, Max: 0x00004000, ABSOLUTE)

    Base Addr    Size         Type   Attr      Idx    E Section Name        Object

    0x10000000   0x00000003   Data   RW          530    .data               ff.o
    0x10000003   0x00000002   Data   RW          829    .data               sd.o
    0x10000005   0x00000003   PAD
    0x10000008   0x00000020   Zero   RW          527    .bss                ff.o
    0x10000028   0x000011a0   Zero   RW         1006    .bss                khn_gsht.o
    0x100011c8   0x00000200   Zero   RW           52    STACK               startup_lpc17xx.o


==============================================================================

Image component sizes


      Code (inc. data)   RO Data    RW Data    ZI Data      Debug   Object Name

      6312         64        111          3         32      35713   ff.o
       232         74          0          0       4512       2329   khn_gsht.o
       698        408        412          0          0       6307   main.o
      1588         92          0          2          0      10366   sd.o
       356         66          0          0          0       2246   spi.o
        40         12        204          0        512        964   startup_lpc17xx.o
       336         66          0          0          0       4805   system_lpc17xx.o
       142         28          0          0          0       1461   uart.o

    ----------------------------------------------------------------------
      9716        810        760          8       5056      64191   Object Totals
         0          0         32          0          0          0   (incl. Generated)
        12          0          1          3          0          0   (incl. Padding)

    ----------------------------------------------------------------------

      Code (inc. data)   RO Data    RW Data    ZI Data      Debug   Library Member Name

         0          0          0          0          0          0   entry.o
         0          0          0          0          0          0   entry10a.o
         0          0          0          0          0          0   entry11a.o
         8          4          0          0          0          0   entry2.o
         4          0          0          0          0          0   entry5.o
         0          0          0          0          0          0   entry7b.o
         0          0          0          0          0          0   entry8b.o
         8          4          0          0          0          0   entry9a.o
        30          0          0          0          0          0   handlers.o
        36          8          0          0          0         68   init.o
        36          0          0          0          0         68   memcpya.o
       390         12          0          0          0        248   printf1.o
        44          0          0          0          0         80   uidiv.o

    ----------------------------------------------------------------------
       556         28          0          0          0        464   Library Totals
         0          0          0          0          0          0   (incl. Padding)

    ----------------------------------------------------------------------

      Code (inc. data)   RO Data    RW Data    ZI Data      Debug   Library Name

       556         28          0          0          0        464   mc_w.l

    ----------------------------------------------------------------------
       556         28          0          0          0        464   Library Totals

    ----------------------------------------------------------------------

==============================================================================


      Code (inc. data)   RO Data    RW Data    ZI Data      Debug   

     10272        838        760          8       5056      61171   Grand Totals
     10272        838        760          8       5056      61171   ELF Image Totals
     10272        838        760          8          0          0   ROM Totals

==============================================================================

    Total RO  Size (Code + RO Data)                11032 (  10.77kB)
    Total RW  Size (RW Data + ZI Data)              5064 (   4.95kB)
    Total ROM Size (Code + RO Data + RW Data)      11040 (  10.78kB)

==============================================================================

