ARM Linker, 5.03 [Build 76] [MDK-ARM Standard]

==============================================================================

Section Cross References

    startup_lpc17xx.o(RESET) refers to startup_lpc17xx.o(STACK) for __initial_sp
    startup_lpc17xx.o(RESET) refers to startup_lpc17xx.o(.text) for Reset_Handler
    startup_lpc17xx.o(.text) refers to entry.o(.ARM.Collect$$$$00000000) for __main
    system_lpc17xx.o(i.SystemInit) refers to system_lpc17xx.o(.data) for SystemFrequency
    main.o(i.Load_Drow_Dialog) refers to lcd.o(i.LCD_Clear) for LCD_Clear
    main.o(i.Load_Drow_Dialog) refers to lcd.o(i.LCD_ShowString) for LCD_ShowString
    main.o(i.Load_Drow_Dialog) refers to lcd.o(.data) for POINT_COLOR
    main.o(i.main) refers to memcpya.o(.text) for __aeabi_memcpy4
    main.o(i.main) refers to system_lpc17xx.o(i.SystemInit) for SystemInit
    main.o(i.main) refers to spi.o(i.SPIx_Init) for SPIx_Init
    main.o(i.main) refers to ssp0.o(i.ssp0_init) for ssp0_init
    main.o(i.main) refers to lcd.o(i.LCD_Init) for LCD_Init
    main.o(i.main) refers to main.o(i.Load_Drow_Dialog) for Load_Drow_Dialog
    main.o(i.main) refers to lcd.o(i.LCD_Clear) for LCD_Clear
    main.o(i.main) refers to lcd.o(i.LCD_ShowString) for LCD_ShowString
    main.o(i.main) refers to mmc_sd.o(i.disk_initialize) for disk_initialize
    main.o(i.main) refers to ff.o(i.f_mount) for f_mount
    main.o(i.main) refers to ff.o(i.f_open) for f_open
    main.o(i.main) refers to ff.o(i.f_gets) for f_gets
    main.o(i.main) refers to ff.o(i.f_close) for f_close
    main.o(i.main) refers to ff.o(i.f_mkdir) for f_mkdir
    main.o(i.main) refers to ff.o(i.f_puts) for f_puts
    main.o(i.main) refers to lcd.o(.data) for POINT_COLOR
    main.o(i.main) refers to mmc_sd.o(.data) for SD_Type
    main.o(i.main) refers to main.o(.bss) for Fatfs
    main.o(.data) refers to main.o(.conststring) for .conststring
    lcd.o(i.Draw_Circle) refers to lcd.o(i.LCD_DrawPoint) for LCD_DrawPoint
    lcd.o(i.LCD_Bargraph) refers to lcd.o(i.wr_reg) for wr_reg
    lcd.o(i.LCD_Bargraph) refers to lcd.o(i.LCD_SetCursor) for LCD_SetCursor
    lcd.o(i.LCD_Bargraph) refers to lcd.o(i.wr_cmd) for wr_cmd
    lcd.o(i.LCD_Bargraph) refers to lcd.o(i.wr_dat_start) for wr_dat_start
    lcd.o(i.LCD_Bargraph) refers to lcd.o(i.wr_dat_only) for wr_dat_only
    lcd.o(i.LCD_Bargraph) refers to lcd.o(i.wr_dat_stop) for wr_dat_stop
    lcd.o(i.LCD_Bargraph) refers to lcd.o(.data) for BackColor
    lcd.o(i.LCD_Bmp) refers to lcd.o(i.LCD_WindowMax) for LCD_WindowMax
    lcd.o(i.LCD_Bmp) refers to lcd.o(i.LCD_SetCursor) for LCD_SetCursor
    lcd.o(i.LCD_Bmp) refers to lcd.o(i.wr_cmd) for wr_cmd
    lcd.o(i.LCD_Bmp) refers to lcd.o(i.wr_dat_start) for wr_dat_start
    lcd.o(i.LCD_Bmp) refers to lcd.o(i.wr_dat_only) for wr_dat_only
    lcd.o(i.LCD_Bmp) refers to lcd.o(i.wr_dat_stop) for wr_dat_stop
    lcd.o(i.LCD_Clear) refers to lcd.o(i.LCD_WindowMax) for LCD_WindowMax
    lcd.o(i.LCD_Clear) refers to lcd.o(i.LCD_SetCursor) for LCD_SetCursor
    lcd.o(i.LCD_Clear) refers to lcd.o(i.wr_cmd) for wr_cmd
    lcd.o(i.LCD_Clear) refers to lcd.o(i.wr_dat_start) for wr_dat_start
    lcd.o(i.LCD_Clear) refers to lcd.o(i.wr_dat_only) for wr_dat_only
    lcd.o(i.LCD_Clear) refers to lcd.o(i.wr_dat_stop) for wr_dat_stop
    lcd.o(i.LCD_ClearLn) refers to lcd.o(i.LCD_WindowMax) for LCD_WindowMax
    lcd.o(i.LCD_ClearLn) refers to lcd.o(i.LCD_DisplayString) for LCD_DisplayString
    lcd.o(i.LCD_DisplayChar) refers to lcd.o(i.LCD_DrawChar) for LCD_DrawChar
    lcd.o(i.LCD_DisplayChar) refers to lcd.o(.constdata) for Font_24x16
    lcd.o(i.LCD_DisplayString) refers to lcd.o(i.LCD_WindowMax) for LCD_WindowMax
    lcd.o(i.LCD_DisplayString) refers to lcd.o(i.LCD_DisplayChar) for LCD_DisplayChar
    lcd.o(i.LCD_DrawChar) refers to lcd.o(i.LCD_WindowMax) for LCD_WindowMax
    lcd.o(i.LCD_DrawChar) refers to lcd.o(i.LCD_SetCursor) for LCD_SetCursor
    lcd.o(i.LCD_DrawChar) refers to lcd.o(i.wr_cmd) for wr_cmd
    lcd.o(i.LCD_DrawChar) refers to lcd.o(i.wr_dat_start) for wr_dat_start
    lcd.o(i.LCD_DrawChar) refers to lcd.o(i.wr_dat_only) for wr_dat_only
    lcd.o(i.LCD_DrawChar) refers to lcd.o(i.wr_dat_stop) for wr_dat_stop
    lcd.o(i.LCD_DrawChar) refers to lcd.o(.data) for BackColor
    lcd.o(i.LCD_DrawLine) refers to lcd.o(i.LCD_DrawPoint) for LCD_DrawPoint
    lcd.o(i.LCD_DrawPoint) refers to lcd.o(i.LCD_WindowMax) for LCD_WindowMax
    lcd.o(i.LCD_DrawPoint) refers to lcd.o(i.LCD_SetCursor) for LCD_SetCursor
    lcd.o(i.LCD_DrawPoint) refers to lcd.o(i.wr_cmd) for wr_cmd
    lcd.o(i.LCD_DrawPoint) refers to lcd.o(i.wr_dat_start) for wr_dat_start
    lcd.o(i.LCD_DrawPoint) refers to lcd.o(i.wr_dat_only) for wr_dat_only
    lcd.o(i.LCD_DrawPoint) refers to lcd.o(i.wr_dat_stop) for wr_dat_stop
    lcd.o(i.LCD_DrawPoint) refers to lcd.o(.data) for POINT_COLOR
    lcd.o(i.LCD_DrawPoint1) refers to lcd.o(i.LCD_WindowMax) for LCD_WindowMax
    lcd.o(i.LCD_DrawPoint1) refers to lcd.o(i.LCD_SetCursor) for LCD_SetCursor
    lcd.o(i.LCD_DrawPoint1) refers to lcd.o(i.wr_cmd) for wr_cmd
    lcd.o(i.LCD_DrawPoint1) refers to lcd.o(i.wr_dat_start) for wr_dat_start
    lcd.o(i.LCD_DrawPoint1) refers to lcd.o(i.wr_dat_only) for wr_dat_only
    lcd.o(i.LCD_DrawPoint1) refers to lcd.o(i.wr_dat_stop) for wr_dat_stop
    lcd.o(i.LCD_DrawRectangle) refers to lcd.o(i.LCD_DrawLine) for LCD_DrawLine
    lcd.o(i.LCD_Fill) refers to lcd.o(i.wr_reg) for wr_reg
    lcd.o(i.LCD_Fill) refers to lcd.o(i.LCD_SetCursor) for LCD_SetCursor
    lcd.o(i.LCD_Fill) refers to lcd.o(i.LCD_WriteRAM_Prepare) for LCD_WriteRAM_Prepare
    lcd.o(i.LCD_Fill) refers to lcd.o(i.wr_dat_start) for wr_dat_start
    lcd.o(i.LCD_Fill) refers to lcd.o(i.wr_dat_only) for wr_dat_only
    lcd.o(i.LCD_Init) refers to lcd.o(i.delay) for delay
    lcd.o(i.LCD_Init) refers to lcd.o(i.rd_reg) for rd_reg
    lcd.o(i.LCD_Init) refers to lcd.o(i.wr_reg) for wr_reg
    lcd.o(i.LCD_Init) refers to lcd.o(.data) for DeviceCode
    lcd.o(i.LCD_PutPixel) refers to lcd.o(i.LCD_SetCursor) for LCD_SetCursor
    lcd.o(i.LCD_PutPixel) refers to lcd.o(i.wr_cmd) for wr_cmd
    lcd.o(i.LCD_PutPixel) refers to lcd.o(i.wr_dat) for wr_dat
    lcd.o(i.LCD_PutPixel) refers to lcd.o(.data) for TextColor
    lcd.o(i.LCD_SetBackColor) refers to lcd.o(.data) for BackColor
    lcd.o(i.LCD_SetCursor) refers to lcd.o(i.wr_reg) for wr_reg
    lcd.o(i.LCD_SetCursor) refers to lcd.o(.data) for DeviceCode
    lcd.o(i.LCD_SetTextColor) refers to lcd.o(.data) for TextColor
    lcd.o(i.LCD_Show2Num) refers to lcd.o(i.mypow) for mypow
    lcd.o(i.LCD_Show2Num) refers to lcd.o(i.LCD_ShowChar) for LCD_ShowChar
    lcd.o(i.LCD_ShowChar) refers to lcd.o(i.wr_reg) for wr_reg
    lcd.o(i.LCD_ShowChar) refers to lcd.o(i.LCD_SetCursor) for LCD_SetCursor
    lcd.o(i.LCD_ShowChar) refers to lcd.o(i.LCD_WriteRAM_Prepare) for LCD_WriteRAM_Prepare
    lcd.o(i.LCD_ShowChar) refers to lcd.o(i.LCD_DrawPoint1) for LCD_DrawPoint1
    lcd.o(i.LCD_ShowChar) refers to lcd.o(i.LCD_DrawPoint) for LCD_DrawPoint
    lcd.o(i.LCD_ShowChar) refers to lcd.o(.constdata) for asc2_1206
    lcd.o(i.LCD_ShowChar) refers to lcd.o(.data) for POINT_COLOR
    lcd.o(i.LCD_ShowNum) refers to lcd.o(i.mypow) for mypow
    lcd.o(i.LCD_ShowNum) refers to lcd.o(i.LCD_ShowChar) for LCD_ShowChar
    lcd.o(i.LCD_ShowString) refers to lcd.o(i.LCD_Clear) for LCD_Clear
    lcd.o(i.LCD_ShowString) refers to lcd.o(i.LCD_ShowChar) for LCD_ShowChar
    lcd.o(i.LCD_WindowMax) refers to lcd.o(i.wr_reg) for wr_reg
    lcd.o(i.LCD_WindowMax) refers to lcd.o(.data) for DeviceCode
    lcd.o(i.LCD_WriteRAM_Prepare) refers to lcd.o(i.wr_cmd) for wr_cmd
    lcd.o(i.lcd_send) refers to lcd.o(.emb_text) for wait
    lcd.o(i.rd_dat) refers to lcd.o(i.wait_delay) for wait_delay
    lcd.o(i.rd_reg) refers to lcd.o(i.wr_cmd) for wr_cmd
    lcd.o(i.rd_reg) refers to lcd.o(i.rd_dat) for rd_dat
    lcd.o(i.wr_cmd) refers to lcd.o(i.lcd_send) for lcd_send
    lcd.o(i.wr_cmd) refers to lcd.o(.emb_text) for wait
    lcd.o(i.wr_dat) refers to lcd.o(i.lcd_send) for lcd_send
    lcd.o(i.wr_dat) refers to lcd.o(.emb_text) for wait
    lcd.o(i.wr_dat_only) refers to lcd.o(i.lcd_send) for lcd_send
    lcd.o(i.wr_dat_only) refers to lcd.o(.emb_text) for wait
    lcd.o(i.wr_reg) refers to lcd.o(i.wr_cmd) for wr_cmd
    lcd.o(i.wr_reg) refers to lcd.o(i.wr_dat) for wr_dat
    spi.o(i.SPI_FLASH_PageErase) refers to spi.o(i.SPI_FLASH_Write_Enable) for SPI_FLASH_Write_Enable
    spi.o(i.SPI_FLASH_PageErase) refers to spi.o(i.SPIx_ReadWriteByte) for SPIx_ReadWriteByte
    spi.o(i.SPI_FLASH_PageErase) refers to spi.o(i.SPI_Flash_Wait_Busy) for SPI_Flash_Wait_Busy
    spi.o(i.SPI_FLASH_Write_Disable) refers to spi.o(i.SPIx_ReadWriteByte) for SPIx_ReadWriteByte
    spi.o(i.SPI_FLASH_Write_Enable) refers to spi.o(i.SPIx_ReadWriteByte) for SPIx_ReadWriteByte
    spi.o(i.SPI_Flash_Erase_Sector) refers to spi.o(i.SPI_FLASH_Write_Enable) for SPI_FLASH_Write_Enable
    spi.o(i.SPI_Flash_Erase_Sector) refers to spi.o(i.SPIx_ReadWriteByte) for SPIx_ReadWriteByte
    spi.o(i.SPI_Flash_Erase_Sector) refers to spi.o(i.SPI_Flash_Wait_Busy) for SPI_Flash_Wait_Busy
    spi.o(i.SPI_Flash_PowerDown) refers to spi.o(i.SPIx_ReadWriteByte) for SPIx_ReadWriteByte
    spi.o(i.SPI_Flash_PowerDown) refers to spi.o(i.delay_us) for delay_us
    spi.o(i.SPI_Flash_Read) refers to spi.o(i.SPIx_ReadWriteByte) for SPIx_ReadWriteByte
    spi.o(i.SPI_Flash_ReadID) refers to spi.o(i.SPIx_ReadWriteByte) for SPIx_ReadWriteByte
    spi.o(i.SPI_Flash_ReadSR) refers to spi.o(i.SPIx_ReadWriteByte) for SPIx_ReadWriteByte
    spi.o(i.SPI_Flash_WAKEUP) refers to spi.o(i.SPIx_ReadWriteByte) for SPIx_ReadWriteByte
    spi.o(i.SPI_Flash_WAKEUP) refers to spi.o(i.delay_us) for delay_us
    spi.o(i.SPI_Flash_Wait_Busy) refers to spi.o(i.SPI_Flash_ReadSR) for SPI_Flash_ReadSR
    spi.o(i.SPI_Flash_Write) refers to spi.o(i.SPI_Flash_Read) for SPI_Flash_Read
    spi.o(i.SPI_Flash_Write) refers to spi.o(i.SPI_Flash_Erase_Sector) for SPI_Flash_Erase_Sector
    spi.o(i.SPI_Flash_Write) refers to spi.o(i.SPI_Flash_Write_NoCheck) for SPI_Flash_Write_NoCheck
    spi.o(i.SPI_Flash_Write) refers to spi.o(.bss) for SPI_FLASH_BUF
    spi.o(i.SPI_Flash_Write_NoCheck) refers to spi.o(i.SPI_Flash_Write_Page) for SPI_Flash_Write_Page
    spi.o(i.SPI_Flash_Write_Page) refers to spi.o(i.SPI_FLASH_Write_Enable) for SPI_FLASH_Write_Enable
    spi.o(i.SPI_Flash_Write_Page) refers to spi.o(i.SPIx_ReadWriteByte) for SPIx_ReadWriteByte
    spi.o(i.SPI_Flash_Write_Page) refers to spi.o(i.SPI_Flash_Wait_Busy) for SPI_Flash_Wait_Busy
    mmc_sd.o(i.MSD_ReadBuffer) refers to mmc_sd.o(i.SD_SendCommand_NoDeassert) for SD_SendCommand_NoDeassert
    mmc_sd.o(i.MSD_ReadBuffer) refers to mmc_sd.o(i.SD_ReceiveData) for SD_ReceiveData
    mmc_sd.o(i.MSD_ReadBuffer) refers to ssp0.o(i.ssp0_send) for ssp0_send
    mmc_sd.o(i.MSD_ReadBuffer) refers to mmc_sd.o(.data) for SD_Type
    mmc_sd.o(i.MSD_WriteBuffer) refers to mmc_sd.o(i.SD_SendCommand_NoDeassert) for SD_SendCommand_NoDeassert
    mmc_sd.o(i.MSD_WriteBuffer) refers to ssp0.o(i.ssp0_send) for ssp0_send
    mmc_sd.o(i.MSD_WriteBuffer) refers to mmc_sd.o(i.SD_WaitDataReady) for SD_WaitDataReady
    mmc_sd.o(i.MSD_WriteBuffer) refers to mmc_sd.o(.data) for SD_Type
    mmc_sd.o(i.SD_GetCID) refers to mmc_sd.o(i.SD_SendCommand) for SD_SendCommand
    mmc_sd.o(i.SD_GetCID) refers to mmc_sd.o(i.SD_ReceiveData) for SD_ReceiveData
    mmc_sd.o(i.SD_GetCSD) refers to mmc_sd.o(i.SD_SendCommand) for SD_SendCommand
    mmc_sd.o(i.SD_GetCSD) refers to mmc_sd.o(i.SD_ReceiveData) for SD_ReceiveData
    mmc_sd.o(i.SD_GetCapacity) refers to mmc_sd.o(i.SD_GetCSD) for SD_GetCSD
    mmc_sd.o(i.SD_GetResponse) refers to ssp0.o(i.ssp0_send) for ssp0_send
    mmc_sd.o(i.SD_Idle_Sta) refers to ssp0.o(i.ssp0_send) for ssp0_send
    mmc_sd.o(i.SD_Idle_Sta) refers to mmc_sd.o(i.SD_SendCommand) for SD_SendCommand
    mmc_sd.o(i.SD_Init) refers to ssp0.o(i.ssp0_init) for ssp0_init
    mmc_sd.o(i.SD_Init) refers to ssp0.o(i.SPIx_SetSpeed) for SPIx_SetSpeed
    mmc_sd.o(i.SD_Init) refers to mmc_sd.o(i.SD_Idle_Sta) for SD_Idle_Sta
    mmc_sd.o(i.SD_Init) refers to mmc_sd.o(i.SD_SendCommand_NoDeassert) for SD_SendCommand_NoDeassert
    mmc_sd.o(i.SD_Init) refers to ssp0.o(i.ssp0_send) for ssp0_send
    mmc_sd.o(i.SD_Init) refers to mmc_sd.o(i.SD_SendCommand) for SD_SendCommand
    mmc_sd.o(i.SD_Init) refers to mmc_sd.o(.data) for SD_Type
    mmc_sd.o(i.SD_ReadMultiBlock) refers to mmc_sd.o(i.SD_SendCommand) for SD_SendCommand
    mmc_sd.o(i.SD_ReadMultiBlock) refers to mmc_sd.o(i.SD_ReceiveData) for SD_ReceiveData
    mmc_sd.o(i.SD_ReadMultiBlock) refers to ssp0.o(i.ssp0_send) for ssp0_send
    mmc_sd.o(i.SD_ReadMultiBlock) refers to mmc_sd.o(.data) for SD_Type
    mmc_sd.o(i.SD_ReadSingleBlock) refers to ssp0.o(i.SPIx_SetSpeed) for SPIx_SetSpeed
    mmc_sd.o(i.SD_ReadSingleBlock) refers to mmc_sd.o(i.SD_SendCommand) for SD_SendCommand
    mmc_sd.o(i.SD_ReadSingleBlock) refers to mmc_sd.o(i.SD_ReceiveData) for SD_ReceiveData
    mmc_sd.o(i.SD_ReadSingleBlock) refers to mmc_sd.o(.data) for SD_Type
    mmc_sd.o(i.SD_Read_Bytes) refers to mmc_sd.o(i.SD_SendCommand) for SD_SendCommand
    mmc_sd.o(i.SD_Read_Bytes) refers to mmc_sd.o(i.SD_GetResponse) for SD_GetResponse
    mmc_sd.o(i.SD_Read_Bytes) refers to ssp0.o(i.ssp0_send) for ssp0_send
    mmc_sd.o(i.SD_ReceiveData) refers to mmc_sd.o(i.SD_GetResponse) for SD_GetResponse
    mmc_sd.o(i.SD_ReceiveData) refers to ssp0.o(i.ssp0_send) for ssp0_send
    mmc_sd.o(i.SD_SendCommand) refers to ssp0.o(i.ssp0_send) for ssp0_send
    mmc_sd.o(i.SD_SendCommand_NoDeassert) refers to ssp0.o(i.ssp0_send) for ssp0_send
    mmc_sd.o(i.SD_WaitDataReady) refers to ssp0.o(i.ssp0_send) for ssp0_send
    mmc_sd.o(i.SD_WriteMultiBlock) refers to mmc_sd.o(i.SD_SendCommand) for SD_SendCommand
    mmc_sd.o(i.SD_WriteMultiBlock) refers to ssp0.o(i.ssp0_send) for ssp0_send
    mmc_sd.o(i.SD_WriteMultiBlock) refers to mmc_sd.o(i.SD_WaitDataReady) for SD_WaitDataReady
    mmc_sd.o(i.SD_WriteMultiBlock) refers to mmc_sd.o(.data) for SD_Type
    mmc_sd.o(i.SD_WriteSingleBlock) refers to mmc_sd.o(i.SD_SendCommand) for SD_SendCommand
    mmc_sd.o(i.SD_WriteSingleBlock) refers to ssp0.o(i.ssp0_send) for ssp0_send
    mmc_sd.o(i.SD_WriteSingleBlock) refers to mmc_sd.o(.data) for SD_Type
    mmc_sd.o(i.disk_initialize) refers to mmc_sd.o(i.SD_Init) for SD_Init
    mmc_sd.o(i.disk_initialize) refers to mmc_sd.o(.data) for SD_Type
    mmc_sd.o(i.disk_ioctl) refers to mmc_sd.o(.data) for Stat
    mmc_sd.o(i.disk_read) refers to mmc_sd.o(i.SD_ReadSingleBlock) for SD_ReadSingleBlock
    mmc_sd.o(i.disk_status) refers to mmc_sd.o(.data) for Stat
    mmc_sd.o(i.disk_write) refers to mmc_sd.o(i.SD_WriteSingleBlock) for SD_WriteSingleBlock
    mmc_sd.o(i.disk_write) refers to mmc_sd.o(.data) for Stat
    mmc_sd.o(i.get_fattime) refers to mmc_sd.o(i.rtc_gettime) for rtc_gettime
    ff.o(i.check_fs) refers to ff.o(i.move_window) for move_window
    ff.o(i.create_chain) refers to ff.o(i.get_fat) for get_fat
    ff.o(i.create_chain) refers to ff.o(i.put_fat) for put_fat
    ff.o(i.create_name) refers to ff.o(i.mem_set) for mem_set
    ff.o(i.create_name) refers to ff.o(i.chk_chr) for chk_chr
    ff.o(i.dir_alloc) refers to ff.o(i.dir_sdi) for dir_sdi
    ff.o(i.dir_alloc) refers to ff.o(i.move_window) for move_window
    ff.o(i.dir_alloc) refers to ff.o(i.dir_next) for dir_next
    ff.o(i.dir_find) refers to ff.o(i.dir_sdi) for dir_sdi
    ff.o(i.dir_find) refers to ff.o(i.move_window) for move_window
    ff.o(i.dir_find) refers to ff.o(i.mem_cmp) for mem_cmp
    ff.o(i.dir_find) refers to ff.o(i.dir_next) for dir_next
    ff.o(i.dir_next) refers to ff.o(i.get_fat) for get_fat
    ff.o(i.dir_next) refers to ff.o(i.create_chain) for create_chain
    ff.o(i.dir_next) refers to ff.o(i.sync_window) for sync_window
    ff.o(i.dir_next) refers to ff.o(i.mem_set) for mem_set
    ff.o(i.dir_next) refers to ff.o(i.clust2sect) for clust2sect
    ff.o(i.dir_read) refers to ff.o(i.move_window) for move_window
    ff.o(i.dir_read) refers to ff.o(i.dir_next) for dir_next
    ff.o(i.dir_register) refers to ff.o(i.dir_alloc) for dir_alloc
    ff.o(i.dir_register) refers to ff.o(i.move_window) for move_window
    ff.o(i.dir_register) refers to ff.o(i.mem_set) for mem_set
    ff.o(i.dir_register) refers to ff.o(i.mem_cpy) for mem_cpy
    ff.o(i.dir_remove) refers to ff.o(i.dir_sdi) for dir_sdi
    ff.o(i.dir_remove) refers to ff.o(i.move_window) for move_window
    ff.o(i.dir_remove) refers to ff.o(i.mem_set) for mem_set
    ff.o(i.dir_sdi) refers to ff.o(i.get_fat) for get_fat
    ff.o(i.dir_sdi) refers to ff.o(i.clust2sect) for clust2sect
    ff.o(i.f_chdir) refers to ff.o(i.find_volume) for find_volume
    ff.o(i.f_chdir) refers to ff.o(i.follow_path) for follow_path
    ff.o(i.f_chdir) refers to ff.o(i.ld_clust) for ld_clust
    ff.o(i.f_chdrive) refers to ff.o(i.get_ldnumber) for get_ldnumber
    ff.o(i.f_chdrive) refers to ff.o(.data) for CurrVol
    ff.o(i.f_chmod) refers to ff.o(i.find_volume) for find_volume
    ff.o(i.f_chmod) refers to ff.o(i.follow_path) for follow_path
    ff.o(i.f_chmod) refers to ff.o(i.sync_fs) for sync_fs
    ff.o(i.f_close) refers to ff.o(i.f_sync) for f_sync
    ff.o(i.f_close) refers to ff.o(i.validate) for validate
    ff.o(i.f_closedir) refers to ff.o(i.validate) for validate
    ff.o(i.f_getcwd) refers to ff.o(i.find_volume) for find_volume
    ff.o(i.f_getcwd) refers to ff.o(i.dir_sdi) for dir_sdi
    ff.o(i.f_getcwd) refers to ff.o(i.dir_read) for dir_read
    ff.o(i.f_getcwd) refers to ff.o(i.ld_clust) for ld_clust
    ff.o(i.f_getcwd) refers to ff.o(i.dir_next) for dir_next
    ff.o(i.f_getcwd) refers to ff.o(i.get_fileinfo) for get_fileinfo
    ff.o(i.f_getcwd) refers to ff.o(.data) for CurrVol
    ff.o(i.f_getfree) refers to ff.o(i.find_volume) for find_volume
    ff.o(i.f_getfree) refers to ff.o(i.get_fat) for get_fat
    ff.o(i.f_getfree) refers to ff.o(i.move_window) for move_window
    ff.o(i.f_getlabel) refers to ff.o(i.find_volume) for find_volume
    ff.o(i.f_getlabel) refers to ff.o(i.dir_sdi) for dir_sdi
    ff.o(i.f_getlabel) refers to ff.o(i.dir_read) for dir_read
    ff.o(i.f_getlabel) refers to ff.o(i.mem_cpy) for mem_cpy
    ff.o(i.f_getlabel) refers to ff.o(i.move_window) for move_window
    ff.o(i.f_gets) refers to ff.o(i.f_read) for f_read
    ff.o(i.f_lseek) refers to ff.o(i.validate) for validate
    ff.o(i.f_lseek) refers to ff.o(i.create_chain) for create_chain
    ff.o(i.f_lseek) refers to ff.o(i.get_fat) for get_fat
    ff.o(i.f_lseek) refers to ff.o(i.clust2sect) for clust2sect
    ff.o(i.f_lseek) refers to mmc_sd.o(i.disk_write) for disk_write
    ff.o(i.f_lseek) refers to mmc_sd.o(i.disk_read) for disk_read
    ff.o(i.f_mkdir) refers to mmc_sd.o(i.get_fattime) for get_fattime
    ff.o(i.f_mkdir) refers to ff.o(i.find_volume) for find_volume
    ff.o(i.f_mkdir) refers to ff.o(i.follow_path) for follow_path
    ff.o(i.f_mkdir) refers to ff.o(i.create_chain) for create_chain
    ff.o(i.f_mkdir) refers to ff.o(i.sync_window) for sync_window
    ff.o(i.f_mkdir) refers to ff.o(i.clust2sect) for clust2sect
    ff.o(i.f_mkdir) refers to ff.o(i.mem_set) for mem_set
    ff.o(i.f_mkdir) refers to ff.o(i.st_clust) for st_clust
    ff.o(i.f_mkdir) refers to ff.o(i.mem_cpy) for mem_cpy
    ff.o(i.f_mkdir) refers to ff.o(i.dir_register) for dir_register
    ff.o(i.f_mkdir) refers to ff.o(i.remove_chain) for remove_chain
    ff.o(i.f_mkdir) refers to ff.o(i.sync_fs) for sync_fs
    ff.o(i.f_mkfs) refers to ff.o(i.get_ldnumber) for get_ldnumber
    ff.o(i.f_mkfs) refers to mmc_sd.o(i.disk_initialize) for disk_initialize
    ff.o(i.f_mkfs) refers to mmc_sd.o(i.disk_ioctl) for disk_ioctl
    ff.o(i.f_mkfs) refers to ff.o(i.mem_set) for mem_set
    ff.o(i.f_mkfs) refers to mmc_sd.o(i.disk_write) for disk_write
    ff.o(i.f_mkfs) refers to ff.o(i.mem_cpy) for mem_cpy
    ff.o(i.f_mkfs) refers to mmc_sd.o(i.get_fattime) for get_fattime
    ff.o(i.f_mkfs) refers to ff.o(.bss) for FatFs
    ff.o(i.f_mkfs) refers to ff.o(.constdata) for vst
    ff.o(i.f_mount) refers to ff.o(i.get_ldnumber) for get_ldnumber
    ff.o(i.f_mount) refers to ff.o(i.find_volume) for find_volume
    ff.o(i.f_mount) refers to ff.o(.bss) for FatFs
    ff.o(i.f_open) refers to ff.o(i.find_volume) for find_volume
    ff.o(i.f_open) refers to ff.o(i.follow_path) for follow_path
    ff.o(i.f_open) refers to ff.o(i.dir_register) for dir_register
    ff.o(i.f_open) refers to mmc_sd.o(i.get_fattime) for get_fattime
    ff.o(i.f_open) refers to ff.o(i.ld_clust) for ld_clust
    ff.o(i.f_open) refers to ff.o(i.st_clust) for st_clust
    ff.o(i.f_open) refers to ff.o(i.remove_chain) for remove_chain
    ff.o(i.f_open) refers to ff.o(i.move_window) for move_window
    ff.o(i.f_opendir) refers to ff.o(i.find_volume) for find_volume
    ff.o(i.f_opendir) refers to ff.o(i.follow_path) for follow_path
    ff.o(i.f_opendir) refers to ff.o(i.ld_clust) for ld_clust
    ff.o(i.f_opendir) refers to ff.o(i.dir_sdi) for dir_sdi
    ff.o(i.f_printf) refers to ff.o(i.putc_bfd) for putc_bfd
    ff.o(i.f_printf) refers to ff.o(i.f_write) for f_write
    ff.o(i.f_putc) refers to ff.o(i.putc_bfd) for putc_bfd
    ff.o(i.f_putc) refers to ff.o(i.f_write) for f_write
    ff.o(i.f_puts) refers to ff.o(i.putc_bfd) for putc_bfd
    ff.o(i.f_puts) refers to ff.o(i.f_write) for f_write
    ff.o(i.f_read) refers to ff.o(i.validate) for validate
    ff.o(i.f_read) refers to ff.o(i.get_fat) for get_fat
    ff.o(i.f_read) refers to ff.o(i.clust2sect) for clust2sect
    ff.o(i.f_read) refers to mmc_sd.o(i.disk_read) for disk_read
    ff.o(i.f_read) refers to ff.o(i.mem_cpy) for mem_cpy
    ff.o(i.f_read) refers to mmc_sd.o(i.disk_write) for disk_write
    ff.o(i.f_readdir) refers to ff.o(i.validate) for validate
    ff.o(i.f_readdir) refers to ff.o(i.dir_sdi) for dir_sdi
    ff.o(i.f_readdir) refers to ff.o(i.dir_read) for dir_read
    ff.o(i.f_readdir) refers to ff.o(i.get_fileinfo) for get_fileinfo
    ff.o(i.f_readdir) refers to ff.o(i.dir_next) for dir_next
    ff.o(i.f_rename) refers to ff.o(i.find_volume) for find_volume
    ff.o(i.f_rename) refers to ff.o(i.follow_path) for follow_path
    ff.o(i.f_rename) refers to ff.o(i.mem_cpy) for mem_cpy
    ff.o(i.f_rename) refers to ff.o(i.get_ldnumber) for get_ldnumber
    ff.o(i.f_rename) refers to ff.o(i.dir_register) for dir_register
    ff.o(i.f_rename) refers to ff.o(i.ld_clust) for ld_clust
    ff.o(i.f_rename) refers to ff.o(i.clust2sect) for clust2sect
    ff.o(i.f_rename) refers to ff.o(i.move_window) for move_window
    ff.o(i.f_rename) refers to ff.o(i.st_clust) for st_clust
    ff.o(i.f_rename) refers to ff.o(i.dir_remove) for dir_remove
    ff.o(i.f_rename) refers to ff.o(i.sync_fs) for sync_fs
    ff.o(i.f_setlabel) refers to ff.o(i.find_volume) for find_volume
    ff.o(i.f_setlabel) refers to ff.o(i.chk_chr) for chk_chr
    ff.o(i.f_setlabel) refers to ff.o(i.dir_sdi) for dir_sdi
    ff.o(i.f_setlabel) refers to ff.o(i.dir_read) for dir_read
    ff.o(i.f_setlabel) refers to ff.o(i.mem_cpy) for mem_cpy
    ff.o(i.f_setlabel) refers to mmc_sd.o(i.get_fattime) for get_fattime
    ff.o(i.f_setlabel) refers to ff.o(i.sync_fs) for sync_fs
    ff.o(i.f_setlabel) refers to ff.o(i.dir_alloc) for dir_alloc
    ff.o(i.f_setlabel) refers to ff.o(i.mem_set) for mem_set
    ff.o(i.f_stat) refers to ff.o(i.find_volume) for find_volume
    ff.o(i.f_stat) refers to ff.o(i.follow_path) for follow_path
    ff.o(i.f_stat) refers to ff.o(i.get_fileinfo) for get_fileinfo
    ff.o(i.f_sync) refers to ff.o(i.validate) for validate
    ff.o(i.f_sync) refers to mmc_sd.o(i.disk_write) for disk_write
    ff.o(i.f_sync) refers to ff.o(i.move_window) for move_window
    ff.o(i.f_sync) refers to ff.o(i.st_clust) for st_clust
    ff.o(i.f_sync) refers to mmc_sd.o(i.get_fattime) for get_fattime
    ff.o(i.f_sync) refers to ff.o(i.sync_fs) for sync_fs
    ff.o(i.f_truncate) refers to ff.o(i.validate) for validate
    ff.o(i.f_truncate) refers to ff.o(i.remove_chain) for remove_chain
    ff.o(i.f_truncate) refers to ff.o(i.get_fat) for get_fat
    ff.o(i.f_truncate) refers to ff.o(i.put_fat) for put_fat
    ff.o(i.f_truncate) refers to mmc_sd.o(i.disk_write) for disk_write
    ff.o(i.f_unlink) refers to ff.o(i.find_volume) for find_volume
    ff.o(i.f_unlink) refers to ff.o(i.follow_path) for follow_path
    ff.o(i.f_unlink) refers to ff.o(i.ld_clust) for ld_clust
    ff.o(i.f_unlink) refers to ff.o(i.mem_cpy) for mem_cpy
    ff.o(i.f_unlink) refers to ff.o(i.dir_sdi) for dir_sdi
    ff.o(i.f_unlink) refers to ff.o(i.dir_read) for dir_read
    ff.o(i.f_unlink) refers to ff.o(i.dir_remove) for dir_remove
    ff.o(i.f_unlink) refers to ff.o(i.remove_chain) for remove_chain
    ff.o(i.f_unlink) refers to ff.o(i.sync_fs) for sync_fs
    ff.o(i.f_utime) refers to ff.o(i.find_volume) for find_volume
    ff.o(i.f_utime) refers to ff.o(i.follow_path) for follow_path
    ff.o(i.f_utime) refers to ff.o(i.sync_fs) for sync_fs
    ff.o(i.f_write) refers to ff.o(i.validate) for validate
    ff.o(i.f_write) refers to ff.o(i.create_chain) for create_chain
    ff.o(i.f_write) refers to mmc_sd.o(i.disk_write) for disk_write
    ff.o(i.f_write) refers to ff.o(i.clust2sect) for clust2sect
    ff.o(i.f_write) refers to ff.o(i.mem_cpy) for mem_cpy
    ff.o(i.f_write) refers to mmc_sd.o(i.disk_read) for disk_read
    ff.o(i.find_volume) refers to ff.o(i.get_ldnumber) for get_ldnumber
    ff.o(i.find_volume) refers to mmc_sd.o(i.disk_status) for disk_status
    ff.o(i.find_volume) refers to mmc_sd.o(i.disk_initialize) for disk_initialize
    ff.o(i.find_volume) refers to mmc_sd.o(i.disk_ioctl) for disk_ioctl
    ff.o(i.find_volume) refers to ff.o(i.check_fs) for check_fs
    ff.o(i.find_volume) refers to ff.o(i.move_window) for move_window
    ff.o(i.find_volume) refers to ff.o(.bss) for FatFs
    ff.o(i.find_volume) refers to ff.o(.data) for Fsid
    ff.o(i.follow_path) refers to ff.o(i.dir_sdi) for dir_sdi
    ff.o(i.follow_path) refers to ff.o(i.create_name) for create_name
    ff.o(i.follow_path) refers to ff.o(i.dir_find) for dir_find
    ff.o(i.follow_path) refers to ff.o(i.ld_clust) for ld_clust
    ff.o(i.get_fat) refers to ff.o(i.move_window) for move_window
    ff.o(i.get_ldnumber) refers to ff.o(.constdata) for str
    ff.o(i.get_ldnumber) refers to ff.o(.data) for CurrVol
    ff.o(i.move_window) refers to ff.o(i.sync_window) for sync_window
    ff.o(i.move_window) refers to mmc_sd.o(i.disk_read) for disk_read
    ff.o(i.put_fat) refers to ff.o(i.move_window) for move_window
    ff.o(i.putc_bfd) refers to ff.o(i.f_write) for f_write
    ff.o(i.remove_chain) refers to ff.o(i.get_fat) for get_fat
    ff.o(i.remove_chain) refers to ff.o(i.put_fat) for put_fat
    ff.o(i.sync_fs) refers to ff.o(i.sync_window) for sync_window
    ff.o(i.sync_fs) refers to ff.o(i.mem_set) for mem_set
    ff.o(i.sync_fs) refers to mmc_sd.o(i.disk_write) for disk_write
    ff.o(i.sync_fs) refers to mmc_sd.o(i.disk_ioctl) for disk_ioctl
    ff.o(i.sync_window) refers to mmc_sd.o(i.disk_write) for disk_write
    ff.o(i.validate) refers to mmc_sd.o(i.disk_status) for disk_status
    ff.o(.constdata) refers to ff.o(.conststring) for .conststring
    uart.o(i.UART0_SendChar) refers to uart.o(i.UART0_SendByte) for UART0_SendByte
    uart.o(i.UART0_SendString) refers to uart.o(i.UART0_SendByte) for UART0_SendByte
    uart.o(i.UART2_SendString) refers to uart.o(i.UART2_SendByte) for UART2_SendByte
    entry.o(.ARM.Collect$$$$00000000) refers (Special) to entry10a.o(.ARM.Collect$$$$0000000D) for __rt_final_cpp
    entry.o(.ARM.Collect$$$$00000000) refers (Special) to entry11a.o(.ARM.Collect$$$$0000000F) for __rt_final_exit
    entry.o(.ARM.Collect$$$$00000000) refers (Special) to entry7b.o(.ARM.Collect$$$$00000008) for _main_clock
    entry.o(.ARM.Collect$$$$00000000) refers (Special) to entry8b.o(.ARM.Collect$$$$0000000A) for _main_cpp_init
    entry.o(.ARM.Collect$$$$00000000) refers (Special) to entry9a.o(.ARM.Collect$$$$0000000B) for _main_init
    entry.o(.ARM.Collect$$$$00000000) refers (Special) to entry5.o(.ARM.Collect$$$$00000004) for _main_scatterload
    entry.o(.ARM.Collect$$$$00000000) refers (Special) to entry2.o(.ARM.Collect$$$$00000001) for _main_stk
    entry2.o(.ARM.Collect$$$$00000001) refers to entry2.o(.ARM.Collect$$$$00002712) for __lit__00000000
    entry2.o(.ARM.Collect$$$$00002712) refers to startup_lpc17xx.o(STACK) for __initial_sp
    entry2.o(__vectab_stack_and_reset_area) refers to startup_lpc17xx.o(STACK) for __initial_sp
    entry2.o(__vectab_stack_and_reset_area) refers to entry.o(.ARM.Collect$$$$00000000) for __main
    entry5.o(.ARM.Collect$$$$00000004) refers to init.o(.text) for __scatterload
    entry9a.o(.ARM.Collect$$$$0000000B) refers to main.o(i.main) for main
    entry9b.o(.ARM.Collect$$$$0000000C) refers to main.o(i.main) for main
    init.o(.text) refers to entry5.o(.ARM.Collect$$$$00000004) for __main_after_scatterload


==============================================================================

Removing Unused input sections from the image.

    Removing startup_lpc17xx.o(HEAP), (0 bytes).
    Removing system_lpc17xx.o(.rev16_text), (4 bytes).
    Removing system_lpc17xx.o(.revsh_text), (4 bytes).
    Removing main.o(.rev16_text), (4 bytes).
    Removing main.o(.revsh_text), (4 bytes).
    Removing main.o(i.Delay), (30 bytes).
    Removing main.o(i.xatoi), (196 bytes).
    Removing main.o(.conststring), (43 bytes).
    Removing main.o(.data), (28 bytes).
    Removing lcd.o(.rev16_text), (4 bytes).
    Removing lcd.o(.revsh_text), (4 bytes).
    Removing lcd.o(i.Draw_Circle), (176 bytes).
    Removing lcd.o(i.LCD_Bargraph), (164 bytes).
    Removing lcd.o(i.LCD_Bmp), (116 bytes).
    Removing lcd.o(i.LCD_ClearLn), (56 bytes).
    Removing lcd.o(i.LCD_DisplayChar), (48 bytes).
    Removing lcd.o(i.LCD_DisplayString), (46 bytes).
    Removing lcd.o(i.LCD_DrawChar), (136 bytes).
    Removing lcd.o(i.LCD_DrawLine), (176 bytes).
    Removing lcd.o(i.LCD_DrawRectangle), (64 bytes).
    Removing lcd.o(i.LCD_Fill), (144 bytes).
    Removing lcd.o(i.LCD_PutPixel), (60 bytes).
    Removing lcd.o(i.LCD_SetBackColor), (12 bytes).
    Removing lcd.o(i.LCD_SetTextColor), (12 bytes).
    Removing lcd.o(i.LCD_Show2Num), (92 bytes).
    Removing lcd.o(i.LCD_ShowNum), (148 bytes).
    Removing lcd.o(i.mypow), (22 bytes).
    Removing delay.o(i.delay_ms), (36 bytes).
    Removing ssp0.o(.rev16_text), (4 bytes).
    Removing ssp0.o(.revsh_text), (4 bytes).
    Removing spi.o(.rev16_text), (4 bytes).
    Removing spi.o(.revsh_text), (4 bytes).
    Removing spi.o(i.SPI_FLASH_PageErase), (60 bytes).
    Removing spi.o(i.SPI_FLASH_Write_Disable), (28 bytes).
    Removing spi.o(i.SPI_FLASH_Write_Enable), (28 bytes).
    Removing spi.o(i.SPI_Flash_Erase_Sector), (60 bytes).
    Removing spi.o(i.SPI_Flash_PowerDown), (32 bytes).
    Removing spi.o(i.SPI_Flash_Read), (76 bytes).
    Removing spi.o(i.SPI_Flash_ReadID), (72 bytes).
    Removing spi.o(i.SPI_Flash_ReadSR), (40 bytes).
    Removing spi.o(i.SPI_Flash_WAKEUP), (32 bytes).
    Removing spi.o(i.SPI_Flash_Wait_Busy), (16 bytes).
    Removing spi.o(i.SPI_Flash_Write), (180 bytes).
    Removing spi.o(i.SPI_Flash_Write_NoCheck), (66 bytes).
    Removing spi.o(i.SPI_Flash_Write_Page), (80 bytes).
    Removing spi.o(i.SPIx_ReadWriteByte), (40 bytes).
    Removing spi.o(i.delay_us), (12 bytes).
    Removing spi.o(.bss), (4096 bytes).
    Removing mmc_sd.o(.rev16_text), (4 bytes).
    Removing mmc_sd.o(.revsh_text), (4 bytes).
    Removing mmc_sd.o(i.MSD_ReadBuffer), (148 bytes).
    Removing mmc_sd.o(i.MSD_WriteBuffer), (176 bytes).
    Removing mmc_sd.o(i.SD_GetCID), (36 bytes).
    Removing mmc_sd.o(i.SD_GetCSD), (36 bytes).
    Removing mmc_sd.o(i.SD_GetCapacity), (170 bytes).
    Removing mmc_sd.o(i.SD_ReadMultiBlock), (116 bytes).
    Removing mmc_sd.o(i.SD_Read_Bytes), (156 bytes).
    Removing mmc_sd.o(i.SD_WaitDataReady), (98 bytes).
    Removing mmc_sd.o(i.SD_WriteMultiBlock), (236 bytes).
    Removing ff.o(i.dir_read), (108 bytes).
    Removing ff.o(i.dir_remove), (54 bytes).
    Removing ff.o(i.f_chdir), (84 bytes).
    Removing ff.o(i.f_chdrive), (32 bytes).
    Removing ff.o(i.f_chmod), (96 bytes).
    Removing ff.o(i.f_closedir), (22 bytes).
    Removing ff.o(i.f_getcwd), (296 bytes).
    Removing ff.o(i.f_getfree), (234 bytes).
    Removing ff.o(i.f_getlabel), (150 bytes).
    Removing ff.o(i.f_lseek), (410 bytes).
    Removing ff.o(i.f_mkfs), (1296 bytes).
    Removing ff.o(i.f_opendir), (110 bytes).
    Removing ff.o(i.f_printf), (628 bytes).
    Removing ff.o(i.f_putc), (64 bytes).
    Removing ff.o(i.f_readdir), (88 bytes).
    Removing ff.o(i.f_rename), (296 bytes).
    Removing ff.o(i.f_setlabel), (448 bytes).
    Removing ff.o(i.f_stat), (60 bytes).
    Removing ff.o(i.f_truncate), (184 bytes).
    Removing ff.o(i.f_unlink), (190 bytes).
    Removing ff.o(i.f_utime), (86 bytes).
    Removing ff.o(i.get_fileinfo), (80 bytes).
    Removing uart.o(.rev16_text), (4 bytes).
    Removing uart.o(.revsh_text), (4 bytes).
    Removing uart.o(i.UART0_GetChar), (24 bytes).
    Removing uart.o(i.UART0_Init), (80 bytes).
    Removing uart.o(i.UART0_SendByte), (28 bytes).
    Removing uart.o(i.UART0_SendChar), (124 bytes).
    Removing uart.o(i.UART0_SendString), (22 bytes).
    Removing uart.o(i.UART2_GetChar), (24 bytes).
    Removing uart.o(i.UART2_Init), (116 bytes).
    Removing uart.o(i.UART2_SendByte), (28 bytes).
    Removing uart.o(i.UART2_SendString), (22 bytes).

92 unused section(s) (total 13435 bytes) removed from the image.

==============================================================================

Image Symbol Table

    Local Symbols

    Symbol Name                              Value     Ov Type        Size  Object(Section)

    RESET                                    0x00000000   Section      204  startup_lpc17xx.o(RESET)
    ../clib/microlib/init/entry.s            0x00000000   Number         0  entry5.o ABSOLUTE
    ../clib/microlib/init/entry.s            0x00000000   Number         0  entry7a.o ABSOLUTE
    ../clib/microlib/init/entry.s            0x00000000   Number         0  entry7b.o ABSOLUTE
    ../clib/microlib/init/entry.s            0x00000000   Number         0  entry11a.o ABSOLUTE
    ../clib/microlib/init/entry.s            0x00000000   Number         0  entry8a.o ABSOLUTE
    ../clib/microlib/init/entry.s            0x00000000   Number         0  entry10b.o ABSOLUTE
    ../clib/microlib/init/entry.s            0x00000000   Number         0  entry10a.o ABSOLUTE
    ../clib/microlib/init/entry.s            0x00000000   Number         0  entry2.o ABSOLUTE
    ../clib/microlib/init/entry.s            0x00000000   Number         0  entry9b.o ABSOLUTE
    ../clib/microlib/init/entry.s            0x00000000   Number         0  entry9a.o ABSOLUTE
    ../clib/microlib/init/entry.s            0x00000000   Number         0  entry8b.o ABSOLUTE
    ../clib/microlib/init/entry.s            0x00000000   Number         0  entry.o ABSOLUTE
    ../clib/microlib/init/entry.s            0x00000000   Number         0  entry11b.o ABSOLUTE
    ../clib/microlib/string/memcpy.c         0x00000000   Number         0  memcpyb.o ABSOLUTE
    ../clib/microlib/string/memcpy.c         0x00000000   Number         0  memcpya.o ABSOLUTE
    ..\LPC17xx\startup_LPC17xx.s             0x00000000   Number         0  startup_lpc17xx.o ABSOLUTE
    ..\LPC17xx\system_LPC17xx.c              0x00000000   Number         0  system_lpc17xx.o ABSOLUTE
    ..\Source\Fatfs\ff.c                     0x00000000   Number         0  ff.o ABSOLUTE
    ..\Source\Lcd\Lcd.c                      0x00000000   Number         0  lcd.o ABSOLUTE
    ..\Source\SPI\MMC_SD.C                   0x00000000   Number         0  mmc_sd.o ABSOLUTE
    ..\Source\SPI\SPI.C                      0x00000000   Number         0  spi.o ABSOLUTE
    ..\Source\SPI\SSP0.C                     0x00000000   Number         0  ssp0.o ABSOLUTE
    ..\Source\SPI\delay.c                    0x00000000   Number         0  delay.o ABSOLUTE
    ..\Source\User\main.c                    0x00000000   Number         0  main.o ABSOLUTE
    ..\Source\uart\uart.c                    0x00000000   Number         0  uart.o ABSOLUTE
    ..\\LPC17xx\\system_LPC17xx.c            0x00000000   Number         0  system_lpc17xx.o ABSOLUTE
    ..\\Source\\Lcd\\Lcd.c                   0x00000000   Number         0  lcd.o ABSOLUTE
    ..\\Source\\SPI\\MMC_SD.C                0x00000000   Number         0  mmc_sd.o ABSOLUTE
    ..\\Source\\SPI\\SPI.C                   0x00000000   Number         0  spi.o ABSOLUTE
    ..\\Source\\SPI\\SSP0.C                  0x00000000   Number         0  ssp0.o ABSOLUTE
    ..\\Source\\User\\main.c                 0x00000000   Number         0  main.o ABSOLUTE
    ..\\Source\\uart\\uart.c                 0x00000000   Number         0  uart.o ABSOLUTE
    dc.s                                     0x00000000   Number         0  dc.o ABSOLUTE
    handlers.s                               0x00000000   Number         0  handlers.o ABSOLUTE
    init.s                                   0x00000000   Number         0  init.o ABSOLUTE
    .ARM.Collect$$$$00000000                 0x000000cc   Section        0  entry.o(.ARM.Collect$$$$00000000)
    .ARM.Collect$$$$00000001                 0x000000cc   Section        4  entry2.o(.ARM.Collect$$$$00000001)
    .ARM.Collect$$$$00000004                 0x000000d0   Section        4  entry5.o(.ARM.Collect$$$$00000004)
    .ARM.Collect$$$$00000008                 0x000000d4   Section        0  entry7b.o(.ARM.Collect$$$$00000008)
    .ARM.Collect$$$$0000000A                 0x000000d4   Section        0  entry8b.o(.ARM.Collect$$$$0000000A)
    .ARM.Collect$$$$0000000B                 0x000000d4   Section        8  entry9a.o(.ARM.Collect$$$$0000000B)
    .ARM.Collect$$$$0000000D                 0x000000dc   Section        0  entry10a.o(.ARM.Collect$$$$0000000D)
    .ARM.Collect$$$$0000000F                 0x000000dc   Section        0  entry11a.o(.ARM.Collect$$$$0000000F)
    .ARM.Collect$$$$00002712                 0x000000dc   Section        4  entry2.o(.ARM.Collect$$$$00002712)
    __lit__00000000                          0x000000dc   Data           4  entry2.o(.ARM.Collect$$$$00002712)
    .emb_text                                0x000000e0   Section        4  lcd.o(.emb_text)
    .text                                    0x000000e4   Section       28  startup_lpc17xx.o(.text)
    .text                                    0x00000100   Section        0  memcpya.o(.text)
    .text                                    0x00000124   Section       36  init.o(.text)
    i.LCD_Clear                              0x00000148   Section        0  lcd.o(i.LCD_Clear)
    i.LCD_DrawPoint                          0x00000190   Section        0  lcd.o(i.LCD_DrawPoint)
    i.LCD_DrawPoint1                         0x000001d4   Section        0  lcd.o(i.LCD_DrawPoint1)
    i.LCD_SetCursor                          0x00000214   Section        0  lcd.o(i.LCD_SetCursor)
    i.LCD_ShowString                         0x0000025c   Section        0  lcd.o(i.LCD_ShowString)
    i.LCD_WriteRAM_Prepare                   0x000002a6   Section        0  lcd.o(i.LCD_WriteRAM_Prepare)
    i.Load_Drow_Dialog                       0x000002b0   Section        0  main.o(i.Load_Drow_Dialog)
    i.__scatterload_copy                     0x000002e0   Section       14  handlers.o(i.__scatterload_copy)
    i.__scatterload_null                     0x000002ee   Section        2  handlers.o(i.__scatterload_null)
    i.st_clust                               0x000002f0   Section        0  ff.o(i.st_clust)
    st_clust                                 0x000002f1   Thumb Code     8  ff.o(i.st_clust)
    .ARM.__at_0x02FC                         0x000002fc   Section        4  startup_lpc17xx.o(.ARM.__at_0x02FC)
    i.LCD_Init                               0x00000300   Section        0  lcd.o(i.LCD_Init)
    i.LCD_ShowChar                           0x00000800   Section        0  lcd.o(i.LCD_ShowChar)
    i.LCD_WindowMax                          0x00000958   Section        0  lcd.o(i.LCD_WindowMax)
    i.SD_GetResponse                         0x000009c0   Section        0  mmc_sd.o(i.SD_GetResponse)
    i.SD_Idle_Sta                            0x000009e6   Section        0  mmc_sd.o(i.SD_Idle_Sta)
    i.SD_Init                                0x00000a30   Section        0  mmc_sd.o(i.SD_Init)
    i.SD_ReadSingleBlock                     0x00000bf4   Section        0  mmc_sd.o(i.SD_ReadSingleBlock)
    i.SD_ReceiveData                         0x00000c38   Section        0  mmc_sd.o(i.SD_ReceiveData)
    i.SD_SendCommand                         0x00000c98   Section        0  mmc_sd.o(i.SD_SendCommand)
    i.SD_SendCommand_NoDeassert              0x00000d24   Section        0  mmc_sd.o(i.SD_SendCommand_NoDeassert)
    i.SD_WriteSingleBlock                    0x00000d94   Section        0  mmc_sd.o(i.SD_WriteSingleBlock)
    i.SPIx_Init                              0x00000e60   Section        0  spi.o(i.SPIx_Init)
    i.SPIx_SetSpeed                          0x00000e9c   Section        0  ssp0.o(i.SPIx_SetSpeed)
    i.SystemInit                             0x00000ee4   Section        0  system_lpc17xx.o(i.SystemInit)
    i.__scatterload_zeroinit                 0x00001100   Section       14  handlers.o(i.__scatterload_zeroinit)
    i.check_fs                               0x00001110   Section        0  ff.o(i.check_fs)
    check_fs                                 0x00001111   Thumb Code    84  ff.o(i.check_fs)
    i.chk_chr                                0x00001168   Section        0  ff.o(i.chk_chr)
    chk_chr                                  0x00001169   Thumb Code    20  ff.o(i.chk_chr)
    i.clust2sect                             0x0000117c   Section        0  ff.o(i.clust2sect)
    i.create_chain                           0x00001196   Section        0  ff.o(i.create_chain)
    create_chain                             0x00001197   Thumb Code   214  ff.o(i.create_chain)
    i.create_name                            0x0000126c   Section        0  ff.o(i.create_name)
    create_name                              0x0000126d   Thumb Code   418  ff.o(i.create_name)
    i.delay                                  0x00001420   Section        0  lcd.o(i.delay)
    delay                                    0x00001421   Thumb Code    14  lcd.o(i.delay)
    i.dir_alloc                              0x0000142e   Section        0  ff.o(i.dir_alloc)
    dir_alloc                                0x0000142f   Thumb Code    92  ff.o(i.dir_alloc)
    i.dir_find                               0x0000148a   Section        0  ff.o(i.dir_find)
    dir_find                                 0x0000148b   Thumb Code    92  ff.o(i.dir_find)
    i.dir_next                               0x000014e6   Section        0  ff.o(i.dir_next)
    dir_next                                 0x000014e7   Thumb Code   316  ff.o(i.dir_next)
    i.dir_register                           0x00001622   Section        0  ff.o(i.dir_register)
    dir_register                             0x00001623   Thumb Code    58  ff.o(i.dir_register)
    i.dir_sdi                                0x0000165c   Section        0  ff.o(i.dir_sdi)
    dir_sdi                                  0x0000165d   Thumb Code   200  ff.o(i.dir_sdi)
    i.disk_initialize                        0x00001724   Section        0  mmc_sd.o(i.disk_initialize)
    i.disk_ioctl                             0x0000175c   Section        0  mmc_sd.o(i.disk_ioctl)
    i.disk_read                              0x000017c8   Section        0  mmc_sd.o(i.disk_read)
    i.disk_status                            0x000017e8   Section        0  mmc_sd.o(i.disk_status)
    i.disk_write                             0x000017fc   Section        0  mmc_sd.o(i.disk_write)
    i.f_close                                0x00001838   Section        0  ff.o(i.f_close)
    i.f_gets                                 0x00001858   Section        0  ff.o(i.f_gets)
    i.f_mkdir                                0x000018ae   Section        0  ff.o(i.f_mkdir)
    i.f_mount                                0x00001a00   Section        0  ff.o(i.f_mount)
    i.f_open                                 0x00001a5c   Section        0  ff.o(i.f_open)
    i.f_puts                                 0x00001b88   Section        0  ff.o(i.f_puts)
    i.f_read                                 0x00001bd2   Section        0  ff.o(i.f_read)
    i.f_sync                                 0x00001da2   Section        0  ff.o(i.f_sync)
    i.f_write                                0x00001e2e   Section        0  ff.o(i.f_write)
    i.find_volume                            0x00002044   Section        0  ff.o(i.find_volume)
    find_volume                              0x00002045   Thumb Code   702  ff.o(i.find_volume)
    i.follow_path                            0x00002314   Section        0  ff.o(i.follow_path)
    follow_path                              0x00002315   Thumb Code   174  ff.o(i.follow_path)
    i.get_fat                                0x000023c2   Section        0  ff.o(i.get_fat)
    i.get_fattime                            0x000024e0   Section        0  mmc_sd.o(i.get_fattime)
    i.get_ldnumber                           0x0000251c   Section        0  ff.o(i.get_ldnumber)
    get_ldnumber                             0x0000251d   Thumb Code   160  ff.o(i.get_ldnumber)
    i.lcd_send                               0x000025c4   Section        0  lcd.o(i.lcd_send)
    lcd_send                                 0x000025c5   Thumb Code    56  lcd.o(i.lcd_send)
    i.ld_clust                               0x00002600   Section        0  ff.o(i.ld_clust)
    ld_clust                                 0x00002601   Thumb Code    18  ff.o(i.ld_clust)
    i.main                                   0x00002614   Section        0  main.o(i.main)
    i.mem_cmp                                0x000028f8   Section        0  ff.o(i.mem_cmp)
    mem_cmp                                  0x000028f9   Thumb Code    38  ff.o(i.mem_cmp)
    i.mem_cpy                                0x0000291e   Section        0  ff.o(i.mem_cpy)
    mem_cpy                                  0x0000291f   Thumb Code    46  ff.o(i.mem_cpy)
    i.mem_set                                0x0000294c   Section        0  ff.o(i.mem_set)
    mem_set                                  0x0000294d   Thumb Code    20  ff.o(i.mem_set)
    i.move_window                            0x00002960   Section        0  ff.o(i.move_window)
    move_window                              0x00002961   Thumb Code    50  ff.o(i.move_window)
    i.put_fat                                0x00002992   Section        0  ff.o(i.put_fat)
    i.putc_bfd                               0x00002ae6   Section        0  ff.o(i.putc_bfd)
    putc_bfd                                 0x00002ae7   Thumb Code    78  ff.o(i.putc_bfd)
    i.rd_dat                                 0x00002b34   Section        0  lcd.o(i.rd_dat)
    rd_dat                                   0x00002b35   Thumb Code    98  lcd.o(i.rd_dat)
    i.rd_reg                                 0x00002b9c   Section        0  lcd.o(i.rd_reg)
    rd_reg                                   0x00002b9d   Thumb Code    38  lcd.o(i.rd_reg)
    i.remove_chain                           0x00002bc8   Section        0  ff.o(i.remove_chain)
    remove_chain                             0x00002bc9   Thumb Code   108  ff.o(i.remove_chain)
    i.rtc_gettime                            0x00002c34   Section        0  mmc_sd.o(i.rtc_gettime)
    i.ssp0_init                              0x00002c78   Section        0  ssp0.o(i.ssp0_init)
    i.ssp0_send                              0x00002d30   Section        0  ssp0.o(i.ssp0_send)
    i.sync_fs                                0x00002d50   Section        0  ff.o(i.sync_fs)
    sync_fs                                  0x00002d51   Thumb Code   110  ff.o(i.sync_fs)
    i.sync_window                            0x00002dc8   Section        0  ff.o(i.sync_window)
    sync_window                              0x00002dc9   Thumb Code    76  ff.o(i.sync_window)
    i.validate                               0x00002e14   Section        0  ff.o(i.validate)
    validate                                 0x00002e15   Thumb Code    54  ff.o(i.validate)
    i.wait_delay                             0x00002e4a   Section        0  lcd.o(i.wait_delay)
    i.wr_cmd                                 0x00002e58   Section        0  lcd.o(i.wr_cmd)
    wr_cmd                                   0x00002e59   Thumb Code    44  lcd.o(i.wr_cmd)
    i.wr_dat                                 0x00002e88   Section        0  lcd.o(i.wr_dat)
    wr_dat                                   0x00002e89   Thumb Code    44  lcd.o(i.wr_dat)
    i.wr_dat_only                            0x00002eb8   Section        0  lcd.o(i.wr_dat_only)
    wr_dat_only                              0x00002eb9   Thumb Code    32  lcd.o(i.wr_dat_only)
    i.wr_dat_start                           0x00002edc   Section        0  lcd.o(i.wr_dat_start)
    wr_dat_start                             0x00002edd   Thumb Code    10  lcd.o(i.wr_dat_start)
    i.wr_dat_stop                            0x00002eec   Section        0  lcd.o(i.wr_dat_stop)
    wr_dat_stop                              0x00002eed   Thumb Code    10  lcd.o(i.wr_dat_stop)
    i.wr_reg                                 0x00002efc   Section        0  lcd.o(i.wr_reg)
    wr_reg                                   0x00002efd   Thumb Code    36  lcd.o(i.wr_reg)
    .constdata                               0x00002f24   Section     8036  lcd.o(.constdata)
    .constdata                               0x00004e88   Section       76  ff.o(.constdata)
    str                                      0x00004e88   Data          32  ff.o(.constdata)
    vst                                      0x00004ea8   Data          22  ff.o(.constdata)
    cst                                      0x00004ebe   Data          22  ff.o(.constdata)
    .conststring                             0x00004ed4   Section       35  ff.o(.conststring)
    .data                                    0x10000000   Section        4  system_lpc17xx.o(.data)
    .data                                    0x10000004   Section       10  lcd.o(.data)
    TextColor                                0x10000008   Data           2  lcd.o(.data)
    BackColor                                0x1000000a   Data           2  lcd.o(.data)
    DeviceCode                               0x1000000c   Data           2  lcd.o(.data)
    .data                                    0x1000000e   Section        2  mmc_sd.o(.data)
    Stat                                     0x1000000f   Data           1  mmc_sd.o(.data)
    .data                                    0x10000010   Section        3  ff.o(.data)
    Fsid                                     0x10000010   Data           2  ff.o(.data)
    CurrVol                                  0x10000012   Data           1  ff.o(.data)
    .bss                                     0x10000014   Section     5748  main.o(.bss)
    .bss                                     0x10001688   Section       32  ff.o(.bss)
    FatFs                                    0x10001688   Data          32  ff.o(.bss)
    STACK                                    0x100016a8   Section      512  startup_lpc17xx.o(STACK)

    Global Symbols

    Symbol Name                              Value     Ov Type        Size  Object(Section)

    BuildAttributes$$THM_ISAv4$P$D$K$B$S$PE$A:L22UL41UL21$X:L11$S22US41US21$IEEE1$IW$USESV6$~STKCKD$USESV7$~SHL$OSPACE$EBA8$MICROLIB$REQ8$PRES8$EABIv2 0x00000000   Number         0  anon$$obj.o ABSOLUTE
    __ARM_use_no_argv                        0x00000000   Number         0  main.o ABSOLUTE
    __Vectors                                0x00000000   Data           4  startup_lpc17xx.o(RESET)
    __cpp_initialize__aeabi_                  - Undefined Weak Reference
    __cxa_finalize                            - Undefined Weak Reference
    __decompress                              - Undefined Weak Reference
    _clock_init                               - Undefined Weak Reference
    _microlib_exit                            - Undefined Weak Reference
    __main                                   0x000000cd   Thumb Code     0  entry.o(.ARM.Collect$$$$00000000)
    _main_stk                                0x000000cd   Thumb Code     0  entry2.o(.ARM.Collect$$$$00000001)
    _main_scatterload                        0x000000d1   Thumb Code     0  entry5.o(.ARM.Collect$$$$00000004)
    __main_after_scatterload                 0x000000d5   Thumb Code     0  entry5.o(.ARM.Collect$$$$00000004)
    _main_clock                              0x000000d5   Thumb Code     0  entry7b.o(.ARM.Collect$$$$00000008)
    _main_cpp_init                           0x000000d5   Thumb Code     0  entry8b.o(.ARM.Collect$$$$0000000A)
    _main_init                               0x000000d5   Thumb Code     0  entry9a.o(.ARM.Collect$$$$0000000B)
    __rt_final_cpp                           0x000000dd   Thumb Code     0  entry10a.o(.ARM.Collect$$$$0000000D)
    __rt_final_exit                          0x000000dd   Thumb Code     0  entry11a.o(.ARM.Collect$$$$0000000F)
    wait                                     0x000000e1   Thumb Code     4  lcd.o(.emb_text)
    Reset_Handler                            0x000000e5   Thumb Code     4  startup_lpc17xx.o(.text)
    NMI_Handler                              0x000000e9   Thumb Code     2  startup_lpc17xx.o(.text)
    HardFault_Handler                        0x000000eb   Thumb Code     2  startup_lpc17xx.o(.text)
    MemManage_Handler                        0x000000ed   Thumb Code     2  startup_lpc17xx.o(.text)
    BusFault_Handler                         0x000000ef   Thumb Code     2  startup_lpc17xx.o(.text)
    UsageFault_Handler                       0x000000f1   Thumb Code     2  startup_lpc17xx.o(.text)
    SVC_Handler                              0x000000f3   Thumb Code     2  startup_lpc17xx.o(.text)
    DebugMon_Handler                         0x000000f5   Thumb Code     2  startup_lpc17xx.o(.text)
    PendSV_Handler                           0x000000f7   Thumb Code     2  startup_lpc17xx.o(.text)
    SysTick_Handler                          0x000000f9   Thumb Code     2  startup_lpc17xx.o(.text)
    ADC_IRQHandler                           0x000000fb   Thumb Code     0  startup_lpc17xx.o(.text)
    BOD_IRQHandler                           0x000000fb   Thumb Code     0  startup_lpc17xx.o(.text)
    CANActivity_IRQHandler                   0x000000fb   Thumb Code     0  startup_lpc17xx.o(.text)
    CAN_IRQHandler                           0x000000fb   Thumb Code     0  startup_lpc17xx.o(.text)
    DMA_IRQHandler                           0x000000fb   Thumb Code     0  startup_lpc17xx.o(.text)
    EINT0_IRQHandler                         0x000000fb   Thumb Code     0  startup_lpc17xx.o(.text)
    EINT1_IRQHandler                         0x000000fb   Thumb Code     0  startup_lpc17xx.o(.text)
    EINT2_IRQHandler                         0x000000fb   Thumb Code     0  startup_lpc17xx.o(.text)
    EINT3_IRQHandler                         0x000000fb   Thumb Code     0  startup_lpc17xx.o(.text)
    ENET_IRQHandler                          0x000000fb   Thumb Code     0  startup_lpc17xx.o(.text)
    I2C0_IRQHandler                          0x000000fb   Thumb Code     0  startup_lpc17xx.o(.text)
    I2C1_IRQHandler                          0x000000fb   Thumb Code     0  startup_lpc17xx.o(.text)
    I2C2_IRQHandler                          0x000000fb   Thumb Code     0  startup_lpc17xx.o(.text)
    I2S_IRQHandler                           0x000000fb   Thumb Code     0  startup_lpc17xx.o(.text)
    MCPWM_IRQHandler                         0x000000fb   Thumb Code     0  startup_lpc17xx.o(.text)
    PLL0_IRQHandler                          0x000000fb   Thumb Code     0  startup_lpc17xx.o(.text)
    PLL1_IRQHandler                          0x000000fb   Thumb Code     0  startup_lpc17xx.o(.text)
    PWM1_IRQHandler                          0x000000fb   Thumb Code     0  startup_lpc17xx.o(.text)
    QEI_IRQHandler                           0x000000fb   Thumb Code     0  startup_lpc17xx.o(.text)
    RIT_IRQHandler                           0x000000fb   Thumb Code     0  startup_lpc17xx.o(.text)
    RTC_IRQHandler                           0x000000fb   Thumb Code     0  startup_lpc17xx.o(.text)
    SPI_IRQHandler                           0x000000fb   Thumb Code     0  startup_lpc17xx.o(.text)
    SSP0_IRQHandler                          0x000000fb   Thumb Code     0  startup_lpc17xx.o(.text)
    SSP1_IRQHandler                          0x000000fb   Thumb Code     0  startup_lpc17xx.o(.text)
    TIMER0_IRQHandler                        0x000000fb   Thumb Code     0  startup_lpc17xx.o(.text)
    TIMER1_IRQHandler                        0x000000fb   Thumb Code     0  startup_lpc17xx.o(.text)
    TIMER2_IRQHandler                        0x000000fb   Thumb Code     0  startup_lpc17xx.o(.text)
    TIMER3_IRQHandler                        0x000000fb   Thumb Code     0  startup_lpc17xx.o(.text)
    UART0_IRQHandler                         0x000000fb   Thumb Code     0  startup_lpc17xx.o(.text)
    UART1_IRQHandler                         0x000000fb   Thumb Code     0  startup_lpc17xx.o(.text)
    UART2_IRQHandler                         0x000000fb   Thumb Code     0  startup_lpc17xx.o(.text)
    UART3_IRQHandler                         0x000000fb   Thumb Code     0  startup_lpc17xx.o(.text)
    USBActivity_IRQHandler                   0x000000fb   Thumb Code     0  startup_lpc17xx.o(.text)
    USB_IRQHandler                           0x000000fb   Thumb Code     0  startup_lpc17xx.o(.text)
    WDT_IRQHandler                           0x000000fb   Thumb Code     0  startup_lpc17xx.o(.text)
    __aeabi_memcpy                           0x00000101   Thumb Code    36  memcpya.o(.text)
    __aeabi_memcpy4                          0x00000101   Thumb Code     0  memcpya.o(.text)
    __aeabi_memcpy8                          0x00000101   Thumb Code     0  memcpya.o(.text)
    __scatterload                            0x00000125   Thumb Code    28  init.o(.text)
    __scatterload_rt2                        0x00000125   Thumb Code     0  init.o(.text)
    LCD_Clear                                0x00000149   Thumb Code    68  lcd.o(i.LCD_Clear)
    LCD_DrawPoint                            0x00000191   Thumb Code    60  lcd.o(i.LCD_DrawPoint)
    LCD_DrawPoint1                           0x000001d5   Thumb Code    60  lcd.o(i.LCD_DrawPoint1)
    LCD_SetCursor                            0x00000215   Thumb Code    66  lcd.o(i.LCD_SetCursor)
    LCD_ShowString                           0x0000025d   Thumb Code    74  lcd.o(i.LCD_ShowString)
    LCD_WriteRAM_Prepare                     0x000002a7   Thumb Code    10  lcd.o(i.LCD_WriteRAM_Prepare)
    Load_Drow_Dialog                         0x000002b1   Thumb Code    38  main.o(i.Load_Drow_Dialog)
    __scatterload_copy                       0x000002e1   Thumb Code    14  handlers.o(i.__scatterload_copy)
    __scatterload_null                       0x000002ef   Thumb Code     2  handlers.o(i.__scatterload_null)
    LCD_Init                                 0x00000301   Thumb Code  1280  lcd.o(i.LCD_Init)
    LCD_ShowChar                             0x00000801   Thumb Code   328  lcd.o(i.LCD_ShowChar)
    LCD_WindowMax                            0x00000959   Thumb Code    98  lcd.o(i.LCD_WindowMax)
    SD_GetResponse                           0x000009c1   Thumb Code    38  mmc_sd.o(i.SD_GetResponse)
    SD_Idle_Sta                              0x000009e7   Thumb Code    74  mmc_sd.o(i.SD_Idle_Sta)
    SD_Init                                  0x00000a31   Thumb Code   444  mmc_sd.o(i.SD_Init)
    SD_ReadSingleBlock                       0x00000bf5   Thumb Code    62  mmc_sd.o(i.SD_ReadSingleBlock)
    SD_ReceiveData                           0x00000c39   Thumb Code    90  mmc_sd.o(i.SD_ReceiveData)
    SD_SendCommand                           0x00000c99   Thumb Code   134  mmc_sd.o(i.SD_SendCommand)
    SD_SendCommand_NoDeassert                0x00000d25   Thumb Code   106  mmc_sd.o(i.SD_SendCommand_NoDeassert)
    SD_WriteSingleBlock                      0x00000d95   Thumb Code   194  mmc_sd.o(i.SD_WriteSingleBlock)
    SPIx_Init                                0x00000e61   Thumb Code    46  spi.o(i.SPIx_Init)
    SPIx_SetSpeed                            0x00000e9d   Thumb Code    64  ssp0.o(i.SPIx_SetSpeed)
    SystemInit                               0x00000ee5   Thumb Code   478  system_lpc17xx.o(i.SystemInit)
    __scatterload_zeroinit                   0x00001101   Thumb Code    14  handlers.o(i.__scatterload_zeroinit)
    clust2sect                               0x0000117d   Thumb Code    26  ff.o(i.clust2sect)
    disk_initialize                          0x00001725   Thumb Code    46  mmc_sd.o(i.disk_initialize)
    disk_ioctl                               0x0000175d   Thumb Code   102  mmc_sd.o(i.disk_ioctl)
    disk_read                                0x000017c9   Thumb Code    32  mmc_sd.o(i.disk_read)
    disk_status                              0x000017e9   Thumb Code    14  mmc_sd.o(i.disk_status)
    disk_write                               0x000017fd   Thumb Code    54  mmc_sd.o(i.disk_write)
    f_close                                  0x00001839   Thumb Code    32  ff.o(i.f_close)
    f_gets                                   0x00001859   Thumb Code    86  ff.o(i.f_gets)
    f_mkdir                                  0x000018af   Thumb Code   336  ff.o(i.f_mkdir)
    f_mount                                  0x00001a01   Thumb Code    86  ff.o(i.f_mount)
    f_open                                   0x00001a5d   Thumb Code   300  ff.o(i.f_open)
    f_puts                                   0x00001b89   Thumb Code    74  ff.o(i.f_puts)
    f_read                                   0x00001bd3   Thumb Code   464  ff.o(i.f_read)
    f_sync                                   0x00001da3   Thumb Code   140  ff.o(i.f_sync)
    f_write                                  0x00001e2f   Thumb Code   532  ff.o(i.f_write)
    get_fat                                  0x000023c3   Thumb Code   286  ff.o(i.get_fat)
    get_fattime                              0x000024e1   Thumb Code    60  mmc_sd.o(i.get_fattime)
    main                                     0x00002615   Thumb Code   334  main.o(i.main)
    put_fat                                  0x00002993   Thumb Code   340  ff.o(i.put_fat)
    rtc_gettime                              0x00002c35   Thumb Code    62  mmc_sd.o(i.rtc_gettime)
    ssp0_init                                0x00002c79   Thumb Code   160  ssp0.o(i.ssp0_init)
    ssp0_send                                0x00002d31   Thumb Code    26  ssp0.o(i.ssp0_send)
    wait_delay                               0x00002e4b   Thumb Code    12  lcd.o(i.wait_delay)
    Font_24x16                               0x00002f24   Data        5376  lcd.o(.constdata)
    asc2_1206                                0x00004424   Data        1140  lcd.o(.constdata)
    asc2_1608                                0x00004898   Data        1520  lcd.o(.constdata)
    Region$$Table$$Base                      0x00004ef8   Number         0  anon$$obj.o(Region$$Table)
    Region$$Table$$Limit                     0x00004f18   Number         0  anon$$obj.o(Region$$Table)
    SystemFrequency                          0x10000000   Data           4  system_lpc17xx.o(.data)
    POINT_COLOR                              0x10000004   Data           2  lcd.o(.data)
    BACK_COLOR                               0x10000006   Data           2  lcd.o(.data)
    SD_Type                                  0x1000000e   Data           1  mmc_sd.o(.data)
    jpg_buffer1                              0x10000014   Data        1024  main.o(.bss)
    file                                     0x10000414   Data        2084  main.o(.bss)
    buffer_data                              0x10000c38   Data         512  main.o(.bss)
    Fatfs                                    0x10000e38   Data        2100  main.o(.bss)
    dir                                      0x1000166c   Data          28  main.o(.bss)
    __initial_sp                             0x100018a8   Data           0  startup_lpc17xx.o(STACK)



==============================================================================

Memory Map of the image

  Image Entry point : 0x000000cd

  Load Region LR_IROM1 (Base: 0x00000000, Size: 0x00004f2c, Max: 0x00080000, ABSOLUTE)

    Execution Region ER_IROM1 (Base: 0x00000000, Size: 0x00004f18, Max: 0x00080000, ABSOLUTE)

    Base Addr    Size         Type   Attr      Idx    E Section Name        Object

    0x00000000   0x000000cc   Data   RO            3    RESET               startup_lpc17xx.o
    0x000000cc   0x00000000   Code   RO         1151  * .ARM.Collect$$$$00000000  mc_w.l(entry.o)
    0x000000cc   0x00000004   Code   RO         1158    .ARM.Collect$$$$00000001  mc_w.l(entry2.o)
    0x000000d0   0x00000004   Code   RO         1161    .ARM.Collect$$$$00000004  mc_w.l(entry5.o)
    0x000000d4   0x00000000   Code   RO         1163    .ARM.Collect$$$$00000008  mc_w.l(entry7b.o)
    0x000000d4   0x00000000   Code   RO         1165    .ARM.Collect$$$$0000000A  mc_w.l(entry8b.o)
    0x000000d4   0x00000008   Code   RO         1166    .ARM.Collect$$$$0000000B  mc_w.l(entry9a.o)
    0x000000dc   0x00000000   Code   RO         1168    .ARM.Collect$$$$0000000D  mc_w.l(entry10a.o)
    0x000000dc   0x00000000   Code   RO         1170    .ARM.Collect$$$$0000000F  mc_w.l(entry11a.o)
    0x000000dc   0x00000004   Code   RO         1159    .ARM.Collect$$$$00002712  mc_w.l(entry2.o)
    0x000000e0   0x00000004   Code   RO          168    .emb_text           lcd.o
    0x000000e4   0x0000001c   Code   RO            5    .text               startup_lpc17xx.o
    0x00000100   0x00000024   Code   RO         1154    .text               mc_w.l(memcpya.o)
    0x00000124   0x00000024   Code   RO         1172    .text               mc_w.l(init.o)
    0x00000148   0x00000048   Code   RO          172    i.LCD_Clear         lcd.o
    0x00000190   0x00000044   Code   RO          178    i.LCD_DrawPoint     lcd.o
    0x000001d4   0x00000040   Code   RO          179    i.LCD_DrawPoint1    lcd.o
    0x00000214   0x00000048   Code   RO          185    i.LCD_SetCursor     lcd.o
    0x0000025c   0x0000004a   Code   RO          190    i.LCD_ShowString    lcd.o
    0x000002a6   0x0000000a   Code   RO          192    i.LCD_WriteRAM_Prepare  lcd.o
    0x000002b0   0x00000030   Code   RO           60    i.Load_Drow_Dialog  main.o
    0x000002e0   0x0000000e   Code   RO         1176    i.__scatterload_copy  mc_w.l(handlers.o)
    0x000002ee   0x00000002   Code   RO         1177    i.__scatterload_null  mc_w.l(handlers.o)
    0x000002f0   0x00000008   Code   RO          791    i.st_clust          ff.o
    0x000002f8   0x00000004   PAD
    0x000002fc   0x00000004   Code   RO            4    .ARM.__at_0x02FC    startup_lpc17xx.o
    0x00000300   0x00000500   Code   RO          182    i.LCD_Init          lcd.o
    0x00000800   0x00000158   Code   RO          188    i.LCD_ShowChar      lcd.o
    0x00000958   0x00000068   Code   RO          191    i.LCD_WindowMax     lcd.o
    0x000009c0   0x00000026   Code   RO          581    i.SD_GetResponse    mmc_sd.o
    0x000009e6   0x0000004a   Code   RO          582    i.SD_Idle_Sta       mmc_sd.o
    0x00000a30   0x000001c4   Code   RO          583    i.SD_Init           mmc_sd.o
    0x00000bf4   0x00000044   Code   RO          585    i.SD_ReadSingleBlock  mmc_sd.o
    0x00000c38   0x00000060   Code   RO          587    i.SD_ReceiveData    mmc_sd.o
    0x00000c98   0x0000008c   Code   RO          588    i.SD_SendCommand    mmc_sd.o
    0x00000d24   0x00000070   Code   RO          589    i.SD_SendCommand_NoDeassert  mmc_sd.o
    0x00000d94   0x000000cc   Code   RO          592    i.SD_WriteSingleBlock  mmc_sd.o
    0x00000e60   0x0000003c   Code   RO          466    i.SPIx_Init         spi.o
    0x00000e9c   0x00000048   Code   RO          421    i.SPIx_SetSpeed     ssp0.o
    0x00000ee4   0x0000021c   Code   RO           15    i.SystemInit        system_lpc17xx.o
    0x00001100   0x0000000e   Code   RO         1178    i.__scatterload_zeroinit  mc_w.l(handlers.o)
    0x0000110e   0x00000002   PAD
    0x00001110   0x00000058   Code   RO          738    i.check_fs          ff.o
    0x00001168   0x00000014   Code   RO          739    i.chk_chr           ff.o
    0x0000117c   0x0000001a   Code   RO          740    i.clust2sect        ff.o
    0x00001196   0x000000d6   Code   RO          741    i.create_chain      ff.o
    0x0000126c   0x000001b4   Code   RO          742    i.create_name       ff.o
    0x00001420   0x0000000e   Code   RO          193    i.delay             lcd.o
    0x0000142e   0x0000005c   Code   RO          743    i.dir_alloc         ff.o
    0x0000148a   0x0000005c   Code   RO          744    i.dir_find          ff.o
    0x000014e6   0x0000013c   Code   RO          745    i.dir_next          ff.o
    0x00001622   0x0000003a   Code   RO          747    i.dir_register      ff.o
    0x0000165c   0x000000c8   Code   RO          749    i.dir_sdi           ff.o
    0x00001724   0x00000038   Code   RO          593    i.disk_initialize   mmc_sd.o
    0x0000175c   0x0000006c   Code   RO          594    i.disk_ioctl        mmc_sd.o
    0x000017c8   0x00000020   Code   RO          595    i.disk_read         mmc_sd.o
    0x000017e8   0x00000014   Code   RO          596    i.disk_status       mmc_sd.o
    0x000017fc   0x0000003c   Code   RO          597    i.disk_write        mmc_sd.o
    0x00001838   0x00000020   Code   RO          753    i.f_close           ff.o
    0x00001858   0x00000056   Code   RO          758    i.f_gets            ff.o
    0x000018ae   0x00000150   Code   RO          760    i.f_mkdir           ff.o
    0x000019fe   0x00000002   PAD
    0x00001a00   0x0000005c   Code   RO          762    i.f_mount           ff.o
    0x00001a5c   0x0000012c   Code   RO          763    i.f_open            ff.o
    0x00001b88   0x0000004a   Code   RO          767    i.f_puts            ff.o
    0x00001bd2   0x000001d0   Code   RO          768    i.f_read            ff.o
    0x00001da2   0x0000008c   Code   RO          773    i.f_sync            ff.o
    0x00001e2e   0x00000214   Code   RO          777    i.f_write           ff.o
    0x00002042   0x00000002   PAD
    0x00002044   0x000002d0   Code   RO          778    i.find_volume       ff.o
    0x00002314   0x000000ae   Code   RO          779    i.follow_path       ff.o
    0x000023c2   0x0000011e   Code   RO          780    i.get_fat           ff.o
    0x000024e0   0x0000003c   Code   RO          598    i.get_fattime       mmc_sd.o
    0x0000251c   0x000000a8   Code   RO          782    i.get_ldnumber      ff.o
    0x000025c4   0x0000003c   Code   RO          194    i.lcd_send          lcd.o
    0x00002600   0x00000012   Code   RO          783    i.ld_clust          ff.o
    0x00002612   0x00000002   PAD
    0x00002614   0x000002e4   Code   RO           61    i.main              main.o
    0x000028f8   0x00000026   Code   RO          784    i.mem_cmp           ff.o
    0x0000291e   0x0000002e   Code   RO          785    i.mem_cpy           ff.o
    0x0000294c   0x00000014   Code   RO          786    i.mem_set           ff.o
    0x00002960   0x00000032   Code   RO          787    i.move_window       ff.o
    0x00002992   0x00000154   Code   RO          788    i.put_fat           ff.o
    0x00002ae6   0x0000004e   Code   RO          789    i.putc_bfd          ff.o
    0x00002b34   0x00000068   Code   RO          196    i.rd_dat            lcd.o
    0x00002b9c   0x0000002c   Code   RO          197    i.rd_reg            lcd.o
    0x00002bc8   0x0000006c   Code   RO          790    i.remove_chain      ff.o
    0x00002c34   0x00000044   Code   RO          599    i.rtc_gettime       mmc_sd.o
    0x00002c78   0x000000b8   Code   RO          422    i.ssp0_init         ssp0.o
    0x00002d30   0x00000020   Code   RO          423    i.ssp0_send         ssp0.o
    0x00002d50   0x00000078   Code   RO          792    i.sync_fs           ff.o
    0x00002dc8   0x0000004c   Code   RO          793    i.sync_window       ff.o
    0x00002e14   0x00000036   Code   RO          794    i.validate          ff.o
    0x00002e4a   0x0000000c   Code   RO          198    i.wait_delay        lcd.o
    0x00002e56   0x00000002   PAD
    0x00002e58   0x00000030   Code   RO          199    i.wr_cmd            lcd.o
    0x00002e88   0x00000030   Code   RO          200    i.wr_dat            lcd.o
    0x00002eb8   0x00000024   Code   RO          201    i.wr_dat_only       lcd.o
    0x00002edc   0x00000010   Code   RO          202    i.wr_dat_start      lcd.o
    0x00002eec   0x00000010   Code   RO          203    i.wr_dat_stop       lcd.o
    0x00002efc   0x00000028   Code   RO          204    i.wr_reg            lcd.o
    0x00002f24   0x00001f64   Data   RO          205    .constdata          lcd.o
    0x00004e88   0x0000004c   Data   RO          796    .constdata          ff.o
    0x00004ed4   0x00000023   Data   RO          797    .conststring        ff.o
    0x00004ef7   0x00000001   PAD
    0x00004ef8   0x00000020   Data   RO         1174    Region$$Table       anon$$obj.o


    Execution Region RW_IRAM1 (Base: 0x10000000, Size: 0x000018a8, Max: 0x00008000, ABSOLUTE)

    Base Addr    Size         Type   Attr      Idx    E Section Name        Object

    0x10000000   0x00000004   Data   RW           16    .data               system_lpc17xx.o
    0x10000004   0x0000000a   Data   RW          206    .data               lcd.o
    0x1000000e   0x00000002   Data   RW          600    .data               mmc_sd.o
    0x10000010   0x00000003   Data   RW          798    .data               ff.o
    0x10000013   0x00000001   PAD
    0x10000014   0x00001674   Zero   RW           63    .bss                main.o
    0x10001688   0x00000020   Zero   RW          795    .bss                ff.o
    0x100016a8   0x00000200   Zero   RW            1    STACK               startup_lpc17xx.o


==============================================================================

Image component sizes


      Code (inc. data)   RO Data    RW Data    ZI Data      Debug   Object Name

      5902         64        111          3         32      33479   ff.o
      2530         96       8036         10          0      12784   lcd.o
       788        416          0          0       5748       7543   main.o
      1588         92          0          2          0      10226   mmc_sd.o
        60         14          0          0          0        404   spi.o
       288         44          0          0          0       1356   ssp0.o
        32          8        204          0        512        964   startup_lpc17xx.o
       540         62          0          4          0       4975   system_lpc17xx.o

    ----------------------------------------------------------------------
     11740        796       8384         20       6292      71731   Object Totals
         0          0         32          0          0          0   (incl. Generated)
        12          0          1          1          0          0   (incl. Padding)

    ----------------------------------------------------------------------

      Code (inc. data)   RO Data    RW Data    ZI Data      Debug   Library Member Name

         0          0          0          0          0          0   entry.o
         0          0          0          0          0          0   entry10a.o
         0          0          0          0          0          0   entry11a.o
         8          4          0          0          0          0   entry2.o
         4          0          0          0          0          0   entry5.o
         0          0          0          0          0          0   entry7b.o
         0          0          0          0          0          0   entry8b.o
         8          4          0          0          0          0   entry9a.o
        30          0          0          0          0          0   handlers.o
        36          8          0          0          0         68   init.o
        36          0          0          0          0         68   memcpya.o

    ----------------------------------------------------------------------
       124         16          0          0          0        136   Library Totals
         2          0          0          0          0          0   (incl. Padding)

    ----------------------------------------------------------------------

      Code (inc. data)   RO Data    RW Data    ZI Data      Debug   Library Name

       122         16          0          0          0        136   mc_w.l

    ----------------------------------------------------------------------
       124         16          0          0          0        136   Library Totals

    ----------------------------------------------------------------------

==============================================================================


      Code (inc. data)   RO Data    RW Data    ZI Data      Debug   

     11864        812       8384         20       6292      67915   Grand Totals
     11864        812       8384         20       6292      67915   ELF Image Totals
     11864        812       8384         20          0          0   ROM Totals

==============================================================================

    Total RO  Size (Code + RO Data)                20248 (  19.77kB)
    Total RW  Size (RW Data + ZI Data)              6312 (   6.16kB)
    Total ROM Size (Code + RO Data + RW Data)      20268 (  19.79kB)

==============================================================================

