ARM Linker, 5.03 [Build 76] [MDK-ARM Standard]

==============================================================================

Section Cross References

    startup_lpc17xx.o(RESET) refers to startup_lpc17xx.o(STACK) for __initial_sp
    startup_lpc17xx.o(RESET) refers to startup_lpc17xx.o(.text) for Reset_Handler
    startup_lpc17xx.o(.text) refers to entry.o(.ARM.Collect$$$$00000000) for __main
    system_lpc17xx.o(i.SystemInit) refers to system_lpc17xx.o(.data) for SystemFrequency
    main.o(i.Load_Drow_Dialog) refers to lcd.o(i.LCD_Clear) for LCD_Clear
    main.o(i.Load_Drow_Dialog) refers to lcd.o(i.LCD_ShowString) for LCD_ShowString
    main.o(i.Load_Drow_Dialog) refers to lcd.o(.data) for POINT_COLOR
    main.o(i.main) refers to system_lpc17xx.o(i.SystemInit) for SystemInit
    main.o(i.main) refers to spi.o(i.SPIx_Init) for SPIx_Init
    main.o(i.main) refers to ssp0.o(i.ssp0_init) for ssp0_init
    main.o(i.main) refers to spi.o(i.SPI_Flash_ReadID) for SPI_Flash_ReadID
    main.o(i.main) refers to lcd.o(i.LCD_Init) for LCD_Init
    main.o(i.main) refers to main.o(i.Load_Drow_Dialog) for Load_Drow_Dialog
    main.o(i.main) refers to fontupd.o(i.Font_Init) for Font_Init
    main.o(i.main) refers to lcd.o(i.LCD_Clear) for LCD_Clear
    main.o(i.main) refers to lcd.o(i.LCD_ShowString) for LCD_ShowString
    main.o(i.main) refers to text.o(i.Show_Str) for Show_Str
    main.o(i.main) refers to mmc_sd.o(i.disk_initialize) for disk_initialize
    main.o(i.main) refers to mmc_sd.o(i.SD_Init) for SD_Init
    main.o(i.main) refers to delay.o(i.delay_ms) for delay_ms
    main.o(i.main) refers to fat.o(i.FAT_Init) for FAT_Init
    main.o(i.main) refers to fat.o(i.F_Search) for F_Search
    main.o(i.main) refers to memcpya.o(.text) for __aeabi_memcpy4
    main.o(i.main) refers to fat.o(i.Get_File_Info) for Get_File_Info
    main.o(i.main) refers to jpegdecode.o(i.GetFileName) for GetFileName
    main.o(i.main) refers to main.o(.data) for FLASH_ID
    main.o(i.main) refers to lcd.o(.data) for POINT_COLOR
    main.o(i.main) refers to mmc_sd.o(.data) for SD_Type
    main.o(i.main) refers to fat.o(.data) for FAT32_Enable
    main.o(i.main) refers to fontupd.o(.data) for PIC_Cluster
    main.o(.data) refers to main.o(.conststring) for .conststring
    lcd.o(i.Draw_Circle) refers to lcd.o(i.LCD_DrawPoint) for LCD_DrawPoint
    lcd.o(i.LCD_Bargraph) refers to lcd.o(i.wr_reg) for wr_reg
    lcd.o(i.LCD_Bargraph) refers to lcd.o(i.LCD_SetCursor) for LCD_SetCursor
    lcd.o(i.LCD_Bargraph) refers to lcd.o(i.wr_cmd) for wr_cmd
    lcd.o(i.LCD_Bargraph) refers to lcd.o(i.wr_dat_start) for wr_dat_start
    lcd.o(i.LCD_Bargraph) refers to lcd.o(i.wr_dat_only) for wr_dat_only
    lcd.o(i.LCD_Bargraph) refers to lcd.o(i.wr_dat_stop) for wr_dat_stop
    lcd.o(i.LCD_Bargraph) refers to lcd.o(.data) for BackColor
    lcd.o(i.LCD_Bmp) refers to lcd.o(i.LCD_WindowMax) for LCD_WindowMax
    lcd.o(i.LCD_Bmp) refers to lcd.o(i.LCD_SetCursor) for LCD_SetCursor
    lcd.o(i.LCD_Bmp) refers to lcd.o(i.wr_cmd) for wr_cmd
    lcd.o(i.LCD_Bmp) refers to lcd.o(i.wr_dat_start) for wr_dat_start
    lcd.o(i.LCD_Bmp) refers to lcd.o(i.wr_dat_only) for wr_dat_only
    lcd.o(i.LCD_Bmp) refers to lcd.o(i.wr_dat_stop) for wr_dat_stop
    lcd.o(i.LCD_Clear) refers to lcd.o(i.LCD_WindowMax) for LCD_WindowMax
    lcd.o(i.LCD_Clear) refers to lcd.o(i.LCD_SetCursor) for LCD_SetCursor
    lcd.o(i.LCD_Clear) refers to lcd.o(i.wr_cmd) for wr_cmd
    lcd.o(i.LCD_Clear) refers to lcd.o(i.wr_dat_start) for wr_dat_start
    lcd.o(i.LCD_Clear) refers to lcd.o(i.wr_dat_only) for wr_dat_only
    lcd.o(i.LCD_Clear) refers to lcd.o(i.wr_dat_stop) for wr_dat_stop
    lcd.o(i.LCD_ClearLn) refers to lcd.o(i.LCD_WindowMax) for LCD_WindowMax
    lcd.o(i.LCD_ClearLn) refers to lcd.o(i.LCD_DisplayString) for LCD_DisplayString
    lcd.o(i.LCD_DisplayChar) refers to lcd.o(i.LCD_DrawChar) for LCD_DrawChar
    lcd.o(i.LCD_DisplayChar) refers to lcd.o(.constdata) for Font_24x16
    lcd.o(i.LCD_DisplayString) refers to lcd.o(i.LCD_WindowMax) for LCD_WindowMax
    lcd.o(i.LCD_DisplayString) refers to lcd.o(i.LCD_DisplayChar) for LCD_DisplayChar
    lcd.o(i.LCD_DrawChar) refers to lcd.o(i.LCD_WindowMax) for LCD_WindowMax
    lcd.o(i.LCD_DrawChar) refers to lcd.o(i.LCD_SetCursor) for LCD_SetCursor
    lcd.o(i.LCD_DrawChar) refers to lcd.o(i.wr_cmd) for wr_cmd
    lcd.o(i.LCD_DrawChar) refers to lcd.o(i.wr_dat_start) for wr_dat_start
    lcd.o(i.LCD_DrawChar) refers to lcd.o(i.wr_dat_only) for wr_dat_only
    lcd.o(i.LCD_DrawChar) refers to lcd.o(i.wr_dat_stop) for wr_dat_stop
    lcd.o(i.LCD_DrawChar) refers to lcd.o(.data) for BackColor
    lcd.o(i.LCD_DrawLine) refers to lcd.o(i.LCD_DrawPoint) for LCD_DrawPoint
    lcd.o(i.LCD_DrawPoint) refers to lcd.o(i.LCD_WindowMax) for LCD_WindowMax
    lcd.o(i.LCD_DrawPoint) refers to lcd.o(i.LCD_SetCursor) for LCD_SetCursor
    lcd.o(i.LCD_DrawPoint) refers to lcd.o(i.wr_cmd) for wr_cmd
    lcd.o(i.LCD_DrawPoint) refers to lcd.o(i.wr_dat_start) for wr_dat_start
    lcd.o(i.LCD_DrawPoint) refers to lcd.o(i.wr_dat_only) for wr_dat_only
    lcd.o(i.LCD_DrawPoint) refers to lcd.o(i.wr_dat_stop) for wr_dat_stop
    lcd.o(i.LCD_DrawPoint) refers to lcd.o(.data) for POINT_COLOR
    lcd.o(i.LCD_DrawPoint1) refers to lcd.o(i.LCD_WindowMax) for LCD_WindowMax
    lcd.o(i.LCD_DrawPoint1) refers to lcd.o(i.LCD_SetCursor) for LCD_SetCursor
    lcd.o(i.LCD_DrawPoint1) refers to lcd.o(i.wr_cmd) for wr_cmd
    lcd.o(i.LCD_DrawPoint1) refers to lcd.o(i.wr_dat_start) for wr_dat_start
    lcd.o(i.LCD_DrawPoint1) refers to lcd.o(i.wr_dat_only) for wr_dat_only
    lcd.o(i.LCD_DrawPoint1) refers to lcd.o(i.wr_dat_stop) for wr_dat_stop
    lcd.o(i.LCD_DrawRectangle) refers to lcd.o(i.LCD_DrawLine) for LCD_DrawLine
    lcd.o(i.LCD_Fill) refers to lcd.o(i.wr_reg) for wr_reg
    lcd.o(i.LCD_Fill) refers to lcd.o(i.LCD_SetCursor) for LCD_SetCursor
    lcd.o(i.LCD_Fill) refers to lcd.o(i.LCD_WriteRAM_Prepare) for LCD_WriteRAM_Prepare
    lcd.o(i.LCD_Fill) refers to lcd.o(i.wr_dat_start) for wr_dat_start
    lcd.o(i.LCD_Fill) refers to lcd.o(i.wr_dat_only) for wr_dat_only
    lcd.o(i.LCD_Init) refers to lcd.o(i.delay) for delay
    lcd.o(i.LCD_Init) refers to lcd.o(i.rd_reg) for rd_reg
    lcd.o(i.LCD_Init) refers to lcd.o(i.wr_reg) for wr_reg
    lcd.o(i.LCD_Init) refers to lcd.o(.data) for DeviceCode
    lcd.o(i.LCD_PutPixel) refers to lcd.o(i.LCD_SetCursor) for LCD_SetCursor
    lcd.o(i.LCD_PutPixel) refers to lcd.o(i.wr_cmd) for wr_cmd
    lcd.o(i.LCD_PutPixel) refers to lcd.o(i.wr_dat) for wr_dat
    lcd.o(i.LCD_PutPixel) refers to lcd.o(.data) for TextColor
    lcd.o(i.LCD_SetBackColor) refers to lcd.o(.data) for BackColor
    lcd.o(i.LCD_SetCursor) refers to lcd.o(i.wr_reg) for wr_reg
    lcd.o(i.LCD_SetCursor) refers to lcd.o(.data) for DeviceCode
    lcd.o(i.LCD_SetTextColor) refers to lcd.o(.data) for TextColor
    lcd.o(i.LCD_Show2Num) refers to lcd.o(i.mypow) for mypow
    lcd.o(i.LCD_Show2Num) refers to lcd.o(i.LCD_ShowChar) for LCD_ShowChar
    lcd.o(i.LCD_ShowChar) refers to lcd.o(i.wr_reg) for wr_reg
    lcd.o(i.LCD_ShowChar) refers to lcd.o(i.LCD_SetCursor) for LCD_SetCursor
    lcd.o(i.LCD_ShowChar) refers to lcd.o(i.LCD_WriteRAM_Prepare) for LCD_WriteRAM_Prepare
    lcd.o(i.LCD_ShowChar) refers to lcd.o(i.LCD_DrawPoint1) for LCD_DrawPoint1
    lcd.o(i.LCD_ShowChar) refers to lcd.o(i.LCD_DrawPoint) for LCD_DrawPoint
    lcd.o(i.LCD_ShowChar) refers to lcd.o(.constdata) for asc2_1206
    lcd.o(i.LCD_ShowChar) refers to lcd.o(.data) for POINT_COLOR
    lcd.o(i.LCD_ShowNum) refers to lcd.o(i.mypow) for mypow
    lcd.o(i.LCD_ShowNum) refers to lcd.o(i.LCD_ShowChar) for LCD_ShowChar
    lcd.o(i.LCD_ShowString) refers to lcd.o(i.LCD_Clear) for LCD_Clear
    lcd.o(i.LCD_ShowString) refers to lcd.o(i.LCD_ShowChar) for LCD_ShowChar
    lcd.o(i.LCD_WindowMax) refers to lcd.o(i.wr_reg) for wr_reg
    lcd.o(i.LCD_WindowMax) refers to lcd.o(.data) for DeviceCode
    lcd.o(i.LCD_WriteRAM_Prepare) refers to lcd.o(i.wr_cmd) for wr_cmd
    lcd.o(i.lcd_send) refers to lcd.o(.emb_text) for wait
    lcd.o(i.rd_dat) refers to lcd.o(i.wait_delay) for wait_delay
    lcd.o(i.rd_reg) refers to lcd.o(i.wr_cmd) for wr_cmd
    lcd.o(i.rd_reg) refers to lcd.o(i.rd_dat) for rd_dat
    lcd.o(i.wr_cmd) refers to lcd.o(i.lcd_send) for lcd_send
    lcd.o(i.wr_cmd) refers to lcd.o(.emb_text) for wait
    lcd.o(i.wr_dat) refers to lcd.o(i.lcd_send) for lcd_send
    lcd.o(i.wr_dat) refers to lcd.o(.emb_text) for wait
    lcd.o(i.wr_dat_only) refers to lcd.o(i.lcd_send) for lcd_send
    lcd.o(i.wr_dat_only) refers to lcd.o(.emb_text) for wait
    lcd.o(i.wr_reg) refers to lcd.o(i.wr_cmd) for wr_cmd
    lcd.o(i.wr_reg) refers to lcd.o(i.wr_dat) for wr_dat
    spi.o(i.SPI_FLASH_PageErase) refers to spi.o(i.SPI_FLASH_Write_Enable) for SPI_FLASH_Write_Enable
    spi.o(i.SPI_FLASH_PageErase) refers to spi.o(i.SPIx_ReadWriteByte) for SPIx_ReadWriteByte
    spi.o(i.SPI_FLASH_PageErase) refers to spi.o(i.SPI_Flash_Wait_Busy) for SPI_Flash_Wait_Busy
    spi.o(i.SPI_FLASH_Write_Disable) refers to spi.o(i.SPIx_ReadWriteByte) for SPIx_ReadWriteByte
    spi.o(i.SPI_FLASH_Write_Enable) refers to spi.o(i.SPIx_ReadWriteByte) for SPIx_ReadWriteByte
    spi.o(i.SPI_Flash_Erase_Sector) refers to spi.o(i.SPI_FLASH_Write_Enable) for SPI_FLASH_Write_Enable
    spi.o(i.SPI_Flash_Erase_Sector) refers to spi.o(i.SPIx_ReadWriteByte) for SPIx_ReadWriteByte
    spi.o(i.SPI_Flash_Erase_Sector) refers to spi.o(i.SPI_Flash_Wait_Busy) for SPI_Flash_Wait_Busy
    spi.o(i.SPI_Flash_PowerDown) refers to spi.o(i.SPIx_ReadWriteByte) for SPIx_ReadWriteByte
    spi.o(i.SPI_Flash_PowerDown) refers to spi.o(i.delay_us) for delay_us
    spi.o(i.SPI_Flash_Read) refers to spi.o(i.SPIx_ReadWriteByte) for SPIx_ReadWriteByte
    spi.o(i.SPI_Flash_ReadID) refers to spi.o(i.SPIx_ReadWriteByte) for SPIx_ReadWriteByte
    spi.o(i.SPI_Flash_ReadSR) refers to spi.o(i.SPIx_ReadWriteByte) for SPIx_ReadWriteByte
    spi.o(i.SPI_Flash_WAKEUP) refers to spi.o(i.SPIx_ReadWriteByte) for SPIx_ReadWriteByte
    spi.o(i.SPI_Flash_WAKEUP) refers to spi.o(i.delay_us) for delay_us
    spi.o(i.SPI_Flash_Wait_Busy) refers to spi.o(i.SPI_Flash_ReadSR) for SPI_Flash_ReadSR
    spi.o(i.SPI_Flash_Write) refers to spi.o(i.SPI_Flash_Read) for SPI_Flash_Read
    spi.o(i.SPI_Flash_Write) refers to spi.o(i.SPI_Flash_Erase_Sector) for SPI_Flash_Erase_Sector
    spi.o(i.SPI_Flash_Write) refers to spi.o(i.SPI_Flash_Write_NoCheck) for SPI_Flash_Write_NoCheck
    spi.o(i.SPI_Flash_Write) refers to spi.o(.bss) for SPI_FLASH_BUF
    spi.o(i.SPI_Flash_Write_NoCheck) refers to spi.o(i.SPI_Flash_Write_Page) for SPI_Flash_Write_Page
    spi.o(i.SPI_Flash_Write_Page) refers to spi.o(i.SPI_FLASH_Write_Enable) for SPI_FLASH_Write_Enable
    spi.o(i.SPI_Flash_Write_Page) refers to spi.o(i.SPIx_ReadWriteByte) for SPIx_ReadWriteByte
    spi.o(i.SPI_Flash_Write_Page) refers to spi.o(i.SPI_Flash_Wait_Busy) for SPI_Flash_Wait_Busy
    fat.o(i.CopyDirentruyItem) refers to fat.o(i.FileType_Tell) for FileType_Tell
    fat.o(i.CopyDirentruyItem) refers to untogb.o(i.UniToGB) for UniToGB
    fat.o(i.CopyDirentruyItem) refers to fat.o(.data) for FAT32_Enable
    fat.o(i.CopyDirentruyItem) refers to fat.o(.bss) for LongNameBuffer
    fat.o(i.Copy_Fat_Table) refers to fat.o(i.FAT_NextCluster) for FAT_NextCluster
    fat.o(i.Copy_Fat_Table) refers to fat.o(.bss) for FAT_TAB
    fat.o(i.Copy_Fat_Table) refers to fat.o(.data) for FAT32_Enable
    fat.o(i.FAT_Init) refers to mmc_sd.o(i.SD_GetCapacity) for SD_GetCapacity
    fat.o(i.FAT_Init) refers to mmc_sd.o(i.SD_ReadSingleBlock) for SD_ReadSingleBlock
    fat.o(i.FAT_Init) refers to fat.o(.bss) for fat_buffer
    fat.o(i.FAT_Init) refers to fat.o(.data) for FAT32_Enable
    fat.o(i.FAT_NextCluster) refers to mmc_sd.o(i.SD_ReadSingleBlock) for SD_ReadSingleBlock
    fat.o(i.FAT_NextCluster) refers to fat.o(.data) for FAT32_Enable
    fat.o(i.FAT_NextCluster) refers to fat.o(.bss) for fat_buffer
    fat.o(i.F_Read) refers to fat.o(i.fatClustToSect) for fatClustToSect
    fat.o(i.F_Read) refers to mmc_sd.o(i.SD_ReadSingleBlock) for SD_ReadSingleBlock
    fat.o(i.F_Read) refers to fat.o(i.FAT_NextCluster) for FAT_NextCluster
    fat.o(i.F_Read) refers to fat.o(.data) for SectorsPerClust
    fat.o(i.F_Search) refers to mmc_sd.o(i.SD_ReadSingleBlock) for SD_ReadSingleBlock
    fat.o(i.F_Search) refers to memcpya.o(.text) for __aeabi_memcpy4
    fat.o(i.F_Search) refers to fat.o(i.CopyDirentruyItem) for CopyDirentruyItem
    fat.o(i.F_Search) refers to fat.o(i.mystrcmp) for mystrcmp
    fat.o(i.F_Search) refers to fat.o(i.fatClustToSect) for fatClustToSect
    fat.o(i.F_Search) refers to fat.o(i.FAT_NextCluster) for FAT_NextCluster
    fat.o(i.F_Search) refers to fat.o(.data) for FAT32_Enable
    fat.o(i.F_Search) refers to fat.o(.bss) for fat_buffer
    fat.o(i.F_Write) refers to fat.o(i.fatClustToSect) for fatClustToSect
    fat.o(i.F_Write) refers to mmc_sd.o(i.SD_WriteSingleBlock) for SD_WriteSingleBlock
    fat.o(i.F_Write) refers to fat.o(i.FAT_NextCluster) for FAT_NextCluster
    fat.o(i.F_Write) refers to fat.o(.data) for SectorsPerClust
    fat.o(i.FatTab_Next_Cluster) refers to fat.o(i.Copy_Fat_Table) for Copy_Fat_Table
    fat.o(i.FatTab_Next_Cluster) refers to fat.o(.bss) for FAT_TAB
    fat.o(i.FatTab_Prev_Cluster) refers to fat.o(i.Copy_Fat_Table) for Copy_Fat_Table
    fat.o(i.FatTab_Prev_Cluster) refers to fat.o(.bss) for FAT_TAB
    fat.o(i.FileType_Tell) refers to fat.o(.data) for filetype
    fat.o(i.Get_File_Info) refers to mmc_sd.o(i.SD_ReadSingleBlock) for SD_ReadSingleBlock
    fat.o(i.Get_File_Info) refers to fat.o(i.FileType_Tell) for FileType_Tell
    fat.o(i.Get_File_Info) refers to fat.o(i.CopyDirentruyItem) for CopyDirentruyItem
    fat.o(i.Get_File_Info) refers to fat.o(i.fatClustToSect) for fatClustToSect
    fat.o(i.Get_File_Info) refers to fat.o(i.FAT_NextCluster) for FAT_NextCluster
    fat.o(i.Get_File_Info) refers to fat.o(.data) for LongNameFlag
    fat.o(i.Get_File_Info) refers to fat.o(.bss) for fat_buffer
    fat.o(i.fatClustToSect) refers to fat.o(.data) for SectorsPerClust
    fat.o(.data) refers to fat.o(.conststring) for .conststring
    text.o(i.Get_HzMat) refers to spi.o(i.SPI_Flash_Read) for SPI_Flash_Read
    text.o(i.Get_HzMat) refers to fontupd.o(.data) for FONT16ADDR
    text.o(i.Show_Font) refers to text.o(i.Get_HzMat) for Get_HzMat
    text.o(i.Show_Font) refers to lcd.o(i.LCD_DrawPoint) for LCD_DrawPoint
    text.o(i.Show_Font) refers to lcd.o(.data) for POINT_COLOR
    text.o(i.Show_Str) refers to lcd.o(i.LCD_ShowChar) for LCD_ShowChar
    text.o(i.Show_Str) refers to text.o(i.Show_Font) for Show_Font
    text.o(i.Show_Str_Mid) refers to text.o(i.my_strlen) for my_strlen
    text.o(i.Show_Str_Mid) refers to text.o(i.Show_Str) for Show_Str
    fontupd.o(i.Font_Init) refers to spi.o(i.SPI_Flash_Read) for SPI_Flash_Read
    fontupd.o(i.Font_Init) refers to fontupd.o(.data) for UNI2GBKADDR
    fontupd.o(i.PIC_Display) refers to fat.o(i.F_Search) for F_Search
    fontupd.o(i.PIC_Display) refers to memcpya.o(.text) for __aeabi_memcpy4
    fontupd.o(i.PIC_Display) refers to text.o(i.Show_Str) for Show_Str
    fontupd.o(i.PIC_Display) refers to delay.o(i.delay_ms) for delay_ms
    fontupd.o(i.PIC_Display) refers to fat.o(.data) for FAT32_Enable
    fontupd.o(i.PIC_Display) refers to fontupd.o(.data) for folder
    fontupd.o(.data) refers to fontupd.o(.conststring) for .conststring
    jpegdecode.o(i.GetFileName) refers to jpegdecode.o(.bss) for PICINFO
    jpegdecode.o(i.GetFileName) refers to jpegdecode.o(.data) for CurFile
    untogb.o(i.UniToGB) refers to untogb.o(i.UnicodeToGBK) for UnicodeToGBK
    untogb.o(i.UnicodeToGBK) refers to spi.o(i.SPI_Flash_Read) for SPI_Flash_Read
    untogb.o(i.UnicodeToGBK) refers to fontupd.o(.data) for UNI2GBKADDR
    mmc_sd.o(i.MSD_ReadBuffer) refers to mmc_sd.o(i.SD_SendCommand_NoDeassert) for SD_SendCommand_NoDeassert
    mmc_sd.o(i.MSD_ReadBuffer) refers to mmc_sd.o(i.SD_ReceiveData) for SD_ReceiveData
    mmc_sd.o(i.MSD_ReadBuffer) refers to ssp0.o(i.ssp0_send) for ssp0_send
    mmc_sd.o(i.MSD_ReadBuffer) refers to mmc_sd.o(.data) for SD_Type
    mmc_sd.o(i.MSD_WriteBuffer) refers to mmc_sd.o(i.SD_SendCommand_NoDeassert) for SD_SendCommand_NoDeassert
    mmc_sd.o(i.MSD_WriteBuffer) refers to ssp0.o(i.ssp0_send) for ssp0_send
    mmc_sd.o(i.MSD_WriteBuffer) refers to mmc_sd.o(i.SD_WaitDataReady) for SD_WaitDataReady
    mmc_sd.o(i.MSD_WriteBuffer) refers to mmc_sd.o(.data) for SD_Type
    mmc_sd.o(i.SD_GetCID) refers to mmc_sd.o(i.SD_SendCommand) for SD_SendCommand
    mmc_sd.o(i.SD_GetCID) refers to mmc_sd.o(i.SD_ReceiveData) for SD_ReceiveData
    mmc_sd.o(i.SD_GetCSD) refers to mmc_sd.o(i.SD_SendCommand) for SD_SendCommand
    mmc_sd.o(i.SD_GetCSD) refers to mmc_sd.o(i.SD_ReceiveData) for SD_ReceiveData
    mmc_sd.o(i.SD_GetCapacity) refers to mmc_sd.o(i.SD_GetCSD) for SD_GetCSD
    mmc_sd.o(i.SD_GetResponse) refers to ssp0.o(i.ssp0_send) for ssp0_send
    mmc_sd.o(i.SD_Idle_Sta) refers to ssp0.o(i.ssp0_send) for ssp0_send
    mmc_sd.o(i.SD_Idle_Sta) refers to mmc_sd.o(i.SD_SendCommand) for SD_SendCommand
    mmc_sd.o(i.SD_Init) refers to ssp0.o(i.ssp0_init) for ssp0_init
    mmc_sd.o(i.SD_Init) refers to ssp0.o(i.SPIx_SetSpeed) for SPIx_SetSpeed
    mmc_sd.o(i.SD_Init) refers to mmc_sd.o(i.SD_Idle_Sta) for SD_Idle_Sta
    mmc_sd.o(i.SD_Init) refers to mmc_sd.o(i.SD_SendCommand_NoDeassert) for SD_SendCommand_NoDeassert
    mmc_sd.o(i.SD_Init) refers to ssp0.o(i.ssp0_send) for ssp0_send
    mmc_sd.o(i.SD_Init) refers to mmc_sd.o(i.SD_SendCommand) for SD_SendCommand
    mmc_sd.o(i.SD_Init) refers to mmc_sd.o(.data) for SD_Type
    mmc_sd.o(i.SD_ReadMultiBlock) refers to mmc_sd.o(i.SD_SendCommand) for SD_SendCommand
    mmc_sd.o(i.SD_ReadMultiBlock) refers to mmc_sd.o(i.SD_ReceiveData) for SD_ReceiveData
    mmc_sd.o(i.SD_ReadMultiBlock) refers to ssp0.o(i.ssp0_send) for ssp0_send
    mmc_sd.o(i.SD_ReadMultiBlock) refers to mmc_sd.o(.data) for SD_Type
    mmc_sd.o(i.SD_ReadSingleBlock) refers to ssp0.o(i.SPIx_SetSpeed) for SPIx_SetSpeed
    mmc_sd.o(i.SD_ReadSingleBlock) refers to mmc_sd.o(i.SD_SendCommand) for SD_SendCommand
    mmc_sd.o(i.SD_ReadSingleBlock) refers to mmc_sd.o(i.SD_ReceiveData) for SD_ReceiveData
    mmc_sd.o(i.SD_ReadSingleBlock) refers to mmc_sd.o(.data) for SD_Type
    mmc_sd.o(i.SD_Read_Bytes) refers to mmc_sd.o(i.SD_SendCommand) for SD_SendCommand
    mmc_sd.o(i.SD_Read_Bytes) refers to mmc_sd.o(i.SD_GetResponse) for SD_GetResponse
    mmc_sd.o(i.SD_Read_Bytes) refers to ssp0.o(i.ssp0_send) for ssp0_send
    mmc_sd.o(i.SD_ReceiveData) refers to mmc_sd.o(i.SD_GetResponse) for SD_GetResponse
    mmc_sd.o(i.SD_ReceiveData) refers to ssp0.o(i.ssp0_send) for ssp0_send
    mmc_sd.o(i.SD_SendCommand) refers to ssp0.o(i.ssp0_send) for ssp0_send
    mmc_sd.o(i.SD_SendCommand_NoDeassert) refers to ssp0.o(i.ssp0_send) for ssp0_send
    mmc_sd.o(i.SD_WaitDataReady) refers to ssp0.o(i.ssp0_send) for ssp0_send
    mmc_sd.o(i.SD_WriteMultiBlock) refers to mmc_sd.o(i.SD_SendCommand) for SD_SendCommand
    mmc_sd.o(i.SD_WriteMultiBlock) refers to ssp0.o(i.ssp0_send) for ssp0_send
    mmc_sd.o(i.SD_WriteMultiBlock) refers to mmc_sd.o(i.SD_WaitDataReady) for SD_WaitDataReady
    mmc_sd.o(i.SD_WriteMultiBlock) refers to mmc_sd.o(.data) for SD_Type
    mmc_sd.o(i.SD_WriteSingleBlock) refers to mmc_sd.o(i.SD_SendCommand) for SD_SendCommand
    mmc_sd.o(i.SD_WriteSingleBlock) refers to ssp0.o(i.ssp0_send) for ssp0_send
    mmc_sd.o(i.SD_WriteSingleBlock) refers to mmc_sd.o(.data) for SD_Type
    mmc_sd.o(i.disk_initialize) refers to mmc_sd.o(i.SD_Init) for SD_Init
    mmc_sd.o(i.disk_initialize) refers to mmc_sd.o(.data) for SD_Type
    mmc_sd.o(i.disk_read) refers to mmc_sd.o(i.SD_ReadSingleBlock) for SD_ReadSingleBlock
    mmc_sd.o(i.disk_status) refers to mmc_sd.o(.data) for Stat
    ff.o(i.check_fs) refers to ff.o(i.move_window) for move_window
    ff.o(i.create_name) refers to ff.o(i.mem_set) for mem_set
    ff.o(i.create_name) refers to ff.o(i.chk_chr) for chk_chr
    ff.o(i.dir_find) refers to ff.o(i.dir_sdi) for dir_sdi
    ff.o(i.dir_find) refers to ff.o(i.move_window) for move_window
    ff.o(i.dir_find) refers to ff.o(i.mem_cmp) for mem_cmp
    ff.o(i.dir_find) refers to ff.o(i.dir_next) for dir_next
    ff.o(i.dir_next) refers to ff.o(i.get_fat) for get_fat
    ff.o(i.dir_next) refers to ff.o(i.clust2sect) for clust2sect
    ff.o(i.dir_read) refers to ff.o(i.move_window) for move_window
    ff.o(i.dir_read) refers to ff.o(i.dir_next) for dir_next
    ff.o(i.dir_sdi) refers to ff.o(i.get_fat) for get_fat
    ff.o(i.dir_sdi) refers to ff.o(i.clust2sect) for clust2sect
    ff.o(i.f_chdir) refers to ff.o(i.find_volume) for find_volume
    ff.o(i.f_chdir) refers to ff.o(i.follow_path) for follow_path
    ff.o(i.f_chdir) refers to ff.o(i.ld_clust) for ld_clust
    ff.o(i.f_chdrive) refers to ff.o(i.get_ldnumber) for get_ldnumber
    ff.o(i.f_chdrive) refers to ff.o(.data) for CurrVol
    ff.o(i.f_close) refers to ff.o(i.validate) for validate
    ff.o(i.f_closedir) refers to ff.o(i.validate) for validate
    ff.o(i.f_getcwd) refers to ff.o(i.find_volume) for find_volume
    ff.o(i.f_getcwd) refers to ff.o(i.dir_sdi) for dir_sdi
    ff.o(i.f_getcwd) refers to ff.o(i.dir_read) for dir_read
    ff.o(i.f_getcwd) refers to ff.o(i.ld_clust) for ld_clust
    ff.o(i.f_getcwd) refers to ff.o(i.dir_next) for dir_next
    ff.o(i.f_getcwd) refers to ff.o(i.get_fileinfo) for get_fileinfo
    ff.o(i.f_getcwd) refers to ff.o(.data) for CurrVol
    ff.o(i.f_getlabel) refers to ff.o(i.find_volume) for find_volume
    ff.o(i.f_getlabel) refers to ff.o(i.dir_sdi) for dir_sdi
    ff.o(i.f_getlabel) refers to ff.o(i.dir_read) for dir_read
    ff.o(i.f_getlabel) refers to ff.o(i.mem_cpy) for mem_cpy
    ff.o(i.f_getlabel) refers to ff.o(i.move_window) for move_window
    ff.o(i.f_gets) refers to ff.o(i.f_read) for f_read
    ff.o(i.f_lseek) refers to ff.o(i.validate) for validate
    ff.o(i.f_lseek) refers to ff.o(i.get_fat) for get_fat
    ff.o(i.f_lseek) refers to ff.o(i.clust2sect) for clust2sect
    ff.o(i.f_lseek) refers to mmc_sd.o(i.disk_read) for disk_read
    ff.o(i.f_mount) refers to ff.o(i.get_ldnumber) for get_ldnumber
    ff.o(i.f_mount) refers to ff.o(i.find_volume) for find_volume
    ff.o(i.f_mount) refers to ff.o(.bss) for FatFs
    ff.o(i.f_open) refers to ff.o(i.find_volume) for find_volume
    ff.o(i.f_open) refers to ff.o(i.follow_path) for follow_path
    ff.o(i.f_open) refers to ff.o(i.ld_clust) for ld_clust
    ff.o(i.f_opendir) refers to ff.o(i.find_volume) for find_volume
    ff.o(i.f_opendir) refers to ff.o(i.follow_path) for follow_path
    ff.o(i.f_opendir) refers to ff.o(i.ld_clust) for ld_clust
    ff.o(i.f_opendir) refers to ff.o(i.dir_sdi) for dir_sdi
    ff.o(i.f_read) refers to ff.o(i.validate) for validate
    ff.o(i.f_read) refers to ff.o(i.get_fat) for get_fat
    ff.o(i.f_read) refers to ff.o(i.clust2sect) for clust2sect
    ff.o(i.f_read) refers to mmc_sd.o(i.disk_read) for disk_read
    ff.o(i.f_read) refers to ff.o(i.mem_cpy) for mem_cpy
    ff.o(i.f_readdir) refers to ff.o(i.validate) for validate
    ff.o(i.f_readdir) refers to ff.o(i.dir_sdi) for dir_sdi
    ff.o(i.f_readdir) refers to ff.o(i.dir_read) for dir_read
    ff.o(i.f_readdir) refers to ff.o(i.get_fileinfo) for get_fileinfo
    ff.o(i.f_readdir) refers to ff.o(i.dir_next) for dir_next
    ff.o(i.f_stat) refers to ff.o(i.find_volume) for find_volume
    ff.o(i.f_stat) refers to ff.o(i.follow_path) for follow_path
    ff.o(i.f_stat) refers to ff.o(i.get_fileinfo) for get_fileinfo
    ff.o(i.find_volume) refers to ff.o(i.get_ldnumber) for get_ldnumber
    ff.o(i.find_volume) refers to mmc_sd.o(i.disk_status) for disk_status
    ff.o(i.find_volume) refers to mmc_sd.o(i.disk_initialize) for disk_initialize
    ff.o(i.find_volume) refers to ff.o(i.check_fs) for check_fs
    ff.o(i.find_volume) refers to ff.o(.bss) for FatFs
    ff.o(i.find_volume) refers to ff.o(.data) for Fsid
    ff.o(i.follow_path) refers to ff.o(i.dir_sdi) for dir_sdi
    ff.o(i.follow_path) refers to ff.o(i.create_name) for create_name
    ff.o(i.follow_path) refers to ff.o(i.dir_find) for dir_find
    ff.o(i.follow_path) refers to ff.o(i.ld_clust) for ld_clust
    ff.o(i.get_fat) refers to ff.o(i.move_window) for move_window
    ff.o(i.get_ldnumber) refers to ff.o(.constdata) for str
    ff.o(i.get_ldnumber) refers to ff.o(.data) for CurrVol
    ff.o(i.move_window) refers to mmc_sd.o(i.disk_read) for disk_read
    ff.o(i.validate) refers to mmc_sd.o(i.disk_status) for disk_status
    ff.o(.constdata) refers to ff.o(.conststring) for .conststring
    uart.o(i.UART0_SendChar) refers to uart.o(i.UART0_SendByte) for UART0_SendByte
    uart.o(i.UART0_SendString) refers to uart.o(i.UART0_SendByte) for UART0_SendByte
    uart.o(i.UART2_SendString) refers to uart.o(i.UART2_SendByte) for UART2_SendByte
    entry.o(.ARM.Collect$$$$00000000) refers (Special) to entry10a.o(.ARM.Collect$$$$0000000D) for __rt_final_cpp
    entry.o(.ARM.Collect$$$$00000000) refers (Special) to entry11a.o(.ARM.Collect$$$$0000000F) for __rt_final_exit
    entry.o(.ARM.Collect$$$$00000000) refers (Special) to entry7b.o(.ARM.Collect$$$$00000008) for _main_clock
    entry.o(.ARM.Collect$$$$00000000) refers (Special) to entry8b.o(.ARM.Collect$$$$0000000A) for _main_cpp_init
    entry.o(.ARM.Collect$$$$00000000) refers (Special) to entry9a.o(.ARM.Collect$$$$0000000B) for _main_init
    entry.o(.ARM.Collect$$$$00000000) refers (Special) to entry5.o(.ARM.Collect$$$$00000004) for _main_scatterload
    entry.o(.ARM.Collect$$$$00000000) refers (Special) to entry2.o(.ARM.Collect$$$$00000001) for _main_stk
    entry2.o(.ARM.Collect$$$$00000001) refers to entry2.o(.ARM.Collect$$$$00002712) for __lit__00000000
    entry2.o(.ARM.Collect$$$$00002712) refers to startup_lpc17xx.o(STACK) for __initial_sp
    entry2.o(__vectab_stack_and_reset_area) refers to startup_lpc17xx.o(STACK) for __initial_sp
    entry2.o(__vectab_stack_and_reset_area) refers to entry.o(.ARM.Collect$$$$00000000) for __main
    entry5.o(.ARM.Collect$$$$00000004) refers to init.o(.text) for __scatterload
    entry9a.o(.ARM.Collect$$$$0000000B) refers to main.o(i.main) for main
    entry9b.o(.ARM.Collect$$$$0000000C) refers to main.o(i.main) for main
    init.o(.text) refers to entry5.o(.ARM.Collect$$$$00000004) for __main_after_scatterload


==============================================================================

Removing Unused input sections from the image.

    Removing startup_lpc17xx.o(HEAP), (0 bytes).
    Removing system_lpc17xx.o(.rev16_text), (4 bytes).
    Removing system_lpc17xx.o(.revsh_text), (4 bytes).
    Removing main.o(.rev16_text), (4 bytes).
    Removing main.o(.revsh_text), (4 bytes).
    Removing main.o(i.Delay), (30 bytes).
    Removing main.o(i.xatoi), (196 bytes).
    Removing main.o(.bss), (1608 bytes).
    Removing lcd.o(.rev16_text), (4 bytes).
    Removing lcd.o(.revsh_text), (4 bytes).
    Removing lcd.o(i.Draw_Circle), (176 bytes).
    Removing lcd.o(i.LCD_Bargraph), (164 bytes).
    Removing lcd.o(i.LCD_Bmp), (116 bytes).
    Removing lcd.o(i.LCD_ClearLn), (56 bytes).
    Removing lcd.o(i.LCD_DisplayChar), (48 bytes).
    Removing lcd.o(i.LCD_DisplayString), (46 bytes).
    Removing lcd.o(i.LCD_DrawChar), (136 bytes).
    Removing lcd.o(i.LCD_DrawLine), (176 bytes).
    Removing lcd.o(i.LCD_DrawRectangle), (64 bytes).
    Removing lcd.o(i.LCD_Fill), (144 bytes).
    Removing lcd.o(i.LCD_PutPixel), (60 bytes).
    Removing lcd.o(i.LCD_SetBackColor), (12 bytes).
    Removing lcd.o(i.LCD_SetTextColor), (12 bytes).
    Removing lcd.o(i.LCD_Show2Num), (92 bytes).
    Removing lcd.o(i.LCD_ShowNum), (148 bytes).
    Removing lcd.o(i.mypow), (22 bytes).
    Removing ssp0.o(.rev16_text), (4 bytes).
    Removing ssp0.o(.revsh_text), (4 bytes).
    Removing spi.o(.rev16_text), (4 bytes).
    Removing spi.o(.revsh_text), (4 bytes).
    Removing spi.o(i.SPI_FLASH_PageErase), (60 bytes).
    Removing spi.o(i.SPI_FLASH_Write_Disable), (28 bytes).
    Removing spi.o(i.SPI_FLASH_Write_Enable), (28 bytes).
    Removing spi.o(i.SPI_Flash_Erase_Sector), (60 bytes).
    Removing spi.o(i.SPI_Flash_PowerDown), (32 bytes).
    Removing spi.o(i.SPI_Flash_ReadSR), (40 bytes).
    Removing spi.o(i.SPI_Flash_WAKEUP), (32 bytes).
    Removing spi.o(i.SPI_Flash_Wait_Busy), (16 bytes).
    Removing spi.o(i.SPI_Flash_Write), (180 bytes).
    Removing spi.o(i.SPI_Flash_Write_NoCheck), (66 bytes).
    Removing spi.o(i.SPI_Flash_Write_Page), (80 bytes).
    Removing spi.o(i.delay_us), (12 bytes).
    Removing spi.o(.bss), (4096 bytes).
    Removing fat.o(.rev16_text), (4 bytes).
    Removing fat.o(.revsh_text), (4 bytes).
    Removing fat.o(i.ChangeFileName), (32 bytes).
    Removing fat.o(i.Copy_Fat_Table), (228 bytes).
    Removing fat.o(i.F_Open), (10 bytes).
    Removing fat.o(i.F_Read), (112 bytes).
    Removing fat.o(i.F_Write), (112 bytes).
    Removing fat.o(i.FatTab_Next_Cluster), (200 bytes).
    Removing fat.o(i.FatTab_Prev_Cluster), (160 bytes).
    Removing text.o(.rev16_text), (4 bytes).
    Removing text.o(.revsh_text), (4 bytes).
    Removing text.o(i.Show_Str_Mid), (94 bytes).
    Removing text.o(i.my_stradd), (30 bytes).
    Removing text.o(i.my_strlen), (20 bytes).
    Removing fontupd.o(.rev16_text), (4 bytes).
    Removing fontupd.o(.revsh_text), (4 bytes).
    Removing fontupd.o(i.PIC_Display), (124 bytes).
    Removing fontupd.o(.bss), (1072 bytes).
    Removing jpegdecode.o(.rev16_text), (4 bytes).
    Removing jpegdecode.o(.revsh_text), (4 bytes).
    Removing untogb.o(.rev16_text), (4 bytes).
    Removing untogb.o(.revsh_text), (4 bytes).
    Removing mmc_sd.o(.rev16_text), (4 bytes).
    Removing mmc_sd.o(.revsh_text), (4 bytes).
    Removing mmc_sd.o(i.MSD_ReadBuffer), (148 bytes).
    Removing mmc_sd.o(i.MSD_WriteBuffer), (176 bytes).
    Removing mmc_sd.o(i.SD_GetCID), (36 bytes).
    Removing mmc_sd.o(i.SD_ReadMultiBlock), (116 bytes).
    Removing mmc_sd.o(i.SD_Read_Bytes), (156 bytes).
    Removing mmc_sd.o(i.SD_WaitDataReady), (98 bytes).
    Removing mmc_sd.o(i.SD_WriteMultiBlock), (236 bytes).
    Removing mmc_sd.o(i.SD_WriteSingleBlock), (204 bytes).
    Removing mmc_sd.o(i.disk_read), (34 bytes).
    Removing mmc_sd.o(i.disk_status), (20 bytes).
    Removing ff.o(i.check_fs), (88 bytes).
    Removing ff.o(i.chk_chr), (20 bytes).
    Removing ff.o(i.clust2sect), (26 bytes).
    Removing ff.o(i.create_name), (436 bytes).
    Removing ff.o(i.dir_find), (92 bytes).
    Removing ff.o(i.dir_next), (144 bytes).
    Removing ff.o(i.dir_read), (108 bytes).
    Removing ff.o(i.dir_sdi), (158 bytes).
    Removing ff.o(i.f_chdir), (84 bytes).
    Removing ff.o(i.f_chdrive), (32 bytes).
    Removing ff.o(i.f_close), (22 bytes).
    Removing ff.o(i.f_closedir), (22 bytes).
    Removing ff.o(i.f_getcwd), (296 bytes).
    Removing ff.o(i.f_getlabel), (150 bytes).
    Removing ff.o(i.f_gets), (86 bytes).
    Removing ff.o(i.f_lseek), (252 bytes).
    Removing ff.o(i.f_mount), (92 bytes).
    Removing ff.o(i.f_open), (116 bytes).
    Removing ff.o(i.f_opendir), (110 bytes).
    Removing ff.o(i.f_read), (338 bytes).
    Removing ff.o(i.f_readdir), (88 bytes).
    Removing ff.o(i.f_stat), (60 bytes).
    Removing ff.o(i.find_volume), (540 bytes).
    Removing ff.o(i.follow_path), (174 bytes).
    Removing ff.o(i.get_fat), (212 bytes).
    Removing ff.o(i.get_fileinfo), (80 bytes).
    Removing ff.o(i.get_ldnumber), (168 bytes).
    Removing ff.o(i.ld_clust), (18 bytes).
    Removing ff.o(i.mem_cmp), (38 bytes).
    Removing ff.o(i.mem_cpy), (46 bytes).
    Removing ff.o(i.mem_set), (20 bytes).
    Removing ff.o(i.move_window), (38 bytes).
    Removing ff.o(i.validate), (54 bytes).
    Removing ff.o(.bss), (32 bytes).
    Removing ff.o(.constdata), (32 bytes).
    Removing ff.o(.conststring), (35 bytes).
    Removing ff.o(.data), (3 bytes).
    Removing uart.o(.rev16_text), (4 bytes).
    Removing uart.o(.revsh_text), (4 bytes).
    Removing uart.o(i.UART0_GetChar), (24 bytes).
    Removing uart.o(i.UART0_Init), (80 bytes).
    Removing uart.o(i.UART0_SendByte), (28 bytes).
    Removing uart.o(i.UART0_SendChar), (124 bytes).
    Removing uart.o(i.UART0_SendString), (22 bytes).
    Removing uart.o(i.UART2_GetChar), (24 bytes).
    Removing uart.o(i.UART2_Init), (116 bytes).
    Removing uart.o(i.UART2_SendByte), (28 bytes).
    Removing uart.o(i.UART2_SendString), (22 bytes).

125 unused section(s) (total 16328 bytes) removed from the image.

==============================================================================

Image Symbol Table

    Local Symbols

    Symbol Name                              Value     Ov Type        Size  Object(Section)

    RESET                                    0x00000000   Section      204  startup_lpc17xx.o(RESET)
    ../clib/microlib/init/entry.s            0x00000000   Number         0  entry.o ABSOLUTE
    ../clib/microlib/init/entry.s            0x00000000   Number         0  entry10b.o ABSOLUTE
    ../clib/microlib/init/entry.s            0x00000000   Number         0  entry2.o ABSOLUTE
    ../clib/microlib/init/entry.s            0x00000000   Number         0  entry10a.o ABSOLUTE
    ../clib/microlib/init/entry.s            0x00000000   Number         0  entry9b.o ABSOLUTE
    ../clib/microlib/init/entry.s            0x00000000   Number         0  entry7a.o ABSOLUTE
    ../clib/microlib/init/entry.s            0x00000000   Number         0  entry11b.o ABSOLUTE
    ../clib/microlib/init/entry.s            0x00000000   Number         0  entry9a.o ABSOLUTE
    ../clib/microlib/init/entry.s            0x00000000   Number         0  entry5.o ABSOLUTE
    ../clib/microlib/init/entry.s            0x00000000   Number         0  entry8b.o ABSOLUTE
    ../clib/microlib/init/entry.s            0x00000000   Number         0  entry11a.o ABSOLUTE
    ../clib/microlib/init/entry.s            0x00000000   Number         0  entry8a.o ABSOLUTE
    ../clib/microlib/init/entry.s            0x00000000   Number         0  entry7b.o ABSOLUTE
    ../clib/microlib/string/memcpy.c         0x00000000   Number         0  memcpya.o ABSOLUTE
    ../clib/microlib/string/memcpy.c         0x00000000   Number         0  memcpyb.o ABSOLUTE
    ..\LPC17xx\startup_LPC17xx.s             0x00000000   Number         0  startup_lpc17xx.o ABSOLUTE
    ..\LPC17xx\system_LPC17xx.c              0x00000000   Number         0  system_lpc17xx.o ABSOLUTE
    ..\Source\FAT\jpegdecode.c               0x00000000   Number         0  jpegdecode.o ABSOLUTE
    ..\Source\FAT\untogb.c                   0x00000000   Number         0  untogb.o ABSOLUTE
    ..\Source\Fatfs\ff.c                     0x00000000   Number         0  ff.o ABSOLUTE
    ..\Source\Lcd\Lcd.c                      0x00000000   Number         0  lcd.o ABSOLUTE
    ..\Source\SPI\FAT.C                      0x00000000   Number         0  fat.o ABSOLUTE
    ..\Source\SPI\MMC_SD.C                   0x00000000   Number         0  mmc_sd.o ABSOLUTE
    ..\Source\SPI\SPI.C                      0x00000000   Number         0  spi.o ABSOLUTE
    ..\Source\SPI\SSP0.C                     0x00000000   Number         0  ssp0.o ABSOLUTE
    ..\Source\SPI\delay.c                    0x00000000   Number         0  delay.o ABSOLUTE
    ..\Source\SPI\fontupd.c                  0x00000000   Number         0  fontupd.o ABSOLUTE
    ..\Source\SPI\text.c                     0x00000000   Number         0  text.o ABSOLUTE
    ..\Source\User\main.c                    0x00000000   Number         0  main.o ABSOLUTE
    ..\Source\uart\uart.c                    0x00000000   Number         0  uart.o ABSOLUTE
    ..\\LPC17xx\\system_LPC17xx.c            0x00000000   Number         0  system_lpc17xx.o ABSOLUTE
    ..\\Source\\FAT\\jpegdecode.c            0x00000000   Number         0  jpegdecode.o ABSOLUTE
    ..\\Source\\FAT\\untogb.c                0x00000000   Number         0  untogb.o ABSOLUTE
    ..\\Source\\Lcd\\Lcd.c                   0x00000000   Number         0  lcd.o ABSOLUTE
    ..\\Source\\SPI\\FAT.C                   0x00000000   Number         0  fat.o ABSOLUTE
    ..\\Source\\SPI\\MMC_SD.C                0x00000000   Number         0  mmc_sd.o ABSOLUTE
    ..\\Source\\SPI\\SPI.C                   0x00000000   Number         0  spi.o ABSOLUTE
    ..\\Source\\SPI\\SSP0.C                  0x00000000   Number         0  ssp0.o ABSOLUTE
    ..\\Source\\SPI\\fontupd.c               0x00000000   Number         0  fontupd.o ABSOLUTE
    ..\\Source\\SPI\\text.c                  0x00000000   Number         0  text.o ABSOLUTE
    ..\\Source\\User\\main.c                 0x00000000   Number         0  main.o ABSOLUTE
    ..\\Source\\uart\\uart.c                 0x00000000   Number         0  uart.o ABSOLUTE
    dc.s                                     0x00000000   Number         0  dc.o ABSOLUTE
    handlers.s                               0x00000000   Number         0  handlers.o ABSOLUTE
    init.s                                   0x00000000   Number         0  init.o ABSOLUTE
    .ARM.Collect$$$$00000000                 0x000000cc   Section        0  entry.o(.ARM.Collect$$$$00000000)
    .ARM.Collect$$$$00000001                 0x000000cc   Section        4  entry2.o(.ARM.Collect$$$$00000001)
    .ARM.Collect$$$$00000004                 0x000000d0   Section        4  entry5.o(.ARM.Collect$$$$00000004)
    .ARM.Collect$$$$00000008                 0x000000d4   Section        0  entry7b.o(.ARM.Collect$$$$00000008)
    .ARM.Collect$$$$0000000A                 0x000000d4   Section        0  entry8b.o(.ARM.Collect$$$$0000000A)
    .ARM.Collect$$$$0000000B                 0x000000d4   Section        8  entry9a.o(.ARM.Collect$$$$0000000B)
    .ARM.Collect$$$$0000000D                 0x000000dc   Section        0  entry10a.o(.ARM.Collect$$$$0000000D)
    .ARM.Collect$$$$0000000F                 0x000000dc   Section        0  entry11a.o(.ARM.Collect$$$$0000000F)
    .ARM.Collect$$$$00002712                 0x000000dc   Section        4  entry2.o(.ARM.Collect$$$$00002712)
    __lit__00000000                          0x000000dc   Data           4  entry2.o(.ARM.Collect$$$$00002712)
    .emb_text                                0x000000e0   Section        4  lcd.o(.emb_text)
    .text                                    0x000000e4   Section       28  startup_lpc17xx.o(.text)
    .text                                    0x00000100   Section        0  memcpya.o(.text)
    .text                                    0x00000124   Section       36  init.o(.text)
    i.CopyDirentruyItem                      0x00000148   Section        0  fat.o(i.CopyDirentruyItem)
    i.FAT_NextCluster                        0x00000264   Section        0  fat.o(i.FAT_NextCluster)
    i.GetFileName                            0x000002c0   Section        0  jpegdecode.o(i.GetFileName)
    i.LCD_WriteRAM_Prepare                   0x000002dc   Section        0  lcd.o(i.LCD_WriteRAM_Prepare)
    i.__scatterload_copy                     0x000002e6   Section       14  handlers.o(i.__scatterload_copy)
    i.__scatterload_null                     0x000002f4   Section        2  handlers.o(i.__scatterload_null)
    .conststring                             0x000002f6   Section        5  fontupd.o(.conststring)
    .ARM.__at_0x02FC                         0x000002fc   Section        4  startup_lpc17xx.o(.ARM.__at_0x02FC)
    i.FAT_Init                               0x00000300   Section        0  fat.o(i.FAT_Init)
    i.F_Search                               0x0000042c   Section        0  fat.o(i.F_Search)
    i.FileType_Tell                          0x000005a0   Section        0  fat.o(i.FileType_Tell)
    i.Font_Init                              0x000005e0   Section        0  fontupd.o(i.Font_Init)
    i.Get_File_Info                          0x0000063c   Section        0  fat.o(i.Get_File_Info)
    i.Get_HzMat                              0x000008f8   Section        0  text.o(i.Get_HzMat)
    i.LCD_Clear                              0x00000994   Section        0  lcd.o(i.LCD_Clear)
    i.LCD_DrawPoint                          0x000009dc   Section        0  lcd.o(i.LCD_DrawPoint)
    i.LCD_DrawPoint1                         0x00000a20   Section        0  lcd.o(i.LCD_DrawPoint1)
    i.LCD_Init                               0x00000a60   Section        0  lcd.o(i.LCD_Init)
    i.LCD_SetCursor                          0x00000f60   Section        0  lcd.o(i.LCD_SetCursor)
    i.LCD_ShowChar                           0x00000fa8   Section        0  lcd.o(i.LCD_ShowChar)
    i.LCD_ShowString                         0x00001100   Section        0  lcd.o(i.LCD_ShowString)
    i.LCD_WindowMax                          0x0000114c   Section        0  lcd.o(i.LCD_WindowMax)
    i.Load_Drow_Dialog                       0x000011b4   Section        0  main.o(i.Load_Drow_Dialog)
    i.SD_GetCSD                              0x000011e4   Section        0  mmc_sd.o(i.SD_GetCSD)
    i.SD_GetCapacity                         0x00001208   Section        0  mmc_sd.o(i.SD_GetCapacity)
    i.SD_GetResponse                         0x000012b2   Section        0  mmc_sd.o(i.SD_GetResponse)
    i.SD_Idle_Sta                            0x000012d8   Section        0  mmc_sd.o(i.SD_Idle_Sta)
    i.SD_Init                                0x00001324   Section        0  mmc_sd.o(i.SD_Init)
    i.SD_ReadSingleBlock                     0x000014e8   Section        0  mmc_sd.o(i.SD_ReadSingleBlock)
    i.SD_ReceiveData                         0x0000152c   Section        0  mmc_sd.o(i.SD_ReceiveData)
    i.SD_SendCommand                         0x0000158c   Section        0  mmc_sd.o(i.SD_SendCommand)
    i.SD_SendCommand_NoDeassert              0x00001618   Section        0  mmc_sd.o(i.SD_SendCommand_NoDeassert)
    i.SPI_Flash_Read                         0x00001688   Section        0  spi.o(i.SPI_Flash_Read)
    i.SPI_Flash_ReadID                       0x000016d4   Section        0  spi.o(i.SPI_Flash_ReadID)
    i.SPIx_Init                              0x0000171c   Section        0  spi.o(i.SPIx_Init)
    i.SPIx_ReadWriteByte                     0x00001758   Section        0  spi.o(i.SPIx_ReadWriteByte)
    i.SPIx_SetSpeed                          0x00001780   Section        0  ssp0.o(i.SPIx_SetSpeed)
    i.Show_Font                              0x000017c8   Section        0  text.o(i.Show_Font)
    i.Show_Str                               0x000018b8   Section        0  text.o(i.Show_Str)
    i.SystemInit                             0x0000196c   Section        0  system_lpc17xx.o(i.SystemInit)
    i.UniToGB                                0x00001b88   Section        0  untogb.o(i.UniToGB)
    i.UnicodeToGBK                           0x00001c14   Section        0  untogb.o(i.UnicodeToGBK)
    i.__scatterload_zeroinit                 0x00001c7c   Section       14  handlers.o(i.__scatterload_zeroinit)
    i.delay                                  0x00001c8a   Section        0  lcd.o(i.delay)
    delay                                    0x00001c8b   Thumb Code    14  lcd.o(i.delay)
    i.delay_ms                               0x00001c98   Section        0  delay.o(i.delay_ms)
    i.disk_initialize                        0x00001cbc   Section        0  mmc_sd.o(i.disk_initialize)
    i.fatClustToSect                         0x00001cf4   Section        0  fat.o(i.fatClustToSect)
    i.lcd_send                               0x00001d10   Section        0  lcd.o(i.lcd_send)
    lcd_send                                 0x00001d11   Thumb Code    56  lcd.o(i.lcd_send)
    i.main                                   0x00001d4c   Section        0  main.o(i.main)
    i.mystrcmp                               0x000020fc   Section        0  fat.o(i.mystrcmp)
    i.rd_dat                                 0x00002148   Section        0  lcd.o(i.rd_dat)
    rd_dat                                   0x00002149   Thumb Code    98  lcd.o(i.rd_dat)
    i.rd_reg                                 0x000021b0   Section        0  lcd.o(i.rd_reg)
    rd_reg                                   0x000021b1   Thumb Code    38  lcd.o(i.rd_reg)
    i.ssp0_init                              0x000021dc   Section        0  ssp0.o(i.ssp0_init)
    i.ssp0_send                              0x00002294   Section        0  ssp0.o(i.ssp0_send)
    i.wait_delay                             0x000022b4   Section        0  lcd.o(i.wait_delay)
    i.wr_cmd                                 0x000022c0   Section        0  lcd.o(i.wr_cmd)
    wr_cmd                                   0x000022c1   Thumb Code    44  lcd.o(i.wr_cmd)
    i.wr_dat                                 0x000022f0   Section        0  lcd.o(i.wr_dat)
    wr_dat                                   0x000022f1   Thumb Code    44  lcd.o(i.wr_dat)
    i.wr_dat_only                            0x00002320   Section        0  lcd.o(i.wr_dat_only)
    wr_dat_only                              0x00002321   Thumb Code    32  lcd.o(i.wr_dat_only)
    i.wr_dat_start                           0x00002344   Section        0  lcd.o(i.wr_dat_start)
    wr_dat_start                             0x00002345   Thumb Code    10  lcd.o(i.wr_dat_start)
    i.wr_dat_stop                            0x00002354   Section        0  lcd.o(i.wr_dat_stop)
    wr_dat_stop                              0x00002355   Thumb Code    10  lcd.o(i.wr_dat_stop)
    i.wr_reg                                 0x00002364   Section        0  lcd.o(i.wr_reg)
    wr_reg                                   0x00002365   Thumb Code    36  lcd.o(i.wr_reg)
    .constdata                               0x0000238c   Section     8036  lcd.o(.constdata)
    .conststring                             0x000042f0   Section       43  main.o(.conststring)
    .conststring                             0x0000431b   Section       88  fat.o(.conststring)
    .data                                    0x10000000   Section        4  system_lpc17xx.o(.data)
    .data                                    0x10000004   Section       28  main.o(.data)
    .data                                    0x10000020   Section       10  lcd.o(.data)
    TextColor                                0x10000024   Data           2  lcd.o(.data)
    BackColor                                0x10000026   Data           2  lcd.o(.data)
    DeviceCode                               0x10000028   Data           2  lcd.o(.data)
    .data                                    0x1000002c   Section      140  fat.o(.data)
    .data                                    0x100000b8   Section       24  fontupd.o(.data)
    .data                                    0x100000d0   Section        4  jpegdecode.o(.data)
    .data                                    0x100000d4   Section        2  mmc_sd.o(.data)
    Stat                                     0x100000d5   Data           1  mmc_sd.o(.data)
    .bss                                     0x100000d8   Section     1032  fat.o(.bss)
    .bss                                     0x100004e0   Section     1060  jpegdecode.o(.bss)
    STACK                                    0x10000908   Section      512  startup_lpc17xx.o(STACK)

    Global Symbols

    Symbol Name                              Value     Ov Type        Size  Object(Section)

    BuildAttributes$$THM_ISAv4$P$D$K$B$S$PE$A:L22UL41UL21$X:L11$S22US41US21$IEEE1$IW$USESV6$~STKCKD$USESV7$~SHL$OSPACE$EBA8$MICROLIB$REQ8$PRES8$EABIv2 0x00000000   Number         0  anon$$obj.o ABSOLUTE
    __ARM_use_no_argv                        0x00000000   Number         0  main.o ABSOLUTE
    __Vectors                                0x00000000   Data           4  startup_lpc17xx.o(RESET)
    __cpp_initialize__aeabi_                  - Undefined Weak Reference
    __cxa_finalize                            - Undefined Weak Reference
    __decompress                              - Undefined Weak Reference
    _clock_init                               - Undefined Weak Reference
    _microlib_exit                            - Undefined Weak Reference
    __main                                   0x000000cd   Thumb Code     0  entry.o(.ARM.Collect$$$$00000000)
    _main_stk                                0x000000cd   Thumb Code     0  entry2.o(.ARM.Collect$$$$00000001)
    _main_scatterload                        0x000000d1   Thumb Code     0  entry5.o(.ARM.Collect$$$$00000004)
    __main_after_scatterload                 0x000000d5   Thumb Code     0  entry5.o(.ARM.Collect$$$$00000004)
    _main_clock                              0x000000d5   Thumb Code     0  entry7b.o(.ARM.Collect$$$$00000008)
    _main_cpp_init                           0x000000d5   Thumb Code     0  entry8b.o(.ARM.Collect$$$$0000000A)
    _main_init                               0x000000d5   Thumb Code     0  entry9a.o(.ARM.Collect$$$$0000000B)
    __rt_final_cpp                           0x000000dd   Thumb Code     0  entry10a.o(.ARM.Collect$$$$0000000D)
    __rt_final_exit                          0x000000dd   Thumb Code     0  entry11a.o(.ARM.Collect$$$$0000000F)
    wait                                     0x000000e1   Thumb Code     4  lcd.o(.emb_text)
    Reset_Handler                            0x000000e5   Thumb Code     4  startup_lpc17xx.o(.text)
    NMI_Handler                              0x000000e9   Thumb Code     2  startup_lpc17xx.o(.text)
    HardFault_Handler                        0x000000eb   Thumb Code     2  startup_lpc17xx.o(.text)
    MemManage_Handler                        0x000000ed   Thumb Code     2  startup_lpc17xx.o(.text)
    BusFault_Handler                         0x000000ef   Thumb Code     2  startup_lpc17xx.o(.text)
    UsageFault_Handler                       0x000000f1   Thumb Code     2  startup_lpc17xx.o(.text)
    SVC_Handler                              0x000000f3   Thumb Code     2  startup_lpc17xx.o(.text)
    DebugMon_Handler                         0x000000f5   Thumb Code     2  startup_lpc17xx.o(.text)
    PendSV_Handler                           0x000000f7   Thumb Code     2  startup_lpc17xx.o(.text)
    SysTick_Handler                          0x000000f9   Thumb Code     2  startup_lpc17xx.o(.text)
    ADC_IRQHandler                           0x000000fb   Thumb Code     0  startup_lpc17xx.o(.text)
    BOD_IRQHandler                           0x000000fb   Thumb Code     0  startup_lpc17xx.o(.text)
    CANActivity_IRQHandler                   0x000000fb   Thumb Code     0  startup_lpc17xx.o(.text)
    CAN_IRQHandler                           0x000000fb   Thumb Code     0  startup_lpc17xx.o(.text)
    DMA_IRQHandler                           0x000000fb   Thumb Code     0  startup_lpc17xx.o(.text)
    EINT0_IRQHandler                         0x000000fb   Thumb Code     0  startup_lpc17xx.o(.text)
    EINT1_IRQHandler                         0x000000fb   Thumb Code     0  startup_lpc17xx.o(.text)
    EINT2_IRQHandler                         0x000000fb   Thumb Code     0  startup_lpc17xx.o(.text)
    EINT3_IRQHandler                         0x000000fb   Thumb Code     0  startup_lpc17xx.o(.text)
    ENET_IRQHandler                          0x000000fb   Thumb Code     0  startup_lpc17xx.o(.text)
    I2C0_IRQHandler                          0x000000fb   Thumb Code     0  startup_lpc17xx.o(.text)
    I2C1_IRQHandler                          0x000000fb   Thumb Code     0  startup_lpc17xx.o(.text)
    I2C2_IRQHandler                          0x000000fb   Thumb Code     0  startup_lpc17xx.o(.text)
    I2S_IRQHandler                           0x000000fb   Thumb Code     0  startup_lpc17xx.o(.text)
    MCPWM_IRQHandler                         0x000000fb   Thumb Code     0  startup_lpc17xx.o(.text)
    PLL0_IRQHandler                          0x000000fb   Thumb Code     0  startup_lpc17xx.o(.text)
    PLL1_IRQHandler                          0x000000fb   Thumb Code     0  startup_lpc17xx.o(.text)
    PWM1_IRQHandler                          0x000000fb   Thumb Code     0  startup_lpc17xx.o(.text)
    QEI_IRQHandler                           0x000000fb   Thumb Code     0  startup_lpc17xx.o(.text)
    RIT_IRQHandler                           0x000000fb   Thumb Code     0  startup_lpc17xx.o(.text)
    RTC_IRQHandler                           0x000000fb   Thumb Code     0  startup_lpc17xx.o(.text)
    SPI_IRQHandler                           0x000000fb   Thumb Code     0  startup_lpc17xx.o(.text)
    SSP0_IRQHandler                          0x000000fb   Thumb Code     0  startup_lpc17xx.o(.text)
    SSP1_IRQHandler                          0x000000fb   Thumb Code     0  startup_lpc17xx.o(.text)
    TIMER0_IRQHandler                        0x000000fb   Thumb Code     0  startup_lpc17xx.o(.text)
    TIMER1_IRQHandler                        0x000000fb   Thumb Code     0  startup_lpc17xx.o(.text)
    TIMER2_IRQHandler                        0x000000fb   Thumb Code     0  startup_lpc17xx.o(.text)
    TIMER3_IRQHandler                        0x000000fb   Thumb Code     0  startup_lpc17xx.o(.text)
    UART0_IRQHandler                         0x000000fb   Thumb Code     0  startup_lpc17xx.o(.text)
    UART1_IRQHandler                         0x000000fb   Thumb Code     0  startup_lpc17xx.o(.text)
    UART2_IRQHandler                         0x000000fb   Thumb Code     0  startup_lpc17xx.o(.text)
    UART3_IRQHandler                         0x000000fb   Thumb Code     0  startup_lpc17xx.o(.text)
    USBActivity_IRQHandler                   0x000000fb   Thumb Code     0  startup_lpc17xx.o(.text)
    USB_IRQHandler                           0x000000fb   Thumb Code     0  startup_lpc17xx.o(.text)
    WDT_IRQHandler                           0x000000fb   Thumb Code     0  startup_lpc17xx.o(.text)
    __aeabi_memcpy                           0x00000101   Thumb Code    36  memcpya.o(.text)
    __aeabi_memcpy4                          0x00000101   Thumb Code     0  memcpya.o(.text)
    __aeabi_memcpy8                          0x00000101   Thumb Code     0  memcpya.o(.text)
    __scatterload                            0x00000125   Thumb Code    28  init.o(.text)
    __scatterload_rt2                        0x00000125   Thumb Code     0  init.o(.text)
    CopyDirentruyItem                        0x00000149   Thumb Code   266  fat.o(i.CopyDirentruyItem)
    FAT_NextCluster                          0x00000265   Thumb Code    74  fat.o(i.FAT_NextCluster)
    GetFileName                              0x000002c1   Thumb Code    20  jpegdecode.o(i.GetFileName)
    LCD_WriteRAM_Prepare                     0x000002dd   Thumb Code    10  lcd.o(i.LCD_WriteRAM_Prepare)
    __scatterload_copy                       0x000002e7   Thumb Code    14  handlers.o(i.__scatterload_copy)
    __scatterload_null                       0x000002f5   Thumb Code     2  handlers.o(i.__scatterload_null)
    FAT_Init                                 0x00000301   Thumb Code   254  fat.o(i.FAT_Init)
    F_Search                                 0x0000042d   Thumb Code   348  fat.o(i.F_Search)
    FileType_Tell                            0x000005a1   Thumb Code    60  fat.o(i.FileType_Tell)
    Font_Init                                0x000005e1   Thumb Code    80  fontupd.o(i.Font_Init)
    Get_File_Info                            0x0000063d   Thumb Code   672  fat.o(i.Get_File_Info)
    Get_HzMat                                0x000008f9   Thumb Code   146  text.o(i.Get_HzMat)
    LCD_Clear                                0x00000995   Thumb Code    68  lcd.o(i.LCD_Clear)
    LCD_DrawPoint                            0x000009dd   Thumb Code    60  lcd.o(i.LCD_DrawPoint)
    LCD_DrawPoint1                           0x00000a21   Thumb Code    60  lcd.o(i.LCD_DrawPoint1)
    LCD_Init                                 0x00000a61   Thumb Code  1280  lcd.o(i.LCD_Init)
    LCD_SetCursor                            0x00000f61   Thumb Code    66  lcd.o(i.LCD_SetCursor)
    LCD_ShowChar                             0x00000fa9   Thumb Code   328  lcd.o(i.LCD_ShowChar)
    LCD_ShowString                           0x00001101   Thumb Code    74  lcd.o(i.LCD_ShowString)
    LCD_WindowMax                            0x0000114d   Thumb Code    98  lcd.o(i.LCD_WindowMax)
    Load_Drow_Dialog                         0x000011b5   Thumb Code    38  main.o(i.Load_Drow_Dialog)
    SD_GetCSD                                0x000011e5   Thumb Code    36  mmc_sd.o(i.SD_GetCSD)
    SD_GetCapacity                           0x00001209   Thumb Code   170  mmc_sd.o(i.SD_GetCapacity)
    SD_GetResponse                           0x000012b3   Thumb Code    38  mmc_sd.o(i.SD_GetResponse)
    SD_Idle_Sta                              0x000012d9   Thumb Code    74  mmc_sd.o(i.SD_Idle_Sta)
    SD_Init                                  0x00001325   Thumb Code   444  mmc_sd.o(i.SD_Init)
    SD_ReadSingleBlock                       0x000014e9   Thumb Code    62  mmc_sd.o(i.SD_ReadSingleBlock)
    SD_ReceiveData                           0x0000152d   Thumb Code    90  mmc_sd.o(i.SD_ReceiveData)
    SD_SendCommand                           0x0000158d   Thumb Code   134  mmc_sd.o(i.SD_SendCommand)
    SD_SendCommand_NoDeassert                0x00001619   Thumb Code   106  mmc_sd.o(i.SD_SendCommand_NoDeassert)
    SPI_Flash_Read                           0x00001689   Thumb Code    70  spi.o(i.SPI_Flash_Read)
    SPI_Flash_ReadID                         0x000016d5   Thumb Code    66  spi.o(i.SPI_Flash_ReadID)
    SPIx_Init                                0x0000171d   Thumb Code    46  spi.o(i.SPIx_Init)
    SPIx_ReadWriteByte                       0x00001759   Thumb Code    34  spi.o(i.SPIx_ReadWriteByte)
    SPIx_SetSpeed                            0x00001781   Thumb Code    64  ssp0.o(i.SPIx_SetSpeed)
    Show_Font                                0x000017c9   Thumb Code   232  text.o(i.Show_Font)
    Show_Str                                 0x000018b9   Thumb Code   180  text.o(i.Show_Str)
    SystemInit                               0x0000196d   Thumb Code   478  system_lpc17xx.o(i.SystemInit)
    UniToGB                                  0x00001b89   Thumb Code   140  untogb.o(i.UniToGB)
    UnicodeToGBK                             0x00001c15   Thumb Code   100  untogb.o(i.UnicodeToGBK)
    __scatterload_zeroinit                   0x00001c7d   Thumb Code    14  handlers.o(i.__scatterload_zeroinit)
    delay_ms                                 0x00001c99   Thumb Code    36  delay.o(i.delay_ms)
    disk_initialize                          0x00001cbd   Thumb Code    46  mmc_sd.o(i.disk_initialize)
    fatClustToSect                           0x00001cf5   Thumb Code    18  fat.o(i.fatClustToSect)
    main                                     0x00001d4d   Thumb Code   508  main.o(i.main)
    mystrcmp                                 0x000020fd   Thumb Code    76  fat.o(i.mystrcmp)
    ssp0_init                                0x000021dd   Thumb Code   160  ssp0.o(i.ssp0_init)
    ssp0_send                                0x00002295   Thumb Code    26  ssp0.o(i.ssp0_send)
    wait_delay                               0x000022b5   Thumb Code    12  lcd.o(i.wait_delay)
    Font_24x16                               0x0000238c   Data        5376  lcd.o(.constdata)
    asc2_1206                                0x0000388c   Data        1140  lcd.o(.constdata)
    asc2_1608                                0x00003d00   Data        1520  lcd.o(.constdata)
    Region$$Table$$Base                      0x00004374   Number         0  anon$$obj.o(Region$$Table)
    Region$$Table$$Limit                     0x00004394   Number         0  anon$$obj.o(Region$$Table)
    SystemFrequency                          0x10000000   Data           4  system_lpc17xx.o(.data)
    FLASH_ID                                 0x10000004   Data           4  main.o(.data)
    sysfile                                  0x10000008   Data          16  main.o(.data)
    folderData                               0x10000018   Data           8  main.o(.data)
    POINT_COLOR                              0x10000020   Data           2  lcd.o(.data)
    BACK_COLOR                               0x10000022   Data           2  lcd.o(.data)
    LongNameFlag                             0x1000002c   Data           4  fat.o(.data)
    filetype                                 0x10000030   Data          92  fat.o(.data)
    FirstDirClust                            0x1000008c   Data           4  fat.o(.data)
    FirstDataSector                          0x10000090   Data           4  fat.o(.data)
    BytesPerSector                           0x10000094   Data           2  fat.o(.data)
    FATsectors                               0x10000098   Data           4  fat.o(.data)
    SectorsPerClust                          0x1000009c   Data           2  fat.o(.data)
    FirstFATSector                           0x100000a0   Data           4  fat.o(.data)
    FirstDirSector                           0x100000a4   Data           4  fat.o(.data)
    RootDirSectors                           0x100000a8   Data           4  fat.o(.data)
    RootDirCount                             0x100000ac   Data           4  fat.o(.data)
    FAT32_Enable                             0x100000b0   Data           1  fat.o(.data)
    Cur_Dir_Cluster                          0x100000b4   Data           4  fat.o(.data)
    PIC_Cluster                              0x100000b8   Data           4  fontupd.o(.data)
    folder                                   0x100000bc   Data           8  fontupd.o(.data)
    FONT16ADDR                               0x100000c4   Data           4  fontupd.o(.data)
    FONT12ADDR                               0x100000c8   Data           4  fontupd.o(.data)
    UNI2GBKADDR                              0x100000cc   Data           4  fontupd.o(.data)
    CurFile                                  0x100000d0   Data           4  jpegdecode.o(.data)
    SD_Type                                  0x100000d4   Data           1  mmc_sd.o(.data)
    FAT_TAB                                  0x100000d8   Data         102  fat.o(.bss)
    F_Info                                   0x10000140   Data         336  fat.o(.bss)
    fat_buffer                               0x10000290   Data         512  fat.o(.bss)
    LongNameBuffer                           0x10000490   Data          80  fat.o(.bss)
    PICINFO                                  0x100004e0   Data          36  jpegdecode.o(.bss)
    jpg_buffer                               0x10000504   Data        1024  jpegdecode.o(.bss)
    __initial_sp                             0x10000b08   Data           0  startup_lpc17xx.o(STACK)



==============================================================================

Memory Map of the image

  Image Entry point : 0x000000cd

  Load Region LR_IROM1 (Base: 0x00000000, Size: 0x0000446c, Max: 0x00080000, ABSOLUTE)

    Execution Region ER_IROM1 (Base: 0x00000000, Size: 0x00004394, Max: 0x00080000, ABSOLUTE)

    Base Addr    Size         Type   Attr      Idx    E Section Name        Object

    0x00000000   0x000000cc   Data   RO            3    RESET               startup_lpc17xx.o
    0x000000cc   0x00000000   Code   RO         1251  * .ARM.Collect$$$$00000000  mc_w.l(entry.o)
    0x000000cc   0x00000004   Code   RO         1258    .ARM.Collect$$$$00000001  mc_w.l(entry2.o)
    0x000000d0   0x00000004   Code   RO         1261    .ARM.Collect$$$$00000004  mc_w.l(entry5.o)
    0x000000d4   0x00000000   Code   RO         1263    .ARM.Collect$$$$00000008  mc_w.l(entry7b.o)
    0x000000d4   0x00000000   Code   RO         1265    .ARM.Collect$$$$0000000A  mc_w.l(entry8b.o)
    0x000000d4   0x00000008   Code   RO         1266    .ARM.Collect$$$$0000000B  mc_w.l(entry9a.o)
    0x000000dc   0x00000000   Code   RO         1268    .ARM.Collect$$$$0000000D  mc_w.l(entry10a.o)
    0x000000dc   0x00000000   Code   RO         1270    .ARM.Collect$$$$0000000F  mc_w.l(entry11a.o)
    0x000000dc   0x00000004   Code   RO         1259    .ARM.Collect$$$$00002712  mc_w.l(entry2.o)
    0x000000e0   0x00000004   Code   RO          168    .emb_text           lcd.o
    0x000000e4   0x0000001c   Code   RO            5    .text               startup_lpc17xx.o
    0x00000100   0x00000024   Code   RO         1254    .text               mc_w.l(memcpya.o)
    0x00000124   0x00000024   Code   RO         1272    .text               mc_w.l(init.o)
    0x00000148   0x0000011c   Code   RO          577    i.CopyDirentruyItem  fat.o
    0x00000264   0x0000005c   Code   RO          580    i.FAT_NextCluster   fat.o
    0x000002c0   0x0000001c   Code   RO          788    i.GetFileName       jpegdecode.o
    0x000002dc   0x0000000a   Code   RO          192    i.LCD_WriteRAM_Prepare  lcd.o
    0x000002e6   0x0000000e   Code   RO         1276    i.__scatterload_copy  mc_w.l(handlers.o)
    0x000002f4   0x00000002   Code   RO         1277    i.__scatterload_null  mc_w.l(handlers.o)
    0x000002f6   0x00000005   Data   RO          754    .conststring        fontupd.o
    0x000002fb   0x00000001   PAD
    0x000002fc   0x00000004   Code   RO            4    .ARM.__at_0x02FC    startup_lpc17xx.o
    0x00000300   0x0000012c   Code   RO          579    i.FAT_Init          fat.o
    0x0000042c   0x00000174   Code   RO          583    i.F_Search          fat.o
    0x000005a0   0x00000040   Code   RO          587    i.FileType_Tell     fat.o
    0x000005e0   0x0000005c   Code   RO          751    i.Font_Init         fontupd.o
    0x0000063c   0x000002bc   Code   RO          588    i.Get_File_Info     fat.o
    0x000008f8   0x0000009c   Code   RO          693    i.Get_HzMat         text.o
    0x00000994   0x00000048   Code   RO          172    i.LCD_Clear         lcd.o
    0x000009dc   0x00000044   Code   RO          178    i.LCD_DrawPoint     lcd.o
    0x00000a20   0x00000040   Code   RO          179    i.LCD_DrawPoint1    lcd.o
    0x00000a60   0x00000500   Code   RO          182    i.LCD_Init          lcd.o
    0x00000f60   0x00000048   Code   RO          185    i.LCD_SetCursor     lcd.o
    0x00000fa8   0x00000158   Code   RO          188    i.LCD_ShowChar      lcd.o
    0x00001100   0x0000004a   Code   RO          190    i.LCD_ShowString    lcd.o
    0x0000114a   0x00000002   PAD
    0x0000114c   0x00000068   Code   RO          191    i.LCD_WindowMax     lcd.o
    0x000011b4   0x00000030   Code   RO           60    i.Load_Drow_Dialog  main.o
    0x000011e4   0x00000024   Code   RO          841    i.SD_GetCSD         mmc_sd.o
    0x00001208   0x000000aa   Code   RO          842    i.SD_GetCapacity    mmc_sd.o
    0x000012b2   0x00000026   Code   RO          843    i.SD_GetResponse    mmc_sd.o
    0x000012d8   0x0000004a   Code   RO          844    i.SD_Idle_Sta       mmc_sd.o
    0x00001322   0x00000002   PAD
    0x00001324   0x000001c4   Code   RO          845    i.SD_Init           mmc_sd.o
    0x000014e8   0x00000044   Code   RO          847    i.SD_ReadSingleBlock  mmc_sd.o
    0x0000152c   0x00000060   Code   RO          849    i.SD_ReceiveData    mmc_sd.o
    0x0000158c   0x0000008c   Code   RO          850    i.SD_SendCommand    mmc_sd.o
    0x00001618   0x00000070   Code   RO          851    i.SD_SendCommand_NoDeassert  mmc_sd.o
    0x00001688   0x0000004c   Code   RO          458    i.SPI_Flash_Read    spi.o
    0x000016d4   0x00000048   Code   RO          459    i.SPI_Flash_ReadID  spi.o
    0x0000171c   0x0000003c   Code   RO          466    i.SPIx_Init         spi.o
    0x00001758   0x00000028   Code   RO          467    i.SPIx_ReadWriteByte  spi.o
    0x00001780   0x00000048   Code   RO          421    i.SPIx_SetSpeed     ssp0.o
    0x000017c8   0x000000f0   Code   RO          694    i.Show_Font         text.o
    0x000018b8   0x000000b4   Code   RO          695    i.Show_Str          text.o
    0x0000196c   0x0000021c   Code   RO           15    i.SystemInit        system_lpc17xx.o
    0x00001b88   0x0000008c   Code   RO          812    i.UniToGB           untogb.o
    0x00001c14   0x00000068   Code   RO          813    i.UnicodeToGBK      untogb.o
    0x00001c7c   0x0000000e   Code   RO         1278    i.__scatterload_zeroinit  mc_w.l(handlers.o)
    0x00001c8a   0x0000000e   Code   RO          193    i.delay             lcd.o
    0x00001c98   0x00000024   Code   RO          407    i.delay_ms          delay.o
    0x00001cbc   0x00000038   Code   RO          855    i.disk_initialize   mmc_sd.o
    0x00001cf4   0x0000001c   Code   RO          589    i.fatClustToSect    fat.o
    0x00001d10   0x0000003c   Code   RO          194    i.lcd_send          lcd.o
    0x00001d4c   0x000003b0   Code   RO           61    i.main              main.o
    0x000020fc   0x0000004c   Code   RO          590    i.mystrcmp          fat.o
    0x00002148   0x00000068   Code   RO          196    i.rd_dat            lcd.o
    0x000021b0   0x0000002c   Code   RO          197    i.rd_reg            lcd.o
    0x000021dc   0x000000b8   Code   RO          422    i.ssp0_init         ssp0.o
    0x00002294   0x00000020   Code   RO          423    i.ssp0_send         ssp0.o
    0x000022b4   0x0000000c   Code   RO          198    i.wait_delay        lcd.o
    0x000022c0   0x00000030   Code   RO          199    i.wr_cmd            lcd.o
    0x000022f0   0x00000030   Code   RO          200    i.wr_dat            lcd.o
    0x00002320   0x00000024   Code   RO          201    i.wr_dat_only       lcd.o
    0x00002344   0x00000010   Code   RO          202    i.wr_dat_start      lcd.o
    0x00002354   0x00000010   Code   RO          203    i.wr_dat_stop       lcd.o
    0x00002364   0x00000028   Code   RO          204    i.wr_reg            lcd.o
    0x0000238c   0x00001f64   Data   RO          205    .constdata          lcd.o
    0x000042f0   0x0000002b   Data   RO           64    .conststring        main.o
    0x0000431b   0x00000058   Data   RO          592    .conststring        fat.o
    0x00004373   0x00000001   PAD
    0x00004374   0x00000020   Data   RO         1274    Region$$Table       anon$$obj.o


    Execution Region RW_IRAM1 (Base: 0x10000000, Size: 0x00000b08, Max: 0x00008000, ABSOLUTE)

    Base Addr    Size         Type   Attr      Idx    E Section Name        Object

    0x10000000   0x00000004   Data   RW           16    .data               system_lpc17xx.o
    0x10000004   0x0000001c   Data   RW           65    .data               main.o
    0x10000020   0x0000000a   Data   RW          206    .data               lcd.o
    0x1000002a   0x00000002   PAD
    0x1000002c   0x0000008c   Data   RW          593    .data               fat.o
    0x100000b8   0x00000018   Data   RW          755    .data               fontupd.o
    0x100000d0   0x00000004   Data   RW          790    .data               jpegdecode.o
    0x100000d4   0x00000002   Data   RW          858    .data               mmc_sd.o
    0x100000d6   0x00000002   PAD
    0x100000d8   0x00000408   Zero   RW          591    .bss                fat.o
    0x100004e0   0x00000424   Zero   RW          789    .bss                jpegdecode.o
    0x10000904   0x00000004   PAD
    0x10000908   0x00000200   Zero   RW            1    STACK               startup_lpc17xx.o


==============================================================================

Image component sizes


      Code (inc. data)   RO Data    RW Data    ZI Data      Debug   Object Name

        36          0          0          0          0        531   delay.o
      1916        148         88        140       1032      12654   fat.o
        92         12          5         24          0       1396   fontupd.o
        28          8          0          4       1060       1275   jpegdecode.o
      2530         96       8036         10          0      12784   lcd.o
       992        446         43         28          0      12120   main.o
      1242         42          0          2          0       7305   mmc_sd.o
       248         32          0          0          0       2517   spi.o
       288         44          0          0          0       1356   ssp0.o
        32          8        204          0        512        964   startup_lpc17xx.o
       540         62          0          4          0       4975   system_lpc17xx.o
       576         18          0          0          0       7645   text.o
       244          4          0          0          0       1609   untogb.o

    ----------------------------------------------------------------------
      8768        920       8410        216       2608      67131   Object Totals
         0          0         32          0          0          0   (incl. Generated)
         4          0          2          4          4          0   (incl. Padding)

    ----------------------------------------------------------------------

      Code (inc. data)   RO Data    RW Data    ZI Data      Debug   Library Member Name

         0          0          0          0          0          0   entry.o
         0          0          0          0          0          0   entry10a.o
         0          0          0          0          0          0   entry11a.o
         8          4          0          0          0          0   entry2.o
         4          0          0          0          0          0   entry5.o
         0          0          0          0          0          0   entry7b.o
         0          0          0          0          0          0   entry8b.o
         8          4          0          0          0          0   entry9a.o
        30          0          0          0          0          0   handlers.o
        36          8          0          0          0         68   init.o
        36          0          0          0          0         68   memcpya.o

    ----------------------------------------------------------------------
       122         16          0          0          0        136   Library Totals
         0          0          0          0          0          0   (incl. Padding)

    ----------------------------------------------------------------------

      Code (inc. data)   RO Data    RW Data    ZI Data      Debug   Library Name

       122         16          0          0          0        136   mc_w.l

    ----------------------------------------------------------------------
       122         16          0          0          0        136   Library Totals

    ----------------------------------------------------------------------

==============================================================================


      Code (inc. data)   RO Data    RW Data    ZI Data      Debug   

      8890        936       8410        216       2608      64407   Grand Totals
      8890        936       8410        216       2608      64407   ELF Image Totals
      8890        936       8410        216          0          0   ROM Totals

==============================================================================

    Total RO  Size (Code + RO Data)                17300 (  16.89kB)
    Total RW  Size (RW Data + ZI Data)              2824 (   2.76kB)
    Total ROM Size (Code + RO Data + RW Data)      17516 (  17.11kB)

==============================================================================

