Archive member included because of file (symbol)

C:\Users\Long\Documents\LPCXpresso_7.0.0_92\workspace\CMSISv2p00_LPC17xx\Debug\libCMSISv2p00_LPC17xx.a(system_LPC17xx.o)
                              ./src/cr_startup_lpc175x_6x.o (SystemInit)
c:/nxp/lpcxpresso_7.0.0_92/lpcxpresso/tools/bin/../lib/gcc/arm-none-eabi/4.8.3/../../../../arm-none-eabi/lib/armv7-m\libcr_semihost.a(_cr__main.o)
                              ./src/cr_startup_lpc175x_6x.o (__main)
c:/nxp/lpcxpresso_7.0.0_92/lpcxpresso/tools/bin/../lib/gcc/arm-none-eabi/4.8.3/../../../../arm-none-eabi/lib/armv7-m\libcr_c.a(memcpy.o)
                              ./src/IAP/khn_flash.o (memcpy)
c:/nxp/lpcxpresso_7.0.0_92/lpcxpresso/tools/bin/../lib/gcc/arm-none-eabi/4.8.3/../../../../arm-none-eabi/lib/armv7-m\libcr_c.a(memset.o)
                              ./src/gsm/gsm.o (memset)
c:/nxp/lpcxpresso_7.0.0_92/lpcxpresso/tools/bin/../lib/gcc/arm-none-eabi/4.8.3/../../../../arm-none-eabi/lib/armv7-m\libcr_c.a(fpprintf.o)
                              ./src/uart/rs232.o (sprintf)
c:/nxp/lpcxpresso_7.0.0_92/lpcxpresso/tools/bin/../lib/gcc/arm-none-eabi/4.8.3/../../../../arm-none-eabi/lib/armv7-m\libcr_c.a(initio.o)
                              c:/nxp/lpcxpresso_7.0.0_92/lpcxpresso/tools/bin/../lib/gcc/arm-none-eabi/4.8.3/../../../../arm-none-eabi/lib/armv7-m\libcr_semihost.a(_cr__main.o) (_initio)
c:/nxp/lpcxpresso_7.0.0_92/lpcxpresso/tools/bin/../lib/gcc/arm-none-eabi/4.8.3/../../../../arm-none-eabi/lib/armv7-m\libcr_c.a(printf.o)
                              c:/nxp/lpcxpresso_7.0.0_92/lpcxpresso/tools/bin/../lib/gcc/arm-none-eabi/4.8.3/../../../../arm-none-eabi/lib/armv7-m\libcr_c.a(fpprintf.o) (__vfprintf)
c:/nxp/lpcxpresso_7.0.0_92/lpcxpresso/tools/bin/../lib/gcc/arm-none-eabi/4.8.3/../../../../arm-none-eabi/lib/armv7-m\libcr_c.a(setvbuf.o)
                              c:/nxp/lpcxpresso_7.0.0_92/lpcxpresso/tools/bin/../lib/gcc/arm-none-eabi/4.8.3/../../../../arm-none-eabi/lib/armv7-m\libcr_c.a(initio.o) (setvbuf)
c:/nxp/lpcxpresso_7.0.0_92/lpcxpresso/tools/bin/../lib/gcc/arm-none-eabi/4.8.3/../../../../arm-none-eabi/lib/armv7-m\libcr_c.a(stdio.o)
                              c:/nxp/lpcxpresso_7.0.0_92/lpcxpresso/tools/bin/../lib/gcc/arm-none-eabi/4.8.3/../../../../arm-none-eabi/lib/armv7-m\libcr_c.a(fpprintf.o) (__Ciob)
c:/nxp/lpcxpresso_7.0.0_92/lpcxpresso/tools/bin/../lib/gcc/arm-none-eabi/4.8.3/../../../../arm-none-eabi/lib/armv7-m\libcr_c.a(strcmp.o)
                              ./src/gsm/gsm.o (strcmp)
c:/nxp/lpcxpresso_7.0.0_92/lpcxpresso/tools/bin/../lib/gcc/arm-none-eabi/4.8.3/../../../../arm-none-eabi/lib/armv7-m\libcr_c.a(strlen.o)
                              ./src/uart/rs232.o (strlen)
c:/nxp/lpcxpresso_7.0.0_92/lpcxpresso/tools/bin/../lib/gcc/arm-none-eabi/4.8.3/../../../../arm-none-eabi/lib/armv7-m\libcr_c.a(strncmp.o)
                              ./src/uart/rs232.o (strncmp)
c:/nxp/lpcxpresso_7.0.0_92/lpcxpresso/tools/bin/../lib/gcc/arm-none-eabi/4.8.3/../../../../arm-none-eabi/lib/armv7-m\libcr_c.a(strtok.o)
                              ./src/common.o (strtok)
c:/nxp/lpcxpresso_7.0.0_92/lpcxpresso/tools/bin/../lib/gcc/arm-none-eabi/4.8.3/../../../../arm-none-eabi/lib/armv7-m\libcr_c.a(__fillbuf.o)
                              c:/nxp/lpcxpresso_7.0.0_92/lpcxpresso/tools/bin/../lib/gcc/arm-none-eabi/4.8.3/../../../../arm-none-eabi/lib/armv7-m\libcr_c.a(stdio.o) (__filbuf)
c:/nxp/lpcxpresso_7.0.0_92/lpcxpresso/tools/bin/../lib/gcc/arm-none-eabi/4.8.3/../../../../arm-none-eabi/lib/armv7-m\libcr_c.a(_deferredlazyseek.o)
                              c:/nxp/lpcxpresso_7.0.0_92/lpcxpresso/tools/bin/../lib/gcc/arm-none-eabi/4.8.3/../../../../arm-none-eabi/lib/armv7-m\libcr_c.a(__fillbuf.o) (_deferredlazyseek)
c:/nxp/lpcxpresso_7.0.0_92/lpcxpresso/tools/bin/../lib/gcc/arm-none-eabi/4.8.3/../../../../arm-none-eabi/lib/armv7-m\libcr_c.a(_fdopen.o)
                              c:/nxp/lpcxpresso_7.0.0_92/lpcxpresso/tools/bin/../lib/gcc/arm-none-eabi/4.8.3/../../../../arm-none-eabi/lib/armv7-m\libcr_c.a(initio.o) (_fdopen)
c:/nxp/lpcxpresso_7.0.0_92/lpcxpresso/tools/bin/../lib/gcc/arm-none-eabi/4.8.3/../../../../arm-none-eabi/lib/armv7-m\libcr_c.a(_fflush.o)
                              c:/nxp/lpcxpresso_7.0.0_92/lpcxpresso/tools/bin/../lib/gcc/arm-none-eabi/4.8.3/../../../../arm-none-eabi/lib/armv7-m\libcr_c.a(__fillbuf.o) (_fflush)
c:/nxp/lpcxpresso_7.0.0_92/lpcxpresso/tools/bin/../lib/gcc/arm-none-eabi/4.8.3/../../../../arm-none-eabi/lib/armv7-m\libcr_c.a(_frexpl.o)
                              c:/nxp/lpcxpresso_7.0.0_92/lpcxpresso/tools/bin/../lib/gcc/arm-none-eabi/4.8.3/../../../../arm-none-eabi/lib/armv7-m\libcr_c.a(fpprintf.o) (_frexpl)
c:/nxp/lpcxpresso_7.0.0_92/lpcxpresso/tools/bin/../lib/gcc/arm-none-eabi/4.8.3/../../../../arm-none-eabi/lib/armv7-m\libcr_c.a(_ldexpl.o)
[...]
Memory Configuration

Name             Origin             Length             Attributes
MFlash128        0x00000000         0x00020000         xr
RamLoc16         0x10000000         0x00004000         xrw
RamAHB16         0x2007c000         0x00004000         xrw
*default*        0x00000000         0xffffffff

Linker script and memory map

LOAD ./src/uart/rs232.o
LOAD ./src/uart/uart.o
LOAD ./src/timer/timer.o
LOAD ./src/sdcard/Fatfs/ff.o
LOAD ./src/sdcard/khn_gsht.o
LOAD ./src/sdcard/sd.o
LOAD ./src/sdcard/spi.o
LOAD ./src/gsm/gsm.o
LOAD ./src/Tcp/tcp.o
LOAD ./src/Led/led.o
LOAD ./src/IAP/IAP.o
LOAD ./src/IAP/khn_flash.o
LOAD ./src/GPS/gps.o
LOAD ./src/GPIO/GPIO.o
LOAD ./src/common.o
LOAD ./src/cr_startup_lpc175x_6x.o
LOAD ./src/main.o
LOAD C:\Users\Long\Documents\LPCXpresso_7.0.0_92\workspace\CMSISv2p00_LPC17xx\Debug\libCMSISv2p00_LPC17xx.a
START GROUP
LOAD c:/nxp/lpcxpresso_7.0.0_92/lpcxpresso/tools/bin/../lib/gcc/arm-none-eabi/4.8.3/../../../../arm-none-eabi/lib/armv7-m\libcr_semihost.a
LOAD c:/nxp/lpcxpresso_7.0.0_92/lpcxpresso/tools/bin/../lib/gcc/arm-none-eabi/4.8.3/../../../../arm-none-eabi/lib/armv7-m\libcr_c.a
LOAD c:/nxp/lpcxpresso_7.0.0_92/lpcxpresso/tools/bin/../lib/gcc/arm-none-eabi/4.8.3/armv7-m\libcr_eabihelpers.a
END GROUP
                0x00020000                __top_MFlash128 = 0x20000
                0x10004000                __top_RamLoc16 = 0x10004000
                0x20080000                __top_RamAHB16 = 0x20080000

.text           0x00000000     0x8378
 FILL mask 0xff
                0x00000000                __vectors_start__ = ABSOLUTE (.)
 *(.isr_vector)
 .isr_vector    0x00000000       0xcc ./src/cr_startup_lpc175x_6x.o
                0x00000000                g_pfnVectors
                0x000000cc                . = ALIGN (0x4)
                0x000000cc                __section_table_start = .
                0x000000cc                __data_section_table = .
                0x000000cc        0x4 LONG 0x8378 LOADADDR (.data)
                0x000000d0        0x4 LONG 0x10000000 ADDR (.data)
                0x000000d4        0x4 LONG 0x50 SIZEOF (.data)
                0x000000d8        0x4 LONG 0x8378 LOADADDR (.data_RAM2)
                0x000000dc        0x4 LONG 0x2007c000 ADDR (.data_RAM2)
                0x000000e0        0x4 LONG 0x0 SIZEOF (.data_RAM2)
                0x000000e4                __data_section_table_end = .
                0x000000e4                __bss_section_table = .
                0x000000e4        0x4 LONG 0x10000050 ADDR (.bss)
                0x000000e8        0x4 LONG 0x1b44 SIZEOF (.bss)
                0x000000ec        0x4 LONG 0x2007c000 ADDR (.bss_RAM2)
                0x000000f0        0x4 LONG 0x0 SIZEOF (.bss_RAM2)
                0x000000f4                __bss_section_table_end = .
                0x000000f4                __section_table_end = .
 *(.after_vectors*)
 .after_vectors
                0x000000f4      0x144 ./src/cr_startup_lpc175x_6x.o
                0x000000f4                data_init
                0x00000138                bss_init
                0x00000170                ResetISR
                0x000001e8                NMI_Handler
                0x000001f0                HardFault_Handler
                0x000001f8                MemManage_Handler
                0x00000200                BusFault_Handler
                0x00000208                UsageFault_Handler
                0x00000210                SVC_Handler
                0x00000218                DebugMon_Handler
                0x00000220                PendSV_Handler
                0x00000230                EINT3_IRQHandler
                0x00000230                CANActivity_IRQHandler
                0x00000230                TIMER3_IRQHandler
                0x00000230                USBActivity_IRQHandler
                0x00000230                EINT2_IRQHandler
                0x00000230                IntDefaultHandler
                0x00000230                PLL0_IRQHandler
                0x00000230                I2C0_IRQHandler
                0x00000230                PLL1_IRQHandler
                0x00000230                I2C1_IRQHandler
                0x00000230                I2S_IRQHandler
                0x00000230                I2C2_IRQHandler
                0x00000230                RTC_IRQHandler
                0x00000230                SPI_IRQHandler
                0x00000230                RIT_IRQHandler
                0x00000230                EINT1_IRQHandler
                0x00000230                ADC_IRQHandler
                0x00000230                SSP1_IRQHandler
                0x00000230                USB_IRQHandler
                0x00000230                BOD_IRQHandler
                0x00000230                PWM1_IRQHandler
                0x00000230                WDT_IRQHandler
                0x00000230                SSP0_IRQHandler
                0x00000230                QEI_IRQHandler
                0x00000230                EINT0_IRQHandler
                0x00000230                CAN_IRQHandler
                0x00000230                DMA_IRQHandler
                0x00000230                TIMER2_IRQHandler
                0x00000230                UART3_IRQHandler
                0x00000230                MCPWM_IRQHandler
                0x00000230                ENET_IRQHandler
                0x000002fc                . = 0x2fc
 *fill*         0x00000238       0xc4 ff
                0x000002fc                PROVIDE (__CRP_WORD_START__, .)
 *(.crp)
 .crp           0x000002fc        0x4 ./src/main.o
                0x000002fc                CRP_WORD
                0x00000300                PROVIDE (__CRP_WORD_END__, .)
                0x00000001                ASSERT (! ((__CRP_WORD_START__ == __CRP_WORD_END__)), Linker CRP Enabled, but no CRP_WORD provided within application)
 *(.text*)
 .text.Read232  0x00000300       0x34 ./src/uart/rs232.o
                0x00000300                Read232
 .text.NVIC_EnableIRQ
                0x00000334       0x30 ./src/uart/uart.o
 .text.UART2_Init
                0x00000364       0x94 ./src/uart/uart.o
                0x00000364                UART2_Init
 .text.UART0_Init
                0x000003f8       0xac ./src/uart/uart.o
                0x000003f8                UART0_Init
 .text.UART1_Init
                0x000004a4       0x9c ./src/uart/uart.o
                0x000004a4                UART1_Init
 .text.UART2_Sendchar
                0x00000540       0x30 ./src/uart/uart.o
                0x00000540                UART2_Sendchar
 .text.UART2_PrintString
                0x00000570       0x34 ./src/uart/uart.o
                0x00000570                UART2_PrintString
 .text.UART0_Sendchar
                0x000005a4       0x30 ./src/uart/uart.o
                0x000005a4                UART0_Sendchar
 .text.UART0_PrintString
                0x000005d4       0x34 ./src/uart/uart.o
                0x000005d4                UART0_PrintString
 .text.NVIC_EnableIRQ
                0x00000608       0x30 ./src/timer/timer.o
 .text.TIMER0_interrupt
                0x00000638       0xa0 ./src/timer/timer.o
                0x00000638                TIMER0_interrupt
 .text.TIMER1_interrupt
                0x000006d8       0x94 ./src/timer/timer.o
                0x000006d8                TIMER1_interrupt
 .text.enable_timer
                0x0000076c       0x5c ./src/timer/timer.o
                0x0000076c                enable_timer
 .text.TimerInit
                0x000007c8       0xb4 ./src/timer/timer.o
                0x000007c8                TimerInit
 .text.mem_cpy  0x0000087c       0x5c ./src/sdcard/Fatfs/ff.o
 .text.mem_set  0x000008d8       0x34 ./src/sdcard/Fatfs/ff.o
 .text.mem_cmp  0x0000090c       0x50 ./src/sdcard/Fatfs/ff.o
 .text.chk_chr  0x0000095c       0x38 ./src/sdcard/Fatfs/ff.o
 .text.sync_window
                0x00000994       0x88 ./src/sdcard/Fatfs/ff.o
 .text.move_window
                0x00000a1c       0x54 ./src/sdcard/Fatfs/ff.o
 .text.sync_fs  0x00000a70       0xc8 ./src/sdcard/Fatfs/ff.o
 .text.clust2sect
                0x00000b38       0x3c ./src/sdcard/Fatfs/ff.o
                0x00000b38                clust2sect
 .text.get_fat  0x00000b74      0x17c ./src/sdcard/Fatfs/ff.o
                0x00000b74                get_fat
 .text.put_fat  0x00000cf0      0x1f4 ./src/sdcard/Fatfs/ff.o
                0x00000cf0                put_fat
 .text.remove_chain
                0x00000ee4       0xa4 ./src/sdcard/Fatfs/ff.o
 .text.create_chain
                0x00000f88      0x12c ./src/sdcard/Fatfs/ff.o
 .text.dir_sdi  0x000010b4      0x128 ./src/sdcard/Fatfs/ff.o
 .text.dir_next
                0x000011dc      0x1dc ./src/sdcard/Fatfs/ff.o
 .text.dir_alloc
                0x000013b8       0x8c ./src/sdcard/Fatfs/ff.o
 .text.ld_clust
                0x00001444       0x38 ./src/sdcard/Fatfs/ff.o
 .text.st_clust
                0x0000147c       0x2c ./src/sdcard/Fatfs/ff.o
 .text.dir_find
                0x000014a8       0x94 ./src/sdcard/Fatfs/ff.o
 .text.dir_register
                0x0000153c       0x68 ./src/sdcard/Fatfs/ff.o
 .text.create_name
                0x000015a4      0x2b0 ./src/sdcard/Fatfs/ff.o
 .text.follow_path
                0x00001854      0x104 ./src/sdcard/Fatfs/ff.o
 .text.get_ldnumber
                0x00001958      0x110 ./src/sdcard/Fatfs/ff.o
 .text.check_fs
                0x00001a68       0x74 ./src/sdcard/Fatfs/ff.o
 .text.find_volume
                0x00001adc      0x45c ./src/sdcard/Fatfs/ff.o
 .text.validate
                0x00001f38       0x5c ./src/sdcard/Fatfs/ff.o
 .text.f_mount  0x00001f94       0x88 ./src/sdcard/Fatfs/ff.o
                0x00001f94                f_mount
 .text.f_open   0x0000201c      0x224 ./src/sdcard/Fatfs/ff.o
                0x0000201c                f_open
 .text.f_write  0x00002240      0x328 ./src/sdcard/Fatfs/ff.o
                0x00002240                f_write
 .text.f_sync   0x00002568       0xf0 ./src/sdcard/Fatfs/ff.o
                0x00002568                f_sync
 .text.f_close  0x00002658       0x38 ./src/sdcard/Fatfs/ff.o
                0x00002658                f_close
 .text.f_lseek  0x00002690      0x298 ./src/sdcard/Fatfs/ff.o
                0x00002690                f_lseek
 .text.f_mkdir  0x00002928      0x210 ./src/sdcard/Fatfs/ff.o
                0x00002928                f_mkdir
 .text.putc_bfd
                0x00002b38       0x78 ./src/sdcard/Fatfs/ff.o
 .text.f_puts   0x00002bb0       0x70 ./src/sdcard/Fatfs/ff.o
                0x00002bb0                f_puts
 .text.KHN_SDCARD_INIT
                0x00002c20       0x10 ./src/sdcard/khn_gsht.o
                0x00002c20                KHN_SDCARD_INIT
 .text.WriteData
                0x00002c30       0x8c ./src/sdcard/khn_gsht.o
                0x00002c30                WriteData
 .text.Close    0x00002cbc       0x10 ./src/sdcard/khn_gsht.o
                0x00002cbc                Close
 .text.disk_initialize
                0x00002ccc       0x50 ./src/sdcard/sd.o
                0x00002ccc                disk_initialize
 .text.disk_ioctl
                0x00002d1c       0xcc ./src/sdcard/sd.o
                0x00002d1c                disk_ioctl
 .text.disk_read
                0x00002de8       0x2c ./src/sdcard/sd.o
                0x00002de8                disk_read
 .text.disk_status
                0x00002e14       0x2c ./src/sdcard/sd.o
                0x00002e14                disk_status
 .text.disk_write
                0x00002e40       0x54 ./src/sdcard/sd.o
                0x00002e40                disk_write
 .text.rtc_gettime
                0x00002e94       0x74 ./src/sdcard/sd.o
                0x00002e94                rtc_gettime
 .text.get_fattime
                0x00002f08       0x40 ./src/sdcard/sd.o
                0x00002f08                get_fattime
 .text.SD_GetResponse
                0x00002f48       0x40 ./src/sdcard/sd.o
                0x00002f48                SD_GetResponse
 .text.SD_SendCommand
                0x00002f88       0xb8 ./src/sdcard/sd.o
                0x00002f88                SD_SendCommand
 .text.SD_SendCommand_NoDeassert
                0x00003040       0x9c ./src/sdcard/sd.o
                0x00003040                SD_SendCommand_NoDeassert
 .text.SD_Idle_Sta
                0x000030dc       0x6c ./src/sdcard/sd.o
                0x000030dc                SD_Idle_Sta
 .text.SD_Init  0x00003148      0x214 ./src/sdcard/sd.o
                0x00003148                SD_Init
 .text.SD_ReceiveData
                0x0000335c       0x80 ./src/sdcard/sd.o
                0x0000335c                SD_ReceiveData
 .text.SD_ReadSingleBlock
                0x000033dc       0x60 ./src/sdcard/sd.o
                0x000033dc                SD_ReadSingleBlock
 .text.SD_WriteSingleBlock
                0x0000343c       0xec ./src/sdcard/sd.o
                0x0000343c                SD_WriteSingleBlock
 .text.SPI0_Init
                0x00003528       0x40 ./src/sdcard/spi.o
                0x00003528                SPI0_Init
 .text.SPI0_SetSpeed
                0x00003568       0x6c ./src/sdcard/spi.o
                0x00003568                SPI0_SetSpeed
 .text.ssp0_init
                0x000035d4       0xc0 ./src/sdcard/spi.o
                0x000035d4                ssp0_init
 .text.ssp0_send
                0x00003694       0x34 ./src/sdcard/spi.o
                0x00003694                ssp0_send
 .text.spi0_on  0x000036c8       0x18 ./src/sdcard/spi.o
                0x000036c8                spi0_on
 .text.gsm_on   0x000036e0       0x10 ./src/gsm/gsm.o
                0x000036e0                gsm_on
 .text.init_gsm
                0x000036f0       0xcc ./src/gsm/gsm.o
                0x000036f0                init_gsm
 .text.start_up_gsm
                0x000037bc       0x74 ./src/gsm/gsm.o
                0x000037bc                start_up_gsm
 .text.del_buffer
                0x00003830       0x80 ./src/gsm/gsm.o
                0x00003830                del_buffer
 .text.upperCase
                0x000038b0       0x54 ./src/gsm/gsm.o
                0x000038b0                upperCase
 .text.process_SMS
                0x00003904      0x148 ./src/gsm/gsm.o
                0x00003904                process_SMS
 .text.process_gsm_data
                0x00003a4c      0x894 ./src/gsm/gsm.o
                0x00003a4c                process_gsm_data
 .text.check_imei
                0x000042e0       0x60 ./src/gsm/gsm.o
                0x000042e0                check_imei
 .text.ring_func
                0x00004340       0x28 ./src/gsm/gsm.o
                0x00004340                ring_func
 .text.init_tcp
                0x00004368      0x138 ./src/Tcp/tcp.o
                0x00004368                init_tcp
 .text.connectServer
                0x000044a0       0xb0 ./src/Tcp/tcp.o
                0x000044a0                connectServer
 .text.send_data_gprs
                0x00004550      0x124 ./src/Tcp/tcp.o
                0x00004550                send_data_gprs
 .text.LED_Init
                0x00004674       0x10 ./src/Led/led.o
                0x00004674                LED_Init
 .text.BUZZER_Init
                0x00004684       0x10 ./src/Led/led.o
                0x00004684                BUZZER_Init
 .text.flash_led
                0x00004694       0x24 ./src/Led/led.o
                0x00004694                flash_led
 .text.process_gps_data
                0x000046b8      0x20c ./src/GPS/gps.o
                0x000046b8                process_gps_data
 .text.GPIOSetValue
                0x000048c4       0x4c ./src/GPIO/GPIO.o
                0x000048c4                GPIOSetValue
 .text.GPIOSetDir
                0x00004910       0x60 ./src/GPIO/GPIO.o
                0x00004910                GPIOSetDir
 .text.GPIOSetPull
                0x00004970      0x168 ./src/GPIO/GPIO.o
                0x00004970                GPIOSetPull
 .text.GPIOGetValue
                0x00004ad8       0x54 ./src/GPIO/GPIO.o
                0x00004ad8                GPIOGetValue
 .text.key_init
                0x00004b2c       0x1c ./src/common.o
                0x00004b2c                key_init
 .text.delay_ms
                0x00004b48       0x2c ./src/common.o
                0x00004b48                delay_ms
 .text.NVIC_SetPriority
                0x00004b74       0x54 ./src/main.o
 .text.SysTick_Config
                0x00004bc8       0x44 ./src/main.o
 .text.SysTick_Handler
                0x00004c0c       0xdc ./src/main.o
                0x00004c0c                SysTick_Handler
 .text.UART2_IRQHandler
                0x00004ce8       0x80 ./src/main.o
                0x00004ce8                UART2_IRQHandler
 .text.UART0_IRQHandler
                0x00004d68      0x228 ./src/main.o
                0x00004d68                UART0_IRQHandler
 .text.UART1_IRQHandler
                0x00004f90      0x104 ./src/main.o
                0x00004f90                UART1_IRQHandler
 .text.TIMER0_IRQHandler
                0x00005094       0x34 ./src/main.o
                0x00005094                TIMER0_IRQHandler
 .text.TIMER1_IRQHandler
                0x000050c8       0x34 ./src/main.o
                0x000050c8                TIMER1_IRQHandler
 .text.upload_info
                0x000050fc       0x90 ./src/main.o
                0x000050fc                upload_info
 .text.init_program
                0x0000518c       0xa0 ./src/main.o
                0x0000518c                init_program
 .text.main     0x0000522c      0x3a8 ./src/main.o
                0x0000522c                main
 .text.SystemInit
                0x000055d4       0xe0 C:\Users\Long\Documents\LPCXpresso_7.0.0_92\workspace\CMSISv2p00_LPC17xx\Debug\libCMSISv2p00_LPC17xx.a(system_LPC17xx.o)
                0x000055d4                SystemInit
 .text.__main   0x000056b4       0x14 c:/nxp/lpcxpresso_7.0.0_92/lpcxpresso/tools/bin/../lib/gcc/arm-none-eabi/4.8.3/../../../../arm-none-eabi/lib/armv7-m\libcr_semihost.a(_cr__main.o)
                0x000056b4                __CR_SEMIHOST
                0x000056b4                __main
 .text.memset   0x000056c8        0x4 c:/nxp/lpcxpresso_7.0.0_92/lpcxpresso/tools/bin/../lib/gcc/arm-none-eabi/4.8.3/../../../../arm-none-eabi/lib/armv7-m\libcr_c.a(memset.o)
                0x000056c8                memset
 .text.fp_round
                0x000056cc       0x4e c:/nxp/lpcxpresso_7.0.0_92/lpcxpresso/tools/bin/../lib/gcc/arm-none-eabi/4.8.3/../../../../arm-none-eabi/lib/armv7-m\libcr_c.a(fpprintf.o)
 .text.pr_dec.constprop.1
                0x0000571a       0x26 c:/nxp/lpcxpresso_7.0.0_92/lpcxpresso/tools/bin/../lib/gcc/arm-none-eabi/4.8.3/../../../../arm-none-eabi/lib/armv7-m\libcr_c.a(fpprintf.o)
 .text.sprintf  0x00005740       0x6c c:/nxp/lpcxpresso_7.0.0_92/lpcxpresso/tools/bin/../lib/gcc/arm-none-eabi/4.8.3/../../../../arm-none-eabi/lib/armv7-m\libcr_c.a(fpprintf.o)
                0x00005740                sprintf
 *fill*         0x000057ac        0x4 
 .text.fp_display
                0x000057b0      0x998 c:/nxp/lpcxpresso_7.0.0_92/lpcxpresso/tools/bin/../lib/gcc/arm-none-eabi/4.8.3/../../../../arm-none-eabi/lib/armv7-m\libcr_c.a(fpprintf.o)
 .text._initio  0x00006148       0xa4 c:/nxp/lpcxpresso_7.0.0_92/lpcxpresso/tools/bin/../lib/gcc/arm-none-eabi/4.8.3/../../../../arm-none-eabi/lib/armv7-m\libcr_c.a(initio.o)
                0x00006148                _initio
 .text.__vfprintf
                0x000061ec      0xca0 c:/nxp/lpcxpresso_7.0.0_92/lpcxpresso/tools/bin/../lib/gcc/arm-none-eabi/4.8.3/../../../../arm-none-eabi/lib/armv7-m\libcr_c.a(printf.o)
                0x000061ec                __vfprintf
 .text.setvbuf  0x00006e8c       0x40 c:/nxp/lpcxpresso_7.0.0_92/lpcxpresso/tools/bin/../lib/gcc/arm-none-eabi/4.8.3/../../../../arm-none-eabi/lib/armv7-m\libcr_c.a(setvbuf.o)
                0x00006e8c                setvbuf
 .text.strcmp   0x00006ecc       0x44 c:/nxp/lpcxpresso_7.0.0_92/lpcxpresso/tools/bin/../lib/gcc/arm-none-eabi/4.8.3/../../../../arm-none-eabi/lib/armv7-m\libcr_c.a(strcmp.o)
                0x00006ecc                strcmp
 .text.strlen   0x00006f10       0x4a c:/nxp/lpcxpresso_7.0.0_92/lpcxpresso/tools/bin/../lib/gcc/arm-none-eabi/4.8.3/../../../../arm-none-eabi/lib/armv7-m\libcr_c.a(strlen.o)
                0x00006f10                strlen
 .text.strncmp  0x00006f5a       0x54 c:/nxp/lpcxpresso_7.0.0_92/lpcxpresso/tools/bin/../lib/gcc/arm-none-eabi/4.8.3/../../../../arm-none-eabi/lib/armv7-m\libcr_c.a(strncmp.o)
                0x00006f5a                strncmp
 .text._deferredlazyseek
                0x00006fae       0x44 c:/nxp/lpcxpresso_7.0.0_92/lpcxpresso/tools/bin/../lib/gcc/arm-none-eabi/4.8.3/../../../../arm-none-eabi/lib/armv7-m\libcr_c.a(_deferredlazyseek.o)
                0x00006fae                _deferredlazyseek
 .text.__flsbuf
                0x00006ff2      0x142 c:/nxp/lpcxpresso_7.0.0_92/lpcxpresso/tools/bin/../lib/gcc/arm-none-eabi/4.8.3/../../../../arm-none-eabi/lib/armv7-m\libcr_c.a(_deferredlazyseek.o)
                0x00006ff2                __flsbuf
 .text._fdopen  0x00007134       0x6a c:/nxp/lpcxpresso_7.0.0_92/lpcxpresso/tools/bin/../lib/gcc/arm-none-eabi/4.8.3/../../../../arm-none-eabi/lib/armv7-m\libcr_c.a(_fdopen.o)
                0x00007134                _fdopen
 .text._fflush  0x0000719e       0x58 c:/nxp/lpcxpresso_7.0.0_92/lpcxpresso/tools/bin/../lib/gcc/arm-none-eabi/4.8.3/../../../../arm-none-eabi/lib/armv7-m\libcr_c.a(_fflush.o)
                0x0000719e                _fflush
 .text._frexpl  0x000071f6       0x5c c:/nxp/lpcxpresso_7.0.0_92/lpcxpresso/tools/bin/../lib/gcc/arm-none-eabi/4.8.3/../../../../arm-none-eabi/lib/armv7-m\libcr_c.a(_frexpl.o)
                0x000071f6                _frexpl
 *fill*         0x00007252        0x2 
 .text._ldexpl  0x00007254       0x4c c:/nxp/lpcxpresso_7.0.0_92/lpcxpresso/tools/bin/../lib/gcc/arm-none-eabi/4.8.3/../../../../arm-none-eabi/lib/armv7-m\libcr_c.a(_ldexpl.o)
                0x00007254                _ldexpl
 .text._Cwritebuf
                0x000072a0       0x70 c:/nxp/lpcxpresso_7.0.0_92/lpcxpresso/tools/bin/../lib/gcc/arm-none-eabi/4.8.3/../../../../arm-none-eabi/lib/armv7-m\libcr_c.a(_writebuf.o)
                0x000072a0                _Cwritebuf
 .text.malloc   0x00007310       0xc4 c:/nxp/lpcxpresso_7.0.0_92/lpcxpresso/tools/bin/../lib/gcc/arm-none-eabi/4.8.3/../../../../arm-none-eabi/lib/armv7-m\libcr_c.a(alloc.o)
                0x00007310                malloc
 .text.free     0x000073d4        0xc c:/nxp/lpcxpresso_7.0.0_92/lpcxpresso/tools/bin/../lib/gcc/arm-none-eabi/4.8.3/../../../../arm-none-eabi/lib/armv7-m\libcr_c.a(alloc.o)
                0x000073d4                free
 .text._Csys_alloc
                0x000073e0       0x20 c:/nxp/lpcxpresso_7.0.0_92/lpcxpresso/tools/bin/../lib/gcc/arm-none-eabi/4.8.3/../../../../arm-none-eabi/lib/armv7-m\libcr_c.a(alloc.o)
                0x000073e0                _Csys_alloc
 .text.fclose   0x00007400       0x6c c:/nxp/lpcxpresso_7.0.0_92/lpcxpresso/tools/bin/../lib/gcc/arm-none-eabi/4.8.3/../../../../arm-none-eabi/lib/armv7-m\libcr_c.a(fclose.o)
                0x00007400                fclose
 .text.fflush   0x0000746c       0x30 c:/nxp/lpcxpresso_7.0.0_92/lpcxpresso/tools/bin/../lib/gcc/arm-none-eabi/4.8.3/../../../../arm-none-eabi/lib/armv7-m\libcr_c.a(fflush.o)
                0x0000746c                fflush
 .text.fseek    0x0000749c      0x10c c:/nxp/lpcxpresso_7.0.0_92/lpcxpresso/tools/bin/../lib/gcc/arm-none-eabi/4.8.3/../../../../arm-none-eabi/lib/armv7-m\libcr_c.a(fseek.o)
                0x0000749c                fseek
 .text.ftell    0x000075a8       0x4c c:/nxp/lpcxpresso_7.0.0_92/lpcxpresso/tools/bin/../lib/gcc/arm-none-eabi/4.8.3/../../../../arm-none-eabi/lib/armv7-m\libcr_c.a(ftell.o)
                0x000075a8                ftell
 .text.remove   0x000075f4       0x14 c:/nxp/lpcxpresso_7.0.0_92/lpcxpresso/tools/bin/../lib/gcc/arm-none-eabi/4.8.3/../../../../arm-none-eabi/lib/armv7-m\libcr_c.a(remove.o)
                0x000075f4                remove
 .text._sbrk    0x00007608       0x40 c:/nxp/lpcxpresso_7.0.0_92/lpcxpresso/tools/bin/../lib/gcc/arm-none-eabi/4.8.3/../../../../arm-none-eabi/lib/armv7-m\libcr_c.a(_cr_sbrk.o)
                0x00007608                _sbrk
 .text._do_fflush
                0x00007648       0x44 c:/nxp/lpcxpresso_7.0.0_92/lpcxpresso/tools/bin/../lib/gcc/arm-none-eabi/4.8.3/../../../../arm-none-eabi/lib/armv7-m\libcr_c.a(_do_fflush.o)
                0x00007648                _do_fflush
 .text.__check_heap_overflow
                0x0000768c       0x24 c:/nxp/lpcxpresso_7.0.0_92/lpcxpresso/tools/bin/../lib/gcc/arm-none-eabi/4.8.3/../../../../arm-none-eabi/lib/armv7-m\libcr_c.a(_cr_check_heap.o)
                0x0000768c                __check_heap_overflow
 .text.__aeabi_dmul
                0x000076b0      0x12c c:/nxp/lpcxpresso_7.0.0_92/lpcxpresso/tools/bin/../lib/gcc/arm-none-eabi/4.8.3/armv7-m\libcr_eabihelpers.a(double.o)
                0x000076b0                __aeabi_dmul
 .text.__aeabi_ddiv
                0x000077dc      0x16c c:/nxp/lpcxpresso_7.0.0_92/lpcxpresso/tools/bin/../lib/gcc/arm-none-eabi/4.8.3/armv7-m\libcr_eabihelpers.a(double.o)
                0x000077dc                __aeabi_ddiv
 .text.__aeabi_dsub
                0x00007948      0x228 c:/nxp/lpcxpresso_7.0.0_92/lpcxpresso/tools/bin/../lib/gcc/arm-none-eabi/4.8.3/armv7-m\libcr_eabihelpers.a(double.o)
                0x00007948                __aeabi_dsub
 .text.__aeabi_dadd
                0x00007b70      0x178 c:/nxp/lpcxpresso_7.0.0_92/lpcxpresso/tools/bin/../lib/gcc/arm-none-eabi/4.8.3/armv7-m\libcr_eabihelpers.a(double.o)
                0x00007b70                __aeabi_dadd
 .text.__aeabi_d2iz
                0x00007ce8       0x4c c:/nxp/lpcxpresso_7.0.0_92/lpcxpresso/tools/bin/../lib/gcc/arm-none-eabi/4.8.3/armv7-m\libcr_eabihelpers.a(double.o)
                0x00007ce8                __aeabi_d2iz
 .text.__bhs_ui2d
                0x00007d34       0x48 c:/nxp/lpcxpresso_7.0.0_92/lpcxpresso/tools/bin/../lib/gcc/arm-none-eabi/4.8.3/armv7-m\libcr_eabihelpers.a(double.o)
                0x00007d34                __bhs_ui2d
 .text.__aeabi_i2d
                0x00007d7c       0x10 c:/nxp/lpcxpresso_7.0.0_92/lpcxpresso/tools/bin/../lib/gcc/arm-none-eabi/4.8.3/armv7-m\libcr_eabihelpers.a(double.o)
                0x00007d7c                __aeabi_i2d
 .text.__aeabi_dcmpeq
                0x00007d8c       0x40 c:/nxp/lpcxpresso_7.0.0_92/lpcxpresso/tools/bin/../lib/gcc/arm-none-eabi/4.8.3/armv7-m\libcr_eabihelpers.a(double.o)
                0x00007d8c                __aeabi_dcmpeq
 .text.__aeabi_dcmplt
                0x00007dcc       0x60 c:/nxp/lpcxpresso_7.0.0_92/lpcxpresso/tools/bin/../lib/gcc/arm-none-eabi/4.8.3/armv7-m\libcr_eabihelpers.a(double.o)
                0x00007dcc                __aeabi_dcmplt
 .text.__aeabi_dcmple
                0x00007e2c       0x60 c:/nxp/lpcxpresso_7.0.0_92/lpcxpresso/tools/bin/../lib/gcc/arm-none-eabi/4.8.3/armv7-m\libcr_eabihelpers.a(double.o)
                0x00007e2c                __aeabi_dcmple
 .text.__aeabi_dcmpge
                0x00007e8c       0x5c c:/nxp/lpcxpresso_7.0.0_92/lpcxpresso/tools/bin/../lib/gcc/arm-none-eabi/4.8.3/armv7-m\libcr_eabihelpers.a(double.o)
                0x00007e8c                __aeabi_dcmpge
 .text.__aeabi_memset_lowlevel
                0x00007ee8       0x2c c:/nxp/lpcxpresso_7.0.0_92/lpcxpresso/tools/bin/../lib/gcc/arm-none-eabi/4.8.3/armv7-m\libcr_eabihelpers.a(memcpy.o)
                0x00007ee8                __aeabi_lowlevel_memset
 .text.__sys_appexit
                0x00007f14        0xc c:/nxp/lpcxpresso_7.0.0_92/lpcxpresso/tools/bin/../lib/gcc/arm-none-eabi/4.8.3/../../../../arm-none-eabi/lib/armv7-m\libcr_semihost.a(__sys_appexit.o)
                0x00007f14                __sys_appexit
                0x00007f14                __exit
 .text.__sys_close
                0x00007f20        0xc c:/nxp/lpcxpresso_7.0.0_92/lpcxpresso/tools/bin/../lib/gcc/arm-none-eabi/4.8.3/../../../../arm-none-eabi/lib/armv7-m\libcr_semihost.a(__sys_close.o)
                0x00007f20                __sys_close
 .text.__sys_flen
                0x00007f2c        0xc c:/nxp/lpcxpresso_7.0.0_92/lpcxpresso/tools/bin/../lib/gcc/arm-none-eabi/4.8.3/../../../../arm-none-eabi/lib/armv7-m\libcr_semihost.a(__sys_flen.o)
                0x00007f2c                __sys_flen
 .text.__sys_istty
                0x00007f38        0xc c:/nxp/lpcxpresso_7.0.0_92/lpcxpresso/tools/bin/../lib/gcc/arm-none-eabi/4.8.3/../../../../arm-none-eabi/lib/armv7-m\libcr_semihost.a(__sys_istty.o)
                0x00007f38                __sys_istty
 .text.__sys_remove
                0x00007f44        0xc c:/nxp/lpcxpresso_7.0.0_92/lpcxpresso/tools/bin/../lib/gcc/arm-none-eabi/4.8.3/../../../../arm-none-eabi/lib/armv7-m\libcr_semihost.a(__sys_remove.o)
                0x00007f44                __sys_remove
 .text.__sys_seek
                0x00007f50        0xc c:/nxp/lpcxpresso_7.0.0_92/lpcxpresso/tools/bin/../lib/gcc/arm-none-eabi/4.8.3/../../../../arm-none-eabi/lib/armv7-m\libcr_semihost.a(__sys_seek.o)
                0x00007f50                __sys_seek
 .text.__sys_tmpnam
                0x00007f5c        0xc c:/nxp/lpcxpresso_7.0.0_92/lpcxpresso/tools/bin/../lib/gcc/arm-none-eabi/4.8.3/../../../../arm-none-eabi/lib/armv7-m\libcr_semihost.a(__sys_tmpnam.o)
                0x00007f5c                __sys_tmpnam
 .text.__sys_write
                0x00007f68        0xc c:/nxp/lpcxpresso_7.0.0_92/lpcxpresso/tools/bin/../lib/gcc/arm-none-eabi/4.8.3/../../../../arm-none-eabi/lib/armv7-m\libcr_semihost.a(__sys_write.o)
                0x00007f68                __sys_write
                0x00007f68                __write
 *(.rodata .rodata.* .constdata .constdata.*)
 .rodata        0x00007f74       0x34 ./src/uart/rs232.o
 .rodata        0x00007fa8       0xd4 ./src/sdcard/Fatfs/ff.o
 .rodata        0x0000807c       0x28 ./src/sdcard/khn_gsht.o
 .rodata        0x000080a4      0x124 ./src/gsm/gsm.o
 .rodata        0x000081c8       0x78 ./src/Tcp/tcp.o
 .rodata        0x00008240       0x14 ./src/GPIO/GPIO.o
 .rodata        0x00008254       0x94 ./src/main.o
 .rodata.str1.1
                0x000082e8       0x34 c:/nxp/lpcxpresso_7.0.0_92/lpcxpresso/tools/bin/../lib/gcc/arm-none-eabi/4.8.3/../../../../arm-none-eabi/lib/armv7-m\libcr_c.a(fpprintf.o)
                                 0x35 (size before relaxing)
 .rodata.str1.1
                0x0000831c        0x4 c:/nxp/lpcxpresso_7.0.0_92/lpcxpresso/tools/bin/../lib/gcc/arm-none-eabi/4.8.3/../../../../arm-none-eabi/lib/armv7-m\libcr_c.a(initio.o)
 .rodata.str1.1
                0x00008320       0x31 c:/nxp/lpcxpresso_7.0.0_92/lpcxpresso/tools/bin/../lib/gcc/arm-none-eabi/4.8.3/../../../../arm-none-eabi/lib/armv7-m\libcr_c.a(printf.o)
                                 0x38 (size before relaxing)
 .rodata.str1.1
                0x00008351       0x18 c:/nxp/lpcxpresso_7.0.0_92/lpcxpresso/tools/bin/../lib/gcc/arm-none-eabi/4.8.3/../../../../arm-none-eabi/lib/armv7-m\libcr_c.a(alloc.o)
 *fill*         0x00008369        0x7 
 .rodata.__huge_vall
                0x00008370        0x8 c:/nxp/lpcxpresso_7.0.0_92/lpcxpresso/tools/bin/../lib/gcc/arm-none-eabi/4.8.3/../../../../arm-none-eabi/lib/armv7-m\libcr_c.a(_hugeval.o)
                0x00008370                __huge_vall
                0x00008378                . = ALIGN (0x4)

.glue_7         0x00008378        0x0
 .glue_7        0x00000000        0x0 linker stubs

.glue_7t        0x00008378        0x0
 .glue_7t       0x00000000        0x0 linker stubs

.vfp11_veneer   0x00008378        0x0
 .vfp11_veneer  0x00000000        0x0 linker stubs

.v4_bx          0x00008378        0x0
 .v4_bx         0x00000000        0x0 linker stubs

.iplt           0x00008378        0x0
 .iplt          0x00000000        0x0 ./src/uart/rs232.o

.rel.dyn        0x00008378        0x0
 .rel.iplt      0x00000000        0x0 ./src/uart/rs232.o

.ARM.extab
 *(.ARM.extab* .gnu.linkonce.armextab.*)
                0x00008378                __exidx_start = .

.ARM.exidx
 *(.ARM.exidx* .gnu.linkonce.armexidx.*)
                0x00008378                __exidx_end = .
                0x00008378                _etext = .

.data_RAM2      0x2007c000        0x0 load address 0x00008378
 FILL mask 0xff
 *(.data.$RAM2*)
 *(.data.$RamAHB16*)
                0x2007c000                . = ALIGN (0x4)

.uninit_RESERVED
                0x10000000        0x0
 *(.bss.$RESERVED*)
                0x10000000                . = ALIGN (0x4)
                0x10000000                _end_uninit_RESERVED = .

.data           0x10000000       0x50 load address 0x00008378
 FILL mask 0xff
                0x10000000                _data = .
 *(vtable)
 *(.data*)
 .data          0x10000000        0x1 ./src/sdcard/sd.o
 *fill*         0x10000001        0x3 
 .data          0x10000004       0x40 ./src/gsm/gsm.o
                0x10000004                cmgr
                0x1000000c                check_ok
                0x10000010                infor_cmd
                0x10000018                clip
                0x10000020                cmti
                0x10000028                check_error
                0x10000030                all_call
                0x10000034                passWord
                0x1000003c                dat_version
 .data          0x10000044        0x8 ./src/main.o
                0x10000044                version
 .data.SystemCoreClock
                0x1000004c        0x4 C:\Users\Long\Documents\LPCXpresso_7.0.0_92\workspace\CMSISv2p00_LPC17xx\Debug\libCMSISv2p00_LPC17xx.a(system_LPC17xx.o)
                0x1000004c                SystemCoreClock
                0x10000050                . = ALIGN (0x4)
                0x10000050                _edata = .

.igot.plt       0x10000050        0x0 load address 0x000083c8
 .igot.plt      0x00000000        0x0 ./src/uart/rs232.o

.bss_RAM2       0x2007c000        0x0
 *(.bss.$RAM2*)
 *(.bss.$RamAHB16*)
                0x2007c000                . = ALIGN (0x4)

.bss            0x10000050     0x1b44
                0x10000050                _bss = .
 *(.bss*)
 .bss           0x10000050       0x50 ./src/timer/timer.o
                0x10000050                timer0_m0_counter
                0x10000054                timer1_m0_counter
                0x10000058                timer2_m0_counter
                0x1000005c                timer3_m0_counter
                0x10000060                timer0_m1_counter
                0x10000064                timer1_m1_counter
                0x10000068                timer2_m1_counter
                0x1000006c                timer3_m1_counter
                0x10000070                timer0_capture0
                0x10000074                timer1_capture0
                0x10000078                timer2_capture0
                0x1000007c                timer3_capture0
                0x10000080                timer0_capture1
                0x10000084                timer1_capture1
                0x10000088                timer2_capture1
                0x1000008c                timer3_capture1
                0x10000090                timer0_counter
                0x10000094                timer1_counter
                0x10000098                timer2_counter
                0x1000009c                timer3_counter
 .bss           0x100000a0       0x24 ./src/sdcard/Fatfs/ff.o
 .bss           0x100000c4        0x1 ./src/sdcard/sd.o
                0x100000c4                SD_Type
 *fill*         0x100000c5        0x3 
 .bss           0x100000c8       0x20 ./src/main.o
                0x100000c8                toggle
                0x100000cc                couter0
                0x100000d0                pointer_server
                0x100000d4                so_vin
 .bss.errno     0x100000e8        0x4 c:/nxp/lpcxpresso_7.0.0_92/lpcxpresso/tools/bin/../lib/gcc/arm-none-eabi/4.8.3/../../../../arm-none-eabi/lib/armv7-m\libcr_c.a(errno.o)
                0x100000e8                errno
 *(COMMON)
 COMMON         0x100000ec     0x11a0 ./src/sdcard/khn_gsht.o
                0x100000ec                Fatfs
                0x10000920                fileName
                0x10000a4c                file
                0x10001270                dir
 COMMON         0x1000128c      0x2d7 ./src/gsm/gsm.o
                0x1000128c                apn
                0x1000129c                passApn
                0x100012a4                userName
                0x100012ac                phoneDrive
                0x100012b8                imei
                0x100012cc                rx_wr_index0
                0x100012cd                door_key
                0x100012ce                rx_rd_index1
                0x100012d0                rx_buffer0
                0x10001398                data_sms
                0x10001438                time_gps
                0x1000144c                sms_time
                0x10001460                sms_reply
                0x10001500                queue_sms
                0x10001501                rx_counter1
                0x10001504                Selection
                0x10001518                userCall
                0x10001524                speed
                0x10001529                rx_wr_index1
                0x1000152a                rx_rd_index0
                0x1000152c                phone_1
                0x10001538                time_gps_send
                0x1000154c                ipServer
                0x1000155c                tcpPort
                0x10001562                rx_counter0
 *fill*         0x10001563        0x1 
 COMMON         0x10001564        0x4 ./src/Tcp/tcp.o
                0x10001564                timer_gprs
 COMMON         0x10001568       0x24 ./src/GPS/gps.o
                0x10001568                speed_gps
                0x10001570                longitude
                0x10001580                latitude
 COMMON         0x1000158c      0x1cc ./src/common.o
                0x1000158c                rx_buffer1
                0x10001654                counter_send_gps
                0x10001658                timer_gps
                0x1000165c                flag_gprs
                0x10001660                data_gps
                0x10001728                flag_modem
                0x1000172c                flash_data
                0x10001750                msTicks
                0x10001754                timer_send_gps
 COMMON         0x10001758      0x2f0 ./src/main.o
                0x10001758                n
                0x1000175c                gps_buffer
                0x10001824                oil_value
                0x10001828                rx_buffer_overflow1
                0x10001829                resend
                0x1000182c                data_server
                0x100018f4                rx_gps_index
                0x100018f8                interruptTimer_0
                0x100018fc                rx_buffer_overflow0
                0x10001900                data
                0x10001964                timeCheck
                0x10001968                flag_system
                0x10001970                readData
                0x1000197c                gsm_buffer
                0x10001a44                send_data_server
 COMMON         0x10001a48        0x4 c:/nxp/lpcxpresso_7.0.0_92/lpcxpresso/tools/bin/../lib/gcc/arm-none-eabi/4.8.3/../../../../arm-none-eabi/lib/armv7-m\libcr_c.a(initio.o)
                0x10001a48                _extra
 COMMON         0x10001a4c      0x140 c:/nxp/lpcxpresso_7.0.0_92/lpcxpresso/tools/bin/../lib/gcc/arm-none-eabi/4.8.3/../../../../arm-none-eabi/lib/armv7-m\libcr_c.a(stdio.o)
                0x10001a4c                __Ciob
 COMMON         0x10001b8c        0x8 c:/nxp/lpcxpresso_7.0.0_92/lpcxpresso/tools/bin/../lib/gcc/arm-none-eabi/4.8.3/../../../../arm-none-eabi/lib/armv7-m\libcr_c.a(__init_alloc.o)
                0x10001b8c                __heaps
                0x10001b90                __end_of_heap
                0x10001b94                . = ALIGN (0x4)
                0x10001b94                _ebss = .
                0x10001b94                PROVIDE (end, .)

.noinit_RAM2    0x2007c000        0x0
 *(.noinit.$RAM2*)
 *(.noinit.$RamAHB16*)
                0x2007c000                . = ALIGN (0x4)

.noinit         0x10001b94        0x0
                0x10001b94                _noinit = .
 *(.noinit*)
                0x10001b94                . = ALIGN (0x4)
                0x10001b94                _end_noinit = .
                0x10001b94                PROVIDE (_pvHeapStart, .)
                0x10004000                PROVIDE (_vStackTop, (__top_RamLoc16 - 0x0))
OUTPUT(KHNLPC1764.axf elf32-littlearm)

.debug_info     0x00000000     0x8cc8
 .debug_info    0x00000000      0x28f ./src/uart/rs232.o
 .debug_info    0x0000028f      0xd03 ./src/uart/uart.o
 .debug_info    0x00000f92      0x6c0 ./src/timer/timer.o
 .debug_info    0x00001652     0x1fac ./src/sdcard/Fatfs/ff.o
 .debug_info    0x000035fe      0x4a0 ./src/sdcard/khn_gsht.o
 .debug_info    0x00003a9e      0xc8a ./src/sdcard/sd.o
 .debug_info    0x00004728      0x8ca ./src/sdcard/spi.o
 .debug_info    0x00004ff2      0xa19 ./src/gsm/gsm.o
 .debug_info    0x00005a0b      0x5d6 ./src/Tcp/tcp.o
 .debug_info    0x00005fe1       0xef ./src/Led/led.o
 .debug_info    0x000060d0      0x38b ./src/GPS/gps.o
 .debug_info    0x0000645b      0x9b3 ./src/GPIO/GPIO.o
 .debug_info    0x00006e0e      0x410 ./src/common.o
 .debug_info    0x0000721e      0x24b ./src/cr_startup_lpc175x_6x.o
 .debug_info    0x00007469     0x1535 ./src/main.o
 .debug_info    0x0000899e      0x32a C:\Users\Long\Documents\LPCXpresso_7.0.0_92\workspace\CMSISv2p00_LPC17xx\Debug\libCMSISv2p00_LPC17xx.a(system_LPC17xx.o)

.debug_abbrev   0x00000000     0x199c
 .debug_abbrev  0x00000000      0x17a ./src/uart/rs232.o
 .debug_abbrev  0x0000017a      0x204 ./src/uart/uart.o
 .debug_abbrev  0x0000037e      0x1cd ./src/timer/timer.o
 .debug_abbrev  0x0000054b      0x206 ./src/sdcard/Fatfs/ff.o
 .debug_abbrev  0x00000751      0x150 ./src/sdcard/khn_gsht.o
 .debug_abbrev  0x000008a1      0x22f ./src/sdcard/sd.o
 .debug_abbrev  0x00000ad0      0x187 ./src/sdcard/spi.o
 .debug_abbrev  0x00000c57      0x243 ./src/gsm/gsm.o
 .debug_abbrev  0x00000e9a      0x134 ./src/Tcp/tcp.o
 .debug_abbrev  0x00000fce       0x80 ./src/Led/led.o
 .debug_abbrev  0x0000104e       0xe2 ./src/GPS/gps.o
 .debug_abbrev  0x00001130      0x1fa ./src/GPIO/GPIO.o
 .debug_abbrev  0x0000132a      0x155 ./src/common.o
 .debug_abbrev  0x0000147f       0xf5 ./src/cr_startup_lpc175x_6x.o
 .debug_abbrev  0x00001574      0x342 ./src/main.o
 .debug_abbrev  0x000018b6       0xe6 C:\Users\Long\Documents\LPCXpresso_7.0.0_92\workspace\CMSISv2p00_LPC17xx\Debug\libCMSISv2p00_LPC17xx.a(system_LPC17xx.o)

.debug_aranges  0x00000000      0x6b0
 .debug_aranges
                0x00000000       0x40 ./src/uart/rs232.o
 .debug_aranges
                0x00000040       0x58 ./src/uart/uart.o
 .debug_aranges
                0x00000098       0x68 ./src/timer/timer.o
 .debug_aranges
                0x00000100      0x1e0 ./src/sdcard/Fatfs/ff.o
 .debug_aranges
                0x000002e0       0x38 ./src/sdcard/khn_gsht.o
 .debug_aranges
                0x00000318       0xa8 ./src/sdcard/sd.o
 .debug_aranges
                0x000003c0       0x50 ./src/sdcard/spi.o
 .debug_aranges
                0x00000410       0x70 ./src/gsm/gsm.o
 .debug_aranges
                0x00000480       0x30 ./src/Tcp/tcp.o
 .debug_aranges
                0x000004b0       0x40 ./src/Led/led.o
 .debug_aranges
                0x000004f0       0x20 ./src/GPS/gps.o
 .debug_aranges
                0x00000510       0x58 ./src/GPIO/GPIO.o
 .debug_aranges
                0x00000568       0x30 ./src/common.o
 .debug_aranges
                0x00000598       0x80 ./src/cr_startup_lpc175x_6x.o
 .debug_aranges
                0x00000618       0x70 ./src/main.o
 .debug_aranges
                0x00000688       0x28 C:\Users\Long\Documents\LPCXpresso_7.0.0_92\workspace\CMSISv2p00_LPC17xx\Debug\libCMSISv2p00_LPC17xx.a(system_LPC17xx.o)

.debug_ranges   0x00000000      0x5c8
 .debug_ranges  0x00000000       0x30 ./src/uart/rs232.o
 .debug_ranges  0x00000030       0x48 ./src/uart/uart.o
 .debug_ranges  0x00000078       0x58 ./src/timer/timer.o
 .debug_ranges  0x000000d0      0x1d0 ./src/sdcard/Fatfs/ff.o
 .debug_ranges  0x000002a0       0x28 ./src/sdcard/khn_gsht.o
 .debug_ranges  0x000002c8       0x98 ./src/sdcard/sd.o
 .debug_ranges  0x00000360       0x40 ./src/sdcard/spi.o
 .debug_ranges  0x000003a0       0x78 ./src/gsm/gsm.o
 .debug_ranges  0x00000418       0x20 ./src/Tcp/tcp.o
 .debug_ranges  0x00000438       0x30 ./src/Led/led.o
 .debug_ranges  0x00000468       0x10 ./src/GPS/gps.o
 .debug_ranges  0x00000478       0x48 ./src/GPIO/GPIO.o
 .debug_ranges  0x000004c0       0x20 ./src/common.o
 .debug_ranges  0x000004e0       0x70 ./src/cr_startup_lpc175x_6x.o
 .debug_ranges  0x00000550       0x60 ./src/main.o
 .debug_ranges  0x000005b0       0x18 C:\Users\Long\Documents\LPCXpresso_7.0.0_92\workspace\CMSISv2p00_LPC17xx\Debug\libCMSISv2p00_LPC17xx.a(system_LPC17xx.o)

.debug_macro    0x00000000     0x418a
 .debug_macro   0x00000000      0x113 ./src/uart/rs232.o
 .debug_macro   0x00000113      0x856 ./src/uart/rs232.o
 .debug_macro   0x00000969       0x10 ./src/uart/rs232.o
 .debug_macro   0x00000979      0x122 ./src/uart/rs232.o
 .debug_macro   0x00000a9b       0x1c ./src/uart/rs232.o
 .debug_macro   0x00000ab7       0x2e ./src/uart/rs232.o
 .debug_macro   0x00000ae5      0x5b9 ./src/uart/rs232.o
 .debug_macro   0x0000109e       0x18 ./src/uart/rs232.o
 .debug_macro   0x000010b6      0x7af ./src/uart/rs232.o
 .debug_macro   0x00001865      0x2c7 ./src/uart/rs232.o
 .debug_macro   0x00001b2c       0x9a ./src/uart/rs232.o
 .debug_macro   0x00001bc6       0x1c ./src/uart/rs232.o
 .debug_macro   0x00001be2       0x2e ./src/uart/rs232.o
 .debug_macro   0x00001c10       0x16 ./src/uart/rs232.o
 .debug_macro   0x00001c26       0x7c ./src/uart/rs232.o
 .debug_macro   0x00001ca2       0xd0 ./src/uart/rs232.o
 .debug_macro   0x00001d72       0xb9 ./src/uart/rs232.o
 .debug_macro   0x00001e2b       0xe0 ./src/uart/rs232.o
 .debug_macro   0x00001f0b      0x101 ./src/uart/uart.o
 .debug_macro   0x0000200c       0x87 ./src/timer/timer.o
 .debug_macro   0x00002093       0x1c ./src/timer/timer.o
 .debug_macro   0x000020af      0x2c7 ./src/timer/timer.o
 .debug_macro   0x00002376       0x63 ./src/timer/timer.o
 .debug_macro   0x000023d9       0x28 ./src/timer/timer.o
 .debug_macro   0x00002401      0x2c4 ./src/sdcard/Fatfs/ff.o
 .debug_macro   0x000026c5       0xe7 ./src/sdcard/Fatfs/ff.o
 .debug_macro   0x000027ac       0x8e ./src/sdcard/Fatfs/ff.o
 .debug_macro   0x0000283a       0x16 ./src/sdcard/Fatfs/ff.o
 .debug_macro   0x00002850       0x94 ./src/sdcard/khn_gsht.o
 .debug_macro   0x000028e4       0x28 ./src/sdcard/khn_gsht.o
 .debug_macro   0x0000290c       0xb6 ./src/sdcard/sd.o
 .debug_macro   0x000029c2       0xd0 ./src/sdcard/sd.o
 .debug_macro   0x00002a92       0xb4 ./src/sdcard/spi.o
 .debug_macro   0x00002b46       0x1c ./src/sdcard/spi.o
 .debug_macro   0x00002b62      0x2c7 ./src/sdcard/spi.o
 .debug_macro   0x00002e29       0x2e ./src/sdcard/spi.o
 .debug_macro   0x00002e57       0xe3 ./src/gsm/gsm.o
 .debug_macro   0x00002f3a       0xa0 ./src/gsm/gsm.o
 .debug_macro   0x00002fda       0xae ./src/gsm/gsm.o
 .debug_macro   0x00003088       0x3a ./src/gsm/gsm.o
 .debug_macro   0x000030c2       0x3a ./src/gsm/gsm.o
 .debug_macro   0x000030fc       0x10 ./src/gsm/gsm.o
 .debug_macro   0x0000310c       0x28 ./src/gsm/gsm.o
 .debug_macro   0x00003134       0xee ./src/Tcp/tcp.o
 .debug_macro   0x00003222       0x10 ./src/Tcp/tcp.o
 .debug_macro   0x00003232       0xa9 ./src/Led/led.o
 .debug_macro   0x000032db       0x9b ./src/GPS/gps.o
 .debug_macro   0x00003376       0x82 ./src/GPIO/GPIO.o
 .debug_macro   0x000033f8       0xa0 ./src/common.o
 .debug_macro   0x00003498       0x1d ./src/cr_startup_lpc175x_6x.o
 .debug_macro   0x000034b5      0x1f6 ./src/main.o
 .debug_macro   0x000036ab       0x76 ./src/main.o
 .debug_macro   0x00003721       0x34 ./src/main.o
 .debug_macro   0x00003755       0xb4 ./src/main.o
 .debug_macro   0x00003809      0x12b C:\Users\Long\Documents\LPCXpresso_7.0.0_92\workspace\CMSISv2p00_LPC17xx\Debug\libCMSISv2p00_LPC17xx.a(system_LPC17xx.o)
 .debug_macro   0x00003934      0x856 C:\Users\Long\Documents\LPCXpresso_7.0.0_92\workspace\CMSISv2p00_LPC17xx\Debug\libCMSISv2p00_LPC17xx.a(system_LPC17xx.o)

.debug_line     0x00000000     0x4265
 .debug_line    0x00000000      0x2bb ./src/uart/rs232.o
 .debug_line    0x000002bb      0x27b ./src/uart/uart.o
 .debug_line    0x00000536      0x32d ./src/timer/timer.o
 .debug_line    0x00000863     0x13f9 ./src/sdcard/Fatfs/ff.o
 .debug_line    0x00001c5c      0x1bd ./src/sdcard/khn_gsht.o
 .debug_line    0x00001e19      0x568 ./src/sdcard/sd.o
 .debug_line    0x00002381      0x23f ./src/sdcard/spi.o
 .debug_line    0x000025c0      0x64e ./src/gsm/gsm.o
 .debug_line    0x00002c0e      0x3bc ./src/Tcp/tcp.o
 .debug_line    0x00002fca      0x22a ./src/Led/led.o
 .debug_line    0x000031f4      0x238 ./src/GPS/gps.o
 .debug_line    0x0000342c      0x280 ./src/GPIO/GPIO.o
 .debug_line    0x000036ac      0x216 ./src/common.o
 .debug_line    0x000038c2       0xdd ./src/cr_startup_lpc175x_6x.o
 .debug_line    0x0000399f      0x6f0 ./src/main.o
 .debug_line    0x0000408f      0x1d6 C:\Users\Long\Documents\LPCXpresso_7.0.0_92\workspace\CMSISv2p00_LPC17xx\Debug\libCMSISv2p00_LPC17xx.a(system_LPC17xx.o)

.debug_str      0x00000000     0xbb38
 .debug_str     0x00000000     0x87ac ./src/uart/rs232.o
                               0x8851 (size before relaxing)
 .debug_str     0x000087ac      0x6f9 ./src/uart/uart.o
                               0x832c (size before relaxing)
 .debug_str     0x00008ea5      0x469 ./src/timer/timer.o
                               0x82f2 (size before relaxing)
 .debug_str     0x0000930e      0xb78 ./src/sdcard/Fatfs/ff.o
                               0x36ad (size before relaxing)
 .debug_str     0x00009e86       0x63 ./src/sdcard/khn_gsht.o
                               0x461e (size before relaxing)
 .debug_str     0x00009ee9      0x3c9 ./src/sdcard/sd.o
                               0x84f1 (size before relaxing)
 .debug_str     0x0000a2b2      0x123 ./src/sdcard/spi.o
                               0x814c (size before relaxing)
 .debug_str     0x0000a3d5      0x6f3 ./src/gsm/gsm.o
                               0x858a (size before relaxing)
 .debug_str     0x0000aac8       0xc7 ./src/Tcp/tcp.o
                               0x83f9 (size before relaxing)
 .debug_str     0x0000ab8f       0x45 ./src/Led/led.o
                               0x8059 (size before relaxing)
 .debug_str     0x0000abd4       0x36 ./src/GPS/gps.o
                               0x81b8 (size before relaxing)
 .debug_str     0x0000ac0a      0x126 ./src/GPIO/GPIO.o
                               0x821e (size before relaxing)
 .debug_str     0x0000ad30       0xe1 ./src/common.o
                               0x8207 (size before relaxing)
 .debug_str     0x0000ae11      0x1c2 ./src/cr_startup_lpc175x_6x.o
                               0x25a4 (size before relaxing)
 .debug_str     0x0000afd3      0x752 ./src/main.o
                               0x9931 (size before relaxing)
 .debug_str     0x0000b725      0x413 C:\Users\Long\Documents\LPCXpresso_7.0.0_92\workspace\CMSISv2p00_LPC17xx\Debug\libCMSISv2p00_LPC17xx.a(system_LPC17xx.o)
                               0x804a (size before relaxing)

.comment        0x00000000       0x70
 .comment       0x00000000       0x70 ./src/uart/rs232.o
                                 0x71 (size before relaxing)
 .comment       0x00000000       0x71 ./src/uart/uart.o
 .comment       0x00000000       0x71 ./src/timer/timer.o
 .comment       0x00000000       0x71 ./src/sdcard/Fatfs/ff.o
 .comment       0x00000000       0x71 ./src/sdcard/khn_gsht.o
 .comment       0x00000000       0x71 ./src/sdcard/sd.o
 .comment       0x00000000       0x71 ./src/sdcard/spi.o
 .comment       0x00000000       0x71 ./src/gsm/gsm.o
 .comment       0x00000000       0x71 ./src/Tcp/tcp.o
 .comment       0x00000000       0x71 ./src/Led/led.o
 .comment       0x00000000       0x71 ./src/GPS/gps.o
 .comment       0x00000000       0x71 ./src/GPIO/GPIO.o
 .comment       0x00000000       0x71 ./src/common.o
 .comment       0x00000000       0x71 ./src/cr_startup_lpc175x_6x.o
 .comment       0x00000000       0x71 ./src/main.o
 .comment       0x00000000       0x71 C:\Users\Long\Documents\LPCXpresso_7.0.0_92\workspace\CMSISv2p00_LPC17xx\Debug\libCMSISv2p00_LPC17xx.a(system_LPC17xx.o)
 .comment       0x00000000       0x71 c:/nxp/lpcxpresso_7.0.0_92/lpcxpresso/tools/bin/../lib/gcc/arm-none-eabi/4.8.3/../../../../arm-none-eabi/lib/armv7-m\libcr_semihost.a(_cr__main.o)
 .comment       0x00000000       0x71 c:/nxp/lpcxpresso_7.0.0_92/lpcxpresso/tools/bin/../lib/gcc/arm-none-eabi/4.8.3/../../../../arm-none-eabi/lib/armv7-m\libcr_c.a(memset.o)
 .comment       0x00000000       0x71 c:/nxp/lpcxpresso_7.0.0_92/lpcxpresso/tools/bin/../lib/gcc/arm-none-eabi/4.8.3/../../../../arm-none-eabi/lib/armv7-m\libcr_c.a(fpprintf.o)
 .comment       0x00000000       0x71 c:/nxp/lpcxpresso_7.0.0_92/lpcxpresso/tools/bin/../lib/gcc/arm-none-eabi/4.8.3/../../../../arm-none-eabi/lib/armv7-m\libcr_c.a(initio.o)
 .comment       0x00000000       0x71 c:/nxp/lpcxpresso_7.0.0_92/lpcxpresso/tools/bin/../lib/gcc/arm-none-eabi/4.8.3/../../../../arm-none-eabi/lib/armv7-m\libcr_c.a(printf.o)
 .comment       0x00000000       0x71 c:/nxp/lpcxpresso_7.0.0_92/lpcxpresso/tools/bin/../lib/gcc/arm-none-eabi/4.8.3/../../../../arm-none-eabi/lib/armv7-m\libcr_c.a(setvbuf.o)
 .comment       0x00000000       0x71 c:/nxp/lpcxpresso_7.0.0_92/lpcxpresso/tools/bin/../lib/gcc/arm-none-eabi/4.8.3/../../../../arm-none-eabi/lib/armv7-m\libcr_c.a(stdio.o)
 .comment       0x00000000       0x71 c:/nxp/lpcxpresso_7.0.0_92/lpcxpresso/tools/bin/../lib/gcc/arm-none-eabi/4.8.3/../../../../arm-none-eabi/lib/armv7-m\libcr_c.a(strcmp.o)
 .comment       0x00000000       0x71 c:/nxp/lpcxpresso_7.0.0_92/lpcxpresso/tools/bin/../lib/gcc/arm-none-eabi/4.8.3/../../../../arm-none-eabi/lib/armv7-m\libcr_c.a(strlen.o)
 .comment       0x00000000       0x71 c:/nxp/lpcxpresso_7.0.0_92/lpcxpresso/tools/bin/../lib/gcc/arm-none-eabi/4.8.3/../../../../arm-none-eabi/lib/armv7-m\libcr_c.a(strncmp.o)
 .comment       0x00000000       0x71 c:/nxp/lpcxpresso_7.0.0_92/lpcxpresso/tools/bin/../lib/gcc/arm-none-eabi/4.8.3/../../../../arm-none-eabi/lib/armv7-m\libcr_c.a(_deferredlazyseek.o)
 .comment       0x00000000       0x71 c:/nxp/lpcxpresso_7.0.0_92/lpcxpresso/tools/bin/../lib/gcc/arm-none-eabi/4.8.3/../../../../arm-none-eabi/lib/armv7-m\libcr_c.a(_fdopen.o)
 .comment       0x00000000       0x71 c:/nxp/lpcxpresso_7.0.0_92/lpcxpresso/tools/bin/../lib/gcc/arm-none-eabi/4.8.3/../../../../arm-none-eabi/lib/armv7-m\libcr_c.a(_fflush.o)
 .comment       0x00000000       0x71 c:/nxp/lpcxpresso_7.0.0_92/lpcxpresso/tools/bin/../lib/gcc/arm-none-eabi/4.8.3/../../../../arm-none-eabi/lib/armv7-m\libcr_c.a(_frexpl.o)
 .comment       0x00000000       0x71 c:/nxp/lpcxpresso_7.0.0_92/lpcxpresso/tools/bin/../lib/gcc/arm-none-eabi/4.8.3/../../../../arm-none-eabi/lib/armv7-m\libcr_c.a(_ldexpl.o)
 .comment       0x00000000       0x71 c:/nxp/lpcxpresso_7.0.0_92/lpcxpresso/tools/bin/../lib/gcc/arm-none-eabi/4.8.3/../../../../arm-none-eabi/lib/armv7-m\libcr_c.a(_writebuf.o)
 .comment       0x00000000       0x71 c:/nxp/lpcxpresso_7.0.0_92/lpcxpresso/tools/bin/../lib/gcc/arm-none-eabi/4.8.3/../../../../arm-none-eabi/lib/armv7-m\libcr_c.a(alloc.o)
 .comment       0x00000000       0x71 c:/nxp/lpcxpresso_7.0.0_92/lpcxpresso/tools/bin/../lib/gcc/arm-none-eabi/4.8.3/../../../../arm-none-eabi/lib/armv7-m\libcr_c.a(errno.o)
 .comment       0x00000000       0x71 c:/nxp/lpcxpresso_7.0.0_92/lpcxpresso/tools/bin/../lib/gcc/arm-none-eabi/4.8.3/../../../../arm-none-eabi/lib/armv7-m\libcr_c.a(fclose.o)
 .comment       0x00000000       0x71 c:/nxp/lpcxpresso_7.0.0_92/lpcxpresso/tools/bin/../lib/gcc/arm-none-eabi/4.8.3/../../../../arm-none-eabi/lib/armv7-m\libcr_c.a(fflush.o)
 .comment       0x00000000       0x71 c:/nxp/lpcxpresso_7.0.0_92/lpcxpresso/tools/bin/../lib/gcc/arm-none-eabi/4.8.3/../../../../arm-none-eabi/lib/armv7-m\libcr_c.a(fseek.o)
 .comment       0x00000000       0x71 c:/nxp/lpcxpresso_7.0.0_92/lpcxpresso/tools/bin/../lib/gcc/arm-none-eabi/4.8.3/../../../../arm-none-eabi/lib/armv7-m\libcr_c.a(ftell.o)
 .comment       0x00000000       0x71 c:/nxp/lpcxpresso_7.0.0_92/lpcxpresso/tools/bin/../lib/gcc/arm-none-eabi/4.8.3/../../../../arm-none-eabi/lib/armv7-m\libcr_c.a(remove.o)
 .comment       0x00000000       0x71 c:/nxp/lpcxpresso_7.0.0_92/lpcxpresso/tools/bin/../lib/gcc/arm-none-eabi/4.8.3/../../../../arm-none-eabi/lib/armv7-m\libcr_c.a(__init_alloc.o)
 .comment       0x00000000       0x71 c:/nxp/lpcxpresso_7.0.0_92/lpcxpresso/tools/bin/../lib/gcc/arm-none-eabi/4.8.3/../../../../arm-none-eabi/lib/armv7-m\libcr_c.a(_cr_sbrk.o)
 .comment       0x00000000       0x71 c:/nxp/lpcxpresso_7.0.0_92/lpcxpresso/tools/bin/../lib/gcc/arm-none-eabi/4.8.3/../../../../arm-none-eabi/lib/armv7-m\libcr_c.a(_do_fflush.o)
 .comment       0x00000000       0x71 c:/nxp/lpcxpresso_7.0.0_92/lpcxpresso/tools/bin/../lib/gcc/arm-none-eabi/4.8.3/../../../../arm-none-eabi/lib/armv7-m\libcr_c.a(_hugeval.o)
 .comment       0x00000000       0x71 c:/nxp/lpcxpresso_7.0.0_92/lpcxpresso/tools/bin/../lib/gcc/arm-none-eabi/4.8.3/../../../../arm-none-eabi/lib/armv7-m\libcr_c.a(_cr_check_heap.o)
 .comment       0x00000000       0x71 c:/nxp/lpcxpresso_7.0.0_92/lpcxpresso/tools/bin/../lib/gcc/arm-none-eabi/4.8.3/armv7-m\libcr_eabihelpers.a(double.o)

.ARM.attributes
                0x00000000       0x31
 .ARM.attributes
                0x00000000       0x33 ./src/uart/rs232.o
 .ARM.attributes
                0x00000033       0x33 ./src/uart/uart.o
 .ARM.attributes
                0x00000066       0x33 ./src/timer/timer.o
 .ARM.attributes
                0x00000099       0x33 ./src/sdcard/Fatfs/ff.o
 .ARM.attributes
                0x000000cc       0x33 ./src/sdcard/khn_gsht.o
 .ARM.attributes
                0x000000ff       0x33 ./src/sdcard/sd.o
 .ARM.attributes
                0x00000132       0x33 ./src/sdcard/spi.o
 .ARM.attributes
                0x00000165       0x33 ./src/gsm/gsm.o
 .ARM.attributes
                0x00000198       0x33 ./src/Tcp/tcp.o
 .ARM.attributes
                0x000001cb       0x33 ./src/Led/led.o
 .ARM.attributes
                0x000001fe       0x33 ./src/GPS/gps.o
 .ARM.attributes
                0x00000231       0x33 ./src/GPIO/GPIO.o
 .ARM.attributes
                0x00000264       0x33 ./src/common.o
 .ARM.attributes
                0x00000297       0x33 ./src/cr_startup_lpc175x_6x.o
 .ARM.attributes
                0x000002ca       0x33 ./src/main.o
 .ARM.attributes
                0x000002fd       0x33 C:\Users\Long\Documents\LPCXpresso_7.0.0_92\workspace\CMSISv2p00_LPC17xx\Debug\libCMSISv2p00_LPC17xx.a(system_LPC17xx.o)
 .ARM.attributes
                0x00000330       0x33 c:/nxp/lpcxpresso_7.0.0_92/lpcxpresso/tools/bin/../lib/gcc/arm-none-eabi/4.8.3/../../../../arm-none-eabi/lib/armv7-m\libcr_semihost.a(_cr__main.o)
 .ARM.attributes
                0x00000363       0x33 c:/nxp/lpcxpresso_7.0.0_92/lpcxpresso/tools/bin/../lib/gcc/arm-none-eabi/4.8.3/../../../../arm-none-eabi/lib/armv7-m\libcr_c.a(memset.o)
 .ARM.attributes
                0x00000396       0x33 c:/nxp/lpcxpresso_7.0.0_92/lpcxpresso/tools/bin/../lib/gcc/arm-none-eabi/4.8.3/../../../../arm-none-eabi/lib/armv7-m\libcr_c.a(fpprintf.o)
 .ARM.attributes
                0x000003c9       0x33 c:/nxp/lpcxpresso_7.0.0_92/lpcxpresso/tools/bin/../lib/gcc/arm-none-eabi/4.8.3/../../../../arm-none-eabi/lib/armv7-m\libcr_c.a(initio.o)
 .ARM.attributes
                0x000003fc       0x33 c:/nxp/lpcxpresso_7.0.0_92/lpcxpresso/tools/bin/../lib/gcc/arm-none-eabi/4.8.3/../../../../arm-none-eabi/lib/armv7-m\libcr_c.a(printf.o)
 .ARM.attributes
                0x0000042f       0x33 c:/nxp/lpcxpresso_7.0.0_92/lpcxpresso/tools/bin/../lib/gcc/arm-none-eabi/4.8.3/../../../../arm-none-eabi/lib/armv7-m\libcr_c.a(setvbuf.o)
 .ARM.attributes
                0x00000462       0x33 c:/nxp/lpcxpresso_7.0.0_92/lpcxpresso/tools/bin/../lib/gcc/arm-none-eabi/4.8.3/../../../../arm-none-eabi/lib/armv7-m\libcr_c.a(stdio.o)
 .ARM.attributes
                0x00000495       0x33 c:/nxp/lpcxpresso_7.0.0_92/lpcxpresso/tools/bin/../lib/gcc/arm-none-eabi/4.8.3/../../../../arm-none-eabi/lib/armv7-m\libcr_c.a(strcmp.o)
 .ARM.attributes
                0x000004c8       0x33 c:/nxp/lpcxpresso_7.0.0_92/lpcxpresso/tools/bin/../lib/gcc/arm-none-eabi/4.8.3/../../../../arm-none-eabi/lib/armv7-m\libcr_c.a(strlen.o)
 .ARM.attributes
                0x000004fb       0x33 c:/nxp/lpcxpresso_7.0.0_92/lpcxpresso/tools/bin/../lib/gcc/arm-none-eabi/4.8.3/../../../../arm-none-eabi/lib/armv7-m\libcr_c.a(strncmp.o)
 .ARM.attributes
                0x0000052e       0x33 c:/nxp/lpcxpresso_7.0.0_92/lpcxpresso/tools/bin/../lib/gcc/arm-none-eabi/4.8.3/../../../../arm-none-eabi/lib/armv7-m\libcr_c.a(_deferredlazyseek.o)
 .ARM.attributes
                0x00000561       0x33 c:/nxp/lpcxpresso_7.0.0_92/lpcxpresso/tools/bin/../lib/gcc/arm-none-eabi/4.8.3/../../../../arm-none-eabi/lib/armv7-m\libcr_c.a(_fdopen.o)
 .ARM.attributes
                0x00000594       0x33 c:/nxp/lpcxpresso_7.0.0_92/lpcxpresso/tools/bin/../lib/gcc/arm-none-eabi/4.8.3/../../../../arm-none-eabi/lib/armv7-m\libcr_c.a(_fflush.o)
 .ARM.attributes
                0x000005c7       0x33 c:/nxp/lpcxpresso_7.0.0_92/lpcxpresso/tools/bin/../lib/gcc/arm-none-eabi/4.8.3/../../../../arm-none-eabi/lib/armv7-m\libcr_c.a(_frexpl.o)
 .ARM.attributes
                0x000005fa       0x33 c:/nxp/lpcxpresso_7.0.0_92/lpcxpresso/tools/bin/../lib/gcc/arm-none-eabi/4.8.3/../../../../arm-none-eabi/lib/armv7-m\libcr_c.a(_ldexpl.o)
 .ARM.attributes
                0x0000062d       0x33 c:/nxp/lpcxpresso_7.0.0_92/lpcxpresso/tools/bin/../lib/gcc/arm-none-eabi/4.8.3/../../../../arm-none-eabi/lib/armv7-m\libcr_c.a(_writebuf.o)
 .ARM.attributes
                0x00000660       0x33 c:/nxp/lpcxpresso_7.0.0_92/lpcxpresso/tools/bin/../lib/gcc/arm-none-eabi/4.8.3/../../../../arm-none-eabi/lib/armv7-m\libcr_c.a(alloc.o)
 .ARM.attributes
                0x00000693       0x33 c:/nxp/lpcxpresso_7.0.0_92/lpcxpresso/tools/bin/../lib/gcc/arm-none-eabi/4.8.3/../../../../arm-none-eabi/lib/armv7-m\libcr_c.a(errno.o)
 .ARM.attributes
                0x000006c6       0x33 c:/nxp/lpcxpresso_7.0.0_92/lpcxpresso/tools/bin/../lib/gcc/arm-none-eabi/4.8.3/../../../../arm-none-eabi/lib/armv7-m\libcr_c.a(fclose.o)
 .ARM.attributes
                0x000006f9       0x33 c:/nxp/lpcxpresso_7.0.0_92/lpcxpresso/tools/bin/../lib/gcc/arm-none-eabi/4.8.3/../../../../arm-none-eabi/lib/armv7-m\libcr_c.a(fflush.o)
 .ARM.attributes
                0x0000072c       0x33 c:/nxp/lpcxpresso_7.0.0_92/lpcxpresso/tools/bin/../lib/gcc/arm-none-eabi/4.8.3/../../../../arm-none-eabi/lib/armv7-m\libcr_c.a(fseek.o)
 .ARM.attributes
                0x0000075f       0x33 c:/nxp/lpcxpresso_7.0.0_92/lpcxpresso/tools/bin/../lib/gcc/arm-none-eabi/4.8.3/../../../../arm-none-eabi/lib/armv7-m\libcr_c.a(ftell.o)
 .ARM.attributes
                0x00000792       0x33 c:/nxp/lpcxpresso_7.0.0_92/lpcxpresso/tools/bin/../lib/gcc/arm-none-eabi/4.8.3/../../../../arm-none-eabi/lib/armv7-m\libcr_c.a(remove.o)
 .ARM.attributes
                0x000007c5       0x33 c:/nxp/lpcxpresso_7.0.0_92/lpcxpresso/tools/bin/../lib/gcc/arm-none-eabi/4.8.3/../../../../arm-none-eabi/lib/armv7-m\libcr_c.a(__init_alloc.o)
 .ARM.attributes
                0x000007f8       0x33 c:/nxp/lpcxpresso_7.0.0_92/lpcxpresso/tools/bin/../lib/gcc/arm-none-eabi/4.8.3/../../../../arm-none-eabi/lib/armv7-m\libcr_c.a(_cr_sbrk.o)
 .ARM.attributes
                0x0000082b       0x33 c:/nxp/lpcxpresso_7.0.0_92/lpcxpresso/tools/bin/../lib/gcc/arm-none-eabi/4.8.3/../../../../arm-none-eabi/lib/armv7-m\libcr_c.a(_do_fflush.o)
 .ARM.attributes
                0x0000085e       0x33 c:/nxp/lpcxpresso_7.0.0_92/lpcxpresso/tools/bin/../lib/gcc/arm-none-eabi/4.8.3/../../../../arm-none-eabi/lib/armv7-m\libcr_c.a(_hugeval.o)
 .ARM.attributes
                0x00000891       0x33 c:/nxp/lpcxpresso_7.0.0_92/lpcxpresso/tools/bin/../lib/gcc/arm-none-eabi/4.8.3/../../../../arm-none-eabi/lib/armv7-m\libcr_c.a(_cr_check_heap.o)
 .ARM.attributes
                0x000008c4       0x33 c:/nxp/lpcxpresso_7.0.0_92/lpcxpresso/tools/bin/../lib/gcc/arm-none-eabi/4.8.3/armv7-m\libcr_eabihelpers.a(double.o)
 .ARM.attributes
                0x000008f7       0x21 c:/nxp/lpcxpresso_7.0.0_92/lpcxpresso/tools/bin/../lib/gcc/arm-none-eabi/4.8.3/armv7-m\libcr_eabihelpers.a(memcpy.o)
 .ARM.attributes
                0x00000918       0x21 c:/nxp/lpcxpresso_7.0.0_92/lpcxpresso/tools/bin/../lib/gcc/arm-none-eabi/4.8.3/../../../../arm-none-eabi/lib/armv7-m\libcr_semihost.a(__sys_appexit.o)
 .ARM.attributes
                0x00000939       0x21 c:/nxp/lpcxpresso_7.0.0_92/lpcxpresso/tools/bin/../lib/gcc/arm-none-eabi/4.8.3/../../../../arm-none-eabi/lib/armv7-m\libcr_semihost.a(__sys_close.o)
 .ARM.attributes
                0x0000095a       0x21 c:/nxp/lpcxpresso_7.0.0_92/lpcxpresso/tools/bin/../lib/gcc/arm-none-eabi/4.8.3/../../../../arm-none-eabi/lib/armv7-m\libcr_semihost.a(__sys_flen.o)
 .ARM.attributes
                0x0000097b       0x21 c:/nxp/lpcxpresso_7.0.0_92/lpcxpresso/tools/bin/../lib/gcc/arm-none-eabi/4.8.3/../../../../arm-none-eabi/lib/armv7-m\libcr_semihost.a(__sys_istty.o)
 .ARM.attributes
                0x0000099c       0x21 c:/nxp/lpcxpresso_7.0.0_92/lpcxpresso/tools/bin/../lib/gcc/arm-none-eabi/4.8.3/../../../../arm-none-eabi/lib/armv7-m\libcr_semihost.a(__sys_remove.o)
 .ARM.attributes
                0x000009bd       0x21 c:/nxp/lpcxpresso_7.0.0_92/lpcxpresso/tools/bin/../lib/gcc/arm-none-eabi/4.8.3/../../../../arm-none-eabi/lib/armv7-m\libcr_semihost.a(__sys_seek.o)
 .ARM.attributes
                0x000009de       0x21 c:/nxp/lpcxpresso_7.0.0_92/lpcxpresso/tools/bin/../lib/gcc/arm-none-eabi/4.8.3/../../../../arm-none-eabi/lib/armv7-m\libcr_semihost.a(__sys_tmpnam.o)
 .ARM.attributes
                0x000009ff       0x21 c:/nxp/lpcxpresso_7.0.0_92/lpcxpresso/tools/bin/../lib/gcc/arm-none-eabi/4.8.3/../../../../arm-none-eabi/lib/armv7-m\libcr_semihost.a(__sys_write.o)

.debug_frame    0x00000000     0x1460
 .debug_frame   0x00000000       0xb0 ./src/uart/rs232.o
 .debug_frame   0x000000b0      0x104 ./src/uart/uart.o
 .debug_frame   0x000001b4      0x11c ./src/timer/timer.o
 .debug_frame   0x000002d0      0x714 ./src/sdcard/Fatfs/ff.o
 .debug_frame   0x000009e4       0x88 ./src/sdcard/khn_gsht.o
 .debug_frame   0x00000a6c      0x244 ./src/sdcard/sd.o
 .debug_frame   0x00000cb0       0xc4 ./src/sdcard/spi.o
 .debug_frame   0x00000d74      0x164 ./src/gsm/gsm.o
 .debug_frame   0x00000ed8       0x70 ./src/Tcp/tcp.o
 .debug_frame   0x00000f48       0x9c ./src/Led/led.o
 .debug_frame   0x00000fe4       0x2c ./src/GPS/gps.o
 .debug_frame   0x00001010       0xf0 ./src/GPIO/GPIO.o
 .debug_frame   0x00001100       0x68 ./src/common.o
 .debug_frame   0x00001168      0x158 ./src/cr_startup_lpc175x_6x.o
 .debug_frame   0x000012c0      0x164 ./src/main.o
 .debug_frame   0x00001424       0x3c C:\Users\Long\Documents\LPCXpresso_7.0.0_92\workspace\CMSISv2p00_LPC17xx\Debug\libCMSISv2p00_LPC17xx.a(system_LPC17xx.o)
