Archive member included because of file (symbol)

E:\workspaceLPC\CMSISv2p00_LPC17xx\Debug\libCMSISv2p00_LPC17xx.a(system_LPC17xx.o)
                              ./src/cr_startup_lpc175x_6x.o (SystemInit)
c:/nxp/lpcxpresso_6.1.4_194/lpcxpresso/tools/bin/../lib/gcc/arm-none-eabi/4.6.2/../../../../arm-none-eabi/lib/armv7-m\libcr_semihost.a(_cr__main.o)
                              ./src/cr_startup_lpc175x_6x.o (__main)
c:/nxp/lpcxpresso_6.1.4_194/lpcxpresso/tools/bin/../lib/gcc/arm-none-eabi/4.6.2/../../../../arm-none-eabi/lib/armv7-m\libcr_c.a(memcpy.o)
                              ./src/IAP/khn_flash.o (memcpy)
c:/nxp/lpcxpresso_6.1.4_194/lpcxpresso/tools/bin/../lib/gcc/arm-none-eabi/4.6.2/../../../../arm-none-eabi/lib/armv7-m\libcr_c.a(memset.o)
                              ./src/gsm/gsm.o (memset)
c:/nxp/lpcxpresso_6.1.4_194/lpcxpresso/tools/bin/../lib/gcc/arm-none-eabi/4.6.2/../../../../arm-none-eabi/lib/armv7-m\libcr_c.a(fpprintf.o)
                              ./src/uart/rs232.o (sprintf)
c:/nxp/lpcxpresso_6.1.4_194/lpcxpresso/tools/bin/../lib/gcc/arm-none-eabi/4.6.2/../../../../arm-none-eabi/lib/armv7-m\libcr_c.a(initio.o)
                              c:/nxp/lpcxpresso_6.1.4_194/lpcxpresso/tools/bin/../lib/gcc/arm-none-eabi/4.6.2/../../../../arm-none-eabi/lib/armv7-m\libcr_semihost.a(_cr__main.o) (_initio)
c:/nxp/lpcxpresso_6.1.4_194/lpcxpresso/tools/bin/../lib/gcc/arm-none-eabi/4.6.2/../../../../arm-none-eabi/lib/armv7-m\libcr_c.a(printf.o)
                              c:/nxp/lpcxpresso_6.1.4_194/lpcxpresso/tools/bin/../lib/gcc/arm-none-eabi/4.6.2/../../../../arm-none-eabi/lib/armv7-m\libcr_c.a(fpprintf.o) (__vfprintf)
c:/nxp/lpcxpresso_6.1.4_194/lpcxpresso/tools/bin/../lib/gcc/arm-none-eabi/4.6.2/../../../../arm-none-eabi/lib/armv7-m\libcr_c.a(setvbuf.o)
                              c:/nxp/lpcxpresso_6.1.4_194/lpcxpresso/tools/bin/../lib/gcc/arm-none-eabi/4.6.2/../../../../arm-none-eabi/lib/armv7-m\libcr_c.a(initio.o) (setvbuf)
c:/nxp/lpcxpresso_6.1.4_194/lpcxpresso/tools/bin/../lib/gcc/arm-none-eabi/4.6.2/../../../../arm-none-eabi/lib/armv7-m\libcr_c.a(stdio.o)
                              c:/nxp/lpcxpresso_6.1.4_194/lpcxpresso/tools/bin/../lib/gcc/arm-none-eabi/4.6.2/../../../../arm-none-eabi/lib/armv7-m\libcr_c.a(fpprintf.o) (__Ciob)
c:/nxp/lpcxpresso_6.1.4_194/lpcxpresso/tools/bin/../lib/gcc/arm-none-eabi/4.6.2/../../../../arm-none-eabi/lib/armv7-m\libcr_c.a(strcmp.o)
                              ./src/gsm/gsm.o (strcmp)
c:/nxp/lpcxpresso_6.1.4_194/lpcxpresso/tools/bin/../lib/gcc/arm-none-eabi/4.6.2/../../../../arm-none-eabi/lib/armv7-m\libcr_c.a(strlen.o)
                              ./src/uart/rs232.o (strlen)
c:/nxp/lpcxpresso_6.1.4_194/lpcxpresso/tools/bin/../lib/gcc/arm-none-eabi/4.6.2/../../../../arm-none-eabi/lib/armv7-m\libcr_c.a(strncmp.o)
                              ./src/uart/rs232.o (strncmp)
c:/nxp/lpcxpresso_6.1.4_194/lpcxpresso/tools/bin/../lib/gcc/arm-none-eabi/4.6.2/../../../../arm-none-eabi/lib/armv7-m\libcr_c.a(strtok.o)
                              ./src/common.o (strtok)
c:/nxp/lpcxpresso_6.1.4_194/lpcxpresso/tools/bin/../lib/gcc/arm-none-eabi/4.6.2/../../../../arm-none-eabi/lib/armv7-m\libcr_c.a(__fillbuf.o)
                              c:/nxp/lpcxpresso_6.1.4_194/lpcxpresso/tools/bin/../lib/gcc/arm-none-eabi/4.6.2/../../../../arm-none-eabi/lib/armv7-m\libcr_c.a(stdio.o) (__filbuf)
c:/nxp/lpcxpresso_6.1.4_194/lpcxpresso/tools/bin/../lib/gcc/arm-none-eabi/4.6.2/../../../../arm-none-eabi/lib/armv7-m\libcr_c.a(_deferredlazyseek.o)
                              c:/nxp/lpcxpresso_6.1.4_194/lpcxpresso/tools/bin/../lib/gcc/arm-none-eabi/4.6.2/../../../../arm-none-eabi/lib/armv7-m\libcr_c.a(__fillbuf.o) (_deferredlazyseek)
c:/nxp/lpcxpresso_6.1.4_194/lpcxpresso/tools/bin/../lib/gcc/arm-none-eabi/4.6.2/../../../../arm-none-eabi/lib/armv7-m\libcr_c.a(_fdopen.o)
                              c:/nxp/lpcxpresso_6.1.4_194/lpcxpresso/tools/bin/../lib/gcc/arm-none-eabi/4.6.2/../../../../arm-none-eabi/lib/armv7-m\libcr_c.a(initio.o) (_fdopen)
c:/nxp/lpcxpresso_6.1.4_194/lpcxpresso/tools/bin/../lib/gcc/arm-none-eabi/4.6.2/../../../../arm-none-eabi/lib/armv7-m\libcr_c.a(_fflush.o)
                              c:/nxp/lpcxpresso_6.1.4_194/lpcxpresso/tools/bin/../lib/gcc/arm-none-eabi/4.6.2/../../../../arm-none-eabi/lib/armv7-m\libcr_c.a(__fillbuf.o) (_fflush)
c:/nxp/lpcxpresso_6.1.4_194/lpcxpresso/tools/bin/../lib/gcc/arm-none-eabi/4.6.2/../../../../arm-none-eabi/lib/armv7-m\libcr_c.a(_frexpl.o)
                              c:/nxp/lpcxpresso_6.1.4_194/lpcxpresso/tools/bin/../lib/gcc/arm-none-eabi/4.6.2/../../../../arm-none-eabi/lib/armv7-m\libcr_c.a(fpprintf.o) (_frexpl)
c:/nxp/lpcxpresso_6.1.4_194/lpcxpresso/tools/bin/../lib/gcc/arm-none-eabi/4.6.2/../../../../arm-none-eabi/lib/armv7-m\libcr_c.a(_ldexpl.o)
[...]
Memory Configuration

Name             Origin             Length             Attributes
MFlash128        0x00000000         0x00020000         xr
RamLoc16         0x10000000         0x00004000         xrw
RamAHB16         0x2007c000         0x00004000         xrw
*default*        0x00000000         0xffffffff

Linker script and memory map

LOAD ./src/uart/rs232.o
LOAD ./src/uart/uart.o
LOAD ./src/timer/timer.o
LOAD ./src/sdcard/Fatfs/ff.o
LOAD ./src/sdcard/khn_gsht.o
LOAD ./src/sdcard/sd.o
LOAD ./src/sdcard/spi.o
LOAD ./src/gsm/gsm.o
LOAD ./src/Tcp/tcp.o
LOAD ./src/Led/led.o
LOAD ./src/IAP/IAP.o
LOAD ./src/IAP/khn_flash.o
LOAD ./src/GPS/gps.o
LOAD ./src/GPIO/GPIO.o
LOAD ./src/common.o
LOAD ./src/cr_startup_lpc175x_6x.o
LOAD ./src/main.o
LOAD E:\workspaceLPC\CMSISv2p00_LPC17xx\Debug\libCMSISv2p00_LPC17xx.a
START GROUP
LOAD c:/nxp/lpcxpresso_6.1.4_194/lpcxpresso/tools/bin/../lib/gcc/arm-none-eabi/4.6.2/../../../../arm-none-eabi/lib/armv7-m\libcr_semihost.a
LOAD c:/nxp/lpcxpresso_6.1.4_194/lpcxpresso/tools/bin/../lib/gcc/arm-none-eabi/4.6.2/../../../../arm-none-eabi/lib/armv7-m\libcr_c.a
LOAD c:/nxp/lpcxpresso_6.1.4_194/lpcxpresso/tools/bin/../lib/gcc/arm-none-eabi/4.6.2/armv7-m\libcr_eabihelpers.a
END GROUP
                0x00020000                __top_MFlash128 = 0x20000
                0x10004000                __top_RamLoc16 = 0x10004000
                0x20080000                __top_RamAHB16 = 0x20080000

.text           0x00000000     0x9770
 FILL mask 0xff
                0x00000000                __vectors_start__ = ABSOLUTE (.)
 *(.isr_vector)
 .isr_vector    0x00000000       0xcc ./src/cr_startup_lpc175x_6x.o
                0x00000000                g_pfnVectors
                0x000000cc                . = ALIGN (0x4)
                0x000000cc                __section_table_start = .
                0x000000cc                __data_section_table = .
                0x000000cc        0x4 LONG 0x9770 LOADADDR (.data)
                0x000000d0        0x4 LONG 0x10000000 ADDR (.data)
                0x000000d4        0x4 LONG 0x50 SIZEOF (.data)
                0x000000d8        0x4 LONG 0x9770 LOADADDR (.data_RAM2)
                0x000000dc        0x4 LONG 0x2007c000 ADDR (.data_RAM2)
                0x000000e0        0x4 LONG 0x0 SIZEOF (.data_RAM2)
                0x000000e4                __data_section_table_end = .
                0x000000e4                __bss_section_table = .
                0x000000e4        0x4 LONG 0x10000050 ADDR (.bss)
                0x000000e8        0x4 LONG 0x1b44 SIZEOF (.bss)
                0x000000ec        0x4 LONG 0x2007c000 ADDR (.bss_RAM2)
                0x000000f0        0x4 LONG 0x0 SIZEOF (.bss_RAM2)
                0x000000f4                __bss_section_table_end = .
                0x000000f4                __section_table_end = .
 *(.after_vectors*)
 .after_vectors
                0x000000f4      0x174 ./src/cr_startup_lpc175x_6x.o
                0x000000f4                data_init
                0x00000144                bss_init
                0x00000184                ResetISR
                0x00000218                NMI_Handler
                0x00000220                HardFault_Handler
                0x00000228                MemManage_Handler
                0x00000230                BusFault_Handler
                0x00000238                UsageFault_Handler
                0x00000240                SVC_Handler
                0x00000248                DebugMon_Handler
                0x00000250                PendSV_Handler
                0x00000260                EINT3_IRQHandler
                0x00000260                CANActivity_IRQHandler
                0x00000260                TIMER3_IRQHandler
                0x00000260                USBActivity_IRQHandler
                0x00000260                EINT2_IRQHandler
                0x00000260                IntDefaultHandler
                0x00000260                PLL0_IRQHandler
                0x00000260                I2C0_IRQHandler
                0x00000260                PLL1_IRQHandler
                0x00000260                I2C1_IRQHandler
                0x00000260                I2S_IRQHandler
                0x00000260                I2C2_IRQHandler
                0x00000260                RTC_IRQHandler
                0x00000260                SPI_IRQHandler
                0x00000260                RIT_IRQHandler
                0x00000260                EINT1_IRQHandler
                0x00000260                ADC_IRQHandler
                0x00000260                SSP1_IRQHandler
                0x00000260                USB_IRQHandler
                0x00000260                BOD_IRQHandler
                0x00000260                PWM1_IRQHandler
                0x00000260                WDT_IRQHandler
                0x00000260                SSP0_IRQHandler
                0x00000260                QEI_IRQHandler
                0x00000260                EINT0_IRQHandler
                0x00000260                CAN_IRQHandler
                0x00000260                DMA_IRQHandler
                0x00000260                TIMER2_IRQHandler
                0x00000260                UART3_IRQHandler
                0x00000260                MCPWM_IRQHandler
                0x00000260                ENET_IRQHandler
                0x000002fc                . = 0x2fc
 *fill*         0x00000268       0x94 ff
                0x000002fc                PROVIDE (__CRP_WORD_START__, .)
 *(.crp)
 .crp           0x000002fc        0x4 ./src/main.o
                0x000002fc                CRP_WORD
                0x00000300                PROVIDE (__CRP_WORD_END__, .)
                0x00000001                ASSERT (! ((__CRP_WORD_START__ == __CRP_WORD_END__)), Linker CRP Enabled, but no CRP_WORD provided within application)
 *(.text*)
 .text.Read232  0x00000300       0x24 ./src/uart/rs232.o
                0x00000300                Read232
 .text.NVIC_EnableIRQ
                0x00000324       0x38 ./src/uart/uart.o
 .text.UART2_Init
                0x0000035c       0xe4 ./src/uart/uart.o
                0x0000035c                UART2_Init
 .text.UART0_Init
                0x00000440      0x118 ./src/uart/uart.o
                0x00000440                UART0_Init
 .text.UART1_Init
                0x00000558       0xfc ./src/uart/uart.o
                0x00000558                UART1_Init
 .text.UART2_Sendchar
                0x00000654       0x38 ./src/uart/uart.o
                0x00000654                UART2_Sendchar
 .text.UART2_PrintString
                0x0000068c       0x3c ./src/uart/uart.o
                0x0000068c                UART2_PrintString
 .text.UART0_Sendchar
                0x000006c8       0x38 ./src/uart/uart.o
                0x000006c8                UART0_Sendchar
 .text.UART0_PrintString
                0x00000700       0x3c ./src/uart/uart.o
                0x00000700                UART0_PrintString
 .text.NVIC_EnableIRQ
                0x0000073c       0x38 ./src/timer/timer.o
 .text.TIMER0_interrupt
                0x00000774       0xcc ./src/timer/timer.o
                0x00000774                TIMER0_interrupt
 .text.TIMER1_interrupt
                0x00000840       0xec ./src/timer/timer.o
                0x00000840                TIMER1_interrupt
 .text.enable_timer
                0x0000092c       0x68 ./src/timer/timer.o
                0x0000092c                enable_timer
 .text.TimerInit
                0x00000994       0xec ./src/timer/timer.o
                0x00000994                TimerInit
 .text.mem_cpy  0x00000a80       0x78 ./src/sdcard/Fatfs/ff.o
 .text.mem_set  0x00000af8       0x44 ./src/sdcard/Fatfs/ff.o
 .text.mem_cmp  0x00000b3c       0x70 ./src/sdcard/Fatfs/ff.o
 .text.chk_chr  0x00000bac       0x38 ./src/sdcard/Fatfs/ff.o
 .text.sync_window
                0x00000be4       0x98 ./src/sdcard/Fatfs/ff.o
 .text.move_window
                0x00000c7c       0x60 ./src/sdcard/Fatfs/ff.o
 .text.sync_fs  0x00000cdc       0xe0 ./src/sdcard/Fatfs/ff.o
 .text.clust2sect
                0x00000dbc       0x44 ./src/sdcard/Fatfs/ff.o
                0x00000dbc                clust2sect
 .text.get_fat  0x00000e00      0x1a0 ./src/sdcard/Fatfs/ff.o
                0x00000e00                get_fat
 .text.put_fat  0x00000fa0      0x220 ./src/sdcard/Fatfs/ff.o
                0x00000fa0                put_fat
 .text.remove_chain
                0x000011c0       0xb8 ./src/sdcard/Fatfs/ff.o
 .text.create_chain
                0x00001278      0x140 ./src/sdcard/Fatfs/ff.o
 .text.dir_sdi  0x000013b8      0x144 ./src/sdcard/Fatfs/ff.o
 .text.dir_next
                0x000014fc      0x218 ./src/sdcard/Fatfs/ff.o
 .text.dir_alloc
                0x00001714       0x9c ./src/sdcard/Fatfs/ff.o
 .text.ld_clust
                0x000017b0       0x3c ./src/sdcard/Fatfs/ff.o
 .text.st_clust
                0x000017ec       0x30 ./src/sdcard/Fatfs/ff.o
 .text.dir_find
                0x0000181c       0xa4 ./src/sdcard/Fatfs/ff.o
 .text.dir_register
                0x000018c0       0x74 ./src/sdcard/Fatfs/ff.o
 .text.create_name
                0x00001934      0x304 ./src/sdcard/Fatfs/ff.o
 .text.follow_path
                0x00001c38      0x11c ./src/sdcard/Fatfs/ff.o
 .text.get_ldnumber
                0x00001d54      0x12c ./src/sdcard/Fatfs/ff.o
 .text.check_fs
                0x00001e80       0x94 ./src/sdcard/Fatfs/ff.o
 .text.find_volume
                0x00001f14      0x4fc ./src/sdcard/Fatfs/ff.o
 .text.validate
                0x00002410       0x64 ./src/sdcard/Fatfs/ff.o
 .text.f_mount  0x00002474       0xa0 ./src/sdcard/Fatfs/ff.o
                0x00002474                f_mount
 .text.f_open   0x00002514      0x254 ./src/sdcard/Fatfs/ff.o
                0x00002514                f_open
 .text.f_write  0x00002768      0x35c ./src/sdcard/Fatfs/ff.o
                0x00002768                f_write
 .text.f_sync   0x00002ac4      0x108 ./src/sdcard/Fatfs/ff.o
                0x00002ac4                f_sync
 .text.f_close  0x00002bcc       0x3c ./src/sdcard/Fatfs/ff.o
                0x00002bcc                f_close
 .text.f_lseek  0x00002c08      0x2d0 ./src/sdcard/Fatfs/ff.o
                0x00002c08                f_lseek
 .text.f_mkdir  0x00002ed8      0x25c ./src/sdcard/Fatfs/ff.o
                0x00002ed8                f_mkdir
 .text.putc_bfd
                0x00003134       0x8c ./src/sdcard/Fatfs/ff.o
 .text.f_puts   0x000031c0       0x78 ./src/sdcard/Fatfs/ff.o
                0x000031c0                f_puts
 .text.KHN_SDCARD_INIT
                0x00003238       0x10 ./src/sdcard/khn_gsht.o
                0x00003238                KHN_SDCARD_INIT
 .text.WriteData
                0x00003248       0xc4 ./src/sdcard/khn_gsht.o
                0x00003248                WriteData
 .text.Close    0x0000330c       0x14 ./src/sdcard/khn_gsht.o
                0x0000330c                Close
 .text.disk_initialize
                0x00003320       0x6c ./src/sdcard/sd.o
                0x00003320                disk_initialize
 .text.disk_ioctl
                0x0000338c       0xec ./src/sdcard/sd.o
                0x0000338c                disk_ioctl
 .text.disk_read
                0x00003478       0x34 ./src/sdcard/sd.o
                0x00003478                disk_read
 .text.disk_status
                0x000034ac       0x30 ./src/sdcard/sd.o
                0x000034ac                disk_status
 .text.disk_write
                0x000034dc       0x60 ./src/sdcard/sd.o
                0x000034dc                disk_write
 .text.rtc_gettime
                0x0000353c       0xa0 ./src/sdcard/sd.o
                0x0000353c                rtc_gettime
 .text.get_fattime
                0x000035dc       0x54 ./src/sdcard/sd.o
                0x000035dc                get_fattime
 .text.SD_GetResponse
                0x00003630       0x4c ./src/sdcard/sd.o
                0x00003630                SD_GetResponse
 .text.SD_SendCommand
                0x0000367c       0xdc ./src/sdcard/sd.o
                0x0000367c                SD_SendCommand
 .text.SD_SendCommand_NoDeassert
                0x00003758       0xb0 ./src/sdcard/sd.o
                0x00003758                SD_SendCommand_NoDeassert
 .text.SD_Idle_Sta
                0x00003808       0x88 ./src/sdcard/sd.o
                0x00003808                SD_Idle_Sta
 .text.SD_Init  0x00003890      0x2b8 ./src/sdcard/sd.o
                0x00003890                SD_Init
 .text.SD_ReceiveData
                0x00003b48       0xb0 ./src/sdcard/sd.o
                0x00003b48                SD_ReceiveData
 .text.SD_ReadSingleBlock
                0x00003bf8       0x70 ./src/sdcard/sd.o
                0x00003bf8                SD_ReadSingleBlock
 .text.SD_WriteSingleBlock
                0x00003c68      0x130 ./src/sdcard/sd.o
                0x00003c68                SD_WriteSingleBlock
 .text.SPI0_Init
                0x00003d98       0x5c ./src/sdcard/spi.o
                0x00003d98                SPI0_Init
 .text.SPI0_SetSpeed
                0x00003df4       0x94 ./src/sdcard/spi.o
                0x00003df4                SPI0_SetSpeed
 .text.ssp0_init
                0x00003e88      0x144 ./src/sdcard/spi.o
                0x00003e88                ssp0_init
 .text.ssp0_send
                0x00003fcc       0x44 ./src/sdcard/spi.o
                0x00003fcc                ssp0_send
 .text.spi0_on  0x00004010       0x18 ./src/sdcard/spi.o
                0x00004010                spi0_on
 .text.gsm_on   0x00004028       0x18 ./src/gsm/gsm.o
                0x00004028                gsm_on
 .text.init_gsm
                0x00004040       0xf4 ./src/gsm/gsm.o
                0x00004040                init_gsm
 .text.start_up_gsm
                0x00004134       0x98 ./src/gsm/gsm.o
                0x00004134                start_up_gsm
 .text.del_buffer
                0x000041cc       0xa0 ./src/gsm/gsm.o
                0x000041cc                del_buffer
 .text.upperCase
                0x0000426c       0x74 ./src/gsm/gsm.o
                0x0000426c                upperCase
 .text.process_SMS
                0x000042e0      0x1b8 ./src/gsm/gsm.o
                0x000042e0                process_SMS
 .text.process_gsm_data
                0x00004498      0xa28 ./src/gsm/gsm.o
                0x00004498                process_gsm_data
 .text.check_imei
                0x00004ec0       0x78 ./src/gsm/gsm.o
                0x00004ec0                check_imei
 .text.ring_func
                0x00004f38       0x2c ./src/gsm/gsm.o
                0x00004f38                ring_func
 .text.init_tcp
                0x00004f64      0x1a0 ./src/Tcp/tcp.o
                0x00004f64                init_tcp
 .text.connectServer
                0x00005104       0xe8 ./src/Tcp/tcp.o
                0x00005104                connectServer
 .text.send_data_gprs
                0x000051ec      0x174 ./src/Tcp/tcp.o
                0x000051ec                send_data_gprs
 .text.LED_Init
                0x00005360       0x18 ./src/Led/led.o
                0x00005360                LED_Init
 .text.BUZZER_Init
                0x00005378       0x18 ./src/Led/led.o
                0x00005378                BUZZER_Init
 .text.flash_led
                0x00005390       0x30 ./src/Led/led.o
                0x00005390                flash_led
 .text.process_gps_data
                0x000053c0      0x2c0 ./src/GPS/gps.o
                0x000053c0                process_gps_data
 .text.GPIOSetValue
                0x00005680       0x58 ./src/GPIO/GPIO.o
                0x00005680                GPIOSetValue
 .text.GPIOSetDir
                0x000056d8       0x80 ./src/GPIO/GPIO.o
                0x000056d8                GPIOSetDir
 .text.GPIOSetPull
                0x00005758      0x20c ./src/GPIO/GPIO.o
                0x00005758                GPIOSetPull
 .text.GPIOGetValue
                0x00005964       0x68 ./src/GPIO/GPIO.o
                0x00005964                GPIOGetValue
 .text.key_init
                0x000059cc       0x28 ./src/common.o
                0x000059cc                key_init
 .text.delay_ms
                0x000059f4       0x34 ./src/common.o
                0x000059f4                delay_ms
 .text.NVIC_SetPriority
                0x00005a28       0x5c ./src/main.o
 .text.SysTick_Config
                0x00005a84       0x64 ./src/main.o
 .text.SysTick_Handler
                0x00005ae8      0x158 ./src/main.o
                0x00005ae8                SysTick_Handler
 .text.UART2_IRQHandler
                0x00005c40       0xb8 ./src/main.o
                0x00005c40                UART2_IRQHandler
 .text.UART0_IRQHandler
                0x00005cf8      0x33c ./src/main.o
                0x00005cf8                UART0_IRQHandler
 .text.UART1_IRQHandler
                0x00006034      0x190 ./src/main.o
                0x00006034                UART1_IRQHandler
 .text.TIMER0_IRQHandler
                0x000061c4       0x58 ./src/main.o
                0x000061c4                TIMER0_IRQHandler
 .text.TIMER1_IRQHandler
                0x0000621c       0x58 ./src/main.o
                0x0000621c                TIMER1_IRQHandler
 .text.upload_info
                0x00006274       0xd8 ./src/main.o
                0x00006274                upload_info
 .text.init_program
                0x0000634c       0xd4 ./src/main.o
                0x0000634c                init_program
 .text.main     0x00006420      0x5c4 ./src/main.o
                0x00006420                main
 .text.SystemInit
                0x000069e4       0xe4 E:\workspaceLPC\CMSISv2p00_LPC17xx\Debug\libCMSISv2p00_LPC17xx.a(system_LPC17xx.o)
                0x000069e4                SystemInit
 .text.__main   0x00006ac8       0x14 c:/nxp/lpcxpresso_6.1.4_194/lpcxpresso/tools/bin/../lib/gcc/arm-none-eabi/4.6.2/../../../../arm-none-eabi/lib/armv7-m\libcr_semihost.a(_cr__main.o)
                0x00006ac8                __CR_SEMIHOST
                0x00006ac8                __main
 .text.memset   0x00006adc        0x4 c:/nxp/lpcxpresso_6.1.4_194/lpcxpresso/tools/bin/../lib/gcc/arm-none-eabi/4.6.2/../../../../arm-none-eabi/lib/armv7-m\libcr_c.a(memset.o)
                0x00006adc                memset
 .text.lose_trailing_zeros
                0x00006ae0       0x1e c:/nxp/lpcxpresso_6.1.4_194/lpcxpresso/tools/bin/../lib/gcc/arm-none-eabi/4.6.2/../../../../arm-none-eabi/lib/armv7-m\libcr_c.a(fpprintf.o)
 .text.fp_round
                0x00006afe       0x54 c:/nxp/lpcxpresso_6.1.4_194/lpcxpresso/tools/bin/../lib/gcc/arm-none-eabi/4.6.2/../../../../arm-none-eabi/lib/armv7-m\libcr_c.a(fpprintf.o)
 .text.pr_dec.constprop.1
                0x00006b52       0x22 c:/nxp/lpcxpresso_6.1.4_194/lpcxpresso/tools/bin/../lib/gcc/arm-none-eabi/4.6.2/../../../../arm-none-eabi/lib/armv7-m\libcr_c.a(fpprintf.o)
 .text.sprintf  0x00006b74       0x70 c:/nxp/lpcxpresso_6.1.4_194/lpcxpresso/tools/bin/../lib/gcc/arm-none-eabi/4.6.2/../../../../arm-none-eabi/lib/armv7-m\libcr_c.a(fpprintf.o)
                0x00006b74                sprintf
 *fill*         0x00006be4        0x4 00
 .text.fp_display
                0x00006be8      0x908 c:/nxp/lpcxpresso_6.1.4_194/lpcxpresso/tools/bin/../lib/gcc/arm-none-eabi/4.6.2/../../../../arm-none-eabi/lib/armv7-m\libcr_c.a(fpprintf.o)
 .text._initio  0x000074f0       0x9c c:/nxp/lpcxpresso_6.1.4_194/lpcxpresso/tools/bin/../lib/gcc/arm-none-eabi/4.6.2/../../../../arm-none-eabi/lib/armv7-m\libcr_c.a(initio.o)
                0x000074f0                _initio
 .text.__vfprintf
                0x0000758c      0xd54 c:/nxp/lpcxpresso_6.1.4_194/lpcxpresso/tools/bin/../lib/gcc/arm-none-eabi/4.6.2/../../../../arm-none-eabi/lib/armv7-m\libcr_c.a(printf.o)
                0x0000758c                __vfprintf
 .text.setvbuf  0x000082e0       0x48 c:/nxp/lpcxpresso_6.1.4_194/lpcxpresso/tools/bin/../lib/gcc/arm-none-eabi/4.6.2/../../../../arm-none-eabi/lib/armv7-m\libcr_c.a(setvbuf.o)
                0x000082e0                setvbuf
 .text.strcmp   0x00008328       0x3c c:/nxp/lpcxpresso_6.1.4_194/lpcxpresso/tools/bin/../lib/gcc/arm-none-eabi/4.6.2/../../../../arm-none-eabi/lib/armv7-m\libcr_c.a(strcmp.o)
                0x00008328                strcmp
 .text.strlen   0x00008364       0x4c c:/nxp/lpcxpresso_6.1.4_194/lpcxpresso/tools/bin/../lib/gcc/arm-none-eabi/4.6.2/../../../../arm-none-eabi/lib/armv7-m\libcr_c.a(strlen.o)
                0x00008364                strlen
 .text.strncmp  0x000083b0       0x4e c:/nxp/lpcxpresso_6.1.4_194/lpcxpresso/tools/bin/../lib/gcc/arm-none-eabi/4.6.2/../../../../arm-none-eabi/lib/armv7-m\libcr_c.a(strncmp.o)
                0x000083b0                strncmp
 .text._deferredlazyseek
                0x000083fe       0x44 c:/nxp/lpcxpresso_6.1.4_194/lpcxpresso/tools/bin/../lib/gcc/arm-none-eabi/4.6.2/../../../../arm-none-eabi/lib/armv7-m\libcr_c.a(_deferredlazyseek.o)
                0x000083fe                _deferredlazyseek
 .text.__flsbuf
                0x00008442      0x14e c:/nxp/lpcxpresso_6.1.4_194/lpcxpresso/tools/bin/../lib/gcc/arm-none-eabi/4.6.2/../../../../arm-none-eabi/lib/armv7-m\libcr_c.a(_deferredlazyseek.o)
                0x00008442                __flsbuf
 .text._fdopen  0x00008590       0x6c c:/nxp/lpcxpresso_6.1.4_194/lpcxpresso/tools/bin/../lib/gcc/arm-none-eabi/4.6.2/../../../../arm-none-eabi/lib/armv7-m\libcr_c.a(_fdopen.o)
                0x00008590                _fdopen
 .text._fflush  0x000085fc       0x58 c:/nxp/lpcxpresso_6.1.4_194/lpcxpresso/tools/bin/../lib/gcc/arm-none-eabi/4.6.2/../../../../arm-none-eabi/lib/armv7-m\libcr_c.a(_fflush.o)
                0x000085fc                _fflush
 .text._frexpl  0x00008654       0x60 c:/nxp/lpcxpresso_6.1.4_194/lpcxpresso/tools/bin/../lib/gcc/arm-none-eabi/4.6.2/../../../../arm-none-eabi/lib/armv7-m\libcr_c.a(_frexpl.o)
                0x00008654                _frexpl
 .text._ldexpl  0x000086b4       0x50 c:/nxp/lpcxpresso_6.1.4_194/lpcxpresso/tools/bin/../lib/gcc/arm-none-eabi/4.6.2/../../../../arm-none-eabi/lib/armv7-m\libcr_c.a(_ldexpl.o)
                0x000086b4                _ldexpl
 .text._Cwritebuf
                0x00008704       0x84 c:/nxp/lpcxpresso_6.1.4_194/lpcxpresso/tools/bin/../lib/gcc/arm-none-eabi/4.6.2/../../../../arm-none-eabi/lib/armv7-m\libcr_c.a(_writebuf.o)
                0x00008704                _Cwritebuf
 .text.malloc   0x00008788       0xbc c:/nxp/lpcxpresso_6.1.4_194/lpcxpresso/tools/bin/../lib/gcc/arm-none-eabi/4.6.2/../../../../arm-none-eabi/lib/armv7-m\libcr_c.a(alloc.o)
                0x00008788                malloc
 .text.free     0x00008844        0xc c:/nxp/lpcxpresso_6.1.4_194/lpcxpresso/tools/bin/../lib/gcc/arm-none-eabi/4.6.2/../../../../arm-none-eabi/lib/armv7-m\libcr_c.a(alloc.o)
                0x00008844                free
 .text._Csys_alloc
                0x00008850       0x20 c:/nxp/lpcxpresso_6.1.4_194/lpcxpresso/tools/bin/../lib/gcc/arm-none-eabi/4.6.2/../../../../arm-none-eabi/lib/armv7-m\libcr_c.a(alloc.o)
                0x00008850                _Csys_alloc
 .text.fclose   0x00008870       0x6c c:/nxp/lpcxpresso_6.1.4_194/lpcxpresso/tools/bin/../lib/gcc/arm-none-eabi/4.6.2/../../../../arm-none-eabi/lib/armv7-m\libcr_c.a(fclose.o)
                0x00008870                fclose
 .text.fflush   0x000088dc       0x34 c:/nxp/lpcxpresso_6.1.4_194/lpcxpresso/tools/bin/../lib/gcc/arm-none-eabi/4.6.2/../../../../arm-none-eabi/lib/armv7-m\libcr_c.a(fflush.o)
                0x000088dc                fflush
 .text.fseek    0x00008910      0x104 c:/nxp/lpcxpresso_6.1.4_194/lpcxpresso/tools/bin/../lib/gcc/arm-none-eabi/4.6.2/../../../../arm-none-eabi/lib/armv7-m\libcr_c.a(fseek.o)
                0x00008910                fseek
 .text.ftell    0x00008a14       0x4c c:/nxp/lpcxpresso_6.1.4_194/lpcxpresso/tools/bin/../lib/gcc/arm-none-eabi/4.6.2/../../../../arm-none-eabi/lib/armv7-m\libcr_c.a(ftell.o)
                0x00008a14                ftell
 .text.remove   0x00008a60       0x14 c:/nxp/lpcxpresso_6.1.4_194/lpcxpresso/tools/bin/../lib/gcc/arm-none-eabi/4.6.2/../../../../arm-none-eabi/lib/armv7-m\libcr_c.a(remove.o)
                0x00008a60                remove
 .text._do_fflush
                0x00008a74       0x42 c:/nxp/lpcxpresso_6.1.4_194/lpcxpresso/tools/bin/../lib/gcc/arm-none-eabi/4.6.2/../../../../arm-none-eabi/lib/armv7-m\libcr_c.a(_do_fflush.o)
                0x00008a74                _do_fflush
 *fill*         0x00008ab6        0x2 00
 .text.__aeabi_dmul
                0x00008ab8      0x138 c:/nxp/lpcxpresso_6.1.4_194/lpcxpresso/tools/bin/../lib/gcc/arm-none-eabi/4.6.2/armv7-m\libcr_eabihelpers.a(double.o)
                0x00008ab8                __aeabi_dmul
 .text.__aeabi_ddiv
                0x00008bf0      0x168 c:/nxp/lpcxpresso_6.1.4_194/lpcxpresso/tools/bin/../lib/gcc/arm-none-eabi/4.6.2/armv7-m\libcr_eabihelpers.a(double.o)
                0x00008bf0                __aeabi_ddiv
 .text.__aeabi_dsub
                0x00008d58      0x1f4 c:/nxp/lpcxpresso_6.1.4_194/lpcxpresso/tools/bin/../lib/gcc/arm-none-eabi/4.6.2/armv7-m\libcr_eabihelpers.a(double.o)
                0x00008d58                __aeabi_dsub
 .text.__aeabi_dadd
                0x00008f4c      0x154 c:/nxp/lpcxpresso_6.1.4_194/lpcxpresso/tools/bin/../lib/gcc/arm-none-eabi/4.6.2/armv7-m\libcr_eabihelpers.a(double.o)
                0x00008f4c                __aeabi_dadd
 .text.__aeabi_d2iz
                0x000090a0       0x40 c:/nxp/lpcxpresso_6.1.4_194/lpcxpresso/tools/bin/../lib/gcc/arm-none-eabi/4.6.2/armv7-m\libcr_eabihelpers.a(double.o)
                0x000090a0                __aeabi_d2iz
 .text.__bhs_ui2d
                0x000090e0       0x5c c:/nxp/lpcxpresso_6.1.4_194/lpcxpresso/tools/bin/../lib/gcc/arm-none-eabi/4.6.2/armv7-m\libcr_eabihelpers.a(double.o)
                0x000090e0                __bhs_ui2d
 .text.__aeabi_i2d
                0x0000913c       0x10 c:/nxp/lpcxpresso_6.1.4_194/lpcxpresso/tools/bin/../lib/gcc/arm-none-eabi/4.6.2/armv7-m\libcr_eabihelpers.a(double.o)
                0x0000913c                __aeabi_i2d
 .text.__aeabi_dcmpeq
                0x0000914c       0x3c c:/nxp/lpcxpresso_6.1.4_194/lpcxpresso/tools/bin/../lib/gcc/arm-none-eabi/4.6.2/armv7-m\libcr_eabihelpers.a(double.o)
                0x0000914c                __aeabi_dcmpeq
 .text.__aeabi_dcmplt
                0x00009188       0x5c c:/nxp/lpcxpresso_6.1.4_194/lpcxpresso/tools/bin/../lib/gcc/arm-none-eabi/4.6.2/armv7-m\libcr_eabihelpers.a(double.o)
                0x00009188                __aeabi_dcmplt
 .text.__aeabi_dcmple
                0x000091e4       0x58 c:/nxp/lpcxpresso_6.1.4_194/lpcxpresso/tools/bin/../lib/gcc/arm-none-eabi/4.6.2/armv7-m\libcr_eabihelpers.a(double.o)
                0x000091e4                __aeabi_dcmple
 .text.__aeabi_dcmpge
                0x0000923c       0x5c c:/nxp/lpcxpresso_6.1.4_194/lpcxpresso/tools/bin/../lib/gcc/arm-none-eabi/4.6.2/armv7-m\libcr_eabihelpers.a(double.o)
                0x0000923c                __aeabi_dcmpge
 .text.__aeabi_memset_lowlevel
                0x00009298       0x24 c:/nxp/lpcxpresso_6.1.4_194/lpcxpresso/tools/bin/../lib/gcc/arm-none-eabi/4.6.2/armv7-m\libcr_eabihelpers.a(memcpy.o)
                0x00009298                __aeabi_lowlevel_memset
 .text.__sys_appexit
                0x000092bc        0xc c:/nxp/lpcxpresso_6.1.4_194/lpcxpresso/tools/bin/../lib/gcc/arm-none-eabi/4.6.2/../../../../arm-none-eabi/lib/armv7-m\libcr_semihost.a(__sys_appexit.o)
                0x000092bc                __sys_appexit
                0x000092bc                __exit
 .text.__sys_close
                0x000092c8        0xc c:/nxp/lpcxpresso_6.1.4_194/lpcxpresso/tools/bin/../lib/gcc/arm-none-eabi/4.6.2/../../../../arm-none-eabi/lib/armv7-m\libcr_semihost.a(__sys_close.o)
                0x000092c8                __sys_close
 .text.__sys_flen
                0x000092d4        0xc c:/nxp/lpcxpresso_6.1.4_194/lpcxpresso/tools/bin/../lib/gcc/arm-none-eabi/4.6.2/../../../../arm-none-eabi/lib/armv7-m\libcr_semihost.a(__sys_flen.o)
                0x000092d4                __sys_flen
 .text.__sys_istty
                0x000092e0        0xc c:/nxp/lpcxpresso_6.1.4_194/lpcxpresso/tools/bin/../lib/gcc/arm-none-eabi/4.6.2/../../../../arm-none-eabi/lib/armv7-m\libcr_semihost.a(__sys_istty.o)
                0x000092e0                __sys_istty
 .text.__sys_remove
                0x000092ec        0xc c:/nxp/lpcxpresso_6.1.4_194/lpcxpresso/tools/bin/../lib/gcc/arm-none-eabi/4.6.2/../../../../arm-none-eabi/lib/armv7-m\libcr_semihost.a(__sys_remove.o)
                0x000092ec                __sys_remove
 .text.__sys_seek
                0x000092f8        0xc c:/nxp/lpcxpresso_6.1.4_194/lpcxpresso/tools/bin/../lib/gcc/arm-none-eabi/4.6.2/../../../../arm-none-eabi/lib/armv7-m\libcr_semihost.a(__sys_seek.o)
                0x000092f8                __sys_seek
 .text.__sys_tmpnam
                0x00009304        0xc c:/nxp/lpcxpresso_6.1.4_194/lpcxpresso/tools/bin/../lib/gcc/arm-none-eabi/4.6.2/../../../../arm-none-eabi/lib/armv7-m\libcr_semihost.a(__sys_tmpnam.o)
                0x00009304                __sys_tmpnam
 .text.__sys_write
                0x00009310        0xc c:/nxp/lpcxpresso_6.1.4_194/lpcxpresso/tools/bin/../lib/gcc/arm-none-eabi/4.6.2/../../../../arm-none-eabi/lib/armv7-m\libcr_semihost.a(__sys_write.o)
                0x00009310                __sys_write
                0x00009310                __write
 .text._sbrk    0x0000931c       0x40 c:/nxp/lpcxpresso_6.1.4_194/lpcxpresso/tools/bin/../lib/gcc/arm-none-eabi/4.6.2/../../../../arm-none-eabi/lib/armv7-m\libcr_semihost.a(_cr_sbrk.o)
                0x0000931c                _sbrk
 .text.__check_heap_overflow
                0x0000935c       0x2c c:/nxp/lpcxpresso_6.1.4_194/lpcxpresso/tools/bin/../lib/gcc/arm-none-eabi/4.6.2/../../../../arm-none-eabi/lib/armv7-m\libcr_semihost.a(_cr_check_heap.o)
                0x0000935c                __check_heap_overflow
 *(.rodata .rodata.* .constdata .constdata.*)
 .rodata        0x00009388       0x28 ./src/uart/rs232.o
 .rodata        0x000093b0       0xd4 ./src/sdcard/Fatfs/ff.o
 .rodata        0x00009484       0x28 ./src/sdcard/khn_gsht.o
 .rodata        0x000094ac      0x114 ./src/gsm/gsm.o
 .rodata        0x000095c0       0x78 ./src/Tcp/tcp.o
 .rodata        0x00009638       0x14 ./src/GPIO/GPIO.o
 .rodata        0x0000964c       0x94 ./src/main.o
 .rodata.str1.1
                0x000096e0       0x34 c:/nxp/lpcxpresso_6.1.4_194/lpcxpresso/tools/bin/../lib/gcc/arm-none-eabi/4.6.2/../../../../arm-none-eabi/lib/armv7-m\libcr_c.a(fpprintf.o)
                                 0x35 (size before relaxing)
 .rodata.str1.1
                0x00009714        0x4 c:/nxp/lpcxpresso_6.1.4_194/lpcxpresso/tools/bin/../lib/gcc/arm-none-eabi/4.6.2/../../../../arm-none-eabi/lib/armv7-m\libcr_c.a(initio.o)
 .rodata.str1.1
                0x00009718       0x31 c:/nxp/lpcxpresso_6.1.4_194/lpcxpresso/tools/bin/../lib/gcc/arm-none-eabi/4.6.2/../../../../arm-none-eabi/lib/armv7-m\libcr_c.a(printf.o)
                                 0x38 (size before relaxing)
 .rodata.str1.1
                0x00009749       0x18 c:/nxp/lpcxpresso_6.1.4_194/lpcxpresso/tools/bin/../lib/gcc/arm-none-eabi/4.6.2/../../../../arm-none-eabi/lib/armv7-m\libcr_c.a(alloc.o)
 *fill*         0x00009761        0x7 00
 .rodata.__huge_vall
                0x00009768        0x8 c:/nxp/lpcxpresso_6.1.4_194/lpcxpresso/tools/bin/../lib/gcc/arm-none-eabi/4.6.2/../../../../arm-none-eabi/lib/armv7-m\libcr_c.a(_hugeval.o)
                0x00009768                __huge_vall
                0x00009770                . = ALIGN (0x4)

.glue_7         0x00009770        0x0
 .glue_7        0x00000000        0x0 linker stubs

.glue_7t        0x00009770        0x0
 .glue_7t       0x00000000        0x0 linker stubs

.vfp11_veneer   0x00009770        0x0
 .vfp11_veneer  0x00000000        0x0 linker stubs

.v4_bx          0x00009770        0x0
 .v4_bx         0x00000000        0x0 linker stubs

.ARM.extab
 *(.ARM.extab* .gnu.linkonce.armextab.*)
                0x00009770                __exidx_start = .

.ARM.exidx
 *(.ARM.exidx* .gnu.linkonce.armexidx.*)
                0x00009770                __exidx_end = .
                0x00009770                _etext = .

.data_RAM2      0x2007c000        0x0 load address 0x00009770
 FILL mask 0xff
 *(.data.$RAM2*)
 *(.data.$RamAHB16*)
                0x2007c000                . = ALIGN (0x4)

.uninit_RESERVED
                0x10000000        0x0
 *(.bss.$RESERVED*)
                0x10000000                . = ALIGN (0x4)
                0x10000000                _end_uninit_RESERVED = .

.data           0x10000000       0x50 load address 0x00009770
 FILL mask 0xff
                0x10000000                _data = .
 *(vtable)
 *(.data*)
 .data          0x10000000        0x1 ./src/sdcard/sd.o
 *fill*         0x10000001        0x3 00
 .data          0x10000004       0x40 ./src/gsm/gsm.o
                0x10000004                cmgr
                0x1000000c                check_ok
                0x10000010                infor_cmd
                0x10000018                clip
                0x10000020                cmti
                0x10000028                check_error
                0x10000030                all_call
                0x10000034                passWord
                0x1000003c                dat_version
 .data          0x10000044        0x8 ./src/main.o
                0x10000044                version
 .data.SystemCoreClock
                0x1000004c        0x4 E:\workspaceLPC\CMSISv2p00_LPC17xx\Debug\libCMSISv2p00_LPC17xx.a(system_LPC17xx.o)
                0x1000004c                SystemCoreClock
                0x10000050                . = ALIGN (0x4)
                0x10000050                _edata = .

.bss_RAM2       0x2007c000        0x0
 *(.bss.$RAM2*)
 *(.bss.$RamAHB16*)
                0x2007c000                . = ALIGN (0x4)

.bss            0x10000050     0x1b44
                0x10000050                _bss = .
 *(.bss*)
 .bss           0x10000050       0x50 ./src/timer/timer.o
                0x10000050                timer0_m0_counter
                0x10000054                timer1_m0_counter
                0x10000058                timer2_m0_counter
                0x1000005c                timer3_m0_counter
                0x10000060                timer0_m1_counter
                0x10000064                timer1_m1_counter
                0x10000068                timer2_m1_counter
                0x1000006c                timer3_m1_counter
                0x10000070                timer0_capture0
                0x10000074                timer1_capture0
                0x10000078                timer2_capture0
                0x1000007c                timer3_capture0
                0x10000080                timer0_capture1
                0x10000084                timer1_capture1
                0x10000088                timer2_capture1
                0x1000008c                timer3_capture1
                0x10000090                timer0_counter
                0x10000094                timer1_counter
                0x10000098                timer2_counter
                0x1000009c                timer3_counter
 .bss           0x100000a0       0x24 ./src/sdcard/Fatfs/ff.o
 .bss           0x100000c4        0x1 ./src/sdcard/sd.o
                0x100000c4                SD_Type
 *fill*         0x100000c5        0x3 00
 .bss           0x100000c8       0x20 ./src/main.o
                0x100000c8                toggle
                0x100000cc                couter0
                0x100000d0                pointer_server
                0x100000d4                so_vin
 .bss.errno     0x100000e8        0x4 c:/nxp/lpcxpresso_6.1.4_194/lpcxpresso/tools/bin/../lib/gcc/arm-none-eabi/4.6.2/../../../../arm-none-eabi/lib/armv7-m\libcr_c.a(errno.o)
                0x100000e8                errno
 *(COMMON)
 COMMON         0x100000ec     0x11a0 ./src/sdcard/khn_gsht.o
                0x100000ec                Fatfs
                0x10000920                fileName
                0x10000a4c                file
                0x10001270                dir
 COMMON         0x1000128c      0x2d7 ./src/gsm/gsm.o
                0x1000128c                apn
                0x1000129c                passApn
                0x100012a4                userName
                0x100012ac                phoneDrive
                0x100012b8                imei
                0x100012cc                rx_wr_index0
                0x100012cd                door_key
                0x100012ce                rx_rd_index1
                0x100012d0                rx_buffer0
                0x10001398                data_sms
                0x10001438                time_gps
                0x1000144c                sms_time
                0x10001460                sms_reply
                0x10001500                queue_sms
                0x10001501                rx_counter1
                0x10001504                Selection
                0x10001518                userCall
                0x10001524                speed
                0x10001529                rx_wr_index1
                0x1000152a                rx_rd_index0
                0x1000152c                phone_1
                0x10001538                time_gps_send
                0x1000154c                ipServer
                0x1000155c                tcpPort
                0x10001562                rx_counter0
 *fill*         0x10001563        0x1 00
 COMMON         0x10001564        0x4 ./src/Tcp/tcp.o
                0x10001564                timer_gprs
 COMMON         0x10001568       0x24 ./src/GPS/gps.o
                0x10001568                speed_gps
                0x10001570                longitude
                0x10001580                latitude
 COMMON         0x1000158c      0x1cc ./src/common.o
                0x1000158c                rx_buffer1
                0x10001654                counter_send_gps
                0x10001658                timer_gps
                0x1000165c                flag_gprs
                0x10001660                data_gps
                0x10001728                flag_modem
                0x1000172c                flash_data
                0x10001750                msTicks
                0x10001754                timer_send_gps
 COMMON         0x10001758      0x2f0 ./src/main.o
                0x10001758                n
                0x1000175c                gps_buffer
                0x10001824                oil_value
                0x10001828                rx_buffer_overflow1
                0x10001829                resend
                0x1000182c                data_server
                0x100018f4                rx_gps_index
                0x100018f8                interruptTimer_0
                0x100018fc                rx_buffer_overflow0
                0x10001900                data
                0x10001964                timeCheck
                0x10001968                flag_system
                0x10001970                readData
                0x1000197c                gsm_buffer
                0x10001a44                send_data_server
 COMMON         0x10001a48        0x4 c:/nxp/lpcxpresso_6.1.4_194/lpcxpresso/tools/bin/../lib/gcc/arm-none-eabi/4.6.2/../../../../arm-none-eabi/lib/armv7-m\libcr_c.a(initio.o)
                0x10001a48                _extra
 COMMON         0x10001a4c      0x140 c:/nxp/lpcxpresso_6.1.4_194/lpcxpresso/tools/bin/../lib/gcc/arm-none-eabi/4.6.2/../../../../arm-none-eabi/lib/armv7-m\libcr_c.a(stdio.o)
                0x10001a4c                __Ciob
 COMMON         0x10001b8c        0x8 c:/nxp/lpcxpresso_6.1.4_194/lpcxpresso/tools/bin/../lib/gcc/arm-none-eabi/4.6.2/../../../../arm-none-eabi/lib/armv7-m\libcr_c.a(__init_alloc.o)
                0x10001b8c                __heaps
                0x10001b90                __end_of_heap
                0x10001b94                . = ALIGN (0x4)
                0x10001b94                _ebss = .
                0x10001b94                PROVIDE (end, .)

.noinit_RAM2    0x2007c000        0x0
 *(.noinit.$RAM2*)
 *(.noinit.$RamAHB16*)
                0x2007c000                . = ALIGN (0x4)

.noinit         0x10001b94        0x0
                0x10001b94                _noinit = .
 *(.noinit*)
                0x10001b94                . = ALIGN (0x4)
                0x10001b94                _end_noinit = .
                0x10001b94                PROVIDE (_pvHeapStart, .)
                0x10004000                PROVIDE (_vStackTop, (__top_RamLoc16 - 0x0))
OUTPUT(KHNLPC1764.axf elf32-littlearm)

.debug_info     0x00000000     0xa471
 .debug_info    0x00000000      0x2cd ./src/uart/rs232.o
 .debug_info    0x000002cd      0xe5d ./src/uart/uart.o
 .debug_info    0x0000112a      0x859 ./src/timer/timer.o
 .debug_info    0x00001983     0x20d8 ./src/sdcard/Fatfs/ff.o
 .debug_info    0x00003a5b      0x52b ./src/sdcard/khn_gsht.o
 .debug_info    0x00003f86      0xdae ./src/sdcard/sd.o
 .debug_info    0x00004d34      0x9e6 ./src/sdcard/spi.o
 .debug_info    0x0000571a      0xcee ./src/gsm/gsm.o
 .debug_info    0x00006408      0x6b5 ./src/Tcp/tcp.o
 .debug_info    0x00006abd      0x10f ./src/Led/led.o
 .debug_info    0x00006bcc      0x438 ./src/IAP/IAP.o
 .debug_info    0x00007004      0x183 ./src/IAP/khn_flash.o
 .debug_info    0x00007187      0x435 ./src/GPS/gps.o
 .debug_info    0x000075bc      0xa93 ./src/GPIO/GPIO.o
 .debug_info    0x0000804f      0x493 ./src/common.o
 .debug_info    0x000084e2      0x2ab ./src/cr_startup_lpc175x_6x.o
 .debug_info    0x0000878d     0x1942 ./src/main.o
 .debug_info    0x0000a0cf      0x3a2 E:\workspaceLPC\CMSISv2p00_LPC17xx\Debug\libCMSISv2p00_LPC17xx.a(system_LPC17xx.o)

.debug_abbrev   0x00000000     0x1a62
 .debug_abbrev  0x00000000      0x183 ./src/uart/rs232.o
 .debug_abbrev  0x00000183      0x1d3 ./src/uart/uart.o
 .debug_abbrev  0x00000356      0x1b0 ./src/timer/timer.o
 .debug_abbrev  0x00000506      0x1b0 ./src/sdcard/Fatfs/ff.o
 .debug_abbrev  0x000006b6      0x159 ./src/sdcard/khn_gsht.o
 .debug_abbrev  0x0000080f      0x219 ./src/sdcard/sd.o
 .debug_abbrev  0x00000a28      0x16d ./src/sdcard/spi.o
 .debug_abbrev  0x00000b95      0x226 ./src/gsm/gsm.o
 .debug_abbrev  0x00000dbb      0x132 ./src/Tcp/tcp.o
 .debug_abbrev  0x00000eed       0x7b ./src/Led/led.o
 .debug_abbrev  0x00000f68      0x11b ./src/IAP/IAP.o
 .debug_abbrev  0x00001083      0x112 ./src/IAP/khn_flash.o
 .debug_abbrev  0x00001195       0xe0 ./src/GPS/gps.o
 .debug_abbrev  0x00001275      0x1c6 ./src/GPIO/GPIO.o
 .debug_abbrev  0x0000143b      0x147 ./src/common.o
 .debug_abbrev  0x00001582       0xed ./src/cr_startup_lpc175x_6x.o
 .debug_abbrev  0x0000166f      0x310 ./src/main.o
 .debug_abbrev  0x0000197f       0xe3 E:\workspaceLPC\CMSISv2p00_LPC17xx\Debug\libCMSISv2p00_LPC17xx.a(system_LPC17xx.o)

.debug_loc      0x00000000     0x2543
 .debug_loc     0x00000000      0x11a ./src/uart/rs232.o
 .debug_loc     0x0000011a      0x1c0 ./src/uart/uart.o
 .debug_loc     0x000002da      0x200 ./src/timer/timer.o
 .debug_loc     0x000004da      0xca6 ./src/sdcard/Fatfs/ff.o
 .debug_loc     0x00001180       0xc8 ./src/sdcard/khn_gsht.o
 .debug_loc     0x00001248      0x3f0 ./src/sdcard/sd.o
 .debug_loc     0x00001638      0x158 ./src/sdcard/spi.o
 .debug_loc     0x00001790      0x253 ./src/gsm/gsm.o
 .debug_loc     0x000019e3       0xae ./src/Tcp/tcp.o
 .debug_loc     0x00001a91       0xdc ./src/Led/led.o
 .debug_loc     0x00001b6d      0x204 ./src/IAP/IAP.o
 .debug_loc     0x00001d71       0x90 ./src/IAP/khn_flash.o
 .debug_loc     0x00001e01       0x38 ./src/GPS/gps.o
 .debug_loc     0x00001e39      0x1b4 ./src/GPIO/GPIO.o
 .debug_loc     0x00001fed       0x9c ./src/common.o
 .debug_loc     0x00002089      0x260 ./src/cr_startup_lpc175x_6x.o
 .debug_loc     0x000022e9      0x23a ./src/main.o
 .debug_loc     0x00002523       0x20 E:\workspaceLPC\CMSISv2p00_LPC17xx\Debug\libCMSISv2p00_LPC17xx.a(system_LPC17xx.o)

.debug_aranges  0x00000000      0x740
 .debug_aranges
                0x00000000       0x40 ./src/uart/rs232.o
 .debug_aranges
                0x00000040       0x58 ./src/uart/uart.o
 .debug_aranges
                0x00000098       0x68 ./src/timer/timer.o
 .debug_aranges
                0x00000100      0x1e0 ./src/sdcard/Fatfs/ff.o
 .debug_aranges
                0x000002e0       0x38 ./src/sdcard/khn_gsht.o
 .debug_aranges
                0x00000318       0xa8 ./src/sdcard/sd.o
 .debug_aranges
                0x000003c0       0x50 ./src/sdcard/spi.o
 .debug_aranges
                0x00000410       0x70 ./src/gsm/gsm.o
 .debug_aranges
                0x00000480       0x30 ./src/Tcp/tcp.o
 .debug_aranges
                0x000004b0       0x40 ./src/Led/led.o
 .debug_aranges
                0x000004f0       0x60 ./src/IAP/IAP.o
 .debug_aranges
                0x00000550       0x30 ./src/IAP/khn_flash.o
 .debug_aranges
                0x00000580       0x20 ./src/GPS/gps.o
 .debug_aranges
                0x000005a0       0x58 ./src/GPIO/GPIO.o
 .debug_aranges
                0x000005f8       0x30 ./src/common.o
 .debug_aranges
                0x00000628       0x80 ./src/cr_startup_lpc175x_6x.o
 .debug_aranges
                0x000006a8       0x70 ./src/main.o
 .debug_aranges
                0x00000718       0x28 E:\workspaceLPC\CMSISv2p00_LPC17xx\Debug\libCMSISv2p00_LPC17xx.a(system_LPC17xx.o)

.debug_ranges   0x00000000      0x638
 .debug_ranges  0x00000000       0x30 ./src/uart/rs232.o
 .debug_ranges  0x00000030       0x48 ./src/uart/uart.o
 .debug_ranges  0x00000078       0x58 ./src/timer/timer.o
 .debug_ranges  0x000000d0      0x1d0 ./src/sdcard/Fatfs/ff.o
 .debug_ranges  0x000002a0       0x28 ./src/sdcard/khn_gsht.o
 .debug_ranges  0x000002c8       0x98 ./src/sdcard/sd.o
 .debug_ranges  0x00000360       0x40 ./src/sdcard/spi.o
 .debug_ranges  0x000003a0       0x78 ./src/gsm/gsm.o
 .debug_ranges  0x00000418       0x20 ./src/Tcp/tcp.o
 .debug_ranges  0x00000438       0x30 ./src/Led/led.o
 .debug_ranges  0x00000468       0x50 ./src/IAP/IAP.o
 .debug_ranges  0x000004b8       0x20 ./src/IAP/khn_flash.o
 .debug_ranges  0x000004d8       0x10 ./src/GPS/gps.o
 .debug_ranges  0x000004e8       0x48 ./src/GPIO/GPIO.o
 .debug_ranges  0x00000530       0x20 ./src/common.o
 .debug_ranges  0x00000550       0x70 ./src/cr_startup_lpc175x_6x.o
 .debug_ranges  0x000005c0       0x60 ./src/main.o
 .debug_ranges  0x00000620       0x18 E:\workspaceLPC\CMSISv2p00_LPC17xx\Debug\libCMSISv2p00_LPC17xx.a(system_LPC17xx.o)

.debug_line     0x00000000     0x670f
 .debug_line    0x00000000      0x4ce ./src/uart/rs232.o
 .debug_line    0x000004ce      0x46c ./src/uart/uart.o
 .debug_line    0x0000093a      0x502 ./src/timer/timer.o
 .debug_line    0x00000e3c     0x1521 ./src/sdcard/Fatfs/ff.o
 .debug_line    0x0000235d      0x3c7 ./src/sdcard/khn_gsht.o
 .debug_line    0x00002724      0x750 ./src/sdcard/sd.o
 .debug_line    0x00002e74      0x423 ./src/sdcard/spi.o
 .debug_line    0x00003297      0x7dd ./src/gsm/gsm.o
 .debug_line    0x00003a74      0x5b0 ./src/Tcp/tcp.o
 .debug_line    0x00004024      0x419 ./src/Led/led.o
 .debug_line    0x0000443d      0x44e ./src/IAP/IAP.o
 .debug_line    0x0000488b      0x3fa ./src/IAP/khn_flash.o
 .debug_line    0x00004c85      0x427 ./src/GPS/gps.o
 .debug_line    0x000050ac      0x480 ./src/GPIO/GPIO.o
 .debug_line    0x0000552c      0x405 ./src/common.o
 .debug_line    0x00005931       0xdd ./src/cr_startup_lpc175x_6x.o
 .debug_line    0x00005a0e      0x915 ./src/main.o
 .debug_line    0x00006323      0x3ec E:\workspaceLPC\CMSISv2p00_LPC17xx\Debug\libCMSISv2p00_LPC17xx.a(system_LPC17xx.o)

.debug_macinfo  0x00000000    0x89337
 .debug_macinfo
                0x00000000     0x8fa6 ./src/uart/rs232.o
 .debug_macinfo
                0x00008fa6     0x83fc ./src/uart/uart.o
 .debug_macinfo
                0x000113a2     0x84cc ./src/timer/timer.o
 .debug_macinfo
                0x0001986e     0x31a4 ./src/sdcard/Fatfs/ff.o
 .debug_macinfo
                0x0001ca12     0x46b1 ./src/sdcard/khn_gsht.o
 .debug_macinfo
                0x000210c3     0x8718 ./src/sdcard/sd.o
 .debug_macinfo
                0x000297db     0x837d ./src/sdcard/spi.o
 .debug_macinfo
                0x00031b58     0x8842 ./src/gsm/gsm.o
 .debug_macinfo
                0x0003a39a     0x8861 ./src/Tcp/tcp.o
 .debug_macinfo
                0x00042bfb     0x8725 ./src/Led/led.o
 .debug_macinfo
                0x0004b320     0x858f ./src/IAP/IAP.o
 .debug_macinfo
                0x000538af     0x887e ./src/IAP/khn_flash.o
 .debug_macinfo
                0x0005c12d     0x86a1 ./src/GPS/gps.o
 .debug_macinfo
                0x000647ce     0x82b0 ./src/GPIO/GPIO.o
 .debug_macinfo
                0x0006ca7e     0x8701 ./src/common.o
 .debug_macinfo
                0x0007517f     0x22f5 ./src/cr_startup_lpc175x_6x.o
 .debug_macinfo
                0x00077474     0x9992 ./src/main.o
 .debug_macinfo
                0x00080e06     0x8531 E:\workspaceLPC\CMSISv2p00_LPC17xx\Debug\libCMSISv2p00_LPC17xx.a(system_LPC17xx.o)

.debug_str      0x00000000     0x2165
 .debug_str     0x00000000      0x1aa ./src/uart/rs232.o
                                0x1f8 (size before relaxing)
 .debug_str     0x000001aa      0x5b3 ./src/uart/uart.o
                                0x6d1 (size before relaxing)
 .debug_str     0x0000075d      0x21c ./src/timer/timer.o
                                0x5b6 (size before relaxing)
 .debug_str     0x00000979      0x566 ./src/sdcard/Fatfs/ff.o
                                0x693 (size before relaxing)
 .debug_str     0x00000edf       0x63 ./src/sdcard/khn_gsht.o
                                0x362 (size before relaxing)
 .debug_str     0x00000f42      0x3ba ./src/sdcard/sd.o
                                0x5cd (size before relaxing)
 .debug_str     0x000012fc       0xb3 ./src/sdcard/spi.o
                                0x54c (size before relaxing)
 .debug_str     0x000013af      0x4b0 ./src/gsm/gsm.o
                                0x603 (size before relaxing)
 .debug_str     0x0000185f       0xac ./src/Tcp/tcp.o
                                0x461 (size before relaxing)
 .debug_str     0x0000190b       0x45 ./src/Led/led.o
                                0x14f (size before relaxing)
 .debug_str     0x00001950      0x192 ./src/IAP/IAP.o
                                0x293 (size before relaxing)
 .debug_str     0x00001ae2       0x50 ./src/IAP/khn_flash.o
                                0x16d (size before relaxing)
 .debug_str     0x00001b32       0x36 ./src/GPS/gps.o
                                0x318 (size before relaxing)
 .debug_str     0x00001b68      0x126 ./src/GPIO/GPIO.o
                                0x6e1 (size before relaxing)
 .debug_str     0x00001c8e       0xe1 ./src/common.o
                                0x319 (size before relaxing)
 .debug_str     0x00001d6f      0x17a ./src/cr_startup_lpc175x_6x.o
                                0x1f7 (size before relaxing)
 .debug_str     0x00001ee9      0x21a ./src/main.o
                                0xb10 (size before relaxing)
 .debug_str     0x00002103       0x62 E:\workspaceLPC\CMSISv2p00_LPC17xx\Debug\libCMSISv2p00_LPC17xx.a(system_LPC17xx.o)
                                0x2ac (size before relaxing)

.comment        0x00000000       0xe0
 .comment       0x00000000       0x70 ./src/uart/rs232.o
                                 0x71 (size before relaxing)
 .comment       0x00000000       0x71 ./src/uart/uart.o
 .comment       0x00000000       0x71 ./src/timer/timer.o
 .comment       0x00000000       0x71 ./src/sdcard/Fatfs/ff.o
 .comment       0x00000000       0x71 ./src/sdcard/khn_gsht.o
 .comment       0x00000000       0x71 ./src/sdcard/sd.o
 .comment       0x00000000       0x71 ./src/sdcard/spi.o
 .comment       0x00000000       0x71 ./src/gsm/gsm.o
 .comment       0x00000000       0x71 ./src/Tcp/tcp.o
 .comment       0x00000000       0x71 ./src/Led/led.o
 .comment       0x00000000       0x71 ./src/IAP/IAP.o
 .comment       0x00000000       0x71 ./src/IAP/khn_flash.o
 .comment       0x00000000       0x71 ./src/GPS/gps.o
 .comment       0x00000000       0x71 ./src/GPIO/GPIO.o
 .comment       0x00000000       0x71 ./src/common.o
 .comment       0x00000000       0x71 ./src/cr_startup_lpc175x_6x.o
 .comment       0x00000000       0x71 ./src/main.o
 .comment       0x00000000       0x71 E:\workspaceLPC\CMSISv2p00_LPC17xx\Debug\libCMSISv2p00_LPC17xx.a(system_LPC17xx.o)
 .comment       0x00000070       0x70 c:/nxp/lpcxpresso_6.1.4_194/lpcxpresso/tools/bin/../lib/gcc/arm-none-eabi/4.6.2/../../../../arm-none-eabi/lib/armv7-m\libcr_semihost.a(_cr__main.o)
                                 0x71 (size before relaxing)
 .comment       0x00000000       0x71 c:/nxp/lpcxpresso_6.1.4_194/lpcxpresso/tools/bin/../lib/gcc/arm-none-eabi/4.6.2/../../../../arm-none-eabi/lib/armv7-m\libcr_c.a(memcpy.o)
 .comment       0x00000000       0x71 c:/nxp/lpcxpresso_6.1.4_194/lpcxpresso/tools/bin/../lib/gcc/arm-none-eabi/4.6.2/../../../../arm-none-eabi/lib/armv7-m\libcr_c.a(memset.o)
 .comment       0x00000000       0x71 c:/nxp/lpcxpresso_6.1.4_194/lpcxpresso/tools/bin/../lib/gcc/arm-none-eabi/4.6.2/../../../../arm-none-eabi/lib/armv7-m\libcr_c.a(fpprintf.o)
 .comment       0x00000000       0x71 c:/nxp/lpcxpresso_6.1.4_194/lpcxpresso/tools/bin/../lib/gcc/arm-none-eabi/4.6.2/../../../../arm-none-eabi/lib/armv7-m\libcr_c.a(initio.o)
 .comment       0x00000000       0x71 c:/nxp/lpcxpresso_6.1.4_194/lpcxpresso/tools/bin/../lib/gcc/arm-none-eabi/4.6.2/../../../../arm-none-eabi/lib/armv7-m\libcr_c.a(printf.o)
 .comment       0x00000000       0x71 c:/nxp/lpcxpresso_6.1.4_194/lpcxpresso/tools/bin/../lib/gcc/arm-none-eabi/4.6.2/../../../../arm-none-eabi/lib/armv7-m\libcr_c.a(setvbuf.o)
 .comment       0x00000000       0x71 c:/nxp/lpcxpresso_6.1.4_194/lpcxpresso/tools/bin/../lib/gcc/arm-none-eabi/4.6.2/../../../../arm-none-eabi/lib/armv7-m\libcr_c.a(stdio.o)
 .comment       0x00000000       0x71 c:/nxp/lpcxpresso_6.1.4_194/lpcxpresso/tools/bin/../lib/gcc/arm-none-eabi/4.6.2/../../../../arm-none-eabi/lib/armv7-m\libcr_c.a(strcmp.o)
 .comment       0x00000000       0x71 c:/nxp/lpcxpresso_6.1.4_194/lpcxpresso/tools/bin/../lib/gcc/arm-none-eabi/4.6.2/../../../../arm-none-eabi/lib/armv7-m\libcr_c.a(strlen.o)
 .comment       0x00000000       0x71 c:/nxp/lpcxpresso_6.1.4_194/lpcxpresso/tools/bin/../lib/gcc/arm-none-eabi/4.6.2/../../../../arm-none-eabi/lib/armv7-m\libcr_c.a(strncmp.o)
 .comment       0x00000000       0x71 c:/nxp/lpcxpresso_6.1.4_194/lpcxpresso/tools/bin/../lib/gcc/arm-none-eabi/4.6.2/../../../../arm-none-eabi/lib/armv7-m\libcr_c.a(strtok.o)
 .comment       0x00000000       0x71 c:/nxp/lpcxpresso_6.1.4_194/lpcxpresso/tools/bin/../lib/gcc/arm-none-eabi/4.6.2/../../../../arm-none-eabi/lib/armv7-m\libcr_c.a(__fillbuf.o)
 .comment       0x00000000       0x71 c:/nxp/lpcxpresso_6.1.4_194/lpcxpresso/tools/bin/../lib/gcc/arm-none-eabi/4.6.2/../../../../arm-none-eabi/lib/armv7-m\libcr_c.a(_deferredlazyseek.o)
 .comment       0x00000000       0x71 c:/nxp/lpcxpresso_6.1.4_194/lpcxpresso/tools/bin/../lib/gcc/arm-none-eabi/4.6.2/../../../../arm-none-eabi/lib/armv7-m\libcr_c.a(_fdopen.o)
 .comment       0x00000000       0x71 c:/nxp/lpcxpresso_6.1.4_194/lpcxpresso/tools/bin/../lib/gcc/arm-none-eabi/4.6.2/../../../../arm-none-eabi/lib/armv7-m\libcr_c.a(_fflush.o)
 .comment       0x00000000       0x71 c:/nxp/lpcxpresso_6.1.4_194/lpcxpresso/tools/bin/../lib/gcc/arm-none-eabi/4.6.2/../../../../arm-none-eabi/lib/armv7-m\libcr_c.a(_frexpl.o)
 .comment       0x00000000       0x71 c:/nxp/lpcxpresso_6.1.4_194/lpcxpresso/tools/bin/../lib/gcc/arm-none-eabi/4.6.2/../../../../arm-none-eabi/lib/armv7-m\libcr_c.a(_ldexpl.o)
 .comment       0x00000000       0x71 c:/nxp/lpcxpresso_6.1.4_194/lpcxpresso/tools/bin/../lib/gcc/arm-none-eabi/4.6.2/../../../../arm-none-eabi/lib/armv7-m\libcr_c.a(_writebuf.o)
 .comment       0x00000000       0x71 c:/nxp/lpcxpresso_6.1.4_194/lpcxpresso/tools/bin/../lib/gcc/arm-none-eabi/4.6.2/../../../../arm-none-eabi/lib/armv7-m\libcr_c.a(alloc.o)
 .comment       0x00000000       0x71 c:/nxp/lpcxpresso_6.1.4_194/lpcxpresso/tools/bin/../lib/gcc/arm-none-eabi/4.6.2/../../../../arm-none-eabi/lib/armv7-m\libcr_c.a(errno.o)
 .comment       0x00000000       0x71 c:/nxp/lpcxpresso_6.1.4_194/lpcxpresso/tools/bin/../lib/gcc/arm-none-eabi/4.6.2/../../../../arm-none-eabi/lib/armv7-m\libcr_c.a(fclose.o)
 .comment       0x00000000       0x71 c:/nxp/lpcxpresso_6.1.4_194/lpcxpresso/tools/bin/../lib/gcc/arm-none-eabi/4.6.2/../../../../arm-none-eabi/lib/armv7-m\libcr_c.a(fflush.o)
 .comment       0x00000000       0x71 c:/nxp/lpcxpresso_6.1.4_194/lpcxpresso/tools/bin/../lib/gcc/arm-none-eabi/4.6.2/../../../../arm-none-eabi/lib/armv7-m\libcr_c.a(fseek.o)
 .comment       0x00000000       0x71 c:/nxp/lpcxpresso_6.1.4_194/lpcxpresso/tools/bin/../lib/gcc/arm-none-eabi/4.6.2/../../../../arm-none-eabi/lib/armv7-m\libcr_c.a(ftell.o)
 .comment       0x00000000       0x71 c:/nxp/lpcxpresso_6.1.4_194/lpcxpresso/tools/bin/../lib/gcc/arm-none-eabi/4.6.2/../../../../arm-none-eabi/lib/armv7-m\libcr_c.a(remove.o)
 .comment       0x00000000       0x71 c:/nxp/lpcxpresso_6.1.4_194/lpcxpresso/tools/bin/../lib/gcc/arm-none-eabi/4.6.2/../../../../arm-none-eabi/lib/armv7-m\libcr_c.a(strcspn.o)
 .comment       0x00000000       0x71 c:/nxp/lpcxpresso_6.1.4_194/lpcxpresso/tools/bin/../lib/gcc/arm-none-eabi/4.6.2/../../../../arm-none-eabi/lib/armv7-m\libcr_c.a(strspn.o)
 .comment       0x00000000       0x71 c:/nxp/lpcxpresso_6.1.4_194/lpcxpresso/tools/bin/../lib/gcc/arm-none-eabi/4.6.2/../../../../arm-none-eabi/lib/armv7-m\libcr_c.a(__init_alloc.o)
 .comment       0x00000000       0x71 c:/nxp/lpcxpresso_6.1.4_194/lpcxpresso/tools/bin/../lib/gcc/arm-none-eabi/4.6.2/../../../../arm-none-eabi/lib/armv7-m\libcr_c.a(_do_fflush.o)
 .comment       0x00000000       0x71 c:/nxp/lpcxpresso_6.1.4_194/lpcxpresso/tools/bin/../lib/gcc/arm-none-eabi/4.6.2/../../../../arm-none-eabi/lib/armv7-m\libcr_c.a(_hugeval.o)
 .comment       0x00000000       0x71 c:/nxp/lpcxpresso_6.1.4_194/lpcxpresso/tools/bin/../lib/gcc/arm-none-eabi/4.6.2/armv7-m\libcr_eabihelpers.a(double.o)
 .comment       0x00000000       0x71 c:/nxp/lpcxpresso_6.1.4_194/lpcxpresso/tools/bin/../lib/gcc/arm-none-eabi/4.6.2/../../../../arm-none-eabi/lib/armv7-m\libcr_semihost.a(_cr_sbrk.o)
 .comment       0x00000000       0x71 c:/nxp/lpcxpresso_6.1.4_194/lpcxpresso/tools/bin/../lib/gcc/arm-none-eabi/4.6.2/../../../../arm-none-eabi/lib/armv7-m\libcr_semihost.a(_cr_check_heap.o)

.ARM.attributes
                0x00000000       0x31
 .ARM.attributes
                0x00000000       0x33 ./src/uart/rs232.o
 .ARM.attributes
                0x00000033       0x33 ./src/uart/uart.o
 .ARM.attributes
                0x00000066       0x33 ./src/timer/timer.o
 .ARM.attributes
                0x00000099       0x33 ./src/sdcard/Fatfs/ff.o
 .ARM.attributes
                0x000000cc       0x33 ./src/sdcard/khn_gsht.o
 .ARM.attributes
                0x000000ff       0x33 ./src/sdcard/sd.o
 .ARM.attributes
                0x00000132       0x33 ./src/sdcard/spi.o
 .ARM.attributes
                0x00000165       0x33 ./src/gsm/gsm.o
 .ARM.attributes
                0x00000198       0x33 ./src/Tcp/tcp.o
 .ARM.attributes
                0x000001cb       0x33 ./src/Led/led.o
 .ARM.attributes
                0x000001fe       0x33 ./src/IAP/IAP.o
 .ARM.attributes
                0x00000231       0x33 ./src/IAP/khn_flash.o
 .ARM.attributes
                0x00000264       0x33 ./src/GPS/gps.o
 .ARM.attributes
                0x00000297       0x33 ./src/GPIO/GPIO.o
 .ARM.attributes
                0x000002ca       0x33 ./src/common.o
 .ARM.attributes
                0x000002fd       0x33 ./src/cr_startup_lpc175x_6x.o
 .ARM.attributes
                0x00000330       0x33 ./src/main.o
 .ARM.attributes
                0x00000363       0x33 E:\workspaceLPC\CMSISv2p00_LPC17xx\Debug\libCMSISv2p00_LPC17xx.a(system_LPC17xx.o)
 .ARM.attributes
                0x00000396       0x33 c:/nxp/lpcxpresso_6.1.4_194/lpcxpresso/tools/bin/../lib/gcc/arm-none-eabi/4.6.2/../../../../arm-none-eabi/lib/armv7-m\libcr_semihost.a(_cr__main.o)
 .ARM.attributes
                0x000003c9       0x33 c:/nxp/lpcxpresso_6.1.4_194/lpcxpresso/tools/bin/../lib/gcc/arm-none-eabi/4.6.2/../../../../arm-none-eabi/lib/armv7-m\libcr_c.a(memcpy.o)
 .ARM.attributes
                0x000003fc       0x33 c:/nxp/lpcxpresso_6.1.4_194/lpcxpresso/tools/bin/../lib/gcc/arm-none-eabi/4.6.2/../../../../arm-none-eabi/lib/armv7-m\libcr_c.a(memset.o)
 .ARM.attributes
                0x0000042f       0x33 c:/nxp/lpcxpresso_6.1.4_194/lpcxpresso/tools/bin/../lib/gcc/arm-none-eabi/4.6.2/../../../../arm-none-eabi/lib/armv7-m\libcr_c.a(fpprintf.o)
 .ARM.attributes
                0x00000462       0x33 c:/nxp/lpcxpresso_6.1.4_194/lpcxpresso/tools/bin/../lib/gcc/arm-none-eabi/4.6.2/../../../../arm-none-eabi/lib/armv7-m\libcr_c.a(initio.o)
 .ARM.attributes
                0x00000495       0x33 c:/nxp/lpcxpresso_6.1.4_194/lpcxpresso/tools/bin/../lib/gcc/arm-none-eabi/4.6.2/../../../../arm-none-eabi/lib/armv7-m\libcr_c.a(printf.o)
 .ARM.attributes
                0x000004c8       0x33 c:/nxp/lpcxpresso_6.1.4_194/lpcxpresso/tools/bin/../lib/gcc/arm-none-eabi/4.6.2/../../../../arm-none-eabi/lib/armv7-m\libcr_c.a(setvbuf.o)
 .ARM.attributes
                0x000004fb       0x33 c:/nxp/lpcxpresso_6.1.4_194/lpcxpresso/tools/bin/../lib/gcc/arm-none-eabi/4.6.2/../../../../arm-none-eabi/lib/armv7-m\libcr_c.a(stdio.o)
 .ARM.attributes
                0x0000052e       0x33 c:/nxp/lpcxpresso_6.1.4_194/lpcxpresso/tools/bin/../lib/gcc/arm-none-eabi/4.6.2/../../../../arm-none-eabi/lib/armv7-m\libcr_c.a(strcmp.o)
 .ARM.attributes
                0x00000561       0x33 c:/nxp/lpcxpresso_6.1.4_194/lpcxpresso/tools/bin/../lib/gcc/arm-none-eabi/4.6.2/../../../../arm-none-eabi/lib/armv7-m\libcr_c.a(strlen.o)
 .ARM.attributes
                0x00000594       0x33 c:/nxp/lpcxpresso_6.1.4_194/lpcxpresso/tools/bin/../lib/gcc/arm-none-eabi/4.6.2/../../../../arm-none-eabi/lib/armv7-m\libcr_c.a(strncmp.o)
 .ARM.attributes
                0x000005c7       0x33 c:/nxp/lpcxpresso_6.1.4_194/lpcxpresso/tools/bin/../lib/gcc/arm-none-eabi/4.6.2/../../../../arm-none-eabi/lib/armv7-m\libcr_c.a(strtok.o)
 .ARM.attributes
                0x000005fa       0x33 c:/nxp/lpcxpresso_6.1.4_194/lpcxpresso/tools/bin/../lib/gcc/arm-none-eabi/4.6.2/../../../../arm-none-eabi/lib/armv7-m\libcr_c.a(__fillbuf.o)
 .ARM.attributes
                0x0000062d       0x33 c:/nxp/lpcxpresso_6.1.4_194/lpcxpresso/tools/bin/../lib/gcc/arm-none-eabi/4.6.2/../../../../arm-none-eabi/lib/armv7-m\libcr_c.a(_deferredlazyseek.o)
 .ARM.attributes
                0x00000660       0x33 c:/nxp/lpcxpresso_6.1.4_194/lpcxpresso/tools/bin/../lib/gcc/arm-none-eabi/4.6.2/../../../../arm-none-eabi/lib/armv7-m\libcr_c.a(_fdopen.o)
 .ARM.attributes
                0x00000693       0x33 c:/nxp/lpcxpresso_6.1.4_194/lpcxpresso/tools/bin/../lib/gcc/arm-none-eabi/4.6.2/../../../../arm-none-eabi/lib/armv7-m\libcr_c.a(_fflush.o)
 .ARM.attributes
                0x000006c6       0x33 c:/nxp/lpcxpresso_6.1.4_194/lpcxpresso/tools/bin/../lib/gcc/arm-none-eabi/4.6.2/../../../../arm-none-eabi/lib/armv7-m\libcr_c.a(_frexpl.o)
 .ARM.attributes
                0x000006f9       0x33 c:/nxp/lpcxpresso_6.1.4_194/lpcxpresso/tools/bin/../lib/gcc/arm-none-eabi/4.6.2/../../../../arm-none-eabi/lib/armv7-m\libcr_c.a(_ldexpl.o)
 .ARM.attributes
                0x0000072c       0x33 c:/nxp/lpcxpresso_6.1.4_194/lpcxpresso/tools/bin/../lib/gcc/arm-none-eabi/4.6.2/../../../../arm-none-eabi/lib/armv7-m\libcr_c.a(_writebuf.o)
 .ARM.attributes
                0x0000075f       0x33 c:/nxp/lpcxpresso_6.1.4_194/lpcxpresso/tools/bin/../lib/gcc/arm-none-eabi/4.6.2/../../../../arm-none-eabi/lib/armv7-m\libcr_c.a(alloc.o)
 .ARM.attributes
                0x00000792       0x33 c:/nxp/lpcxpresso_6.1.4_194/lpcxpresso/tools/bin/../lib/gcc/arm-none-eabi/4.6.2/../../../../arm-none-eabi/lib/armv7-m\libcr_c.a(errno.o)
 .ARM.attributes
                0x000007c5       0x33 c:/nxp/lpcxpresso_6.1.4_194/lpcxpresso/tools/bin/../lib/gcc/arm-none-eabi/4.6.2/../../../../arm-none-eabi/lib/armv7-m\libcr_c.a(fclose.o)
 .ARM.attributes
                0x000007f8       0x33 c:/nxp/lpcxpresso_6.1.4_194/lpcxpresso/tools/bin/../lib/gcc/arm-none-eabi/4.6.2/../../../../arm-none-eabi/lib/armv7-m\libcr_c.a(fflush.o)
 .ARM.attributes
                0x0000082b       0x33 c:/nxp/lpcxpresso_6.1.4_194/lpcxpresso/tools/bin/../lib/gcc/arm-none-eabi/4.6.2/../../../../arm-none-eabi/lib/armv7-m\libcr_c.a(fseek.o)
 .ARM.attributes
                0x0000085e       0x33 c:/nxp/lpcxpresso_6.1.4_194/lpcxpresso/tools/bin/../lib/gcc/arm-none-eabi/4.6.2/../../../../arm-none-eabi/lib/armv7-m\libcr_c.a(ftell.o)
 .ARM.attributes
                0x00000891       0x33 c:/nxp/lpcxpresso_6.1.4_194/lpcxpresso/tools/bin/../lib/gcc/arm-none-eabi/4.6.2/../../../../arm-none-eabi/lib/armv7-m\libcr_c.a(remove.o)
 .ARM.attributes
                0x000008c4       0x33 c:/nxp/lpcxpresso_6.1.4_194/lpcxpresso/tools/bin/../lib/gcc/arm-none-eabi/4.6.2/../../../../arm-none-eabi/lib/armv7-m\libcr_c.a(strcspn.o)
 .ARM.attributes
                0x000008f7       0x33 c:/nxp/lpcxpresso_6.1.4_194/lpcxpresso/tools/bin/../lib/gcc/arm-none-eabi/4.6.2/../../../../arm-none-eabi/lib/armv7-m\libcr_c.a(strspn.o)
 .ARM.attributes
                0x0000092a       0x33 c:/nxp/lpcxpresso_6.1.4_194/lpcxpresso/tools/bin/../lib/gcc/arm-none-eabi/4.6.2/../../../../arm-none-eabi/lib/armv7-m\libcr_c.a(__init_alloc.o)
 .ARM.attributes
                0x0000095d       0x33 c:/nxp/lpcxpresso_6.1.4_194/lpcxpresso/tools/bin/../lib/gcc/arm-none-eabi/4.6.2/../../../../arm-none-eabi/lib/armv7-m\libcr_c.a(_do_fflush.o)
 .ARM.attributes
                0x00000990       0x33 c:/nxp/lpcxpresso_6.1.4_194/lpcxpresso/tools/bin/../lib/gcc/arm-none-eabi/4.6.2/../../../../arm-none-eabi/lib/armv7-m\libcr_c.a(_hugeval.o)
 .ARM.attributes
                0x000009c3       0x21 c:/nxp/lpcxpresso_6.1.4_194/lpcxpresso/tools/bin/../lib/gcc/arm-none-eabi/4.6.2/armv7-m\libcr_eabihelpers.a(division.o)
 .ARM.attributes
                0x000009e4       0x33 c:/nxp/lpcxpresso_6.1.4_194/lpcxpresso/tools/bin/../lib/gcc/arm-none-eabi/4.6.2/armv7-m\libcr_eabihelpers.a(double.o)
 .ARM.attributes
                0x00000a17       0x21 c:/nxp/lpcxpresso_6.1.4_194/lpcxpresso/tools/bin/../lib/gcc/arm-none-eabi/4.6.2/armv7-m\libcr_eabihelpers.a(memcpy.o)
 .ARM.attributes
                0x00000a38       0x21 c:/nxp/lpcxpresso_6.1.4_194/lpcxpresso/tools/bin/../lib/gcc/arm-none-eabi/4.6.2/../../../../arm-none-eabi/lib/armv7-m\libcr_semihost.a(__sys_appexit.o)
 .ARM.attributes
                0x00000a59       0x21 c:/nxp/lpcxpresso_6.1.4_194/lpcxpresso/tools/bin/../lib/gcc/arm-none-eabi/4.6.2/../../../../arm-none-eabi/lib/armv7-m\libcr_semihost.a(__sys_close.o)
 .ARM.attributes
                0x00000a7a       0x21 c:/nxp/lpcxpresso_6.1.4_194/lpcxpresso/tools/bin/../lib/gcc/arm-none-eabi/4.6.2/../../../../arm-none-eabi/lib/armv7-m\libcr_semihost.a(__sys_flen.o)
 .ARM.attributes
                0x00000a9b       0x21 c:/nxp/lpcxpresso_6.1.4_194/lpcxpresso/tools/bin/../lib/gcc/arm-none-eabi/4.6.2/../../../../arm-none-eabi/lib/armv7-m\libcr_semihost.a(__sys_istty.o)
 .ARM.attributes
                0x00000abc       0x21 c:/nxp/lpcxpresso_6.1.4_194/lpcxpresso/tools/bin/../lib/gcc/arm-none-eabi/4.6.2/../../../../arm-none-eabi/lib/armv7-m\libcr_semihost.a(__sys_read.o)
 .ARM.attributes
                0x00000add       0x21 c:/nxp/lpcxpresso_6.1.4_194/lpcxpresso/tools/bin/../lib/gcc/arm-none-eabi/4.6.2/../../../../arm-none-eabi/lib/armv7-m\libcr_semihost.a(__sys_readc.o)
 .ARM.attributes
                0x00000afe       0x21 c:/nxp/lpcxpresso_6.1.4_194/lpcxpresso/tools/bin/../lib/gcc/arm-none-eabi/4.6.2/../../../../arm-none-eabi/lib/armv7-m\libcr_semihost.a(__sys_remove.o)
 .ARM.attributes
                0x00000b1f       0x21 c:/nxp/lpcxpresso_6.1.4_194/lpcxpresso/tools/bin/../lib/gcc/arm-none-eabi/4.6.2/../../../../arm-none-eabi/lib/armv7-m\libcr_semihost.a(__sys_rename.o)
 .ARM.attributes
                0x00000b40       0x21 c:/nxp/lpcxpresso_6.1.4_194/lpcxpresso/tools/bin/../lib/gcc/arm-none-eabi/4.6.2/../../../../arm-none-eabi/lib/armv7-m\libcr_semihost.a(__sys_seek.o)
 .ARM.attributes
                0x00000b61       0x21 c:/nxp/lpcxpresso_6.1.4_194/lpcxpresso/tools/bin/../lib/gcc/arm-none-eabi/4.6.2/../../../../arm-none-eabi/lib/armv7-m\libcr_semihost.a(__sys_tmpnam.o)
 .ARM.attributes
                0x00000b82       0x21 c:/nxp/lpcxpresso_6.1.4_194/lpcxpresso/tools/bin/../lib/gcc/arm-none-eabi/4.6.2/../../../../arm-none-eabi/lib/armv7-m\libcr_semihost.a(__sys_write.o)
 .ARM.attributes
                0x00000ba3       0x33 c:/nxp/lpcxpresso_6.1.4_194/lpcxpresso/tools/bin/../lib/gcc/arm-none-eabi/4.6.2/../../../../arm-none-eabi/lib/armv7-m\libcr_semihost.a(_cr_sbrk.o)
 .ARM.attributes
                0x00000bd6       0x33 c:/nxp/lpcxpresso_6.1.4_194/lpcxpresso/tools/bin/../lib/gcc/arm-none-eabi/4.6.2/../../../../arm-none-eabi/lib/armv7-m\libcr_semihost.a(_cr_check_heap.o)

.debug_frame    0x00000000     0x1600
 .debug_frame   0x00000000       0xb4 ./src/uart/rs232.o
 .debug_frame   0x000000b4      0x104 ./src/uart/uart.o
 .debug_frame   0x000001b8      0x11c ./src/timer/timer.o
 .debug_frame   0x000002d4      0x714 ./src/sdcard/Fatfs/ff.o
 .debug_frame   0x000009e8       0x88 ./src/sdcard/khn_gsht.o
 .debug_frame   0x00000a70      0x244 ./src/sdcard/sd.o
 .debug_frame   0x00000cb4       0xc4 ./src/sdcard/spi.o
 .debug_frame   0x00000d78      0x168 ./src/gsm/gsm.o
 .debug_frame   0x00000ee0       0x70 ./src/Tcp/tcp.o
 .debug_frame   0x00000f50       0x9c ./src/Led/led.o
 .debug_frame   0x00000fec      0x130 ./src/IAP/IAP.o
 .debug_frame   0x0000111c       0x68 ./src/IAP/khn_flash.o
 .debug_frame   0x00001184       0x2c ./src/GPS/gps.o
 .debug_frame   0x000011b0       0xf0 ./src/GPIO/GPIO.o
 .debug_frame   0x000012a0       0x68 ./src/common.o
 .debug_frame   0x00001308      0x158 ./src/cr_startup_lpc175x_6x.o
 .debug_frame   0x00001460      0x164 ./src/main.o
 .debug_frame   0x000015c4       0x3c E:\workspaceLPC\CMSISv2p00_LPC17xx\Debug\libCMSISv2p00_LPC17xx.a(system_LPC17xx.o)
