ARM Linker, 5.03 [Build 76] [MDK-ARM Standard]

==============================================================================

Section Cross References

    system_lpc17xx.o(i.SystemCoreClockUpdate) refers to uldiv.o(.text) for __aeabi_uldivmod
    system_lpc17xx.o(i.SystemCoreClockUpdate) refers to system_lpc17xx.o(.data) for SystemCoreClock
    startup_lpc17xx.o(RESET) refers to startup_lpc17xx.o(STACK) for __initial_sp
    startup_lpc17xx.o(RESET) refers to startup_lpc17xx.o(.text) for Reset_Handler
    startup_lpc17xx.o(.text) refers to system_lpc17xx.o(i.SystemInit) for SystemInit
    startup_lpc17xx.o(.text) refers to entry.o(.ARM.Collect$$$$00000000) for __main
    main.o(i.main) refers to memcpya.o(.text) for __aeabi_memcpy4
    main.o(i.main) refers to system_lpc17xx.o(i.SystemInit) for SystemInit
    main.o(i.main) refers to spi.o(i.SPI0_Init) for SPI0_Init
    main.o(i.main) refers to main.o(i.Delay) for Delay
    main.o(i.main) refers to uart.o(i.UART2_Init) for UART2_Init
    main.o(i.main) refers to uart.o(i.UART2_SendString) for UART2_SendString
    main.o(i.main) refers to sd.o(i.disk_initialize) for disk_initialize
    main.o(i.main) refers to ff.o(i.f_mount) for f_mount
    main.o(i.main) refers to ff.o(i.f_open) for f_open
    main.o(i.main) refers to ff.o(i.f_gets) for f_gets
    main.o(i.main) refers to ff.o(i.f_close) for f_close
    main.o(i.main) refers to ff.o(i.f_mkdir) for f_mkdir
    main.o(i.main) refers to ff.o(i.f_puts) for f_puts
    main.o(i.main) refers to ff.o(i.f_putc) for f_putc
    main.o(i.main) refers to sd.o(.data) for SD_Type
    main.o(i.main) refers to main.o(.bss) for Fatfs
    lcd.o(i.Draw_Circle) refers to lcd.o(i.LCD_DrawPoint) for LCD_DrawPoint
    lcd.o(i.LCD_Bargraph) refers to lcd.o(i.wr_reg) for wr_reg
    lcd.o(i.LCD_Bargraph) refers to lcd.o(i.LCD_SetCursor) for LCD_SetCursor
    lcd.o(i.LCD_Bargraph) refers to lcd.o(i.wr_cmd) for wr_cmd
    lcd.o(i.LCD_Bargraph) refers to lcd.o(i.wr_dat_start) for wr_dat_start
    lcd.o(i.LCD_Bargraph) refers to lcd.o(i.wr_dat_only) for wr_dat_only
    lcd.o(i.LCD_Bargraph) refers to lcd.o(i.wr_dat_stop) for wr_dat_stop
    lcd.o(i.LCD_Bargraph) refers to lcd.o(.data) for BackColor
    lcd.o(i.LCD_Bmp) refers to lcd.o(i.LCD_WindowMax) for LCD_WindowMax
    lcd.o(i.LCD_Bmp) refers to lcd.o(i.LCD_SetCursor) for LCD_SetCursor
    lcd.o(i.LCD_Bmp) refers to lcd.o(i.wr_cmd) for wr_cmd
    lcd.o(i.LCD_Bmp) refers to lcd.o(i.wr_dat_start) for wr_dat_start
    lcd.o(i.LCD_Bmp) refers to lcd.o(i.wr_dat_only) for wr_dat_only
    lcd.o(i.LCD_Bmp) refers to lcd.o(i.wr_dat_stop) for wr_dat_stop
    lcd.o(i.LCD_Clear) refers to lcd.o(i.LCD_WindowMax) for LCD_WindowMax
    lcd.o(i.LCD_Clear) refers to lcd.o(i.LCD_SetCursor) for LCD_SetCursor
    lcd.o(i.LCD_Clear) refers to lcd.o(i.wr_cmd) for wr_cmd
    lcd.o(i.LCD_Clear) refers to lcd.o(i.wr_dat_start) for wr_dat_start
    lcd.o(i.LCD_Clear) refers to lcd.o(i.wr_dat_only) for wr_dat_only
    lcd.o(i.LCD_Clear) refers to lcd.o(i.wr_dat_stop) for wr_dat_stop
    lcd.o(i.LCD_ClearLn) refers to lcd.o(i.LCD_WindowMax) for LCD_WindowMax
    lcd.o(i.LCD_ClearLn) refers to lcd.o(i.LCD_DisplayString) for LCD_DisplayString
    lcd.o(i.LCD_DisplayChar) refers to lcd.o(i.LCD_DrawChar) for LCD_DrawChar
    lcd.o(i.LCD_DisplayChar) refers to lcd.o(.constdata) for Font_24x16
    lcd.o(i.LCD_DisplayString) refers to lcd.o(i.LCD_WindowMax) for LCD_WindowMax
    lcd.o(i.LCD_DisplayString) refers to lcd.o(i.LCD_DisplayChar) for LCD_DisplayChar
    lcd.o(i.LCD_DrawChar) refers to lcd.o(i.LCD_WindowMax) for LCD_WindowMax
    lcd.o(i.LCD_DrawChar) refers to lcd.o(i.LCD_SetCursor) for LCD_SetCursor
    lcd.o(i.LCD_DrawChar) refers to lcd.o(i.wr_cmd) for wr_cmd
    lcd.o(i.LCD_DrawChar) refers to lcd.o(i.wr_dat_start) for wr_dat_start
    lcd.o(i.LCD_DrawChar) refers to lcd.o(i.wr_dat_only) for wr_dat_only
    lcd.o(i.LCD_DrawChar) refers to lcd.o(i.wr_dat_stop) for wr_dat_stop
    lcd.o(i.LCD_DrawChar) refers to lcd.o(.data) for BackColor
    lcd.o(i.LCD_DrawLine) refers to lcd.o(i.LCD_DrawPoint) for LCD_DrawPoint
    lcd.o(i.LCD_DrawPoint) refers to lcd.o(i.LCD_WindowMax) for LCD_WindowMax
    lcd.o(i.LCD_DrawPoint) refers to lcd.o(i.LCD_SetCursor) for LCD_SetCursor
    lcd.o(i.LCD_DrawPoint) refers to lcd.o(i.wr_cmd) for wr_cmd
    lcd.o(i.LCD_DrawPoint) refers to lcd.o(i.wr_dat_start) for wr_dat_start
    lcd.o(i.LCD_DrawPoint) refers to lcd.o(i.wr_dat_only) for wr_dat_only
    lcd.o(i.LCD_DrawPoint) refers to lcd.o(i.wr_dat_stop) for wr_dat_stop
    lcd.o(i.LCD_DrawPoint) refers to lcd.o(.data) for POINT_COLOR
    lcd.o(i.LCD_DrawPoint1) refers to lcd.o(i.LCD_WindowMax) for LCD_WindowMax
    lcd.o(i.LCD_DrawPoint1) refers to lcd.o(i.LCD_SetCursor) for LCD_SetCursor
    lcd.o(i.LCD_DrawPoint1) refers to lcd.o(i.wr_cmd) for wr_cmd
    lcd.o(i.LCD_DrawPoint1) refers to lcd.o(i.wr_dat_start) for wr_dat_start
    lcd.o(i.LCD_DrawPoint1) refers to lcd.o(i.wr_dat_only) for wr_dat_only
    lcd.o(i.LCD_DrawPoint1) refers to lcd.o(i.wr_dat_stop) for wr_dat_stop
    lcd.o(i.LCD_DrawRectangle) refers to lcd.o(i.LCD_DrawLine) for LCD_DrawLine
    lcd.o(i.LCD_Fill) refers to lcd.o(i.wr_reg) for wr_reg
    lcd.o(i.LCD_Fill) refers to lcd.o(i.LCD_SetCursor) for LCD_SetCursor
    lcd.o(i.LCD_Fill) refers to lcd.o(i.LCD_WriteRAM_Prepare) for LCD_WriteRAM_Prepare
    lcd.o(i.LCD_Fill) refers to lcd.o(i.wr_dat_start) for wr_dat_start
    lcd.o(i.LCD_Fill) refers to lcd.o(i.wr_dat_only) for wr_dat_only
    lcd.o(i.LCD_Init) refers to lcd.o(i.delay) for delay
    lcd.o(i.LCD_Init) refers to lcd.o(i.rd_reg) for rd_reg
    lcd.o(i.LCD_Init) refers to lcd.o(i.wr_reg) for wr_reg
    lcd.o(i.LCD_Init) refers to lcd.o(.data) for DeviceCode
    lcd.o(i.LCD_PutPixel) refers to lcd.o(i.LCD_SetCursor) for LCD_SetCursor
    lcd.o(i.LCD_PutPixel) refers to lcd.o(i.wr_cmd) for wr_cmd
    lcd.o(i.LCD_PutPixel) refers to lcd.o(i.wr_dat) for wr_dat
    lcd.o(i.LCD_PutPixel) refers to lcd.o(.data) for TextColor
    lcd.o(i.LCD_SetBackColor) refers to lcd.o(.data) for BackColor
    lcd.o(i.LCD_SetCursor) refers to lcd.o(i.wr_reg) for wr_reg
    lcd.o(i.LCD_SetCursor) refers to lcd.o(.data) for DeviceCode
    lcd.o(i.LCD_SetTextColor) refers to lcd.o(.data) for TextColor
    lcd.o(i.LCD_Show2Num) refers to lcd.o(i.mypow) for mypow
    lcd.o(i.LCD_Show2Num) refers to lcd.o(i.LCD_ShowChar) for LCD_ShowChar
    lcd.o(i.LCD_ShowChar) refers to lcd.o(i.wr_reg) for wr_reg
    lcd.o(i.LCD_ShowChar) refers to lcd.o(i.LCD_SetCursor) for LCD_SetCursor
    lcd.o(i.LCD_ShowChar) refers to lcd.o(i.LCD_WriteRAM_Prepare) for LCD_WriteRAM_Prepare
    lcd.o(i.LCD_ShowChar) refers to lcd.o(i.LCD_DrawPoint1) for LCD_DrawPoint1
    lcd.o(i.LCD_ShowChar) refers to lcd.o(i.LCD_DrawPoint) for LCD_DrawPoint
    lcd.o(i.LCD_ShowChar) refers to lcd.o(.constdata) for asc2_1206
    lcd.o(i.LCD_ShowChar) refers to lcd.o(.data) for POINT_COLOR
    lcd.o(i.LCD_ShowNum) refers to lcd.o(i.mypow) for mypow
    lcd.o(i.LCD_ShowNum) refers to lcd.o(i.LCD_ShowChar) for LCD_ShowChar
    lcd.o(i.LCD_ShowString) refers to lcd.o(i.LCD_Clear) for LCD_Clear
    lcd.o(i.LCD_ShowString) refers to lcd.o(i.LCD_ShowChar) for LCD_ShowChar
    lcd.o(i.LCD_WindowMax) refers to lcd.o(i.wr_reg) for wr_reg
    lcd.o(i.LCD_WindowMax) refers to lcd.o(.data) for DeviceCode
    lcd.o(i.LCD_WriteRAM_Prepare) refers to lcd.o(i.wr_cmd) for wr_cmd
    lcd.o(i.lcd_send) refers to lcd.o(.emb_text) for wait
    lcd.o(i.rd_dat) refers to lcd.o(i.wait_delay) for wait_delay
    lcd.o(i.rd_reg) refers to lcd.o(i.wr_cmd) for wr_cmd
    lcd.o(i.rd_reg) refers to lcd.o(i.rd_dat) for rd_dat
    lcd.o(i.wr_cmd) refers to lcd.o(i.lcd_send) for lcd_send
    lcd.o(i.wr_cmd) refers to lcd.o(.emb_text) for wait
    lcd.o(i.wr_dat) refers to lcd.o(i.lcd_send) for lcd_send
    lcd.o(i.wr_dat) refers to lcd.o(.emb_text) for wait
    lcd.o(i.wr_dat_only) refers to lcd.o(i.lcd_send) for lcd_send
    lcd.o(i.wr_dat_only) refers to lcd.o(.emb_text) for wait
    lcd.o(i.wr_reg) refers to lcd.o(i.wr_cmd) for wr_cmd
    lcd.o(i.wr_reg) refers to lcd.o(i.wr_dat) for wr_dat
    uart.o(i.UART0_SendChar) refers to uart.o(i.UART0_SendByte) for UART0_SendByte
    uart.o(i.UART0_SendString) refers to uart.o(i.UART0_SendByte) for UART0_SendByte
    uart.o(i.UART2_SendString) refers to uart.o(i.UART2_SendByte) for UART2_SendByte
    ff.o(i.check_fs) refers to ff.o(i.move_window) for move_window
    ff.o(i.create_chain) refers to ff.o(i.get_fat) for get_fat
    ff.o(i.create_chain) refers to ff.o(i.put_fat) for put_fat
    ff.o(i.create_name) refers to ff.o(i.mem_set) for mem_set
    ff.o(i.create_name) refers to ff.o(i.chk_chr) for chk_chr
    ff.o(i.dir_alloc) refers to ff.o(i.dir_sdi) for dir_sdi
    ff.o(i.dir_alloc) refers to ff.o(i.move_window) for move_window
    ff.o(i.dir_alloc) refers to ff.o(i.dir_next) for dir_next
    ff.o(i.dir_find) refers to ff.o(i.dir_sdi) for dir_sdi
    ff.o(i.dir_find) refers to ff.o(i.move_window) for move_window
    ff.o(i.dir_find) refers to ff.o(i.mem_cmp) for mem_cmp
    ff.o(i.dir_find) refers to ff.o(i.dir_next) for dir_next
    ff.o(i.dir_next) refers to ff.o(i.get_fat) for get_fat
    ff.o(i.dir_next) refers to ff.o(i.create_chain) for create_chain
    ff.o(i.dir_next) refers to ff.o(i.sync_window) for sync_window
    ff.o(i.dir_next) refers to ff.o(i.mem_set) for mem_set
    ff.o(i.dir_next) refers to ff.o(i.clust2sect) for clust2sect
    ff.o(i.dir_read) refers to ff.o(i.move_window) for move_window
    ff.o(i.dir_read) refers to ff.o(i.dir_next) for dir_next
    ff.o(i.dir_register) refers to ff.o(i.dir_alloc) for dir_alloc
    ff.o(i.dir_register) refers to ff.o(i.move_window) for move_window
    ff.o(i.dir_register) refers to ff.o(i.mem_set) for mem_set
    ff.o(i.dir_register) refers to ff.o(i.mem_cpy) for mem_cpy
    ff.o(i.dir_remove) refers to ff.o(i.dir_sdi) for dir_sdi
    ff.o(i.dir_remove) refers to ff.o(i.move_window) for move_window
    ff.o(i.dir_remove) refers to ff.o(i.mem_set) for mem_set
    ff.o(i.dir_sdi) refers to ff.o(i.get_fat) for get_fat
    ff.o(i.dir_sdi) refers to ff.o(i.clust2sect) for clust2sect
    ff.o(i.f_chdir) refers to ff.o(i.find_volume) for find_volume
    ff.o(i.f_chdir) refers to ff.o(i.follow_path) for follow_path
    ff.o(i.f_chdir) refers to ff.o(i.ld_clust) for ld_clust
    ff.o(i.f_chdrive) refers to ff.o(i.get_ldnumber) for get_ldnumber
    ff.o(i.f_chdrive) refers to ff.o(.data) for CurrVol
    ff.o(i.f_chmod) refers to ff.o(i.find_volume) for find_volume
    ff.o(i.f_chmod) refers to ff.o(i.follow_path) for follow_path
    ff.o(i.f_chmod) refers to ff.o(i.sync_fs) for sync_fs
    ff.o(i.f_close) refers to ff.o(i.f_sync) for f_sync
    ff.o(i.f_close) refers to ff.o(i.validate) for validate
    ff.o(i.f_closedir) refers to ff.o(i.validate) for validate
    ff.o(i.f_getcwd) refers to ff.o(i.find_volume) for find_volume
    ff.o(i.f_getcwd) refers to ff.o(i.dir_sdi) for dir_sdi
    ff.o(i.f_getcwd) refers to ff.o(i.dir_read) for dir_read
    ff.o(i.f_getcwd) refers to ff.o(i.ld_clust) for ld_clust
    ff.o(i.f_getcwd) refers to ff.o(i.dir_next) for dir_next
    ff.o(i.f_getcwd) refers to ff.o(i.get_fileinfo) for get_fileinfo
    ff.o(i.f_getcwd) refers to ff.o(.data) for CurrVol
    ff.o(i.f_getfree) refers to ff.o(i.find_volume) for find_volume
    ff.o(i.f_getfree) refers to ff.o(i.get_fat) for get_fat
    ff.o(i.f_getfree) refers to ff.o(i.move_window) for move_window
    ff.o(i.f_getlabel) refers to ff.o(i.find_volume) for find_volume
    ff.o(i.f_getlabel) refers to ff.o(i.dir_sdi) for dir_sdi
    ff.o(i.f_getlabel) refers to ff.o(i.dir_read) for dir_read
    ff.o(i.f_getlabel) refers to ff.o(i.mem_cpy) for mem_cpy
    ff.o(i.f_getlabel) refers to ff.o(i.move_window) for move_window
    ff.o(i.f_gets) refers to ff.o(i.f_read) for f_read
    ff.o(i.f_lseek) refers to ff.o(i.validate) for validate
    ff.o(i.f_lseek) refers to ff.o(i.create_chain) for create_chain
    ff.o(i.f_lseek) refers to ff.o(i.get_fat) for get_fat
    ff.o(i.f_lseek) refers to ff.o(i.clust2sect) for clust2sect
    ff.o(i.f_lseek) refers to sd.o(i.disk_write) for disk_write
    ff.o(i.f_lseek) refers to sd.o(i.disk_read) for disk_read
    ff.o(i.f_mkdir) refers to sd.o(i.get_fattime) for get_fattime
    ff.o(i.f_mkdir) refers to ff.o(i.find_volume) for find_volume
    ff.o(i.f_mkdir) refers to ff.o(i.follow_path) for follow_path
    ff.o(i.f_mkdir) refers to ff.o(i.create_chain) for create_chain
    ff.o(i.f_mkdir) refers to ff.o(i.sync_window) for sync_window
    ff.o(i.f_mkdir) refers to ff.o(i.clust2sect) for clust2sect
    ff.o(i.f_mkdir) refers to ff.o(i.mem_set) for mem_set
    ff.o(i.f_mkdir) refers to ff.o(i.st_clust) for st_clust
    ff.o(i.f_mkdir) refers to ff.o(i.mem_cpy) for mem_cpy
    ff.o(i.f_mkdir) refers to ff.o(i.dir_register) for dir_register
    ff.o(i.f_mkdir) refers to ff.o(i.remove_chain) for remove_chain
    ff.o(i.f_mkdir) refers to ff.o(i.sync_fs) for sync_fs
    ff.o(i.f_mkfs) refers to ff.o(i.get_ldnumber) for get_ldnumber
    ff.o(i.f_mkfs) refers to sd.o(i.disk_initialize) for disk_initialize
    ff.o(i.f_mkfs) refers to sd.o(i.disk_ioctl) for disk_ioctl
    ff.o(i.f_mkfs) refers to ff.o(i.mem_set) for mem_set
    ff.o(i.f_mkfs) refers to sd.o(i.disk_write) for disk_write
    ff.o(i.f_mkfs) refers to ff.o(i.mem_cpy) for mem_cpy
    ff.o(i.f_mkfs) refers to sd.o(i.get_fattime) for get_fattime
    ff.o(i.f_mkfs) refers to ff.o(.bss) for FatFs
    ff.o(i.f_mkfs) refers to ff.o(.constdata) for vst
    ff.o(i.f_mount) refers to ff.o(i.get_ldnumber) for get_ldnumber
    ff.o(i.f_mount) refers to ff.o(i.find_volume) for find_volume
    ff.o(i.f_mount) refers to ff.o(.bss) for FatFs
    ff.o(i.f_open) refers to ff.o(i.find_volume) for find_volume
    ff.o(i.f_open) refers to ff.o(i.follow_path) for follow_path
    ff.o(i.f_open) refers to ff.o(i.dir_register) for dir_register
    ff.o(i.f_open) refers to sd.o(i.get_fattime) for get_fattime
    ff.o(i.f_open) refers to ff.o(i.ld_clust) for ld_clust
    ff.o(i.f_open) refers to ff.o(i.st_clust) for st_clust
    ff.o(i.f_open) refers to ff.o(i.remove_chain) for remove_chain
    ff.o(i.f_open) refers to ff.o(i.move_window) for move_window
    ff.o(i.f_opendir) refers to ff.o(i.find_volume) for find_volume
    ff.o(i.f_opendir) refers to ff.o(i.follow_path) for follow_path
    ff.o(i.f_opendir) refers to ff.o(i.ld_clust) for ld_clust
    ff.o(i.f_opendir) refers to ff.o(i.dir_sdi) for dir_sdi
    ff.o(i.f_printf) refers to ff.o(i.putc_bfd) for putc_bfd
    ff.o(i.f_printf) refers to ff.o(i.f_write) for f_write
    ff.o(i.f_putc) refers to ff.o(i.putc_bfd) for putc_bfd
    ff.o(i.f_putc) refers to ff.o(i.f_write) for f_write
    ff.o(i.f_puts) refers to ff.o(i.putc_bfd) for putc_bfd
    ff.o(i.f_puts) refers to ff.o(i.f_write) for f_write
    ff.o(i.f_read) refers to ff.o(i.validate) for validate
    ff.o(i.f_read) refers to ff.o(i.get_fat) for get_fat
    ff.o(i.f_read) refers to ff.o(i.clust2sect) for clust2sect
    ff.o(i.f_read) refers to sd.o(i.disk_read) for disk_read
    ff.o(i.f_read) refers to ff.o(i.mem_cpy) for mem_cpy
    ff.o(i.f_read) refers to sd.o(i.disk_write) for disk_write
    ff.o(i.f_readdir) refers to ff.o(i.validate) for validate
    ff.o(i.f_readdir) refers to ff.o(i.dir_sdi) for dir_sdi
    ff.o(i.f_readdir) refers to ff.o(i.dir_read) for dir_read
    ff.o(i.f_readdir) refers to ff.o(i.get_fileinfo) for get_fileinfo
    ff.o(i.f_readdir) refers to ff.o(i.dir_next) for dir_next
    ff.o(i.f_rename) refers to ff.o(i.find_volume) for find_volume
    ff.o(i.f_rename) refers to ff.o(i.follow_path) for follow_path
    ff.o(i.f_rename) refers to ff.o(i.mem_cpy) for mem_cpy
    ff.o(i.f_rename) refers to ff.o(i.get_ldnumber) for get_ldnumber
    ff.o(i.f_rename) refers to ff.o(i.dir_register) for dir_register
    ff.o(i.f_rename) refers to ff.o(i.ld_clust) for ld_clust
    ff.o(i.f_rename) refers to ff.o(i.clust2sect) for clust2sect
    ff.o(i.f_rename) refers to ff.o(i.move_window) for move_window
    ff.o(i.f_rename) refers to ff.o(i.st_clust) for st_clust
    ff.o(i.f_rename) refers to ff.o(i.dir_remove) for dir_remove
    ff.o(i.f_rename) refers to ff.o(i.sync_fs) for sync_fs
    ff.o(i.f_setlabel) refers to ff.o(i.find_volume) for find_volume
    ff.o(i.f_setlabel) refers to ff.o(i.chk_chr) for chk_chr
    ff.o(i.f_setlabel) refers to ff.o(i.dir_sdi) for dir_sdi
    ff.o(i.f_setlabel) refers to ff.o(i.dir_read) for dir_read
    ff.o(i.f_setlabel) refers to ff.o(i.mem_cpy) for mem_cpy
    ff.o(i.f_setlabel) refers to sd.o(i.get_fattime) for get_fattime
    ff.o(i.f_setlabel) refers to ff.o(i.sync_fs) for sync_fs
    ff.o(i.f_setlabel) refers to ff.o(i.dir_alloc) for dir_alloc
    ff.o(i.f_setlabel) refers to ff.o(i.mem_set) for mem_set
    ff.o(i.f_stat) refers to ff.o(i.find_volume) for find_volume
    ff.o(i.f_stat) refers to ff.o(i.follow_path) for follow_path
    ff.o(i.f_stat) refers to ff.o(i.get_fileinfo) for get_fileinfo
    ff.o(i.f_sync) refers to ff.o(i.validate) for validate
    ff.o(i.f_sync) refers to sd.o(i.disk_write) for disk_write
    ff.o(i.f_sync) refers to ff.o(i.move_window) for move_window
    ff.o(i.f_sync) refers to ff.o(i.st_clust) for st_clust
    ff.o(i.f_sync) refers to sd.o(i.get_fattime) for get_fattime
    ff.o(i.f_sync) refers to ff.o(i.sync_fs) for sync_fs
    ff.o(i.f_truncate) refers to ff.o(i.validate) for validate
    ff.o(i.f_truncate) refers to ff.o(i.remove_chain) for remove_chain
    ff.o(i.f_truncate) refers to ff.o(i.get_fat) for get_fat
    ff.o(i.f_truncate) refers to ff.o(i.put_fat) for put_fat
    ff.o(i.f_truncate) refers to sd.o(i.disk_write) for disk_write
    ff.o(i.f_unlink) refers to ff.o(i.find_volume) for find_volume
    ff.o(i.f_unlink) refers to ff.o(i.follow_path) for follow_path
    ff.o(i.f_unlink) refers to ff.o(i.ld_clust) for ld_clust
    ff.o(i.f_unlink) refers to ff.o(i.mem_cpy) for mem_cpy
    ff.o(i.f_unlink) refers to ff.o(i.dir_sdi) for dir_sdi
    ff.o(i.f_unlink) refers to ff.o(i.dir_read) for dir_read
    ff.o(i.f_unlink) refers to ff.o(i.dir_remove) for dir_remove
    ff.o(i.f_unlink) refers to ff.o(i.remove_chain) for remove_chain
    ff.o(i.f_unlink) refers to ff.o(i.sync_fs) for sync_fs
    ff.o(i.f_utime) refers to ff.o(i.find_volume) for find_volume
    ff.o(i.f_utime) refers to ff.o(i.follow_path) for follow_path
    ff.o(i.f_utime) refers to ff.o(i.sync_fs) for sync_fs
    ff.o(i.f_write) refers to ff.o(i.validate) for validate
    ff.o(i.f_write) refers to ff.o(i.create_chain) for create_chain
    ff.o(i.f_write) refers to sd.o(i.disk_write) for disk_write
    ff.o(i.f_write) refers to ff.o(i.clust2sect) for clust2sect
    ff.o(i.f_write) refers to ff.o(i.mem_cpy) for mem_cpy
    ff.o(i.f_write) refers to sd.o(i.disk_read) for disk_read
    ff.o(i.find_volume) refers to ff.o(i.get_ldnumber) for get_ldnumber
    ff.o(i.find_volume) refers to sd.o(i.disk_status) for disk_status
    ff.o(i.find_volume) refers to sd.o(i.disk_initialize) for disk_initialize
    ff.o(i.find_volume) refers to sd.o(i.disk_ioctl) for disk_ioctl
    ff.o(i.find_volume) refers to ff.o(i.check_fs) for check_fs
    ff.o(i.find_volume) refers to ff.o(i.move_window) for move_window
    ff.o(i.find_volume) refers to ff.o(.bss) for FatFs
    ff.o(i.find_volume) refers to ff.o(.data) for Fsid
    ff.o(i.follow_path) refers to ff.o(i.dir_sdi) for dir_sdi
    ff.o(i.follow_path) refers to ff.o(i.create_name) for create_name
    ff.o(i.follow_path) refers to ff.o(i.dir_find) for dir_find
    ff.o(i.follow_path) refers to ff.o(i.ld_clust) for ld_clust
    ff.o(i.get_fat) refers to ff.o(i.move_window) for move_window
    ff.o(i.get_ldnumber) refers to ff.o(.constdata) for str
    ff.o(i.get_ldnumber) refers to ff.o(.data) for CurrVol
    ff.o(i.move_window) refers to ff.o(i.sync_window) for sync_window
    ff.o(i.move_window) refers to sd.o(i.disk_read) for disk_read
    ff.o(i.put_fat) refers to ff.o(i.move_window) for move_window
    ff.o(i.putc_bfd) refers to ff.o(i.f_write) for f_write
    ff.o(i.remove_chain) refers to ff.o(i.get_fat) for get_fat
    ff.o(i.remove_chain) refers to ff.o(i.put_fat) for put_fat
    ff.o(i.sync_fs) refers to ff.o(i.sync_window) for sync_window
    ff.o(i.sync_fs) refers to ff.o(i.mem_set) for mem_set
    ff.o(i.sync_fs) refers to sd.o(i.disk_write) for disk_write
    ff.o(i.sync_fs) refers to sd.o(i.disk_ioctl) for disk_ioctl
    ff.o(i.sync_window) refers to sd.o(i.disk_write) for disk_write
    ff.o(i.validate) refers to sd.o(i.disk_status) for disk_status
    ff.o(.constdata) refers to ff.o(.conststring) for .conststring
    sd.o(i.SD_GetResponse) refers to spi.o(i.ssp0_send) for ssp0_send
    sd.o(i.SD_Idle_Sta) refers to spi.o(i.ssp0_send) for ssp0_send
    sd.o(i.SD_Idle_Sta) refers to sd.o(i.SD_SendCommand) for SD_SendCommand
    sd.o(i.SD_Init) refers to spi.o(i.ssp0_init) for ssp0_init
    sd.o(i.SD_Init) refers to spi.o(i.SPI0_SetSpeed) for SPI0_SetSpeed
    sd.o(i.SD_Init) refers to sd.o(i.SD_Idle_Sta) for SD_Idle_Sta
    sd.o(i.SD_Init) refers to sd.o(i.SD_SendCommand_NoDeassert) for SD_SendCommand_NoDeassert
    sd.o(i.SD_Init) refers to spi.o(i.ssp0_send) for ssp0_send
    sd.o(i.SD_Init) refers to sd.o(i.SD_SendCommand) for SD_SendCommand
    sd.o(i.SD_Init) refers to sd.o(.data) for SD_Type
    sd.o(i.SD_ReadMultiBlock) refers to sd.o(i.SD_SendCommand) for SD_SendCommand
    sd.o(i.SD_ReadMultiBlock) refers to sd.o(i.SD_ReceiveData) for SD_ReceiveData
    sd.o(i.SD_ReadMultiBlock) refers to spi.o(i.ssp0_send) for ssp0_send
    sd.o(i.SD_ReadMultiBlock) refers to sd.o(.data) for SD_Type
    sd.o(i.SD_ReadSingleBlock) refers to spi.o(i.SPI0_SetSpeed) for SPI0_SetSpeed
    sd.o(i.SD_ReadSingleBlock) refers to sd.o(i.SD_SendCommand) for SD_SendCommand
    sd.o(i.SD_ReadSingleBlock) refers to sd.o(i.SD_ReceiveData) for SD_ReceiveData
    sd.o(i.SD_ReadSingleBlock) refers to sd.o(.data) for SD_Type
    sd.o(i.SD_ReceiveData) refers to sd.o(i.SD_GetResponse) for SD_GetResponse
    sd.o(i.SD_ReceiveData) refers to spi.o(i.ssp0_send) for ssp0_send
    sd.o(i.SD_SendCommand) refers to spi.o(i.ssp0_send) for ssp0_send
    sd.o(i.SD_SendCommand_NoDeassert) refers to spi.o(i.ssp0_send) for ssp0_send
    sd.o(i.SD_WaitDataReady) refers to spi.o(i.ssp0_send) for ssp0_send
    sd.o(i.SD_WriteMultiBlock) refers to sd.o(i.SD_SendCommand) for SD_SendCommand
    sd.o(i.SD_WriteMultiBlock) refers to spi.o(i.ssp0_send) for ssp0_send
    sd.o(i.SD_WriteMultiBlock) refers to sd.o(i.SD_WaitDataReady) for SD_WaitDataReady
    sd.o(i.SD_WriteMultiBlock) refers to sd.o(.data) for SD_Type
    sd.o(i.SD_WriteSingleBlock) refers to sd.o(i.SD_SendCommand) for SD_SendCommand
    sd.o(i.SD_WriteSingleBlock) refers to spi.o(i.ssp0_send) for ssp0_send
    sd.o(i.SD_WriteSingleBlock) refers to sd.o(.data) for SD_Type
    sd.o(i.disk_initialize) refers to sd.o(i.SD_Init) for SD_Init
    sd.o(i.disk_initialize) refers to sd.o(.data) for SD_Type
    sd.o(i.disk_ioctl) refers to sd.o(.data) for Stat
    sd.o(i.disk_read) refers to sd.o(i.SD_ReadSingleBlock) for SD_ReadSingleBlock
    sd.o(i.disk_status) refers to sd.o(.data) for Stat
    sd.o(i.disk_write) refers to sd.o(i.SD_WriteSingleBlock) for SD_WriteSingleBlock
    sd.o(i.disk_write) refers to sd.o(.data) for Stat
    sd.o(i.get_fattime) refers to sd.o(i.rtc_gettime) for rtc_gettime
    entry.o(.ARM.Collect$$$$00000000) refers (Special) to entry10a.o(.ARM.Collect$$$$0000000D) for __rt_final_cpp
    entry.o(.ARM.Collect$$$$00000000) refers (Special) to entry11a.o(.ARM.Collect$$$$0000000F) for __rt_final_exit
    entry.o(.ARM.Collect$$$$00000000) refers (Special) to entry7b.o(.ARM.Collect$$$$00000008) for _main_clock
    entry.o(.ARM.Collect$$$$00000000) refers (Special) to entry8b.o(.ARM.Collect$$$$0000000A) for _main_cpp_init
    entry.o(.ARM.Collect$$$$00000000) refers (Special) to entry9a.o(.ARM.Collect$$$$0000000B) for _main_init
    entry.o(.ARM.Collect$$$$00000000) refers (Special) to entry5.o(.ARM.Collect$$$$00000004) for _main_scatterload
    entry.o(.ARM.Collect$$$$00000000) refers (Special) to entry2.o(.ARM.Collect$$$$00000001) for _main_stk
    uldiv.o(.text) refers to llushr.o(.text) for __aeabi_llsr
    uldiv.o(.text) refers to llshl.o(.text) for __aeabi_llsl
    entry2.o(.ARM.Collect$$$$00000001) refers to entry2.o(.ARM.Collect$$$$00002712) for __lit__00000000
    entry2.o(.ARM.Collect$$$$00002712) refers to startup_lpc17xx.o(STACK) for __initial_sp
    entry2.o(__vectab_stack_and_reset_area) refers to startup_lpc17xx.o(STACK) for __initial_sp
    entry2.o(__vectab_stack_and_reset_area) refers to entry.o(.ARM.Collect$$$$00000000) for __main
    entry5.o(.ARM.Collect$$$$00000004) refers to init.o(.text) for __scatterload
    entry9a.o(.ARM.Collect$$$$0000000B) refers to main.o(i.main) for main
    entry9b.o(.ARM.Collect$$$$0000000C) refers to main.o(i.main) for main
    init.o(.text) refers to entry5.o(.ARM.Collect$$$$00000004) for __main_after_scatterload


==============================================================================

Removing Unused input sections from the image.

    Removing system_lpc17xx.o(.rev16_text), (4 bytes).
    Removing system_lpc17xx.o(.revsh_text), (4 bytes).
    Removing system_lpc17xx.o(i.SystemCoreClockUpdate), (452 bytes).
    Removing system_lpc17xx.o(.data), (4 bytes).
    Removing startup_lpc17xx.o(HEAP), (0 bytes).
    Removing main.o(.rev16_text), (4 bytes).
    Removing main.o(.revsh_text), (4 bytes).
    Removing delay.o(i.delay_ms), (36 bytes).
    Removing lcd.o(.rev16_text), (4 bytes).
    Removing lcd.o(.revsh_text), (4 bytes).
    Removing lcd.o(.emb_text), (4 bytes).
    Removing lcd.o(i.Draw_Circle), (176 bytes).
    Removing lcd.o(i.LCD_Bargraph), (164 bytes).
    Removing lcd.o(i.LCD_Bmp), (116 bytes).
    Removing lcd.o(i.LCD_Clear), (72 bytes).
    Removing lcd.o(i.LCD_ClearLn), (56 bytes).
    Removing lcd.o(i.LCD_DisplayChar), (48 bytes).
    Removing lcd.o(i.LCD_DisplayString), (46 bytes).
    Removing lcd.o(i.LCD_DrawChar), (136 bytes).
    Removing lcd.o(i.LCD_DrawLine), (176 bytes).
    Removing lcd.o(i.LCD_DrawPoint), (68 bytes).
    Removing lcd.o(i.LCD_DrawPoint1), (64 bytes).
    Removing lcd.o(i.LCD_DrawRectangle), (64 bytes).
    Removing lcd.o(i.LCD_Fill), (144 bytes).
    Removing lcd.o(i.LCD_Init), (1280 bytes).
    Removing lcd.o(i.LCD_PutPixel), (60 bytes).
    Removing lcd.o(i.LCD_SetBackColor), (12 bytes).
    Removing lcd.o(i.LCD_SetCursor), (72 bytes).
    Removing lcd.o(i.LCD_SetTextColor), (12 bytes).
    Removing lcd.o(i.LCD_Show2Num), (92 bytes).
    Removing lcd.o(i.LCD_ShowChar), (344 bytes).
    Removing lcd.o(i.LCD_ShowNum), (148 bytes).
    Removing lcd.o(i.LCD_ShowString), (74 bytes).
    Removing lcd.o(i.LCD_WindowMax), (104 bytes).
    Removing lcd.o(i.LCD_WriteRAM_Prepare), (10 bytes).
    Removing lcd.o(i.delay), (14 bytes).
    Removing lcd.o(i.lcd_send), (60 bytes).
    Removing lcd.o(i.mypow), (22 bytes).
    Removing lcd.o(i.rd_dat), (104 bytes).
    Removing lcd.o(i.rd_reg), (44 bytes).
    Removing lcd.o(i.wait_delay), (12 bytes).
    Removing lcd.o(i.wr_cmd), (48 bytes).
    Removing lcd.o(i.wr_dat), (48 bytes).
    Removing lcd.o(i.wr_dat_only), (36 bytes).
    Removing lcd.o(i.wr_dat_start), (16 bytes).
    Removing lcd.o(i.wr_dat_stop), (16 bytes).
    Removing lcd.o(i.wr_reg), (40 bytes).
    Removing lcd.o(.constdata), (8036 bytes).
    Removing lcd.o(.data), (10 bytes).
    Removing uart.o(.rev16_text), (4 bytes).
    Removing uart.o(.revsh_text), (4 bytes).
    Removing uart.o(i.UART0_GetChar), (24 bytes).
    Removing uart.o(i.UART0_Init), (80 bytes).
    Removing uart.o(i.UART0_SendByte), (28 bytes).
    Removing uart.o(i.UART0_SendChar), (124 bytes).
    Removing uart.o(i.UART0_SendString), (22 bytes).
    Removing uart.o(i.UART2_GetChar), (24 bytes).
    Removing ff.o(i.dir_read), (108 bytes).
    Removing ff.o(i.dir_remove), (54 bytes).
    Removing ff.o(i.f_chdir), (84 bytes).
    Removing ff.o(i.f_chdrive), (32 bytes).
    Removing ff.o(i.f_chmod), (96 bytes).
    Removing ff.o(i.f_closedir), (22 bytes).
    Removing ff.o(i.f_getcwd), (296 bytes).
    Removing ff.o(i.f_getfree), (234 bytes).
    Removing ff.o(i.f_getlabel), (150 bytes).
    Removing ff.o(i.f_lseek), (410 bytes).
    Removing ff.o(i.f_mkfs), (1296 bytes).
    Removing ff.o(i.f_opendir), (110 bytes).
    Removing ff.o(i.f_printf), (628 bytes).
    Removing ff.o(i.f_readdir), (88 bytes).
    Removing ff.o(i.f_rename), (296 bytes).
    Removing ff.o(i.f_setlabel), (448 bytes).
    Removing ff.o(i.f_stat), (60 bytes).
    Removing ff.o(i.f_truncate), (184 bytes).
    Removing ff.o(i.f_unlink), (190 bytes).
    Removing ff.o(i.f_utime), (86 bytes).
    Removing ff.o(i.get_fileinfo), (80 bytes).
    Removing sd.o(.rev16_text), (4 bytes).
    Removing sd.o(.revsh_text), (4 bytes).
    Removing sd.o(i.SD_ReadMultiBlock), (116 bytes).
    Removing sd.o(i.SD_WaitDataReady), (98 bytes).
    Removing sd.o(i.SD_WriteMultiBlock), (236 bytes).
    Removing spi.o(.rev16_text), (4 bytes).
    Removing spi.o(.revsh_text), (4 bytes).
    Removing spi.o(i.delay_us), (12 bytes).

86 unused section(s) (total 18304 bytes) removed from the image.

==============================================================================

Image Symbol Table

    Local Symbols

    Symbol Name                              Value     Ov Type        Size  Object(Section)

    RESET                                    0x00000000   Section      204  startup_lpc17xx.o(RESET)
    ../clib/microlib/division.c              0x00000000   Number         0  uldiv.o ABSOLUTE
    ../clib/microlib/init/entry.s            0x00000000   Number         0  entry11a.o ABSOLUTE
    ../clib/microlib/init/entry.s            0x00000000   Number         0  entry9a.o ABSOLUTE
    ../clib/microlib/init/entry.s            0x00000000   Number         0  entry8a.o ABSOLUTE
    ../clib/microlib/init/entry.s            0x00000000   Number         0  entry.o ABSOLUTE
    ../clib/microlib/init/entry.s            0x00000000   Number         0  entry2.o ABSOLUTE
    ../clib/microlib/init/entry.s            0x00000000   Number         0  entry5.o ABSOLUTE
    ../clib/microlib/init/entry.s            0x00000000   Number         0  entry7a.o ABSOLUTE
    ../clib/microlib/init/entry.s            0x00000000   Number         0  entry7b.o ABSOLUTE
    ../clib/microlib/init/entry.s            0x00000000   Number         0  entry11b.o ABSOLUTE
    ../clib/microlib/init/entry.s            0x00000000   Number         0  entry8b.o ABSOLUTE
    ../clib/microlib/init/entry.s            0x00000000   Number         0  entry9b.o ABSOLUTE
    ../clib/microlib/init/entry.s            0x00000000   Number         0  entry10a.o ABSOLUTE
    ../clib/microlib/init/entry.s            0x00000000   Number         0  entry10b.o ABSOLUTE
    ../clib/microlib/longlong.c              0x00000000   Number         0  llushr.o ABSOLUTE
    ../clib/microlib/longlong.c              0x00000000   Number         0  llshl.o ABSOLUTE
    ../clib/microlib/string/memcpy.c         0x00000000   Number         0  memcpya.o ABSOLUTE
    ../clib/microlib/string/memcpy.c         0x00000000   Number         0  memcpyb.o ABSOLUTE
    ..\LPC17xx\startup_LPC17xx.s             0x00000000   Number         0  startup_lpc17xx.o ABSOLUTE
    ..\LPC17xx\system_LPC17xx.c              0x00000000   Number         0  system_lpc17xx.o ABSOLUTE
    ..\Source\Lcd\Lcd.c                      0x00000000   Number         0  lcd.o ABSOLUTE
    ..\Source\User\delay.c                   0x00000000   Number         0  delay.o ABSOLUTE
    ..\Source\User\main.c                    0x00000000   Number         0  main.o ABSOLUTE
    ..\Source\sdcard\Fatfs\ff.c              0x00000000   Number         0  ff.o ABSOLUTE
    ..\Source\sdcard\sd.c                    0x00000000   Number         0  sd.o ABSOLUTE
    ..\Source\sdcard\spi.c                   0x00000000   Number         0  spi.o ABSOLUTE
    ..\Source\uart\uart.c                    0x00000000   Number         0  uart.o ABSOLUTE
    ..\\LPC17xx\\system_LPC17xx.c            0x00000000   Number         0  system_lpc17xx.o ABSOLUTE
    ..\\Source\\Lcd\\Lcd.c                   0x00000000   Number         0  lcd.o ABSOLUTE
    ..\\Source\\User\\main.c                 0x00000000   Number         0  main.o ABSOLUTE
    ..\\Source\\sdcard\\sd.c                 0x00000000   Number         0  sd.o ABSOLUTE
    ..\\Source\\sdcard\\spi.c                0x00000000   Number         0  spi.o ABSOLUTE
    ..\\Source\\uart\\uart.c                 0x00000000   Number         0  uart.o ABSOLUTE
    dc.s                                     0x00000000   Number         0  dc.o ABSOLUTE
    handlers.s                               0x00000000   Number         0  handlers.o ABSOLUTE
    init.s                                   0x00000000   Number         0  init.o ABSOLUTE
    .ARM.Collect$$$$00000000                 0x000000cc   Section        0  entry.o(.ARM.Collect$$$$00000000)
    .ARM.Collect$$$$00000001                 0x000000cc   Section        4  entry2.o(.ARM.Collect$$$$00000001)
    .ARM.Collect$$$$00000004                 0x000000d0   Section        4  entry5.o(.ARM.Collect$$$$00000004)
    .ARM.Collect$$$$00000008                 0x000000d4   Section        0  entry7b.o(.ARM.Collect$$$$00000008)
    .ARM.Collect$$$$0000000A                 0x000000d4   Section        0  entry8b.o(.ARM.Collect$$$$0000000A)
    .ARM.Collect$$$$0000000B                 0x000000d4   Section        8  entry9a.o(.ARM.Collect$$$$0000000B)
    .ARM.Collect$$$$0000000D                 0x000000dc   Section        0  entry10a.o(.ARM.Collect$$$$0000000D)
    .ARM.Collect$$$$0000000F                 0x000000dc   Section        0  entry11a.o(.ARM.Collect$$$$0000000F)
    .ARM.Collect$$$$00002712                 0x000000dc   Section        4  entry2.o(.ARM.Collect$$$$00002712)
    __lit__00000000                          0x000000dc   Data           4  entry2.o(.ARM.Collect$$$$00002712)
    .text                                    0x000000e0   Section       36  startup_lpc17xx.o(.text)
    .text                                    0x00000104   Section        0  memcpya.o(.text)
    .text                                    0x00000128   Section       36  init.o(.text)
    i.Delay                                  0x0000014c   Section        0  main.o(i.Delay)
    i.SD_GetResponse                         0x0000016a   Section        0  sd.o(i.SD_GetResponse)
    i.SD_Idle_Sta                            0x00000190   Section        0  sd.o(i.SD_Idle_Sta)
    i.SD_ReadSingleBlock                     0x000001dc   Section        0  sd.o(i.SD_ReadSingleBlock)
    i.SD_ReceiveData                         0x00000220   Section        0  sd.o(i.SD_ReceiveData)
    i.SD_SendCommand_NoDeassert              0x00000280   Section        0  sd.o(i.SD_SendCommand_NoDeassert)
    i.__scatterload_null                     0x000002f0   Section        2  handlers.o(i.__scatterload_null)
    i.st_clust                               0x000002f2   Section        0  ff.o(i.st_clust)
    st_clust                                 0x000002f3   Thumb Code     8  ff.o(i.st_clust)
    .ARM.__at_0x02FC                         0x000002fc   Section        4  startup_lpc17xx.o(.ARM.__at_0x02FC)
    i.SD_Init                                0x00000300   Section        0  sd.o(i.SD_Init)
    i.SD_SendCommand                         0x000004c4   Section        0  sd.o(i.SD_SendCommand)
    i.SD_WriteSingleBlock                    0x00000550   Section        0  sd.o(i.SD_WriteSingleBlock)
    i.SPI0_Init                              0x0000061c   Section        0  spi.o(i.SPI0_Init)
    i.SPI0_SetSpeed                          0x00000658   Section        0  spi.o(i.SPI0_SetSpeed)
    i.SystemInit                             0x000006a0   Section        0  system_lpc17xx.o(i.SystemInit)
    i.UART2_Init                             0x000007f0   Section        0  uart.o(i.UART2_Init)
    i.UART2_SendByte                         0x0000084c   Section        0  uart.o(i.UART2_SendByte)
    i.UART2_SendString                       0x00000868   Section        0  uart.o(i.UART2_SendString)
    i.__scatterload_copy                     0x0000087e   Section       14  handlers.o(i.__scatterload_copy)
    i.__scatterload_zeroinit                 0x0000088c   Section       14  handlers.o(i.__scatterload_zeroinit)
    i.check_fs                               0x0000089c   Section        0  ff.o(i.check_fs)
    check_fs                                 0x0000089d   Thumb Code    84  ff.o(i.check_fs)
    i.chk_chr                                0x000008f4   Section        0  ff.o(i.chk_chr)
    chk_chr                                  0x000008f5   Thumb Code    20  ff.o(i.chk_chr)
    i.clust2sect                             0x00000908   Section        0  ff.o(i.clust2sect)
    i.create_chain                           0x00000922   Section        0  ff.o(i.create_chain)
    create_chain                             0x00000923   Thumb Code   214  ff.o(i.create_chain)
    i.create_name                            0x000009f8   Section        0  ff.o(i.create_name)
    create_name                              0x000009f9   Thumb Code   418  ff.o(i.create_name)
    i.dir_alloc                              0x00000bac   Section        0  ff.o(i.dir_alloc)
    dir_alloc                                0x00000bad   Thumb Code    92  ff.o(i.dir_alloc)
    i.dir_find                               0x00000c08   Section        0  ff.o(i.dir_find)
    dir_find                                 0x00000c09   Thumb Code    92  ff.o(i.dir_find)
    i.dir_next                               0x00000c64   Section        0  ff.o(i.dir_next)
    dir_next                                 0x00000c65   Thumb Code   316  ff.o(i.dir_next)
    i.dir_register                           0x00000da0   Section        0  ff.o(i.dir_register)
    dir_register                             0x00000da1   Thumb Code    58  ff.o(i.dir_register)
    i.dir_sdi                                0x00000dda   Section        0  ff.o(i.dir_sdi)
    dir_sdi                                  0x00000ddb   Thumb Code   200  ff.o(i.dir_sdi)
    i.disk_initialize                        0x00000ea4   Section        0  sd.o(i.disk_initialize)
    i.disk_ioctl                             0x00000edc   Section        0  sd.o(i.disk_ioctl)
    i.disk_read                              0x00000f48   Section        0  sd.o(i.disk_read)
    i.disk_status                            0x00000f68   Section        0  sd.o(i.disk_status)
    i.disk_write                             0x00000f7c   Section        0  sd.o(i.disk_write)
    i.f_close                                0x00000fb8   Section        0  ff.o(i.f_close)
    i.f_gets                                 0x00000fd8   Section        0  ff.o(i.f_gets)
    i.f_mkdir                                0x0000102e   Section        0  ff.o(i.f_mkdir)
    i.f_mount                                0x00001180   Section        0  ff.o(i.f_mount)
    i.f_open                                 0x000011dc   Section        0  ff.o(i.f_open)
    i.f_putc                                 0x00001308   Section        0  ff.o(i.f_putc)
    i.f_puts                                 0x00001348   Section        0  ff.o(i.f_puts)
    i.f_read                                 0x00001392   Section        0  ff.o(i.f_read)
    i.f_sync                                 0x00001562   Section        0  ff.o(i.f_sync)
    i.f_write                                0x000015ee   Section        0  ff.o(i.f_write)
    i.find_volume                            0x00001804   Section        0  ff.o(i.find_volume)
    find_volume                              0x00001805   Thumb Code   702  ff.o(i.find_volume)
    i.follow_path                            0x00001ad4   Section        0  ff.o(i.follow_path)
    follow_path                              0x00001ad5   Thumb Code   174  ff.o(i.follow_path)
    i.get_fat                                0x00001b82   Section        0  ff.o(i.get_fat)
    i.get_fattime                            0x00001ca0   Section        0  sd.o(i.get_fattime)
    i.get_ldnumber                           0x00001cdc   Section        0  ff.o(i.get_ldnumber)
    get_ldnumber                             0x00001cdd   Thumb Code   160  ff.o(i.get_ldnumber)
    i.ld_clust                               0x00001d84   Section        0  ff.o(i.ld_clust)
    ld_clust                                 0x00001d85   Thumb Code    18  ff.o(i.ld_clust)
    i.main                                   0x00001d98   Section        0  main.o(i.main)
    i.mem_cmp                                0x00002040   Section        0  ff.o(i.mem_cmp)
    mem_cmp                                  0x00002041   Thumb Code    38  ff.o(i.mem_cmp)
    i.mem_cpy                                0x00002066   Section        0  ff.o(i.mem_cpy)
    mem_cpy                                  0x00002067   Thumb Code    46  ff.o(i.mem_cpy)
    i.mem_set                                0x00002094   Section        0  ff.o(i.mem_set)
    mem_set                                  0x00002095   Thumb Code    20  ff.o(i.mem_set)
    i.move_window                            0x000020a8   Section        0  ff.o(i.move_window)
    move_window                              0x000020a9   Thumb Code    50  ff.o(i.move_window)
    i.put_fat                                0x000020da   Section        0  ff.o(i.put_fat)
    i.putc_bfd                               0x0000222e   Section        0  ff.o(i.putc_bfd)
    putc_bfd                                 0x0000222f   Thumb Code    78  ff.o(i.putc_bfd)
    i.remove_chain                           0x0000227c   Section        0  ff.o(i.remove_chain)
    remove_chain                             0x0000227d   Thumb Code   108  ff.o(i.remove_chain)
    i.rtc_gettime                            0x000022e8   Section        0  sd.o(i.rtc_gettime)
    i.ssp0_init                              0x0000232c   Section        0  spi.o(i.ssp0_init)
    i.ssp0_send                              0x000023e4   Section        0  spi.o(i.ssp0_send)
    i.sync_fs                                0x00002404   Section        0  ff.o(i.sync_fs)
    sync_fs                                  0x00002405   Thumb Code   110  ff.o(i.sync_fs)
    i.sync_window                            0x0000247c   Section        0  ff.o(i.sync_window)
    sync_window                              0x0000247d   Thumb Code    76  ff.o(i.sync_window)
    i.validate                               0x000024c8   Section        0  ff.o(i.validate)
    validate                                 0x000024c9   Thumb Code    54  ff.o(i.validate)
    .constdata                               0x00002500   Section       76  ff.o(.constdata)
    str                                      0x00002500   Data          32  ff.o(.constdata)
    vst                                      0x00002520   Data          22  ff.o(.constdata)
    cst                                      0x00002536   Data          22  ff.o(.constdata)
    .conststring                             0x0000254c   Section       35  ff.o(.conststring)
    .data                                    0x10000000   Section        3  ff.o(.data)
    Fsid                                     0x10000000   Data           2  ff.o(.data)
    CurrVol                                  0x10000002   Data           1  ff.o(.data)
    .data                                    0x10000003   Section        2  sd.o(.data)
    Stat                                     0x10000004   Data           1  sd.o(.data)
    .bss                                     0x10000008   Section     6296  main.o(.bss)
    .bss                                     0x100018a0   Section       32  ff.o(.bss)
    FatFs                                    0x100018a0   Data          32  ff.o(.bss)
    STACK                                    0x100018c0   Section      512  startup_lpc17xx.o(STACK)

    Global Symbols

    Symbol Name                              Value     Ov Type        Size  Object(Section)

    BuildAttributes$$THM_ISAv4$P$D$K$B$S$PE$A:L22UL41UL21$X:L11$S22US41US21$IEEE1$IW$USESV6$~STKCKD$USESV7$~SHL$OSPACE$EBA8$MICROLIB$REQ8$PRES8$EABIv2 0x00000000   Number         0  anon$$obj.o ABSOLUTE
    __ARM_use_no_argv                        0x00000000   Number         0  main.o ABSOLUTE
    __Vectors                                0x00000000   Data           4  startup_lpc17xx.o(RESET)
    __cpp_initialize__aeabi_                  - Undefined Weak Reference
    __cxa_finalize                            - Undefined Weak Reference
    __decompress                              - Undefined Weak Reference
    _clock_init                               - Undefined Weak Reference
    _microlib_exit                            - Undefined Weak Reference
    __main                                   0x000000cd   Thumb Code     0  entry.o(.ARM.Collect$$$$00000000)
    _main_stk                                0x000000cd   Thumb Code     0  entry2.o(.ARM.Collect$$$$00000001)
    _main_scatterload                        0x000000d1   Thumb Code     0  entry5.o(.ARM.Collect$$$$00000004)
    __main_after_scatterload                 0x000000d5   Thumb Code     0  entry5.o(.ARM.Collect$$$$00000004)
    _main_clock                              0x000000d5   Thumb Code     0  entry7b.o(.ARM.Collect$$$$00000008)
    _main_cpp_init                           0x000000d5   Thumb Code     0  entry8b.o(.ARM.Collect$$$$0000000A)
    _main_init                               0x000000d5   Thumb Code     0  entry9a.o(.ARM.Collect$$$$0000000B)
    __rt_final_cpp                           0x000000dd   Thumb Code     0  entry10a.o(.ARM.Collect$$$$0000000D)
    __rt_final_exit                          0x000000dd   Thumb Code     0  entry11a.o(.ARM.Collect$$$$0000000F)
    Reset_Handler                            0x000000e1   Thumb Code     8  startup_lpc17xx.o(.text)
    NMI_Handler                              0x000000e9   Thumb Code     2  startup_lpc17xx.o(.text)
    HardFault_Handler                        0x000000eb   Thumb Code     2  startup_lpc17xx.o(.text)
    MemManage_Handler                        0x000000ed   Thumb Code     2  startup_lpc17xx.o(.text)
    BusFault_Handler                         0x000000ef   Thumb Code     2  startup_lpc17xx.o(.text)
    UsageFault_Handler                       0x000000f1   Thumb Code     2  startup_lpc17xx.o(.text)
    SVC_Handler                              0x000000f3   Thumb Code     2  startup_lpc17xx.o(.text)
    DebugMon_Handler                         0x000000f5   Thumb Code     2  startup_lpc17xx.o(.text)
    PendSV_Handler                           0x000000f7   Thumb Code     2  startup_lpc17xx.o(.text)
    SysTick_Handler                          0x000000f9   Thumb Code     2  startup_lpc17xx.o(.text)
    ADC_IRQHandler                           0x000000fb   Thumb Code     0  startup_lpc17xx.o(.text)
    BOD_IRQHandler                           0x000000fb   Thumb Code     0  startup_lpc17xx.o(.text)
    CANActivity_IRQHandler                   0x000000fb   Thumb Code     0  startup_lpc17xx.o(.text)
    CAN_IRQHandler                           0x000000fb   Thumb Code     0  startup_lpc17xx.o(.text)
    DMA_IRQHandler                           0x000000fb   Thumb Code     0  startup_lpc17xx.o(.text)
    EINT0_IRQHandler                         0x000000fb   Thumb Code     0  startup_lpc17xx.o(.text)
    EINT1_IRQHandler                         0x000000fb   Thumb Code     0  startup_lpc17xx.o(.text)
    EINT2_IRQHandler                         0x000000fb   Thumb Code     0  startup_lpc17xx.o(.text)
    EINT3_IRQHandler                         0x000000fb   Thumb Code     0  startup_lpc17xx.o(.text)
    ENET_IRQHandler                          0x000000fb   Thumb Code     0  startup_lpc17xx.o(.text)
    I2C0_IRQHandler                          0x000000fb   Thumb Code     0  startup_lpc17xx.o(.text)
    I2C1_IRQHandler                          0x000000fb   Thumb Code     0  startup_lpc17xx.o(.text)
    I2C2_IRQHandler                          0x000000fb   Thumb Code     0  startup_lpc17xx.o(.text)
    I2S_IRQHandler                           0x000000fb   Thumb Code     0  startup_lpc17xx.o(.text)
    MCPWM_IRQHandler                         0x000000fb   Thumb Code     0  startup_lpc17xx.o(.text)
    PLL0_IRQHandler                          0x000000fb   Thumb Code     0  startup_lpc17xx.o(.text)
    PLL1_IRQHandler                          0x000000fb   Thumb Code     0  startup_lpc17xx.o(.text)
    PWM1_IRQHandler                          0x000000fb   Thumb Code     0  startup_lpc17xx.o(.text)
    QEI_IRQHandler                           0x000000fb   Thumb Code     0  startup_lpc17xx.o(.text)
    RIT_IRQHandler                           0x000000fb   Thumb Code     0  startup_lpc17xx.o(.text)
    RTC_IRQHandler                           0x000000fb   Thumb Code     0  startup_lpc17xx.o(.text)
    SPI_IRQHandler                           0x000000fb   Thumb Code     0  startup_lpc17xx.o(.text)
    SSP0_IRQHandler                          0x000000fb   Thumb Code     0  startup_lpc17xx.o(.text)
    SSP1_IRQHandler                          0x000000fb   Thumb Code     0  startup_lpc17xx.o(.text)
    TIMER0_IRQHandler                        0x000000fb   Thumb Code     0  startup_lpc17xx.o(.text)
    TIMER1_IRQHandler                        0x000000fb   Thumb Code     0  startup_lpc17xx.o(.text)
    TIMER2_IRQHandler                        0x000000fb   Thumb Code     0  startup_lpc17xx.o(.text)
    TIMER3_IRQHandler                        0x000000fb   Thumb Code     0  startup_lpc17xx.o(.text)
    UART0_IRQHandler                         0x000000fb   Thumb Code     0  startup_lpc17xx.o(.text)
    UART1_IRQHandler                         0x000000fb   Thumb Code     0  startup_lpc17xx.o(.text)
    UART2_IRQHandler                         0x000000fb   Thumb Code     0  startup_lpc17xx.o(.text)
    UART3_IRQHandler                         0x000000fb   Thumb Code     0  startup_lpc17xx.o(.text)
    USBActivity_IRQHandler                   0x000000fb   Thumb Code     0  startup_lpc17xx.o(.text)
    USB_IRQHandler                           0x000000fb   Thumb Code     0  startup_lpc17xx.o(.text)
    WDT_IRQHandler                           0x000000fb   Thumb Code     0  startup_lpc17xx.o(.text)
    __aeabi_memcpy                           0x00000105   Thumb Code    36  memcpya.o(.text)
    __aeabi_memcpy4                          0x00000105   Thumb Code     0  memcpya.o(.text)
    __aeabi_memcpy8                          0x00000105   Thumb Code     0  memcpya.o(.text)
    __scatterload                            0x00000129   Thumb Code    28  init.o(.text)
    __scatterload_rt2                        0x00000129   Thumb Code     0  init.o(.text)
    Delay                                    0x0000014d   Thumb Code    30  main.o(i.Delay)
    SD_GetResponse                           0x0000016b   Thumb Code    38  sd.o(i.SD_GetResponse)
    SD_Idle_Sta                              0x00000191   Thumb Code    74  sd.o(i.SD_Idle_Sta)
    SD_ReadSingleBlock                       0x000001dd   Thumb Code    62  sd.o(i.SD_ReadSingleBlock)
    SD_ReceiveData                           0x00000221   Thumb Code    90  sd.o(i.SD_ReceiveData)
    SD_SendCommand_NoDeassert                0x00000281   Thumb Code   106  sd.o(i.SD_SendCommand_NoDeassert)
    __scatterload_null                       0x000002f1   Thumb Code     2  handlers.o(i.__scatterload_null)
    SD_Init                                  0x00000301   Thumb Code   444  sd.o(i.SD_Init)
    SD_SendCommand                           0x000004c5   Thumb Code   134  sd.o(i.SD_SendCommand)
    SD_WriteSingleBlock                      0x00000551   Thumb Code   194  sd.o(i.SD_WriteSingleBlock)
    SPI0_Init                                0x0000061d   Thumb Code    46  spi.o(i.SPI0_Init)
    SPI0_SetSpeed                            0x00000659   Thumb Code    64  spi.o(i.SPI0_SetSpeed)
    SystemInit                               0x000006a1   Thumb Code   270  system_lpc17xx.o(i.SystemInit)
    UART2_Init                               0x000007f1   Thumb Code    70  uart.o(i.UART2_Init)
    UART2_SendByte                           0x0000084d   Thumb Code    22  uart.o(i.UART2_SendByte)
    UART2_SendString                         0x00000869   Thumb Code    22  uart.o(i.UART2_SendString)
    __scatterload_copy                       0x0000087f   Thumb Code    14  handlers.o(i.__scatterload_copy)
    __scatterload_zeroinit                   0x0000088d   Thumb Code    14  handlers.o(i.__scatterload_zeroinit)
    clust2sect                               0x00000909   Thumb Code    26  ff.o(i.clust2sect)
    disk_initialize                          0x00000ea5   Thumb Code    46  sd.o(i.disk_initialize)
    disk_ioctl                               0x00000edd   Thumb Code   102  sd.o(i.disk_ioctl)
    disk_read                                0x00000f49   Thumb Code    32  sd.o(i.disk_read)
    disk_status                              0x00000f69   Thumb Code    14  sd.o(i.disk_status)
    disk_write                               0x00000f7d   Thumb Code    54  sd.o(i.disk_write)
    f_close                                  0x00000fb9   Thumb Code    32  ff.o(i.f_close)
    f_gets                                   0x00000fd9   Thumb Code    86  ff.o(i.f_gets)
    f_mkdir                                  0x0000102f   Thumb Code   336  ff.o(i.f_mkdir)
    f_mount                                  0x00001181   Thumb Code    86  ff.o(i.f_mount)
    f_open                                   0x000011dd   Thumb Code   300  ff.o(i.f_open)
    f_putc                                   0x00001309   Thumb Code    64  ff.o(i.f_putc)
    f_puts                                   0x00001349   Thumb Code    74  ff.o(i.f_puts)
    f_read                                   0x00001393   Thumb Code   464  ff.o(i.f_read)
    f_sync                                   0x00001563   Thumb Code   140  ff.o(i.f_sync)
    f_write                                  0x000015ef   Thumb Code   532  ff.o(i.f_write)
    get_fat                                  0x00001b83   Thumb Code   286  ff.o(i.get_fat)
    get_fattime                              0x00001ca1   Thumb Code    60  sd.o(i.get_fattime)
    main                                     0x00001d99   Thumb Code   256  main.o(i.main)
    put_fat                                  0x000020db   Thumb Code   340  ff.o(i.put_fat)
    rtc_gettime                              0x000022e9   Thumb Code    62  sd.o(i.rtc_gettime)
    ssp0_init                                0x0000232d   Thumb Code   160  spi.o(i.ssp0_init)
    ssp0_send                                0x000023e5   Thumb Code    26  spi.o(i.ssp0_send)
    Region$$Table$$Base                      0x00002570   Number         0  anon$$obj.o(Region$$Table)
    Region$$Table$$Limit                     0x00002590   Number         0  anon$$obj.o(Region$$Table)
    SD_Type                                  0x10000003   Data           1  sd.o(.data)
    file                                     0x10000008   Data        2084  main.o(.bss)
    file2                                    0x1000082c   Data        2084  main.o(.bss)
    Fatfs                                    0x10001050   Data        2100  main.o(.bss)
    dir                                      0x10001884   Data          28  main.o(.bss)
    __initial_sp                             0x10001ac0   Data           0  startup_lpc17xx.o(STACK)



==============================================================================

Memory Map of the image

  Image Entry point : 0x000000cd

  Load Region LR_IROM1 (Base: 0x00000000, Size: 0x00002598, Max: 0x00020000, ABSOLUTE)

    Execution Region ER_IROM1 (Base: 0x00000000, Size: 0x00002590, Max: 0x00020000, ABSOLUTE)

    Base Addr    Size         Type   Attr      Idx    E Section Name        Object

    0x00000000   0x000000cc   Data   RO           54    RESET               startup_lpc17xx.o
    0x000000cc   0x00000000   Code   RO          986  * .ARM.Collect$$$$00000000  mc_w.l(entry.o)
    0x000000cc   0x00000004   Code   RO          995    .ARM.Collect$$$$00000001  mc_w.l(entry2.o)
    0x000000d0   0x00000004   Code   RO          998    .ARM.Collect$$$$00000004  mc_w.l(entry5.o)
    0x000000d4   0x00000000   Code   RO         1000    .ARM.Collect$$$$00000008  mc_w.l(entry7b.o)
    0x000000d4   0x00000000   Code   RO         1002    .ARM.Collect$$$$0000000A  mc_w.l(entry8b.o)
    0x000000d4   0x00000008   Code   RO         1003    .ARM.Collect$$$$0000000B  mc_w.l(entry9a.o)
    0x000000dc   0x00000000   Code   RO         1005    .ARM.Collect$$$$0000000D  mc_w.l(entry10a.o)
    0x000000dc   0x00000000   Code   RO         1007    .ARM.Collect$$$$0000000F  mc_w.l(entry11a.o)
    0x000000dc   0x00000004   Code   RO          996    .ARM.Collect$$$$00002712  mc_w.l(entry2.o)
    0x000000e0   0x00000024   Code   RO           56    .text               startup_lpc17xx.o
    0x00000104   0x00000024   Code   RO          991    .text               mc_w.l(memcpya.o)
    0x00000128   0x00000024   Code   RO         1013    .text               mc_w.l(init.o)
    0x0000014c   0x0000001e   Code   RO           64    i.Delay             main.o
    0x0000016a   0x00000026   Code   RO          806    i.SD_GetResponse    sd.o
    0x00000190   0x0000004a   Code   RO          807    i.SD_Idle_Sta       sd.o
    0x000001da   0x00000002   PAD
    0x000001dc   0x00000044   Code   RO          810    i.SD_ReadSingleBlock  sd.o
    0x00000220   0x00000060   Code   RO          811    i.SD_ReceiveData    sd.o
    0x00000280   0x00000070   Code   RO          813    i.SD_SendCommand_NoDeassert  sd.o
    0x000002f0   0x00000002   Code   RO         1018    i.__scatterload_null  mc_w.l(handlers.o)
    0x000002f2   0x00000008   Code   RO          518    i.st_clust          ff.o
    0x000002fa   0x00000002   PAD
    0x000002fc   0x00000004   Code   RO           55    .ARM.__at_0x02FC    startup_lpc17xx.o
    0x00000300   0x000001c4   Code   RO          808    i.SD_Init           sd.o
    0x000004c4   0x0000008c   Code   RO          812    i.SD_SendCommand    sd.o
    0x00000550   0x000000cc   Code   RO          816    i.SD_WriteSingleBlock  sd.o
    0x0000061c   0x0000003c   Code   RO          934    i.SPI0_Init         spi.o
    0x00000658   0x00000048   Code   RO          935    i.SPI0_SetSpeed     spi.o
    0x000006a0   0x00000150   Code   RO            4    i.SystemInit        system_lpc17xx.o
    0x000007f0   0x0000005c   Code   RO          405    i.UART2_Init        uart.o
    0x0000084c   0x0000001c   Code   RO          406    i.UART2_SendByte    uart.o
    0x00000868   0x00000016   Code   RO          407    i.UART2_SendString  uart.o
    0x0000087e   0x0000000e   Code   RO         1017    i.__scatterload_copy  mc_w.l(handlers.o)
    0x0000088c   0x0000000e   Code   RO         1019    i.__scatterload_zeroinit  mc_w.l(handlers.o)
    0x0000089a   0x00000002   PAD
    0x0000089c   0x00000058   Code   RO          465    i.check_fs          ff.o
    0x000008f4   0x00000014   Code   RO          466    i.chk_chr           ff.o
    0x00000908   0x0000001a   Code   RO          467    i.clust2sect        ff.o
    0x00000922   0x000000d6   Code   RO          468    i.create_chain      ff.o
    0x000009f8   0x000001b4   Code   RO          469    i.create_name       ff.o
    0x00000bac   0x0000005c   Code   RO          470    i.dir_alloc         ff.o
    0x00000c08   0x0000005c   Code   RO          471    i.dir_find          ff.o
    0x00000c64   0x0000013c   Code   RO          472    i.dir_next          ff.o
    0x00000da0   0x0000003a   Code   RO          474    i.dir_register      ff.o
    0x00000dda   0x000000c8   Code   RO          476    i.dir_sdi           ff.o
    0x00000ea2   0x00000002   PAD
    0x00000ea4   0x00000038   Code   RO          817    i.disk_initialize   sd.o
    0x00000edc   0x0000006c   Code   RO          818    i.disk_ioctl        sd.o
    0x00000f48   0x00000020   Code   RO          819    i.disk_read         sd.o
    0x00000f68   0x00000014   Code   RO          820    i.disk_status       sd.o
    0x00000f7c   0x0000003c   Code   RO          821    i.disk_write        sd.o
    0x00000fb8   0x00000020   Code   RO          480    i.f_close           ff.o
    0x00000fd8   0x00000056   Code   RO          485    i.f_gets            ff.o
    0x0000102e   0x00000150   Code   RO          487    i.f_mkdir           ff.o
    0x0000117e   0x00000002   PAD
    0x00001180   0x0000005c   Code   RO          489    i.f_mount           ff.o
    0x000011dc   0x0000012c   Code   RO          490    i.f_open            ff.o
    0x00001308   0x00000040   Code   RO          493    i.f_putc            ff.o
    0x00001348   0x0000004a   Code   RO          494    i.f_puts            ff.o
    0x00001392   0x000001d0   Code   RO          495    i.f_read            ff.o
    0x00001562   0x0000008c   Code   RO          500    i.f_sync            ff.o
    0x000015ee   0x00000214   Code   RO          504    i.f_write           ff.o
    0x00001802   0x00000002   PAD
    0x00001804   0x000002d0   Code   RO          505    i.find_volume       ff.o
    0x00001ad4   0x000000ae   Code   RO          506    i.follow_path       ff.o
    0x00001b82   0x0000011e   Code   RO          507    i.get_fat           ff.o
    0x00001ca0   0x0000003c   Code   RO          822    i.get_fattime       sd.o
    0x00001cdc   0x000000a8   Code   RO          509    i.get_ldnumber      ff.o
    0x00001d84   0x00000012   Code   RO          510    i.ld_clust          ff.o
    0x00001d96   0x00000002   PAD
    0x00001d98   0x000002a8   Code   RO           65    i.main              main.o
    0x00002040   0x00000026   Code   RO          511    i.mem_cmp           ff.o
    0x00002066   0x0000002e   Code   RO          512    i.mem_cpy           ff.o
    0x00002094   0x00000014   Code   RO          513    i.mem_set           ff.o
    0x000020a8   0x00000032   Code   RO          514    i.move_window       ff.o
    0x000020da   0x00000154   Code   RO          515    i.put_fat           ff.o
    0x0000222e   0x0000004e   Code   RO          516    i.putc_bfd          ff.o
    0x0000227c   0x0000006c   Code   RO          517    i.remove_chain      ff.o
    0x000022e8   0x00000044   Code   RO          823    i.rtc_gettime       sd.o
    0x0000232c   0x000000b8   Code   RO          937    i.ssp0_init         spi.o
    0x000023e4   0x00000020   Code   RO          938    i.ssp0_send         spi.o
    0x00002404   0x00000078   Code   RO          519    i.sync_fs           ff.o
    0x0000247c   0x0000004c   Code   RO          520    i.sync_window       ff.o
    0x000024c8   0x00000036   Code   RO          521    i.validate          ff.o
    0x000024fe   0x00000002   PAD
    0x00002500   0x0000004c   Data   RO          523    .constdata          ff.o
    0x0000254c   0x00000023   Data   RO          524    .conststring        ff.o
    0x0000256f   0x00000001   PAD
    0x00002570   0x00000020   Data   RO         1015    Region$$Table       anon$$obj.o


    Execution Region RW_IRAM1 (Base: 0x10000000, Size: 0x00001ac0, Max: 0x00004000, ABSOLUTE)

    Base Addr    Size         Type   Attr      Idx    E Section Name        Object

    0x10000000   0x00000003   Data   RW          525    .data               ff.o
    0x10000003   0x00000002   Data   RW          824    .data               sd.o
    0x10000005   0x00000003   PAD
    0x10000008   0x00001898   Zero   RW           66    .bss                main.o
    0x100018a0   0x00000020   Zero   RW          522    .bss                ff.o
    0x100018c0   0x00000200   Zero   RW           52    STACK               startup_lpc17xx.o


==============================================================================

Image component sizes


      Code (inc. data)   RO Data    RW Data    ZI Data      Debug   Object Name

      5966         64        111          3         32      34676   ff.o
       710        424          0          0       6296       6486   main.o
      1588         92          0          2          0      10118   sd.o
       348         58          0          0          0       1792   spi.o
        40         12        204          0        512        932   startup_lpc17xx.o
       336         66          0          0          0       4793   system_lpc17xx.o
       142         28          0          0          0       1417   uart.o

    ----------------------------------------------------------------------
      9144        744        348          8       6840      60214   Object Totals
         0          0         32          0          0          0   (incl. Generated)
        14          0          1          3          0          0   (incl. Padding)

    ----------------------------------------------------------------------

      Code (inc. data)   RO Data    RW Data    ZI Data      Debug   Library Member Name

         0          0          0          0          0          0   entry.o
         0          0          0          0          0          0   entry10a.o
         0          0          0          0          0          0   entry11a.o
         8          4          0          0          0          0   entry2.o
         4          0          0          0          0          0   entry5.o
         0          0          0          0          0          0   entry7b.o
         0          0          0          0          0          0   entry8b.o
         8          4          0          0          0          0   entry9a.o
        30          0          0          0          0          0   handlers.o
        36          8          0          0          0         68   init.o
        36          0          0          0          0         68   memcpya.o

    ----------------------------------------------------------------------
       124         16          0          0          0        136   Library Totals
         2          0          0          0          0          0   (incl. Padding)

    ----------------------------------------------------------------------

      Code (inc. data)   RO Data    RW Data    ZI Data      Debug   Library Name

       122         16          0          0          0        136   mc_w.l

    ----------------------------------------------------------------------
       124         16          0          0          0        136   Library Totals

    ----------------------------------------------------------------------

==============================================================================


      Code (inc. data)   RO Data    RW Data    ZI Data      Debug   

      9268        760        348          8       6840      57282   Grand Totals
      9268        760        348          8       6840      57282   ELF Image Totals
      9268        760        348          8          0          0   ROM Totals

==============================================================================

    Total RO  Size (Code + RO Data)                 9616 (   9.39kB)
    Total RW  Size (RW Data + ZI Data)              6848 (   6.69kB)
    Total ROM Size (Code + RO Data + RW Data)       9624 (   9.40kB)

==============================================================================

